******************************************************************************
                  TI ARM Linker PC v16.9.0                     
******************************************************************************
>> Linked Sun Feb 19 11:40:51 2017

OUTPUT FILE NAME:   <APOPHIS v1.0.out>
ENTRY POINT SYMBOL: "_c_int00"  address: 000045fd


MEMORY CONFIGURATION

         name            origin    length      used     unused   attr    fill
----------------------  --------  ---------  --------  --------  ----  --------
  FLASH                 00000000   00100000  000059bc  000fa644  R  X
  SRAM                  20000000   00040000  0000138e  0003ec72  RW X


SEGMENT ALLOCATION MAP

run origin  load origin   length   init length attrs members
----------  ----------- ---------- ----------- ----- -------
00000000    00000000    000059c0   000059c0    r-x
  00000000    00000000    00000208   00000208    r-- .intvecs
  00000208    00000208    00004d2c   00004d2c    r-x .text
  00004f38    00004f38    00000a18   00000a18    r-- .const
  00005950    00005950    00000070   00000070    r-- .cinit
20000000    20000000    00001390   00000000    rw-
  20000000    20000000    0000026c   00000000    rw- .vtable
  2000026c    2000026c    00001000   00000000    rw- .stack
  2000126c    2000126c    000000b2   00000000    rw- .bss
  20001320    20001320    00000070   00000000    rw- .data


SECTION ALLOCATION MAP

 output                                  attributes/
section   page    origin      length       input sections
--------  ----  ----------  ----------   ----------------
.intvecs   0    00000000    00000208     
                  00000000    00000208     tm4c1294ncpdt_startup_ccs.obj (.intvecs)

.text      0    00000208    00004d2c     
                  00000208    000019b0     main.obj (.text)
                  00001bb8    0000094c     initializations.obj (.text)
                  00002504    00000574     bmi160.obj (.text)
                  00002a78    0000049c     uartstdio.obj (.text)
                  00002f14    000003a6     bme280.obj (.text)
                  000032ba    00000002     rtsv7M4_T_le_v4SPD16_eabi.lib : i_div0.obj (.text)
                  000032bc    0000023c                                   : strtod.obj (.text)
                  000034f8    00000226     i2c_driver.obj (.text)
                  0000371e    0000021e     rtsv7M4_T_le_v4SPD16_eabi.lib : ll_div_t2.obj (.text)
                  0000393c    000001ec     driverlib.lib : sysctl.obj (.text:SysCtlClockFreqSet)
                  00003b28    000001b6     rtsv7M4_T_le_v4SPD16_eabi.lib : fd_add_t2.obj (.text)
                  00003cde    00000136                                   : fd_div_t2.obj (.text)
                  00003e14    00000132     driverlib.lib : gpio.obj (.text:GPIOPadConfigSet)
                  00003f46    000000fc     rtsv7M4_T_le_v4SPD16_eabi.lib : fd_mul_t2.obj (.text)
                  00004042    00000002                                   : l_div0.obj (.text)
                  00004044    000000e0     buttons.obj (.text)
                  00004124    0000009c     rtsv7M4_T_le_v4SPD16_eabi.lib : memcpy_t2.obj (.text)
                  000041c0    00000086                                   : fd_cmp_t2.obj (.text:__aeabi_cdcmple)
                  00004246    0000007a     driverlib.lib : adc.obj (.text:ADCSequenceStepConfigure)
                  000042c0    0000007a     rtsv7M4_T_le_v4SPD16_eabi.lib : memset_t2.obj (.text)
                  0000433a    00000002                                   : mpu_init.obj (.text)
                  0000433c    00000070                                   : autoinit.obj (.text)
                  000043ac    0000006e                                   : fd_tos_t2.obj (.text)
                  0000441a    00000002                                   : startup.obj (.text)
                  0000441c    00000068     driverlib.lib : interrupt.obj (.text:IntEnable)
                  00004484    00000068     rtsv7M4_T_le_v4SPD16_eabi.lib : copy_decompress_lzss.obj (.text:decompress:lzss)
                  000044ec    00000060     driverlib.lib : timer.obj (.text:TimerConfigure)
                  0000454c    00000058                   : adc.obj (.text:ADCSequenceConfigure)
                  000045a4    00000056                   : gpio.obj (.text:GPIOIntTypeSet)
                  000045fa    00000002     --HOLE-- [fill = 0]
                  000045fc    00000054     rtsv7M4_T_le_v4SPD16_eabi.lib : boot.obj (.text)
                  00004650    00000054                                   : exit.obj (.text)
                  000046a4    00000050     driverlib.lib : adc.obj (.text:_ADCIntNumberGet)
                  000046f4    0000004c                   : i2c.obj (.text:I2CMasterInitExpClk)
                  00004740    0000004c                   : timer.obj (.text:_TimerIntNumberGet)
                  0000478c    0000004c     rtsv7M4_T_le_v4SPD16_eabi.lib : cpy_tbl.obj (.text)
                  000047d8    00000048     driverlib.lib : gpio.obj (.text:GPIOPinConfigure)
                  00004820    00000048                   : sysctl.obj (.text:_SysCtlFrequencyGet)
                  00004868    00000046                   : uart.obj (.text:UARTConfigSetExpClk)
                  000048ae    00000002     --HOLE-- [fill = 0]
                  000048b0    00000040                   : gpio.obj (.text:_GPIOIntNumberGet)
                  000048f0    00000040                   : uart.obj (.text:_UARTIntNumberGet)
                  00004930    00000040     rtsv7M4_T_le_v4SPD16_eabi.lib : u_divt2.obj (.text)
                  00004970    00000038     driverlib.lib : sysctl.obj (.text:SysCtlPeripheralPresent)
                  000049a8    00000034                   : interrupt.obj (.text:IntRegister)
                  000049dc    00000034                   : sysctl.obj (.text:SysCtlPeripheralEnable)
                  00004a10    0000002e                   : adc.obj (.text:ADCIntStatus)
                  00004a3e    0000002a                   : gpio.obj (.text:GPIODirModeSet)
                  00004a68    00000022                   : pwm.obj (.text:PWMGenConfigure)
                  00004a8a    00000002     --HOLE-- [fill = 0]
                  00004a8c    00000020                   : uart.obj (.text:UARTDisable)
                  00004aac    00000020                   : sysctl.obj (.text:_SysCtlMemTimingGet)
                  00004acc    0000001e                   : adc.obj (.text:ADCSequenceDataGet)
                  00004aea    0000001e                   : pwm.obj (.text:PWMPulseWidthSet)
                  00004b08    0000001c                   : systick.obj (.text:SysTickIntRegister)
                  00004b24    00000018                   : adc.obj (.text:ADCClockConfigSet)
                  00004b3c    00000018                   : adc.obj (.text:ADCIntRegister)
                  00004b54    00000018                   : adc.obj (.text:ADCProcessorTrigger)
                  00004b6c    00000018                   : gpio.obj (.text:GPIOIntRegister)
                  00004b84    00000018                   : gpio.obj (.text:GPIOPinTypeGPIOOutput)
                  00004b9c    00000018                   : timer.obj (.text:TimerDisable)
                  00004bb4    00000018                   : timer.obj (.text:TimerIntRegister)
                  00004bcc    00000018                   : uart.obj (.text:UARTIntRegister)
                  00004be4    00000018     rtsv7M4_T_le_v4SPD16_eabi.lib : args_main.obj (.text)
                  00004bfc    00000018                                   : ll_mul_t2.obj (.text)
                  00004c14    00000016     driverlib.lib : i2c.obj (.text:I2CMasterErr)
                  00004c2a    00000016                   : timer.obj (.text:TimerControlEvent)
                  00004c40    00000014                   : systick.obj (.text:SysTickEnable)
                  00004c54    00000014                   : systick.obj (.text:SysTickIntEnable)
                  00004c68    00000014                   : uart.obj (.text:UARTEnable)
                  00004c7c    00000014     rtsv7M4_T_le_v4SPD16_eabi.lib : _lock.obj (.text)
                  00004c90    00000012     driverlib.lib : gpio.obj (.text:GPIOPinTypeADC)
                  00004ca2    00000012                   : gpio.obj (.text:GPIOPinTypeGPIOInput)
                  00004cb4    00000012                   : gpio.obj (.text:GPIOPinTypeI2C)
                  00004cc6    00000012                   : gpio.obj (.text:GPIOPinTypeI2CSCL)
                  00004cd8    00000012                   : gpio.obj (.text:GPIOPinTypePWM)
                  00004cea    00000012                   : gpio.obj (.text:GPIOPinTypeTimer)
                  00004cfc    00000012                   : gpio.obj (.text:GPIOPinTypeUART)
                  00004d0e    00000012                   : pwm.obj (.text:PWMOutputState)
                  00004d20    00000012                   : timer.obj (.text:TimerLoadSet)
                  00004d32    00000012                   : timer.obj (.text:TimerPrescaleSet)
                  00004d44    00000012     rtsv7M4_T_le_v4SPD16_eabi.lib : atof.obj (.text)
                  00004d56    00000010     driverlib.lib : adc.obj (.text:ADCIntEnable)
                  00004d66    00000002     --HOLE-- [fill = 0]
                  00004d68    00000010                   : fpu.obj (.text:FPUEnable)
                  00004d78    00000010                   : fpu.obj (.text:FPULazyStackingEnable)
                  00004d88    00000010                   : interrupt.obj (.text:IntMasterDisable)
                  00004d98    00000010                   : interrupt.obj (.text:IntMasterEnable)
                  00004da8    00000010                   : pwm.obj (.text:PWMGenPeriodSet)
                  00004db8    00000010                   : systick.obj (.text:SysTickPeriodSet)
                  00004dc8    0000000e                   : adc.obj (.text:ADCSequenceDisable)
                  00004dd6    0000000e                   : adc.obj (.text:ADCSequenceEnable)
                  00004de4    0000000e                   : gpio.obj (.text:GPIOIntStatus)
                  00004df2    0000000e                   : timer.obj (.text:TimerEnable)
                  00004e00    0000000e                   : uart.obj (.text:UARTCharGetNonBlocking)
                  00004e0e    0000000e                   : uart.obj (.text:UARTCharsAvail)
                  00004e1c    0000000e     rtsv7M4_T_le_v4SPD16_eabi.lib : copy_decompress_none.obj (.text:decompress:none)
                  00004e2a    0000000c     driverlib.lib : adc.obj (.text:ADCReferenceSet)
                  00004e36    0000000c                   : cpu.obj (.text:CPUcpsid)
                  00004e42    0000000c                   : cpu.obj (.text:CPUcpsie)
                  00004e4e    0000000c                   : gpio.obj (.text:GPIOIntEnable)
                  00004e5a    0000000c                   : pwm.obj (.text:PWMGenEnable)
                  00004e66    0000000c     rtsv7M4_T_le_v4SPD16_eabi.lib : copy_zero_init.obj (.text:decompress:ZI)
                  00004e72    0000000c     tm4c1294ncpdt_startup_ccs.obj (.text)
                  00004e7e    0000000a     driverlib.lib : adc.obj (.text:ADCIntClear)
                  00004e88    0000000a                   : i2c.obj (.text:I2CMasterDisable)
                  00004e92    0000000a                   : i2c.obj (.text:I2CMasterEnable)
                  00004e9c    0000000a                   : timer.obj (.text:TimerIntStatus)
                  00004ea6    0000000a                   : timer.obj (.text:TimerValueGet)
                  00004eb0    0000000a                   : uart.obj (.text:UARTCharGet)
                  00004eba    0000000a                   : uart.obj (.text:UARTCharPut)
                  00004ec4    0000000a                   : uart.obj (.text:UARTIntStatus)
                  00004ece    00000008                   : adc.obj (.text:ADCBusy)
                  00004ed6    00000008                   : i2c.obj (.text:I2CMasterBusBusy)
                  00004ede    00000008                   : i2c.obj (.text:I2CMasterBusy)
                  00004ee6    00000008                   : i2c.obj (.text:I2CMasterSlaveAddrSet)
                  00004eee    00000008                   : timer.obj (.text:TimerIntEnable)
                  00004ef6    00000008                   : uart.obj (.text:UARTIntEnable)
                  00004efe    00000006                   : gpio.obj (.text:GPIOIntClear)
                  00004f04    00000006                   : gpio.obj (.text:GPIOPinRead)
                  00004f0a    00000006                   : gpio.obj (.text:GPIOPinWrite)
                  00004f10    00000006                   : sysctl.obj (.text:SysCtlDelay)
                  00004f16    00000006                   : uart.obj (.text:UARTClockSourceSet)
                  00004f1c    00000004                   : i2c.obj (.text:I2CMasterControl)
                  00004f20    00000004                   : i2c.obj (.text:I2CMasterDataGet)
                  00004f24    00000004                   : i2c.obj (.text:I2CMasterDataPut)
                  00004f28    00000004                   : timer.obj (.text:TimerIntClear)
                  00004f2c    00000004                   : uart.obj (.text:UARTIntClear)
                  00004f30    00000004     rtsv7M4_T_le_v4SPD16_eabi.lib : pre_init.obj (.text)

.const     0    00004f38    00000a18     
                  00004f38    00000258     main.obj (.const:$P$T0$1)
                  00005190    000001b0     driverlib.lib : sysctl.obj (.const:g_pppui32XTALtoVCO)
                  00005340    00000101     rtsv7M4_T_le_v4SPD16_eabi.lib : ctype.obj (.const:.string:_ctypes_)
                  00005441    00000003     --HOLE-- [fill = 0]
                  00005444    000000c0     driverlib.lib : gpio.obj (.const:g_ppui32GPIOIntMapBlizzard)
                  00005504    000000c0                   : gpio.obj (.const:g_ppui32GPIOIntMapSnowflake)
                  000055c4    00000004     uartstdio.obj (.const)
                  000055c8    00000098     rtsv7M4_T_le_v4SPD16_eabi.lib : strtod.obj (.const:$O1$$)
                  00005660    00000090     driverlib.lib : gpio.obj (.const:g_pui32GPIOBaseAddrs)
                  000056f0    00000070                   : interrupt.obj (.const)
                  00005760    0000006c                   : sysctl.obj (.const:g_pui32Xtals)
                  000057cc    00000060                   : timer.obj (.const:g_ppui32TimerIntMap)
                  0000582c    00000040                   : timer.obj (.const:g_ppui32TimerIntMapSnowflake)
                  0000586c    00000040                   : uart.obj (.const:g_ppui32UARTIntMap)
                  000058ac    00000040                   : uart.obj (.const:g_ppui32UARTIntMapSnowflake)
                  000058ec    00000030                   : sysctl.obj (.const:g_sXTALtoMEMTIM)
                  0000591c    00000012     uartstdio.obj (.const:.string)
                  0000592e    00000002     --HOLE-- [fill = 0]
                  00005930    0000000c     uartstdio.obj (.const:g_ui32UARTBase)
                  0000593c    0000000c     uartstdio.obj (.const:g_ui32UARTPeriph)
                  00005948    00000008     driverlib.lib : sysctl.obj (.const)

.cinit     0    00005950    00000070     
                  00005950    00000039     (.cinit..data.load) [load image, compression = lzss]
                  00005989    00000003     --HOLE-- [fill = 0]
                  0000598c    0000000c     (__TI_handler_table)
                  00005998    00000008     (.cinit..bss.load) [load image, compression = zero_init]
                  000059a0    00000008     (.cinit..vtable.load) [load image, compression = zero_init]
                  000059a8    00000018     (__TI_cinit_table)

.init_array 
*          0    00000000    00000000     UNINITIALIZED

.vtable    0    20000000    0000026c     UNINITIALIZED
                  20000000    0000026c     driverlib.lib : interrupt.obj (.vtable)

.stack     0    2000026c    00001000     UNINITIALIZED
                  2000026c    00001000     --HOLE--

.bss       0    2000126c    000000b2     UNINITIALIZED
                  2000126c    00000050     (.common:g_Pack)
                  200012bc    0000001c     (.common:g_sRxPack)
                  200012d8    0000000c     (.common:g_BME280OffsetValues)
                  200012e4    00000008     (.common:g_BME280RawData)
                  200012ec    00000008     (.common:g_gyroDataRaw)
                  200012f4    00000008     (.common:g_magDataRaw)
                  200012fc    00000004     (.common:g_BME280OffsetUnsigned)
                  20001300    00000004     (.common:g_Pressure)
                  20001304    00000004     (.common:g_SysClockSpeed)
                  20001308    00000004     (.common:g_Temp)
                  2000130c    00000004     (.common:g_TimerFallValue)
                  20001310    00000004     (.common:g_TimerRiseValue)
                  20001314    00000004     (.common:g_t_fine)
                  20001318    00000004     (.common:sStatus)
                  2000131c    00000001     main.obj (.bss)
                  2000131d    00000001     (.common:g_CharConsole)

.data      0    20001320    00000070     UNINITIALIZED
                  20001320    00000032     main.obj (.data)
                  20001352    00000002     --HOLE--
                  20001354    0000000c     rtsv7M4_T_le_v4SPD16_eabi.lib : exit.obj (.data:$O1$$)
                  20001360    0000000c     main.obj (.data:g_Bias)
                  2000136c    00000008     rtsv7M4_T_le_v4SPD16_eabi.lib : _lock.obj (.data:$O1$$)
                  20001374    00000007     main.obj (.data:g_offsetData)
                  2000137b    00000001     --HOLE--
                  2000137c    00000005     uartstdio.obj (.data)
                  20001381    00000003     buttons.obj (.data)
                  20001384    00000004     rtsv7M4_T_le_v4SPD16_eabi.lib : errno.obj (.data)
                  20001388    00000004                                   : stkdepth_vars.obj (.data)
                  2000138c    00000004     main.obj (.data:ui8Magic$3)

MODULE SUMMARY

       Module                          code    ro data   rw data
       ------                          ----    -------   -------
    .\
       main.obj                        6576    600       251    
       initializations.obj             2380    0         0      
       bmi160.obj                      1396    0         0      
       uartstdio.obj                   1180    46        5      
       bme280.obj                      934     0         0      
       i2c_driver.obj                  550     0         0      
       tm4c1294ncpdt_startup_ccs.obj   12      520       0      
       buttons.obj                     224     0         3      
    +--+-------------------------------+-------+---------+---------+
       Total:                          13252   1166      259    
                                                                
    C:/TivaWare/TM4C1294XL/driverlib/ccs/Debug/driverlib.lib
       gpio.obj                        788     528       0      
       sysctl.obj                      710     596       0      
       interrupt.obj                   188     112       620    
       adc.obj                         512     0         0      
       timer.obj                       324     160       0      
       uart.obj                        286     128       0      
       i2c.obj                         154     0         0      
       pwm.obj                         110     0         0      
       systick.obj                     84      0         0      
       fpu.obj                         32      0         0      
       cpu.obj                         24      0         0      
    +--+-------------------------------+-------+---------+---------+
       Total:                          3212    1524      620    
                                                                
    C:\CCS\ccsv7\tools\compiler\ti-cgt-arm_16.9.0.LTS\lib\rtsv7M4_T_le_v4SPD16_eabi.lib
       strtod.obj                      572     152       0      
       ll_div_t2.obj                   542     0         0      
       fd_add_t2.obj                   438     0         0      
       fd_div_t2.obj                   310     0         0      
       ctype.obj                       0       257       0      
       fd_mul_t2.obj                   252     0         0      
       memcpy_t2.obj                   156     0         0      
       fd_cmp_t2.obj                   134     0         0      
       memset_t2.obj                   122     0         0      
       autoinit.obj                    112     0         0      
       fd_tos_t2.obj                   110     0         0      
       copy_decompress_lzss.obj        104     0         0      
       exit.obj                        84      0         12     
       boot.obj                        84      0         0      
       cpy_tbl.obj                     76      0         0      
       u_divt2.obj                     64      0         0      
       _lock.obj                       20      0         8      
       args_main.obj                   24      0         0      
       ll_mul_t2.obj                   24      0         0      
       atof.obj                        18      0         0      
       copy_decompress_none.obj        14      0         0      
       copy_zero_init.obj              12      0         0      
       errno.obj                       0       0         4      
       pre_init.obj                    4       0         0      
       stkdepth_vars.obj               0       0         4      
       i_div0.obj                      2       0         0      
       l_div0.obj                      2       0         0      
       mpu_init.obj                    2       0         0      
       startup.obj                     2       0         0      
    +--+-------------------------------+-------+---------+---------+
       Total:                          3284    409       28     
                                                                
       Stack:                          0       0         4096   
       Linker Generated:               0       109       0      
    +--+-------------------------------+-------+---------+---------+
       Grand Total:                    19748   3208      5003   


LINKER GENERATED COPY TABLES

__TI_cinit_table @ 000059a8 records: 3, size/record: 8, table size: 24
	.data: load addr=00005950, load size=00000039 bytes, run addr=20001320, run size=00000070 bytes, compression=lzss
	.bss: load addr=00005998, load size=00000008 bytes, run addr=2000126c, run size=000000b2 bytes, compression=zero_init
	.vtable: load addr=000059a0, load size=00000008 bytes, run addr=20000000, run size=0000026c bytes, compression=zero_init


LINKER GENERATED HANDLER TABLE

__TI_handler_table @ 0000598c records: 3, size/record: 4, table size: 12
	index: 0, handler: __TI_zero_init
	index: 1, handler: __TI_decompress_lzss
	index: 2, handler: __TI_decompress_none


GLOBAL SYMBOLS: SORTED ALPHABETICALLY BY Name 

address   name                           
-------   ----                           
00004ecf  ADCBusy                        
00004b25  ADCClockConfigSet              
00004e7f  ADCIntClear                    
00004d57  ADCIntEnable                   
00004b3d  ADCIntRegister                 
00004a11  ADCIntStatus                   
00004b55  ADCProcessorTrigger            
00004e2b  ADCReferenceSet                
0000454d  ADCSequenceConfigure           
00004acd  ADCSequenceDataGet             
00004dc9  ADCSequenceDisable             
00004dd7  ADCSequenceEnable              
00004247  ADCSequenceStepConfigure       
0000161d  ActivateSolenoids              
00000b9b  BME280IntHandler               
00003075  BME280_compensate_P_int64      
00003003  BME280_compensate_T_int32      
00000b6b  BMI160IntHandler               
000040e5  ButtonsInit                    
00004045  ButtonsPoll                    
00004651  C$$EXIT                        
00004e37  CPUcpsid                       
00004e43  CPUcpsie                       
00000635  ConsoleIntHandler              
00001649  DeactivateSolenoids            
00004d69  FPUEnable                      
00004d79  FPULazyStackingEnable          
00004a3f  GPIODirModeSet                 
00004eff  GPIOIntClear                   
00004e4f  GPIOIntEnable                  
00004b6d  GPIOIntRegister                
00004de5  GPIOIntStatus                  
000045a5  GPIOIntTypeSet                 
00003e15  GPIOPadConfigSet               
000047d9  GPIOPinConfigure               
00004f05  GPIOPinRead                    
00004c91  GPIOPinTypeADC                 
00004ca3  GPIOPinTypeGPIOInput           
00004b85  GPIOPinTypeGPIOOutput          
00004cb5  GPIOPinTypeI2C                 
00004cc7  GPIOPinTypeI2CSCL              
00004cd9  GPIOPinTypePWM                 
00004ceb  GPIOPinTypeTimer               
00004cfd  GPIOPinTypeUART                
00004f0b  GPIOPinWrite                   
00000921  GPSIntHandler                  
00002feb  GetBME280RawData               
0000093d  GndMtr1IntHandler              
00000945  GndMtr2IntHandler              
000034f9  I2CBurstWrite                  
00004ed7  I2CMasterBusBusy               
00004edf  I2CMasterBusy                  
00004f1d  I2CMasterControl               
00004f21  I2CMasterDataGet               
00004f25  I2CMasterDataPut               
00004e89  I2CMasterDisable               
00004e93  I2CMasterEnable                
00004c15  I2CMasterErr                   
000046f5  I2CMasterInitExpClk            
00004ee7  I2CMasterSlaveAddrSet          
000035b7  I2CRead                        
00003587  I2CSingleWrite                 
0000369f  I2CWait                        
00002375  InitAirMtrs                    
000022f1  InitAltimeter                  
00002f15  InitBME280                     
00002505  InitBMI160                     
00002885  InitBMM150                     
00001beb  InitConsole                    
00001c93  InitGPS                        
00001ce3  InitGndMotors                  
000021df  InitIMU                        
00001bb9  InitLED                        
00001c3d  InitRadio                      
00001d6d  InitSolarPanels                
00002181  InitSolenoidEnablePins         
00001f2d  InitUltraSonicSensor           
0000441d  IntEnable                      
00004d89  IntMasterDisable               
00004d99  IntMasterEnable                
000049a9  IntRegister                    
00000d6d  Menu                           
00004a69  PWMGenConfigure                
00004e5b  PWMGenEnable                   
00004da9  PWMGenPeriodSet                
00004d0f  PWMOutputState                 
00004aeb  PWMPulseWidthSet               
0000156f  ProcessADC                     
00001161  ProcessGPS                     
0000183d  ProcessIMUData                 
00001a0d  ProcessMagData                 
00001531  ProcessRadio                   
000015b1  ProcessUltraSonic              
00000775  RadioIntHandler                
00004e73  ResetISR                       
UNDEFED   SHT$$INIT_ARRAY$$Base          
UNDEFED   SHT$$INIT_ARRAY$$Limit         
00000947  SPIntHandler                   
00001679  SendPacket                     
00000b49  SolenoidInterrupt              
0000393d  SysCtlClockFreqSet             
00004f11  SysCtlDelay                    
000049dd  SysCtlPeripheralEnable         
00004971  SysCtlPeripheralPresent        
00004c41  SysTickEnable                  
00004c55  SysTickIntEnable               
00000601  SysTickIntHandler              
00004b09  SysTickIntRegister             
00004db9  SysTickPeriodSet               
00000aad  Timer1AInterrupt               
00000afd  Timer1BInterrupt               
00000971  Timer2AInterrupt               
000009b9  Timer2BInterrupt               
00000a05  Timer3AInterrupt               
00000a55  Timer3BInterrupt               
000044ed  TimerConfigure                 
00004c2b  TimerControlEvent              
00004b9d  TimerDisable                   
00004df3  TimerEnable                    
00004f29  TimerIntClear                  
00004eef  TimerIntEnable                 
00004bb5  TimerIntRegister               
00004e9d  TimerIntStatus                 
00004d21  TimerLoadSet                   
00004d33  TimerPrescaleSet               
00004ea7  TimerValueGet                  
00000c39  TurnOffLED                     
00000bbd  TurnOnLED                      
00004eb1  UARTCharGet                    
00004e01  UARTCharGetNonBlocking         
00004ebb  UARTCharPut                    
00004e0f  UARTCharsAvail                 
00004f17  UARTClockSourceSet             
00004869  UARTConfigSetExpClk            
00004a8d  UARTDisable                    
00004c69  UARTEnable                     
00004f2d  UARTIntClear                   
00004ef7  UARTIntEnable                  
00004bcd  UARTIntRegister                
00004ec5  UARTIntStatus                  
00002a79  UARTStdioConfig                
00002bbf  UARTgetc                       
00002b05  UARTgets                       
00002edf  UARTprintf                     
00002be5  UARTvprintf                    
00002abf  UARTwrite                      
00001abb  UpdateTrajectory               
00000ca9  WaitForButtonPress             
2000126c  __STACK_END                    
00001000  __STACK_SIZE                   
2000046c  __STACK_TOP                    
000059a8  __TI_CINIT_Base                
000059c0  __TI_CINIT_Limit               
0000598c  __TI_Handler_Table_Base        
00005998  __TI_Handler_Table_Limit       
0000433d  __TI_auto_init                 
20001354  __TI_cleanup_ptr               
00004485  __TI_decompress_lzss           
00004e1d  __TI_decompress_none           
20001358  __TI_dtors_ptr                 
2000135c  __TI_enable_exit_profile_output
ffffffff  __TI_pprof_out_hndl            
ffffffff  __TI_prof_data_size            
ffffffff  __TI_prof_data_start           
00000000  __TI_static_base__             
00004e67  __TI_zero_init                 
000041c1  __aeabi_cdcmpeq                
000041c1  __aeabi_cdcmple                
000043ad  __aeabi_d2f                    
00003b33  __aeabi_dadd                   
00003cdf  __aeabi_ddiv                   
00003f47  __aeabi_dmul                   
00003b29  __aeabi_dsub                   
000032bb  __aeabi_idiv0                  
00004043  __aeabi_ldiv0                  
0000371f  __aeabi_ldivmod                
00004bfd  __aeabi_lmul                   
000042c1  __aeabi_memclr                 
000042c1  __aeabi_memclr4                
000042c1  __aeabi_memclr8                
00004125  __aeabi_memcpy                 
00004125  __aeabi_memcpy4                
00004125  __aeabi_memcpy8                
000042c3  __aeabi_memset                 
000042c3  __aeabi_memset4                
000042c3  __aeabi_memset8                
00004931  __aeabi_uidiv                  
00004931  __aeabi_uidivmod               
ffffffff  __binit__                      
ffffffff  __c_args__                     
0000433b  __mpu_init                     
2000026c  __stack                        
00004be5  _args_main                     
000045fd  _c_int00                       
00005340  _ctypes_                       
2000136c  _lock                          
00004c8b  _nop                           
00004c83  _register_lock                 
00004c7d  _register_unlock               
0000441b  _system_post_cinit             
00004f31  _system_pre_init               
20001370  _unlock                        
00004655  abort                          
00004d45  atof                           
ffffffff  binit                          
0000478d  copy_in                        
20001384  errno                          
0000465d  exit                           
20001324  g_ADCFlag                      
20001338  g_Accel2GFactor                
200012fc  g_BME280OffsetUnsigned         
200012d8  g_BME280OffsetValues           
200012e4  g_BME280RawData                
2000133c  g_BME280Ready                  
20001360  g_Bias                         
2000131d  g_CharConsole                  
20001322  g_ConsoleFlag                  
20001328  g_GPSConnected                 
20001326  g_GPSFlag                      
20001327  g_GPSLEDOn                     
2000132d  g_IMUDataFlag                  
20001334  g_LED1On                       
20001320  g_LED4On                       
20001348  g_MagDataFlag                  
2000126c  g_Pack                         
20001300  g_Pressure                     
2000133d  g_PrintRawBMIData              
20001329  g_PrintRawGPS                  
20001323  g_Quit                         
20001325  g_RadioFlag                    
20001321  g_SendPacket                   
20001304  g_SysClockSpeed                
20001308  g_Temp                         
2000130c  g_TimerFallValue               
2000132a  g_TimerFirstPass               
20001310  g_TimerRiseValue               
2000132b  g_UltraSonicFlag               
2000132c  g_UltraSonicSensor             
20001330  g_accelLSBg                    
200012ec  g_gyroDataRaw                  
20001335  g_loopCount                    
200012f4  g_magDataRaw                   
2000134c  g_mtr1Throttle                 
20001374  g_offsetData                   
20001344  g_p_t_fine                     
20000000  g_pfnRAMVectors                
00000000  g_pfnVectors                   
20001340  g_ptrBME280RawData             
200012bc  g_sRxPack                      
20001314  g_t_fine                       
00000209  main                           
20001388  main_func_sp                   
00004125  memcpy                         
000042c9  memset                         
20001318  sStatus                        
000032bd  strtod                         
000032bd  strtold                        


GLOBAL SYMBOLS: SORTED BY Symbol Address 

address   name                           
-------   ----                           
00000000  __TI_static_base__             
00000000  g_pfnVectors                   
00000209  main                           
00000601  SysTickIntHandler              
00000635  ConsoleIntHandler              
00000775  RadioIntHandler                
00000921  GPSIntHandler                  
0000093d  GndMtr1IntHandler              
00000945  GndMtr2IntHandler              
00000947  SPIntHandler                   
00000971  Timer2AInterrupt               
000009b9  Timer2BInterrupt               
00000a05  Timer3AInterrupt               
00000a55  Timer3BInterrupt               
00000aad  Timer1AInterrupt               
00000afd  Timer1BInterrupt               
00000b49  SolenoidInterrupt              
00000b6b  BMI160IntHandler               
00000b9b  BME280IntHandler               
00000bbd  TurnOnLED                      
00000c39  TurnOffLED                     
00000ca9  WaitForButtonPress             
00000d6d  Menu                           
00001000  __STACK_SIZE                   
00001161  ProcessGPS                     
00001531  ProcessRadio                   
0000156f  ProcessADC                     
000015b1  ProcessUltraSonic              
0000161d  ActivateSolenoids              
00001649  DeactivateSolenoids            
00001679  SendPacket                     
0000183d  ProcessIMUData                 
00001a0d  ProcessMagData                 
00001abb  UpdateTrajectory               
00001bb9  InitLED                        
00001beb  InitConsole                    
00001c3d  InitRadio                      
00001c93  InitGPS                        
00001ce3  InitGndMotors                  
00001d6d  InitSolarPanels                
00001f2d  InitUltraSonicSensor           
00002181  InitSolenoidEnablePins         
000021df  InitIMU                        
000022f1  InitAltimeter                  
00002375  InitAirMtrs                    
00002505  InitBMI160                     
00002885  InitBMM150                     
00002a79  UARTStdioConfig                
00002abf  UARTwrite                      
00002b05  UARTgets                       
00002bbf  UARTgetc                       
00002be5  UARTvprintf                    
00002edf  UARTprintf                     
00002f15  InitBME280                     
00002feb  GetBME280RawData               
00003003  BME280_compensate_T_int32      
00003075  BME280_compensate_P_int64      
000032bb  __aeabi_idiv0                  
000032bd  strtod                         
000032bd  strtold                        
000034f9  I2CBurstWrite                  
00003587  I2CSingleWrite                 
000035b7  I2CRead                        
0000369f  I2CWait                        
0000371f  __aeabi_ldivmod                
0000393d  SysCtlClockFreqSet             
00003b29  __aeabi_dsub                   
00003b33  __aeabi_dadd                   
00003cdf  __aeabi_ddiv                   
00003e15  GPIOPadConfigSet               
00003f47  __aeabi_dmul                   
00004043  __aeabi_ldiv0                  
00004045  ButtonsPoll                    
000040e5  ButtonsInit                    
00004125  __aeabi_memcpy                 
00004125  __aeabi_memcpy4                
00004125  __aeabi_memcpy8                
00004125  memcpy                         
000041c1  __aeabi_cdcmpeq                
000041c1  __aeabi_cdcmple                
00004247  ADCSequenceStepConfigure       
000042c1  __aeabi_memclr                 
000042c1  __aeabi_memclr4                
000042c1  __aeabi_memclr8                
000042c3  __aeabi_memset                 
000042c3  __aeabi_memset4                
000042c3  __aeabi_memset8                
000042c9  memset                         
0000433b  __mpu_init                     
0000433d  __TI_auto_init                 
000043ad  __aeabi_d2f                    
0000441b  _system_post_cinit             
0000441d  IntEnable                      
00004485  __TI_decompress_lzss           
000044ed  TimerConfigure                 
0000454d  ADCSequenceConfigure           
000045a5  GPIOIntTypeSet                 
000045fd  _c_int00                       
00004651  C$$EXIT                        
00004655  abort                          
0000465d  exit                           
000046f5  I2CMasterInitExpClk            
0000478d  copy_in                        
000047d9  GPIOPinConfigure               
00004869  UARTConfigSetExpClk            
00004931  __aeabi_uidiv                  
00004931  __aeabi_uidivmod               
00004971  SysCtlPeripheralPresent        
000049a9  IntRegister                    
000049dd  SysCtlPeripheralEnable         
00004a11  ADCIntStatus                   
00004a3f  GPIODirModeSet                 
00004a69  PWMGenConfigure                
00004a8d  UARTDisable                    
00004acd  ADCSequenceDataGet             
00004aeb  PWMPulseWidthSet               
00004b09  SysTickIntRegister             
00004b25  ADCClockConfigSet              
00004b3d  ADCIntRegister                 
00004b55  ADCProcessorTrigger            
00004b6d  GPIOIntRegister                
00004b85  GPIOPinTypeGPIOOutput          
00004b9d  TimerDisable                   
00004bb5  TimerIntRegister               
00004bcd  UARTIntRegister                
00004be5  _args_main                     
00004bfd  __aeabi_lmul                   
00004c15  I2CMasterErr                   
00004c2b  TimerControlEvent              
00004c41  SysTickEnable                  
00004c55  SysTickIntEnable               
00004c69  UARTEnable                     
00004c7d  _register_unlock               
00004c83  _register_lock                 
00004c8b  _nop                           
00004c91  GPIOPinTypeADC                 
00004ca3  GPIOPinTypeGPIOInput           
00004cb5  GPIOPinTypeI2C                 
00004cc7  GPIOPinTypeI2CSCL              
00004cd9  GPIOPinTypePWM                 
00004ceb  GPIOPinTypeTimer               
00004cfd  GPIOPinTypeUART                
00004d0f  PWMOutputState                 
00004d21  TimerLoadSet                   
00004d33  TimerPrescaleSet               
00004d45  atof                           
00004d57  ADCIntEnable                   
00004d69  FPUEnable                      
00004d79  FPULazyStackingEnable          
00004d89  IntMasterDisable               
00004d99  IntMasterEnable                
00004da9  PWMGenPeriodSet                
00004db9  SysTickPeriodSet               
00004dc9  ADCSequenceDisable             
00004dd7  ADCSequenceEnable              
00004de5  GPIOIntStatus                  
00004df3  TimerEnable                    
00004e01  UARTCharGetNonBlocking         
00004e0f  UARTCharsAvail                 
00004e1d  __TI_decompress_none           
00004e2b  ADCReferenceSet                
00004e37  CPUcpsid                       
00004e43  CPUcpsie                       
00004e4f  GPIOIntEnable                  
00004e5b  PWMGenEnable                   
00004e67  __TI_zero_init                 
00004e73  ResetISR                       
00004e7f  ADCIntClear                    
00004e89  I2CMasterDisable               
00004e93  I2CMasterEnable                
00004e9d  TimerIntStatus                 
00004ea7  TimerValueGet                  
00004eb1  UARTCharGet                    
00004ebb  UARTCharPut                    
00004ec5  UARTIntStatus                  
00004ecf  ADCBusy                        
00004ed7  I2CMasterBusBusy               
00004edf  I2CMasterBusy                  
00004ee7  I2CMasterSlaveAddrSet          
00004eef  TimerIntEnable                 
00004ef7  UARTIntEnable                  
00004eff  GPIOIntClear                   
00004f05  GPIOPinRead                    
00004f0b  GPIOPinWrite                   
00004f11  SysCtlDelay                    
00004f17  UARTClockSourceSet             
00004f1d  I2CMasterControl               
00004f21  I2CMasterDataGet               
00004f25  I2CMasterDataPut               
00004f29  TimerIntClear                  
00004f2d  UARTIntClear                   
00004f31  _system_pre_init               
00005340  _ctypes_                       
0000598c  __TI_Handler_Table_Base        
00005998  __TI_Handler_Table_Limit       
000059a8  __TI_CINIT_Base                
000059c0  __TI_CINIT_Limit               
20000000  g_pfnRAMVectors                
2000026c  __stack                        
2000046c  __STACK_TOP                    
2000126c  __STACK_END                    
2000126c  g_Pack                         
200012bc  g_sRxPack                      
200012d8  g_BME280OffsetValues           
200012e4  g_BME280RawData                
200012ec  g_gyroDataRaw                  
200012f4  g_magDataRaw                   
200012fc  g_BME280OffsetUnsigned         
20001300  g_Pressure                     
20001304  g_SysClockSpeed                
20001308  g_Temp                         
2000130c  g_TimerFallValue               
20001310  g_TimerRiseValue               
20001314  g_t_fine                       
20001318  sStatus                        
2000131d  g_CharConsole                  
20001320  g_LED4On                       
20001321  g_SendPacket                   
20001322  g_ConsoleFlag                  
20001323  g_Quit                         
20001324  g_ADCFlag                      
20001325  g_RadioFlag                    
20001326  g_GPSFlag                      
20001327  g_GPSLEDOn                     
20001328  g_GPSConnected                 
20001329  g_PrintRawGPS                  
2000132a  g_TimerFirstPass               
2000132b  g_UltraSonicFlag               
2000132c  g_UltraSonicSensor             
2000132d  g_IMUDataFlag                  
20001330  g_accelLSBg                    
20001334  g_LED1On                       
20001335  g_loopCount                    
20001338  g_Accel2GFactor                
2000133c  g_BME280Ready                  
2000133d  g_PrintRawBMIData              
20001340  g_ptrBME280RawData             
20001344  g_p_t_fine                     
20001348  g_MagDataFlag                  
2000134c  g_mtr1Throttle                 
20001354  __TI_cleanup_ptr               
20001358  __TI_dtors_ptr                 
2000135c  __TI_enable_exit_profile_output
20001360  g_Bias                         
2000136c  _lock                          
20001370  _unlock                        
20001374  g_offsetData                   
20001384  errno                          
20001388  main_func_sp                   
ffffffff  __TI_pprof_out_hndl            
ffffffff  __TI_prof_data_size            
ffffffff  __TI_prof_data_start           
ffffffff  __binit__                      
ffffffff  __c_args__                     
ffffffff  binit                          
UNDEFED   SHT$$INIT_ARRAY$$Base          
UNDEFED   SHT$$INIT_ARRAY$$Limit         

[257 symbols]
