******************************************************************************
                  TI ARM Linker PC v16.9.0                     
******************************************************************************
>> Linked Mon Feb 20 21:00:41 2017

OUTPUT FILE NAME:   <APOPHIS v1.0.out>
ENTRY POINT SYMBOL: "_c_int00"  address: 00005e85


MEMORY CONFIGURATION

         name            origin    length      used     unused   attr    fill
----------------------  --------  ---------  --------  --------  ----  --------
  FLASH                 00000000   00100000  000073a8  000f8c58  R  X
  SRAM                  20000000   00040000  0000141b  0003ebe5  RW X


SEGMENT ALLOCATION MAP

run origin  load origin   length   init length attrs members
----------  ----------- ---------- ----------- ----- -------
00000000    00000000    000073b0   000073b0    r-x
  00000000    00000000    00000208   00000208    r-- .intvecs
  00000208    00000208    000066c4   000066c4    r-x .text
  000068d0    000068d0    00000a6c   00000a6c    r-- .const
  00007340    00007340    00000070   00000070    r-- .cinit
20000000    20000000    0000141c   00000000    rw-
  20000000    20000000    0000026c   00000000    rw- .vtable
  2000026c    2000026c    00001000   00000000    rw- .stack
  2000126c    2000126c    0000013f   00000000    rw- .bss
  200013ac    200013ac    00000070   00000000    rw- .data


SECTION ALLOCATION MAP

 output                                  attributes/
section   page    origin      length       input sections
--------  ----  ----------  ----------   ----------------
.intvecs   0    00000000    00000208     
                  00000000    00000208     tm4c1294ncpdt_startup_ccs.obj (.intvecs)

.text      0    00000208    000066c4     
                  00000208    000022f4     main.obj (.text)
                  000024fc    00000948     initializations.obj (.text)
                  00002e44    000008ac     comp_dcm.obj (.text)
                  000036f0    000005a8     bmi160.obj (.text)
                  00003c98    0000049c     uartstdio.obj (.text)
                  00004134    000003a6     bme280.obj (.text)
                  000044da    00000002     rtsv7M4_T_le_v4SPD16_eabi.lib : i_div0.obj (.text)
                  000044dc    0000023c                                   : strtod.obj (.text)
                  00004718    00000226     i2c_driver.obj (.text)
                  0000493e    0000021e     rtsv7M4_T_le_v4SPD16_eabi.lib : ll_div_t2.obj (.text)
                  00004b5c    000001ec     driverlib.lib : sysctl.obj (.text:SysCtlClockFreqSet)
                  00004d48    000001b6     rtsv7M4_T_le_v4SPD16_eabi.lib : fd_add_t2.obj (.text)
                  00004efe    00000002                                   : l_div0.obj (.text)
                  00004f00    00000178                                   : e_asinf.obj (.text)
                  00005078    00000170                                   : e_sqrt.obj (.text)
                  000051e8    00000158                                   : e_atan2f.obj (.text)
                  00005340    00000150                                   : s_atanf.obj (.text)
                  00005490    00000136                                   : fd_div_t2.obj (.text)
                  000055c6    00000132     driverlib.lib : gpio.obj (.text:GPIOPadConfigSet)
                  000056f8    000000fc     rtsv7M4_T_le_v4SPD16_eabi.lib : fd_mul_t2.obj (.text)
                  000057f4    000000e0     buttons.obj (.text)
                  000058d4    0000009c     rtsv7M4_T_le_v4SPD16_eabi.lib : memcpy_t2.obj (.text)
                  00005970    00000086                                   : fd_cmp_t2.obj (.text:__aeabi_cdcmple)
                  000059f6    00000086                                   : fd_cmp_t2.obj (.text:__aeabi_cdrcmple)
                  00005a7c    0000007a     driverlib.lib : adc.obj (.text:ADCSequenceStepConfigure)
                  00005af6    0000007a     rtsv7M4_T_le_v4SPD16_eabi.lib : memset_t2.obj (.text)
                  00005b70    00000070                                   : autoinit.obj (.text)
                  00005be0    0000006e                                   : fd_tos_t2.obj (.text)
                  00005c4e    00000002                                   : mpu_init.obj (.text)
                  00005c50    00000068     driverlib.lib : interrupt.obj (.text:IntEnable)
                  00005cb8    00000068     rtsv7M4_T_le_v4SPD16_eabi.lib : copy_decompress_lzss.obj (.text:decompress:lzss)
                  00005d20    00000060     driverlib.lib : timer.obj (.text:TimerConfigure)
                  00005d80    00000058                   : adc.obj (.text:ADCSequenceConfigure)
                  00005dd8    00000056                   : gpio.obj (.text:GPIOIntTypeSet)
                  00005e2e    00000056     sensorlib.lib : vector.obj (.text:VectorCrossProduct)
                  00005e84    00000054     rtsv7M4_T_le_v4SPD16_eabi.lib : boot.obj (.text)
                  00005ed8    00000054                                   : exit.obj (.text)
                  00005f2c    00000050     driverlib.lib : adc.obj (.text:_ADCIntNumberGet)
                  00005f7c    0000004c                   : i2c.obj (.text:I2CMasterInitExpClk)
                  00005fc8    0000004c                   : timer.obj (.text:_TimerIntNumberGet)
                  00006014    0000004c     rtsv7M4_T_le_v4SPD16_eabi.lib : cpy_tbl.obj (.text)
                  00006060    00000048     driverlib.lib : gpio.obj (.text:GPIOPinConfigure)
                  000060a8    00000048                   : sysctl.obj (.text:_SysCtlFrequencyGet)
                  000060f0    00000046                   : uart.obj (.text:UARTConfigSetExpClk)
                  00006136    00000002     rtsv7M4_T_le_v4SPD16_eabi.lib : startup.obj (.text)
                  00006138    00000040     driverlib.lib : gpio.obj (.text:_GPIOIntNumberGet)
                  00006178    00000040                   : uart.obj (.text:_UARTIntNumberGet)
                  000061b8    00000040     rtsv7M4_T_le_v4SPD16_eabi.lib : u_divt2.obj (.text)
                  000061f8    00000038     driverlib.lib : sysctl.obj (.text:SysCtlPeripheralPresent)
                  00006230    00000038     rtsv7M4_T_le_v4SPD16_eabi.lib : fs_tod_t2.obj (.text)
                  00006268    00000034     driverlib.lib : interrupt.obj (.text:IntRegister)
                  0000629c    00000034                   : sysctl.obj (.text:SysCtlPeripheralEnable)
                  000062d0    00000032     sensorlib.lib : vector.obj (.text:VectorAdd)
                  00006302    00000030     comp_dcm.obj (.text:__isnanf)
                  00006332    0000002e     driverlib.lib : adc.obj (.text:ADCIntStatus)
                  00006360    0000002a                   : gpio.obj (.text:GPIODirModeSet)
                  0000638a    00000002     --HOLE-- [fill = 0]
                  0000638c    00000028     rtsv7M4_T_le_v4SPD16_eabi.lib : e_sqrtf.obj (.text)
                  000063b4    00000026     sensorlib.lib : vector.obj (.text:VectorDotProduct)
                  000063da    00000026                   : vector.obj (.text:VectorScale)
                  00006400    00000022     driverlib.lib : pwm.obj (.text:PWMGenConfigure)
                  00006422    00000002     --HOLE-- [fill = 0]
                  00006424    00000020                   : uart.obj (.text:UARTDisable)
                  00006444    00000020                   : sysctl.obj (.text:_SysCtlMemTimingGet)
                  00006464    0000001e                   : adc.obj (.text:ADCSequenceDataGet)
                  00006482    0000001e                   : pwm.obj (.text:PWMPulseWidthSet)
                  000064a0    0000001c                   : systick.obj (.text:SysTickIntRegister)
                  000064bc    00000018                   : adc.obj (.text:ADCClockConfigSet)
                  000064d4    00000018                   : adc.obj (.text:ADCIntRegister)
                  000064ec    00000018                   : adc.obj (.text:ADCProcessorTrigger)
                  00006504    00000018                   : gpio.obj (.text:GPIOIntRegister)
                  0000651c    00000018                   : gpio.obj (.text:GPIOPinTypeGPIOOutput)
                  00006534    00000018                   : timer.obj (.text:TimerDisable)
                  0000654c    00000018                   : timer.obj (.text:TimerIntRegister)
                  00006564    00000018                   : uart.obj (.text:UARTIntRegister)
                  0000657c    00000018     rtsv7M4_T_le_v4SPD16_eabi.lib : args_main.obj (.text)
                  00006594    00000018                                   : ll_mul_t2.obj (.text)
                  000065ac    00000016     driverlib.lib : i2c.obj (.text:I2CMasterErr)
                  000065c2    00000016                   : timer.obj (.text:TimerControlEvent)
                  000065d8    00000014                   : systick.obj (.text:SysTickEnable)
                  000065ec    00000014                   : systick.obj (.text:SysTickIntEnable)
                  00006600    00000014                   : uart.obj (.text:UARTEnable)
                  00006614    00000014     rtsv7M4_T_le_v4SPD16_eabi.lib : _lock.obj (.text)
                  00006628    00000012     driverlib.lib : gpio.obj (.text:GPIOPinTypeADC)
                  0000663a    00000012                   : gpio.obj (.text:GPIOPinTypeGPIOInput)
                  0000664c    00000012                   : gpio.obj (.text:GPIOPinTypeI2C)
                  0000665e    00000012                   : gpio.obj (.text:GPIOPinTypeI2CSCL)
                  00006670    00000012                   : gpio.obj (.text:GPIOPinTypePWM)
                  00006682    00000012                   : gpio.obj (.text:GPIOPinTypeTimer)
                  00006694    00000012                   : gpio.obj (.text:GPIOPinTypeUART)
                  000066a6    00000012                   : pwm.obj (.text:PWMOutputState)
                  000066b8    00000012                   : timer.obj (.text:TimerLoadSet)
                  000066ca    00000012                   : timer.obj (.text:TimerPrescaleSet)
                  000066dc    00000012     rtsv7M4_T_le_v4SPD16_eabi.lib : atof.obj (.text)
                  000066ee    00000010     driverlib.lib : adc.obj (.text:ADCIntEnable)
                  000066fe    00000002     --HOLE-- [fill = 0]
                  00006700    00000010                   : fpu.obj (.text:FPUEnable)
                  00006710    00000010                   : fpu.obj (.text:FPULazyStackingEnable)
                  00006720    00000010                   : interrupt.obj (.text:IntMasterDisable)
                  00006730    00000010                   : interrupt.obj (.text:IntMasterEnable)
                  00006740    00000010                   : pwm.obj (.text:PWMGenPeriodSet)
                  00006750    00000010                   : systick.obj (.text:SysTickPeriodSet)
                  00006760    0000000e                   : adc.obj (.text:ADCSequenceDisable)
                  0000676e    0000000e                   : adc.obj (.text:ADCSequenceEnable)
                  0000677c    0000000e                   : gpio.obj (.text:GPIOIntStatus)
                  0000678a    0000000e                   : timer.obj (.text:TimerEnable)
                  00006798    0000000e                   : uart.obj (.text:UARTCharGetNonBlocking)
                  000067a6    0000000e                   : uart.obj (.text:UARTCharsAvail)
                  000067b4    0000000e     rtsv7M4_T_le_v4SPD16_eabi.lib : copy_decompress_none.obj (.text:decompress:none)
                  000067c2    0000000c     driverlib.lib : adc.obj (.text:ADCReferenceSet)
                  000067ce    0000000c                   : cpu.obj (.text:CPUcpsid)
                  000067da    0000000c                   : cpu.obj (.text:CPUcpsie)
                  000067e6    0000000c                   : gpio.obj (.text:GPIOIntEnable)
                  000067f2    0000000c                   : pwm.obj (.text:PWMGenEnable)
                  000067fe    0000000c     rtsv7M4_T_le_v4SPD16_eabi.lib : copy_zero_init.obj (.text:decompress:ZI)
                  0000680a    0000000c     tm4c1294ncpdt_startup_ccs.obj (.text)
                  00006816    0000000a     driverlib.lib : adc.obj (.text:ADCIntClear)
                  00006820    0000000a                   : i2c.obj (.text:I2CMasterDisable)
                  0000682a    0000000a                   : i2c.obj (.text:I2CMasterEnable)
                  00006834    0000000a                   : timer.obj (.text:TimerIntStatus)
                  0000683e    0000000a                   : timer.obj (.text:TimerValueGet)
                  00006848    0000000a                   : uart.obj (.text:UARTCharGet)
                  00006852    0000000a                   : uart.obj (.text:UARTCharPut)
                  0000685c    0000000a                   : uart.obj (.text:UARTIntStatus)
                  00006866    00000008                   : adc.obj (.text:ADCBusy)
                  0000686e    00000008                   : i2c.obj (.text:I2CMasterBusBusy)
                  00006876    00000008                   : i2c.obj (.text:I2CMasterBusy)
                  0000687e    00000008                   : i2c.obj (.text:I2CMasterSlaveAddrSet)
                  00006886    00000008                   : timer.obj (.text:TimerIntEnable)
                  0000688e    00000008                   : uart.obj (.text:UARTIntEnable)
                  00006896    00000006                   : gpio.obj (.text:GPIOIntClear)
                  0000689c    00000006                   : gpio.obj (.text:GPIOPinRead)
                  000068a2    00000006                   : gpio.obj (.text:GPIOPinWrite)
                  000068a8    00000006                   : sysctl.obj (.text:SysCtlDelay)
                  000068ae    00000006                   : uart.obj (.text:UARTClockSourceSet)
                  000068b4    00000004                   : i2c.obj (.text:I2CMasterControl)
                  000068b8    00000004                   : i2c.obj (.text:I2CMasterDataGet)
                  000068bc    00000004                   : i2c.obj (.text:I2CMasterDataPut)
                  000068c0    00000004                   : timer.obj (.text:TimerIntClear)
                  000068c4    00000004                   : uart.obj (.text:UARTIntClear)
                  000068c8    00000004     rtsv7M4_T_le_v4SPD16_eabi.lib : pre_init.obj (.text)

.const     0    000068d0    00000a6c     
                  000068d0    00000258     main.obj (.const:$P$T0$1)
                  00006b28    000001b0     driverlib.lib : sysctl.obj (.const:g_pppui32XTALtoVCO)
                  00006cd8    00000101     rtsv7M4_T_le_v4SPD16_eabi.lib : ctype.obj (.const:.string:_ctypes_)
                  00006dd9    00000003     --HOLE-- [fill = 0]
                  00006ddc    000000c0     driverlib.lib : gpio.obj (.const:g_ppui32GPIOIntMapBlizzard)
                  00006e9c    000000c0                   : gpio.obj (.const:g_ppui32GPIOIntMapSnowflake)
                  00006f5c    00000004     uartstdio.obj (.const)
                  00006f60    00000098     rtsv7M4_T_le_v4SPD16_eabi.lib : strtod.obj (.const:$O1$$)
                  00006ff8    00000090     driverlib.lib : gpio.obj (.const:g_pui32GPIOBaseAddrs)
                  00007088    00000070                   : interrupt.obj (.const)
                  000070f8    0000006c                   : sysctl.obj (.const:g_pui32Xtals)
                  00007164    00000060                   : timer.obj (.const:g_ppui32TimerIntMap)
                  000071c4    00000040                   : timer.obj (.const:g_ppui32TimerIntMapSnowflake)
                  00007204    00000040                   : uart.obj (.const:g_ppui32UARTIntMap)
                  00007244    00000040                   : uart.obj (.const:g_ppui32UARTIntMapSnowflake)
                  00007284    00000034     rtsv7M4_T_le_v4SPD16_eabi.lib : s_atanf.obj (.const:$O1$$)
                  000072b8    00000030     driverlib.lib : sysctl.obj (.const:g_sXTALtoMEMTIM)
                  000072e8    00000020     rtsv7M4_T_le_v4SPD16_eabi.lib : e_asinf.obj (.const)
                  00007308    00000012     uartstdio.obj (.const:.string)
                  0000731a    00000002     --HOLE-- [fill = 0]
                  0000731c    0000000c     uartstdio.obj (.const:g_ui32UARTBase)
                  00007328    0000000c     uartstdio.obj (.const:g_ui32UARTPeriph)
                  00007334    00000008     driverlib.lib : sysctl.obj (.const)

.cinit     0    00007340    00000070     
                  00007340    00000036     (.cinit..data.load) [load image, compression = lzss]
                  00007376    00000002     --HOLE-- [fill = 0]
                  00007378    0000000c     (__TI_handler_table)
                  00007384    00000004     --HOLE-- [fill = 0]
                  00007388    00000008     (.cinit..bss.load) [load image, compression = zero_init]
                  00007390    00000008     (.cinit..vtable.load) [load image, compression = zero_init]
                  00007398    00000018     (__TI_cinit_table)

.init_array 
*          0    00000000    00000000     UNINITIALIZED

.vtable    0    20000000    0000026c     UNINITIALIZED
                  20000000    0000026c     driverlib.lib : interrupt.obj (.vtable)

.stack     0    2000026c    00001000     UNINITIALIZED
                  2000026c    00001000     --HOLE--

.bss       0    2000126c    0000013f     UNINITIALIZED
                  2000126c    00000058     (.common:g_sCompDCMInst)
                  200012c4    00000050     (.common:g_Pack)
                  20001314    0000001c     (.common:g_sRxPack)
                  20001330    00000018     (.common:sThrottle)
                  20001348    00000014     (.common:sStatus)
                  2000135c    0000000c     (.common:g_BME280OffsetValues)
                  20001368    0000000c     (.common:g_fGyroData)
                  20001374    00000008     (.common:g_BME280RawData)
                  2000137c    00000008     (.common:g_gyroDataRaw)
                  20001384    00000008     (.common:g_magDataRaw)
                  2000138c    00000004     (.common:g_BME280OffsetUnsigned)
                  20001390    00000004     (.common:g_Pressure)
                  20001394    00000004     (.common:g_SysClockSpeed)
                  20001398    00000004     (.common:g_Temp)
                  2000139c    00000004     (.common:g_TimerFallValue)
                  200013a0    00000004     (.common:g_TimerRiseValue)
                  200013a4    00000004     (.common:g_t_fine)
                  200013a8    00000001     main.obj (.bss)
                  200013a9    00000001     (.common:g_CharConsole)
                  200013aa    00000001     (.common:g_bDCMStarted)

.data      0    200013ac    00000070     UNINITIALIZED
                  200013ac    00000033     main.obj (.data)
                  200013df    00000001     --HOLE--
                  200013e0    0000000c     rtsv7M4_T_le_v4SPD16_eabi.lib : exit.obj (.data:$O1$$)
                  200013ec    0000000c     main.obj (.data:g_Bias)
                  200013f8    00000008     rtsv7M4_T_le_v4SPD16_eabi.lib : _lock.obj (.data:$O1$$)
                  20001400    00000007     main.obj (.data:g_offsetData)
                  20001407    00000001     --HOLE--
                  20001408    00000005     uartstdio.obj (.data)
                  2000140d    00000003     buttons.obj (.data)
                  20001410    00000004     rtsv7M4_T_le_v4SPD16_eabi.lib : errno.obj (.data)
                  20001414    00000004                                   : stkdepth_vars.obj (.data)
                  20001418    00000004     main.obj (.data:ui8Magic$3)

MODULE SUMMARY

       Module                          code    ro data   rw data
       ------                          ----    -------   -------
    .\
       main.obj                        8948    600       393    
       initializations.obj             2376    0         0      
       comp_dcm.obj                    2268    0         0      
       bmi160.obj                      1448    0         0      
       uartstdio.obj                   1180    46        5      
       bme280.obj                      934     0         0      
       i2c_driver.obj                  550     0         0      
       tm4c1294ncpdt_startup_ccs.obj   12      520       0      
       buttons.obj                     224     0         3      
    +--+-------------------------------+-------+---------+---------+
       Total:                          17940   1166      401    
                                                                
    C:/Tivaware/TM4C1294XL/driverlib/ccs/Debug/driverlib.lib
       gpio.obj                        788     528       0      
       sysctl.obj                      710     596       0      
       interrupt.obj                   188     112       620    
       adc.obj                         512     0         0      
       timer.obj                       324     160       0      
       uart.obj                        286     128       0      
       i2c.obj                         154     0         0      
       pwm.obj                         110     0         0      
       systick.obj                     84      0         0      
       fpu.obj                         32      0         0      
       cpu.obj                         24      0         0      
    +--+-------------------------------+-------+---------+---------+
       Total:                          3212    1524      620    
                                                                
    C:/Tivaware/TM4C1294XL/sensorlib/ccs/Debug/sensorlib.lib
       vector.obj                      212     0         0      
    +--+-------------------------------+-------+---------+---------+
       Total:                          212     0         0      
                                                                
    C:\CCS\ccsv7\tools\compiler\ti-cgt-arm_16.9.0.LTS\lib\rtsv7M4_T_le_v4SPD16_eabi.lib
       strtod.obj                      572     152       0      
       ll_div_t2.obj                   542     0         0      
       fd_add_t2.obj                   438     0         0      
       e_asinf.obj                     376     32        0      
       s_atanf.obj                     336     52        0      
       e_sqrt.obj                      368     0         0      
       e_atan2f.obj                    344     0         0      
       fd_div_t2.obj                   310     0         0      
       fd_cmp_t2.obj                   268     0         0      
       ctype.obj                       0       257       0      
       fd_mul_t2.obj                   252     0         0      
       memcpy_t2.obj                   156     0         0      
       memset_t2.obj                   122     0         0      
       autoinit.obj                    112     0         0      
       fd_tos_t2.obj                   110     0         0      
       copy_decompress_lzss.obj        104     0         0      
       exit.obj                        84      0         12     
       boot.obj                        84      0         0      
       cpy_tbl.obj                     76      0         0      
       u_divt2.obj                     64      0         0      
       fs_tod_t2.obj                   56      0         0      
       e_sqrtf.obj                     40      0         0      
       _lock.obj                       20      0         8      
       args_main.obj                   24      0         0      
       ll_mul_t2.obj                   24      0         0      
       atof.obj                        18      0         0      
       copy_decompress_none.obj        14      0         0      
       copy_zero_init.obj              12      0         0      
       errno.obj                       0       0         4      
       pre_init.obj                    4       0         0      
       stkdepth_vars.obj               0       0         4      
       i_div0.obj                      2       0         0      
       l_div0.obj                      2       0         0      
       mpu_init.obj                    2       0         0      
       startup.obj                     2       0         0      
    +--+-------------------------------+-------+---------+---------+
       Total:                          4938    493       28     
                                                                
       Stack:                          0       0         4096   
       Linker Generated:               0       106       0      
    +--+-------------------------------+-------+---------+---------+
       Grand Total:                    26302   3289      5145   


LINKER GENERATED COPY TABLES

__TI_cinit_table @ 00007398 records: 3, size/record: 8, table size: 24
	.data: load addr=00007340, load size=00000036 bytes, run addr=200013ac, run size=00000070 bytes, compression=lzss
	.bss: load addr=00007388, load size=00000008 bytes, run addr=2000126c, run size=0000013f bytes, compression=zero_init
	.vtable: load addr=00007390, load size=00000008 bytes, run addr=20000000, run size=0000026c bytes, compression=zero_init


LINKER GENERATED HANDLER TABLE

__TI_handler_table @ 00007378 records: 3, size/record: 4, table size: 12
	index: 0, handler: __TI_zero_init
	index: 1, handler: __TI_decompress_lzss
	index: 2, handler: __TI_decompress_none


GLOBAL SYMBOLS: SORTED ALPHABETICALLY BY Name 

address   name                           
-------   ----                           
00006867  ADCBusy                        
000064bd  ADCClockConfigSet              
00006817  ADCIntClear                    
000066ef  ADCIntEnable                   
000064d5  ADCIntRegister                 
00006333  ADCIntStatus                   
000064ed  ADCProcessorTrigger            
000067c3  ADCReferenceSet                
00005d81  ADCSequenceConfigure           
00006465  ADCSequenceDataGet             
00006761  ADCSequenceDisable             
0000676f  ADCSequenceEnable              
00005a7d  ADCSequenceStepConfigure       
000016e9  ActivateSolenoids              
00000c43  BME280IntHandler               
00004295  BME280_compensate_P_int64      
00004223  BME280_compensate_T_int32      
00000c13  BMI160IntHandler               
00005895  ButtonsInit                    
000057f5  ButtonsPoll                    
00005ed9  C$$EXIT                        
000067cf  CPUcpsid                       
000067db  CPUcpsie                       
00002eb9  CompDCMAccelUpdate             
00003337  CompDCMComputeEulers           
000033a9  CompDCMComputeQuaternion       
00002ee1  CompDCMGyroUpdate              
00002e45  CompDCMInit                    
00002f09  CompDCMMagnetoUpdate           
000032e3  CompDCMMatrixGet               
00002f31  CompDCMStart                   
00003005  CompDCMUpdate                  
000006a5  ConsoleIntHandler              
00001715  DeactivateSolenoids            
00006701  FPUEnable                      
00006711  FPULazyStackingEnable          
00006361  GPIODirModeSet                 
00006897  GPIOIntClear                   
000067e7  GPIOIntEnable                  
00006505  GPIOIntRegister                
0000677d  GPIOIntStatus                  
00005dd9  GPIOIntTypeSet                 
000055c7  GPIOPadConfigSet               
00006061  GPIOPinConfigure               
0000689d  GPIOPinRead                    
00006629  GPIOPinTypeADC                 
0000663b  GPIOPinTypeGPIOInput           
0000651d  GPIOPinTypeGPIOOutput          
0000664d  GPIOPinTypeI2C                 
0000665f  GPIOPinTypeI2CSCL              
00006671  GPIOPinTypePWM                 
00006683  GPIOPinTypeTimer               
00006695  GPIOPinTypeUART                
000068a3  GPIOPinWrite                   
000009c9  GPSIntHandler                  
0000420b  GetBME280RawData               
000009e5  GndMtr1IntHandler              
000009ed  GndMtr2IntHandler              
00004719  I2CBurstWrite                  
0000686f  I2CMasterBusBusy               
00006877  I2CMasterBusy                  
000068b5  I2CMasterControl               
000068b9  I2CMasterDataGet               
000068bd  I2CMasterDataPut               
00006821  I2CMasterDisable               
0000682b  I2CMasterEnable                
000065ad  I2CMasterErr                   
00005f7d  I2CMasterInitExpClk            
0000687f  I2CMasterSlaveAddrSet          
000047d7  I2CRead                        
000047a7  I2CSingleWrite                 
000048bf  I2CWait                        
00002cb5  InitAirMtrs                    
00002c31  InitAltimeter                  
00004135  InitBME280                     
000036f1  InitBMI160                     
00003ab9  InitBMM150                     
0000252f  InitConsole                    
000025d7  InitGPS                        
00002627  InitGndMotors                  
00002b23  InitIMU                        
000024fd  InitLED                        
00002581  InitRadio                      
000026b1  InitSolarPanels                
00002ac5  InitSolenoidEnablePins         
00002871  InitUltraSonicSensor           
00005c51  IntEnable                      
00006721  IntMasterDisable               
00006731  IntMasterEnable                
00006269  IntRegister                    
00000e11  Menu                           
00006401  PWMGenConfigure                
000067f3  PWMGenEnable                   
00006741  PWMGenPeriodSet                
000066a7  PWMOutputState                 
00006483  PWMPulseWidthSet               
00001633  ProcessADC                     
000011c9  ProcessGPS                     
00001975  ProcessIMUData                 
00001c85  ProcessMagData                 
00001599  ProcessRadio                   
00001679  ProcessUltraSonic              
00000835  RadioIntHandler                
0000680b  ResetISR                       
UNDEFED   SHT$$INIT_ARRAY$$Base          
UNDEFED   SHT$$INIT_ARRAY$$Limit         
000009f5  SPIntHandler                   
00001759  SendPacket                     
00000bf1  SolenoidInterrupt              
00004b5d  SysCtlClockFreqSet             
000068a9  SysCtlDelay                    
0000629d  SysCtlPeripheralEnable         
000061f9  SysCtlPeripheralPresent        
000065d9  SysTickEnable                  
000065ed  SysTickIntEnable               
00000675  SysTickIntHandler              
000064a1  SysTickIntRegister             
00006751  SysTickPeriodSet               
00000b51  Timer1AInterrupt               
00000ba5  Timer1BInterrupt               
00000a13  Timer2AInterrupt               
00000a5b  Timer2BInterrupt               
00000aa7  Timer3AInterrupt               
00000af9  Timer3BInterrupt               
00005d21  TimerConfigure                 
000065c3  TimerControlEvent              
00006535  TimerDisable                   
0000678b  TimerEnable                    
000068c1  TimerIntClear                  
00006887  TimerIntEnable                 
0000654d  TimerIntRegister               
00006835  TimerIntStatus                 
000066b9  TimerLoadSet                   
000066cb  TimerPrescaleSet               
0000683f  TimerValueGet                  
00000cdd  TurnOffLED                     
00000c5f  TurnOnLED                      
00006849  UARTCharGet                    
00006799  UARTCharGetNonBlocking         
00006853  UARTCharPut                    
000067a7  UARTCharsAvail                 
000068af  UARTClockSourceSet             
000060f1  UARTConfigSetExpClk            
00006425  UARTDisable                    
00006601  UARTEnable                     
000068c5  UARTIntClear                   
0000688f  UARTIntEnable                  
00006565  UARTIntRegister                
0000685d  UARTIntStatus                  
00003c99  UARTStdioConfig                
00003ddf  UARTgetc                       
00003d25  UARTgets                       
000040ff  UARTprintf                     
00003e05  UARTvprintf                    
00003cdf  UARTwrite                      
00001e05  UpdateTrajectory               
000062d1  VectorAdd                      
00005e2f  VectorCrossProduct             
000063b5  VectorDotProduct               
000063db  VectorScale                    
00000d4d  WaitForButtonPress             
2000126c  __STACK_END                    
00001000  __STACK_SIZE                   
2000046c  __STACK_TOP                    
00007398  __TI_CINIT_Base                
000073b0  __TI_CINIT_Limit               
00007378  __TI_Handler_Table_Base        
00007384  __TI_Handler_Table_Limit       
00005b71  __TI_auto_init                 
200013e0  __TI_cleanup_ptr               
00005cb9  __TI_decompress_lzss           
000067b5  __TI_decompress_none           
200013e4  __TI_dtors_ptr                 
200013e8  __TI_enable_exit_profile_output
ffffffff  __TI_pprof_out_hndl            
ffffffff  __TI_prof_data_size            
ffffffff  __TI_prof_data_start           
00000000  __TI_static_base__             
000067ff  __TI_zero_init                 
00005971  __aeabi_cdcmpeq                
00005971  __aeabi_cdcmple                
000059f7  __aeabi_cdrcmple               
00005be1  __aeabi_d2f                    
00004d53  __aeabi_dadd                   
00005491  __aeabi_ddiv                   
000056f9  __aeabi_dmul                   
00004d49  __aeabi_dsub                   
00006231  __aeabi_f2d                    
000044db  __aeabi_idiv0                  
00004eff  __aeabi_ldiv0                  
0000493f  __aeabi_ldivmod                
00006595  __aeabi_lmul                   
00005af7  __aeabi_memclr                 
00005af7  __aeabi_memclr4                
00005af7  __aeabi_memclr8                
000058d5  __aeabi_memcpy                 
000058d5  __aeabi_memcpy4                
000058d5  __aeabi_memcpy8                
00005af9  __aeabi_memset                 
00005af9  __aeabi_memset4                
00005af9  __aeabi_memset8                
000061b9  __aeabi_uidiv                  
000061b9  __aeabi_uidivmod               
ffffffff  __binit__                      
ffffffff  __c_args__                     
00006303  __isnanf                       
00005c4f  __mpu_init                     
2000026c  __stack                        
0000657d  _args_main                     
00005e85  _c_int00                       
00006cd8  _ctypes_                       
200013f8  _lock                          
00006623  _nop                           
0000661b  _register_lock                 
00006615  _register_unlock               
00006137  _system_post_cinit             
000068c9  _system_pre_init               
200013fc  _unlock                        
00005edd  abort                          
00004f01  asinf                          
000051e9  atan2f                         
00005341  atanf                          
000066dd  atof                           
ffffffff  binit                          
00006015  copy_in                        
20001410  errno                          
00005ee5  exit                           
200013b4  g_ADCFlag                      
200013cc  g_Accel2GFactor                
2000138c  g_BME280OffsetUnsigned         
2000135c  g_BME280OffsetValues           
20001374  g_BME280RawData                
200013d0  g_BME280Ready                  
200013ec  g_Bias                         
200013a9  g_CharConsole                  
200013b2  g_ConsoleFlag                  
200013b8  g_GPSConnected                 
200013b6  g_GPSFlag                      
200013b7  g_GPSLEDOn                     
200013bd  g_IMUDataFlag                  
200013c8  g_LED1On                       
200013b0  g_LED4On                       
200013dc  g_MagDataFlag                  
200012c4  g_Pack                         
20001390  g_Pressure                     
200013d1  g_PrintRawBMIData              
200013b9  g_PrintRawGPS                  
200013b3  g_Quit                         
200013b5  g_RadioFlag                    
200013b1  g_SendPacket                   
20001394  g_SysClockSpeed                
20001398  g_Temp                         
2000139c  g_TimerFallValue               
200013ba  g_TimerFirstPass               
200013a0  g_TimerRiseValue               
200013bb  g_UltraSonicFlag               
200013bc  g_UltraSonicSensor             
200013c0  g_accelLSBg                    
200013aa  g_bDCMStarted                  
20001368  g_fGyroData                    
200013c4  g_fGyroLSB                     
2000137c  g_gyroDataRaw                  
200013c9  g_loopCount                    
20001384  g_magDataRaw                   
200013ac  g_mtrThrottle                  
20001400  g_offsetData                   
200013d8  g_p_t_fine                     
20000000  g_pfnRAMVectors                
00000000  g_pfnVectors                   
200013d4  g_ptrBME280RawData             
2000126c  g_sCompDCMInst                 
20001314  g_sRxPack                      
200013a4  g_t_fine                       
00000209  main                           
20001414  main_func_sp                   
000058d5  memcpy                         
00005aff  memset                         
20001348  sStatus                        
20001330  sThrottle                      
00005079  sqrt                           
0000638d  sqrtf                          
00005079  sqrtl                          
000044dd  strtod                         
000044dd  strtold                        


GLOBAL SYMBOLS: SORTED BY Symbol Address 

address   name                           
-------   ----                           
00000000  __TI_static_base__             
00000000  g_pfnVectors                   
00000209  main                           
00000675  SysTickIntHandler              
000006a5  ConsoleIntHandler              
00000835  RadioIntHandler                
000009c9  GPSIntHandler                  
000009e5  GndMtr1IntHandler              
000009ed  GndMtr2IntHandler              
000009f5  SPIntHandler                   
00000a13  Timer2AInterrupt               
00000a5b  Timer2BInterrupt               
00000aa7  Timer3AInterrupt               
00000af9  Timer3BInterrupt               
00000b51  Timer1AInterrupt               
00000ba5  Timer1BInterrupt               
00000bf1  SolenoidInterrupt              
00000c13  BMI160IntHandler               
00000c43  BME280IntHandler               
00000c5f  TurnOnLED                      
00000cdd  TurnOffLED                     
00000d4d  WaitForButtonPress             
00000e11  Menu                           
00001000  __STACK_SIZE                   
000011c9  ProcessGPS                     
00001599  ProcessRadio                   
00001633  ProcessADC                     
00001679  ProcessUltraSonic              
000016e9  ActivateSolenoids              
00001715  DeactivateSolenoids            
00001759  SendPacket                     
00001975  ProcessIMUData                 
00001c85  ProcessMagData                 
00001e05  UpdateTrajectory               
000024fd  InitLED                        
0000252f  InitConsole                    
00002581  InitRadio                      
000025d7  InitGPS                        
00002627  InitGndMotors                  
000026b1  InitSolarPanels                
00002871  InitUltraSonicSensor           
00002ac5  InitSolenoidEnablePins         
00002b23  InitIMU                        
00002c31  InitAltimeter                  
00002cb5  InitAirMtrs                    
00002e45  CompDCMInit                    
00002eb9  CompDCMAccelUpdate             
00002ee1  CompDCMGyroUpdate              
00002f09  CompDCMMagnetoUpdate           
00002f31  CompDCMStart                   
00003005  CompDCMUpdate                  
000032e3  CompDCMMatrixGet               
00003337  CompDCMComputeEulers           
000033a9  CompDCMComputeQuaternion       
000036f1  InitBMI160                     
00003ab9  InitBMM150                     
00003c99  UARTStdioConfig                
00003cdf  UARTwrite                      
00003d25  UARTgets                       
00003ddf  UARTgetc                       
00003e05  UARTvprintf                    
000040ff  UARTprintf                     
00004135  InitBME280                     
0000420b  GetBME280RawData               
00004223  BME280_compensate_T_int32      
00004295  BME280_compensate_P_int64      
000044db  __aeabi_idiv0                  
000044dd  strtod                         
000044dd  strtold                        
00004719  I2CBurstWrite                  
000047a7  I2CSingleWrite                 
000047d7  I2CRead                        
000048bf  I2CWait                        
0000493f  __aeabi_ldivmod                
00004b5d  SysCtlClockFreqSet             
00004d49  __aeabi_dsub                   
00004d53  __aeabi_dadd                   
00004eff  __aeabi_ldiv0                  
00004f01  asinf                          
00005079  sqrt                           
00005079  sqrtl                          
000051e9  atan2f                         
00005341  atanf                          
00005491  __aeabi_ddiv                   
000055c7  GPIOPadConfigSet               
000056f9  __aeabi_dmul                   
000057f5  ButtonsPoll                    
00005895  ButtonsInit                    
000058d5  __aeabi_memcpy                 
000058d5  __aeabi_memcpy4                
000058d5  __aeabi_memcpy8                
000058d5  memcpy                         
00005971  __aeabi_cdcmpeq                
00005971  __aeabi_cdcmple                
000059f7  __aeabi_cdrcmple               
00005a7d  ADCSequenceStepConfigure       
00005af7  __aeabi_memclr                 
00005af7  __aeabi_memclr4                
00005af7  __aeabi_memclr8                
00005af9  __aeabi_memset                 
00005af9  __aeabi_memset4                
00005af9  __aeabi_memset8                
00005aff  memset                         
00005b71  __TI_auto_init                 
00005be1  __aeabi_d2f                    
00005c4f  __mpu_init                     
00005c51  IntEnable                      
00005cb9  __TI_decompress_lzss           
00005d21  TimerConfigure                 
00005d81  ADCSequenceConfigure           
00005dd9  GPIOIntTypeSet                 
00005e2f  VectorCrossProduct             
00005e85  _c_int00                       
00005ed9  C$$EXIT                        
00005edd  abort                          
00005ee5  exit                           
00005f7d  I2CMasterInitExpClk            
00006015  copy_in                        
00006061  GPIOPinConfigure               
000060f1  UARTConfigSetExpClk            
00006137  _system_post_cinit             
000061b9  __aeabi_uidiv                  
000061b9  __aeabi_uidivmod               
000061f9  SysCtlPeripheralPresent        
00006231  __aeabi_f2d                    
00006269  IntRegister                    
0000629d  SysCtlPeripheralEnable         
000062d1  VectorAdd                      
00006303  __isnanf                       
00006333  ADCIntStatus                   
00006361  GPIODirModeSet                 
0000638d  sqrtf                          
000063b5  VectorDotProduct               
000063db  VectorScale                    
00006401  PWMGenConfigure                
00006425  UARTDisable                    
00006465  ADCSequenceDataGet             
00006483  PWMPulseWidthSet               
000064a1  SysTickIntRegister             
000064bd  ADCClockConfigSet              
000064d5  ADCIntRegister                 
000064ed  ADCProcessorTrigger            
00006505  GPIOIntRegister                
0000651d  GPIOPinTypeGPIOOutput          
00006535  TimerDisable                   
0000654d  TimerIntRegister               
00006565  UARTIntRegister                
0000657d  _args_main                     
00006595  __aeabi_lmul                   
000065ad  I2CMasterErr                   
000065c3  TimerControlEvent              
000065d9  SysTickEnable                  
000065ed  SysTickIntEnable               
00006601  UARTEnable                     
00006615  _register_unlock               
0000661b  _register_lock                 
00006623  _nop                           
00006629  GPIOPinTypeADC                 
0000663b  GPIOPinTypeGPIOInput           
0000664d  GPIOPinTypeI2C                 
0000665f  GPIOPinTypeI2CSCL              
00006671  GPIOPinTypePWM                 
00006683  GPIOPinTypeTimer               
00006695  GPIOPinTypeUART                
000066a7  PWMOutputState                 
000066b9  TimerLoadSet                   
000066cb  TimerPrescaleSet               
000066dd  atof                           
000066ef  ADCIntEnable                   
00006701  FPUEnable                      
00006711  FPULazyStackingEnable          
00006721  IntMasterDisable               
00006731  IntMasterEnable                
00006741  PWMGenPeriodSet                
00006751  SysTickPeriodSet               
00006761  ADCSequenceDisable             
0000676f  ADCSequenceEnable              
0000677d  GPIOIntStatus                  
0000678b  TimerEnable                    
00006799  UARTCharGetNonBlocking         
000067a7  UARTCharsAvail                 
000067b5  __TI_decompress_none           
000067c3  ADCReferenceSet                
000067cf  CPUcpsid                       
000067db  CPUcpsie                       
000067e7  GPIOIntEnable                  
000067f3  PWMGenEnable                   
000067ff  __TI_zero_init                 
0000680b  ResetISR                       
00006817  ADCIntClear                    
00006821  I2CMasterDisable               
0000682b  I2CMasterEnable                
00006835  TimerIntStatus                 
0000683f  TimerValueGet                  
00006849  UARTCharGet                    
00006853  UARTCharPut                    
0000685d  UARTIntStatus                  
00006867  ADCBusy                        
0000686f  I2CMasterBusBusy               
00006877  I2CMasterBusy                  
0000687f  I2CMasterSlaveAddrSet          
00006887  TimerIntEnable                 
0000688f  UARTIntEnable                  
00006897  GPIOIntClear                   
0000689d  GPIOPinRead                    
000068a3  GPIOPinWrite                   
000068a9  SysCtlDelay                    
000068af  UARTClockSourceSet             
000068b5  I2CMasterControl               
000068b9  I2CMasterDataGet               
000068bd  I2CMasterDataPut               
000068c1  TimerIntClear                  
000068c5  UARTIntClear                   
000068c9  _system_pre_init               
00006cd8  _ctypes_                       
00007378  __TI_Handler_Table_Base        
00007384  __TI_Handler_Table_Limit       
00007398  __TI_CINIT_Base                
000073b0  __TI_CINIT_Limit               
20000000  g_pfnRAMVectors                
2000026c  __stack                        
2000046c  __STACK_TOP                    
2000126c  __STACK_END                    
2000126c  g_sCompDCMInst                 
200012c4  g_Pack                         
20001314  g_sRxPack                      
20001330  sThrottle                      
20001348  sStatus                        
2000135c  g_BME280OffsetValues           
20001368  g_fGyroData                    
20001374  g_BME280RawData                
2000137c  g_gyroDataRaw                  
20001384  g_magDataRaw                   
2000138c  g_BME280OffsetUnsigned         
20001390  g_Pressure                     
20001394  g_SysClockSpeed                
20001398  g_Temp                         
2000139c  g_TimerFallValue               
200013a0  g_TimerRiseValue               
200013a4  g_t_fine                       
200013a9  g_CharConsole                  
200013aa  g_bDCMStarted                  
200013ac  g_mtrThrottle                  
200013b0  g_LED4On                       
200013b1  g_SendPacket                   
200013b2  g_ConsoleFlag                  
200013b3  g_Quit                         
200013b4  g_ADCFlag                      
200013b5  g_RadioFlag                    
200013b6  g_GPSFlag                      
200013b7  g_GPSLEDOn                     
200013b8  g_GPSConnected                 
200013b9  g_PrintRawGPS                  
200013ba  g_TimerFirstPass               
200013bb  g_UltraSonicFlag               
200013bc  g_UltraSonicSensor             
200013bd  g_IMUDataFlag                  
200013c0  g_accelLSBg                    
200013c4  g_fGyroLSB                     
200013c8  g_LED1On                       
200013c9  g_loopCount                    
200013cc  g_Accel2GFactor                
200013d0  g_BME280Ready                  
200013d1  g_PrintRawBMIData              
200013d4  g_ptrBME280RawData             
200013d8  g_p_t_fine                     
200013dc  g_MagDataFlag                  
200013e0  __TI_cleanup_ptr               
200013e4  __TI_dtors_ptr                 
200013e8  __TI_enable_exit_profile_output
200013ec  g_Bias                         
200013f8  _lock                          
200013fc  _unlock                        
20001400  g_offsetData                   
20001410  errno                          
20001414  main_func_sp                   
ffffffff  __TI_pprof_out_hndl            
ffffffff  __TI_prof_data_size            
ffffffff  __TI_prof_data_start           
ffffffff  __binit__                      
ffffffff  __c_args__                     
ffffffff  binit                          
UNDEFED   SHT$$INIT_ARRAY$$Base          
UNDEFED   SHT$$INIT_ARRAY$$Limit         

[284 symbols]
