******************************************************************************
                  TI ARM Linker PC v16.9.0                     
******************************************************************************
>> Linked Mon Mar 06 15:53:18 2017

OUTPUT FILE NAME:   <APOPHIS v1.0.out>
ENTRY POINT SYMBOL: "_c_int00"  address: 00006aa5


MEMORY CONFIGURATION

         name            origin    length      used     unused   attr    fill
----------------------  --------  ---------  --------  --------  ----  --------
  FLASH                 00000000   00100000  00007f76  000f808a  R  X
  SRAM                  20000000   00040000  0000144b  0003ebb5  RW X


SEGMENT ALLOCATION MAP

run origin  load origin   length   init length attrs members
----------  ----------- ---------- ----------- ----- -------
00000000    00000000    00007f78   00007f78    r-x
  00000000    00000000    00000208   00000208    r-- .intvecs
  00000208    00000208    000073be   000073be    r-x .text
  000075c8    000075c8    00000940   00000940    r-- .const
  00007f08    00007f08    00000070   00000070    r-- .cinit
20000000    20000000    0000144c   00000000    rw-
  20000000    20000000    0000026c   00000000    rw- .vtable
  2000026c    2000026c    00001000   00000000    rw- .stack
  2000126c    2000126c    0000015f   00000000    rw- .bss
  200013cc    200013cc    00000080   00000000    rw- .data


SECTION ALLOCATION MAP

 output                                  attributes/
section   page    origin      length       input sections
--------  ----  ----------  ----------   ----------------
.intvecs   0    00000000    00000208     
                  00000000    00000208     tm4c1294ncpdt_startup_ccs.obj (.intvecs)

.text      0    00000208    000073be     
                  00000208    00002978     main.obj (.text)
                  00002b80    00000c44     initializations.obj (.text)
                  000037c4    000008ac     comp_dcm.obj (.text)
                  00004070    0000065e     bmi160.obj (.text)
                  000046ce    00000002     rtsv7M4_T_le_v4SPD16_eabi.lib : i_div0.obj (.text)
                  000046d0    0000049c     uartstdio.obj (.text)
                  00004b6c    000003a6     bme280.obj (.text)
                  00004f12    00000002     rtsv7M4_T_le_v4SPD16_eabi.lib : l_div0.obj (.text)
                  00004f14    0000023e     i2c_driver.obj (.text)
                  00005152    00000002     rtsv7M4_T_le_v4SPD16_eabi.lib : mpu_init.obj (.text)
                  00005154    0000023c                                   : strtod.obj (.text)
                  00005390    0000021e                                   : ll_div_t2.obj (.text)
                  000055ae    00000002                                   : startup.obj (.text)
                  000055b0    000001ec     driverlib.lib : sysctl.obj (.text:SysCtlClockFreqSet)
                  0000579c    000001b6     rtsv7M4_T_le_v4SPD16_eabi.lib : fd_add_t2.obj (.text)
                  00005952    00000002     --HOLE-- [fill = 0]
                  00005954    00000178                                   : e_asinf.obj (.text)
                  00005acc    00000174     mma8452q.obj (.text)
                  00005c40    00000170     rtsv7M4_T_le_v4SPD16_eabi.lib : e_sqrt.obj (.text)
                  00005db0    00000158                                   : e_atan2f.obj (.text)
                  00005f08    00000150                                   : s_atanf.obj (.text)
                  00006058    00000136                                   : fd_div_t2.obj (.text)
                  0000618e    00000132     driverlib.lib : gpio.obj (.text:GPIOPadConfigSet)
                  000062c0    000000fc     rtsv7M4_T_le_v4SPD16_eabi.lib : fd_mul_t2.obj (.text)
                  000063bc    000000e0     buttons.obj (.text)
                  0000649c    0000009c     rtsv7M4_T_le_v4SPD16_eabi.lib : memcpy_t2.obj (.text)
                  00006538    00000086                                   : fd_cmp_t2.obj (.text:__aeabi_cdcmple)
                  000065be    00000086                                   : fd_cmp_t2.obj (.text:__aeabi_cdrcmple)
                  00006644    0000007a     driverlib.lib : adc.obj (.text:ADCSequenceStepConfigure)
                  000066be    0000007a     rtsv7M4_T_le_v4SPD16_eabi.lib : memset_t2.obj (.text)
                  00006738    00000070                                   : autoinit.obj (.text)
                  000067a8    0000006e                                   : fd_tos_t2.obj (.text)
                  00006816    00000002     --HOLE-- [fill = 0]
                  00006818    00000068     driverlib.lib : interrupt.obj (.text:IntEnable)
                  00006880    00000068     rtsv7M4_T_le_v4SPD16_eabi.lib : copy_decompress_lzss.obj (.text:decompress:lzss)
                  000068e8    00000060     driverlib.lib : timer.obj (.text:TimerConfigure)
                  00006948    00000058                   : adc.obj (.text:ADCSequenceConfigure)
                  000069a0    00000058     tm4c1294ncpdt_startup_ccs.obj (.text)
                  000069f8    00000056     driverlib.lib : gpio.obj (.text:GPIOIntTypeSet)
                  00006a4e    00000056     sensorlib.lib : vector.obj (.text:VectorCrossProduct)
                  00006aa4    00000054     rtsv7M4_T_le_v4SPD16_eabi.lib : boot.obj (.text)
                  00006af8    00000054                                   : exit.obj (.text)
                  00006b4c    00000050     driverlib.lib : sysctl.obj (.text:SysCtlPeripheralReset)
                  00006b9c    00000050                   : adc.obj (.text:_ADCIntNumberGet)
                  00006bec    0000004c                   : i2c.obj (.text:I2CMasterInitExpClk)
                  00006c38    0000004c                   : timer.obj (.text:_TimerIntNumberGet)
                  00006c84    0000004c     rtsv7M4_T_le_v4SPD16_eabi.lib : cpy_tbl.obj (.text)
                  00006cd0    00000048     driverlib.lib : gpio.obj (.text:GPIOPinConfigure)
                  00006d18    00000048                   : sysctl.obj (.text:_SysCtlFrequencyGet)
                  00006d60    00000046                   : uart.obj (.text:UARTConfigSetExpClk)
                  00006da6    00000002     --HOLE-- [fill = 0]
                  00006da8    00000040                   : gpio.obj (.text:_GPIOIntNumberGet)
                  00006de8    00000040                   : uart.obj (.text:_UARTIntNumberGet)
                  00006e28    00000040     rtsv7M4_T_le_v4SPD16_eabi.lib : u_divt2.obj (.text)
                  00006e68    00000038     driverlib.lib : sysctl.obj (.text:SysCtlPeripheralPresent)
                  00006ea0    00000038                   : sysctl.obj (.text:SysCtlPeripheralReady)
                  00006ed8    00000038     rtsv7M4_T_le_v4SPD16_eabi.lib : fs_tod_t2.obj (.text)
                  00006f10    00000034     driverlib.lib : interrupt.obj (.text:IntRegister)
                  00006f44    00000034                   : sysctl.obj (.text:SysCtlPeripheralDisable)
                  00006f78    00000034                   : sysctl.obj (.text:SysCtlPeripheralEnable)
                  00006fac    00000032     sensorlib.lib : vector.obj (.text:VectorAdd)
                  00006fde    00000030     comp_dcm.obj (.text:__isnanf)
                  0000700e    0000002e     driverlib.lib : adc.obj (.text:ADCIntStatus)
                  0000703c    0000002a                   : gpio.obj (.text:GPIODirModeSet)
                  00007066    00000002     --HOLE-- [fill = 0]
                  00007068    00000028     rtsv7M4_T_le_v4SPD16_eabi.lib : e_sqrtf.obj (.text)
                  00007090    00000026     sensorlib.lib : vector.obj (.text:VectorDotProduct)
                  000070b6    00000026                   : vector.obj (.text:VectorScale)
                  000070dc    00000022     driverlib.lib : pwm.obj (.text:PWMGenConfigure)
                  000070fe    00000002     --HOLE-- [fill = 0]
                  00007100    00000020                   : uart.obj (.text:UARTDisable)
                  00007120    00000020                   : sysctl.obj (.text:_SysCtlMemTimingGet)
                  00007140    0000001e                   : adc.obj (.text:ADCSequenceDataGet)
                  0000715e    0000001e                   : pwm.obj (.text:PWMPulseWidthSet)
                  0000717c    0000001c                   : systick.obj (.text:SysTickIntRegister)
                  00007198    00000018                   : adc.obj (.text:ADCClockConfigSet)
                  000071b0    00000018                   : adc.obj (.text:ADCIntRegister)
                  000071c8    00000018                   : adc.obj (.text:ADCProcessorTrigger)
                  000071e0    00000018                   : gpio.obj (.text:GPIOIntRegister)
                  000071f8    00000018                   : gpio.obj (.text:GPIOPinTypeGPIOOutput)
                  00007210    00000018                   : timer.obj (.text:TimerDisable)
                  00007228    00000018                   : timer.obj (.text:TimerIntRegister)
                  00007240    00000018                   : uart.obj (.text:UARTIntRegister)
                  00007258    00000018     rtsv7M4_T_le_v4SPD16_eabi.lib : args_main.obj (.text)
                  00007270    00000018                                   : ll_mul_t2.obj (.text)
                  00007288    00000016     driverlib.lib : i2c.obj (.text:I2CMasterErr)
                  0000729e    00000016                   : timer.obj (.text:TimerControlEvent)
                  000072b4    00000014                   : pwm.obj (.text:PWMClockSet)
                  000072c8    00000014                   : systick.obj (.text:SysTickEnable)
                  000072dc    00000014                   : systick.obj (.text:SysTickIntEnable)
                  000072f0    00000014                   : uart.obj (.text:UARTEnable)
                  00007304    00000014     rtsv7M4_T_le_v4SPD16_eabi.lib : _lock.obj (.text)
                  00007318    00000012     driverlib.lib : gpio.obj (.text:GPIOPinTypeADC)
                  0000732a    00000012                   : gpio.obj (.text:GPIOPinTypeGPIOInput)
                  0000733c    00000012                   : gpio.obj (.text:GPIOPinTypeI2C)
                  0000734e    00000012                   : gpio.obj (.text:GPIOPinTypeI2CSCL)
                  00007360    00000012                   : gpio.obj (.text:GPIOPinTypePWM)
                  00007372    00000012                   : gpio.obj (.text:GPIOPinTypeTimer)
                  00007384    00000012                   : gpio.obj (.text:GPIOPinTypeUART)
                  00007396    00000012                   : pwm.obj (.text:PWMGenPeriodGet)
                  000073a8    00000012                   : pwm.obj (.text:PWMOutputState)
                  000073ba    00000012                   : timer.obj (.text:TimerLoadSet)
                  000073cc    00000012                   : timer.obj (.text:TimerPrescaleSet)
                  000073de    00000012     rtsv7M4_T_le_v4SPD16_eabi.lib : atof.obj (.text)
                  000073f0    00000010     driverlib.lib : adc.obj (.text:ADCIntEnable)
                  00007400    00000010                   : fpu.obj (.text:FPUEnable)
                  00007410    00000010                   : fpu.obj (.text:FPULazyStackingEnable)
                  00007420    00000010                   : interrupt.obj (.text:IntMasterDisable)
                  00007430    00000010                   : interrupt.obj (.text:IntMasterEnable)
                  00007440    00000010                   : pwm.obj (.text:PWMGenPeriodSet)
                  00007450    00000010                   : systick.obj (.text:SysTickPeriodSet)
                  00007460    0000000e                   : adc.obj (.text:ADCSequenceDisable)
                  0000746e    0000000e                   : adc.obj (.text:ADCSequenceEnable)
                  0000747c    0000000e                   : gpio.obj (.text:GPIOIntStatus)
                  0000748a    0000000e                   : timer.obj (.text:TimerEnable)
                  00007498    0000000e                   : uart.obj (.text:UARTCharGetNonBlocking)
                  000074a6    0000000e                   : uart.obj (.text:UARTCharsAvail)
                  000074b4    0000000e     rtsv7M4_T_le_v4SPD16_eabi.lib : copy_decompress_none.obj (.text:decompress:none)
                  000074c2    0000000c     driverlib.lib : adc.obj (.text:ADCReferenceSet)
                  000074ce    0000000c                   : cpu.obj (.text:CPUcpsid)
                  000074da    0000000c                   : cpu.obj (.text:CPUcpsie)
                  000074e6    0000000c                   : gpio.obj (.text:GPIOIntEnable)
                  000074f2    0000000c                   : pwm.obj (.text:PWMGenEnable)
                  000074fe    0000000c     rtsv7M4_T_le_v4SPD16_eabi.lib : copy_zero_init.obj (.text:decompress:ZI)
                  0000750a    0000000a     driverlib.lib : adc.obj (.text:ADCIntClear)
                  00007514    0000000a                   : i2c.obj (.text:I2CMasterDisable)
                  0000751e    0000000a                   : i2c.obj (.text:I2CMasterEnable)
                  00007528    0000000a                   : timer.obj (.text:TimerIntStatus)
                  00007532    0000000a                   : timer.obj (.text:TimerValueGet)
                  0000753c    0000000a                   : uart.obj (.text:UARTCharGet)
                  00007546    0000000a                   : uart.obj (.text:UARTCharPut)
                  00007550    0000000a                   : uart.obj (.text:UARTIntStatus)
                  0000755a    00000008                   : adc.obj (.text:ADCBusy)
                  00007562    00000008                   : i2c.obj (.text:I2CMasterBusBusy)
                  0000756a    00000008                   : i2c.obj (.text:I2CMasterBusy)
                  00007572    00000008                   : i2c.obj (.text:I2CMasterSlaveAddrSet)
                  0000757a    00000008                   : timer.obj (.text:TimerIntEnable)
                  00007582    00000008                   : uart.obj (.text:UARTIntEnable)
                  0000758a    00000006                   : gpio.obj (.text:GPIOIntClear)
                  00007590    00000006                   : gpio.obj (.text:GPIOPinRead)
                  00007596    00000006                   : gpio.obj (.text:GPIOPinWrite)
                  0000759c    00000006                   : sysctl.obj (.text:SysCtlDelay)
                  000075a2    00000006                   : timer.obj (.text:TimerClockSourceSet)
                  000075a8    00000006                   : uart.obj (.text:UARTClockSourceSet)
                  000075ae    00000004                   : i2c.obj (.text:I2CMasterControl)
                  000075b2    00000004                   : i2c.obj (.text:I2CMasterDataGet)
                  000075b6    00000004                   : i2c.obj (.text:I2CMasterDataPut)
                  000075ba    00000004                   : timer.obj (.text:TimerIntClear)
                  000075be    00000004                   : uart.obj (.text:UARTIntClear)
                  000075c2    00000004     rtsv7M4_T_le_v4SPD16_eabi.lib : pre_init.obj (.text)

.const     0    000075c8    00000940     
                  000075c8    000001b0     driverlib.lib : sysctl.obj (.const:g_pppui32XTALtoVCO)
                  00007778    0000012c     main.obj (.const:$P$T0$1)
                  000078a4    00000101     rtsv7M4_T_le_v4SPD16_eabi.lib : ctype.obj (.const:.string:_ctypes_)
                  000079a5    00000003     --HOLE-- [fill = 0]
                  000079a8    000000c0     driverlib.lib : gpio.obj (.const:g_ppui32GPIOIntMapBlizzard)
                  00007a68    000000c0                   : gpio.obj (.const:g_ppui32GPIOIntMapSnowflake)
                  00007b28    00000098     rtsv7M4_T_le_v4SPD16_eabi.lib : strtod.obj (.const:$O1$$)
                  00007bc0    00000090     driverlib.lib : gpio.obj (.const:g_pui32GPIOBaseAddrs)
                  00007c50    00000070                   : interrupt.obj (.const)
                  00007cc0    0000006c                   : sysctl.obj (.const:g_pui32Xtals)
                  00007d2c    00000060                   : timer.obj (.const:g_ppui32TimerIntMap)
                  00007d8c    00000040                   : timer.obj (.const:g_ppui32TimerIntMapSnowflake)
                  00007dcc    00000040                   : uart.obj (.const:g_ppui32UARTIntMap)
                  00007e0c    00000040                   : uart.obj (.const:g_ppui32UARTIntMapSnowflake)
                  00007e4c    00000034     rtsv7M4_T_le_v4SPD16_eabi.lib : s_atanf.obj (.const:$O1$$)
                  00007e80    00000030     driverlib.lib : sysctl.obj (.const:g_sXTALtoMEMTIM)
                  00007eb0    00000020     rtsv7M4_T_le_v4SPD16_eabi.lib : e_asinf.obj (.const)
                  00007ed0    00000012     uartstdio.obj (.const:.string)
                  00007ee2    00000002     --HOLE-- [fill = 0]
                  00007ee4    0000000c     uartstdio.obj (.const:g_ui32UARTBase)
                  00007ef0    0000000c     uartstdio.obj (.const:g_ui32UARTPeriph)
                  00007efc    00000008     driverlib.lib : sysctl.obj (.const)
                  00007f04    00000004     uartstdio.obj (.const)

.cinit     0    00007f08    00000070     
                  00007f08    00000038     (.cinit..data.load) [load image, compression = lzss]
                  00007f40    0000000c     (__TI_handler_table)
                  00007f4c    00000004     --HOLE-- [fill = 0]
                  00007f50    00000008     (.cinit..bss.load) [load image, compression = zero_init]
                  00007f58    00000008     (.cinit..vtable.load) [load image, compression = zero_init]
                  00007f60    00000018     (__TI_cinit_table)

.init_array 
*          0    00000000    00000000     UNINITIALIZED

.vtable    0    20000000    0000026c     UNINITIALIZED
                  20000000    0000026c     driverlib.lib : interrupt.obj (.vtable)

.stack     0    2000026c    00001000     UNINITIALIZED
                  2000026c    00001000     --HOLE--

.bss       0    2000126c    0000015f     UNINITIALIZED
                  2000126c    00000058     (.common:g_sCompDCMInst)
                  200012c4    00000054     (.common:g_Pack)
                  20001318    0000002c     (.common:sStatus)
                  20001344    00000020     (.common:sThrottle)
                  20001364    0000001c     (.common:g_sRxPack)
                  20001380    0000000c     (.common:g_BME280OffsetValues)
                  2000138c    0000000c     (.common:g_fGyroData)
                  20001398    0000000c     (.common:g_fMagData)
                  200013a4    00000008     (.common:g_BME280RawData)
                  200013ac    00000004     (.common:g_BME280OffsetUnsigned)
                  200013b0    00000004     (.common:g_Pressure)
                  200013b4    00000004     (.common:g_SysClockSpeed)
                  200013b8    00000004     (.common:g_Temp)
                  200013bc    00000004     (.common:g_TimerFallValue)
                  200013c0    00000004     (.common:g_TimerRiseValue)
                  200013c4    00000004     (.common:g_t_fine)
                  200013c8    00000001     main.obj (.bss)
                  200013c9    00000001     (.common:g_CharConsole)
                  200013ca    00000001     (.common:g_bDCMStarted)

.data      0    200013cc    00000080     UNINITIALIZED
                  200013cc    00000042     main.obj (.data)
                  2000140e    00000002     --HOLE--
                  20001410    0000000c     rtsv7M4_T_le_v4SPD16_eabi.lib : exit.obj (.data:$O1$$)
                  2000141c    00000008                                   : _lock.obj (.data:$O1$$)
                  20001424    00000007     main.obj (.data:g_offsetData)
                  2000142b    00000001     --HOLE--
                  2000142c    00000006     main.obj (.data:g_GyroBias)
                  20001432    00000006     main.obj (.data:g_MagBias)
                  20001438    00000005     uartstdio.obj (.data)
                  2000143d    00000003     buttons.obj (.data)
                  20001440    00000004     rtsv7M4_T_le_v4SPD16_eabi.lib : errno.obj (.data)
                  20001444    00000004                                   : stkdepth_vars.obj (.data)
                  20001448    00000004     main.obj (.data:ui8Magic$3)

MODULE SUMMARY

       Module                          code    ro data   rw data
       ------                          ----    -------   -------
    .\
       main.obj                        10616   300       440    
       initializations.obj             3140    0         0      
       comp_dcm.obj                    2268    0         0      
       bmi160.obj                      1630    0         0      
       uartstdio.obj                   1180    46        5      
       bme280.obj                      934     0         0      
       tm4c1294ncpdt_startup_ccs.obj   88      520       0      
       i2c_driver.obj                  574     0         0      
       mma8452q.obj                    372     0         0      
       buttons.obj                     224     0         3      
    +--+-------------------------------+-------+---------+---------+
       Total:                          21026   866       448    
                                                                
    C:\ti\ccsv7\tools\compiler\ti-cgt-arm_16.9.0.LTS\lib\rtsv7M4_T_le_v4SPD16_eabi.lib
       strtod.obj                      572     152       0      
       ll_div_t2.obj                   542     0         0      
       fd_add_t2.obj                   438     0         0      
       e_asinf.obj                     376     32        0      
       s_atanf.obj                     336     52        0      
       e_sqrt.obj                      368     0         0      
       e_atan2f.obj                    344     0         0      
       fd_div_t2.obj                   310     0         0      
       fd_cmp_t2.obj                   268     0         0      
       ctype.obj                       0       257       0      
       fd_mul_t2.obj                   252     0         0      
       memcpy_t2.obj                   156     0         0      
       memset_t2.obj                   122     0         0      
       autoinit.obj                    112     0         0      
       fd_tos_t2.obj                   110     0         0      
       copy_decompress_lzss.obj        104     0         0      
       exit.obj                        84      0         12     
       boot.obj                        84      0         0      
       cpy_tbl.obj                     76      0         0      
       u_divt2.obj                     64      0         0      
       fs_tod_t2.obj                   56      0         0      
       e_sqrtf.obj                     40      0         0      
       _lock.obj                       20      0         8      
       args_main.obj                   24      0         0      
       ll_mul_t2.obj                   24      0         0      
       atof.obj                        18      0         0      
       copy_decompress_none.obj        14      0         0      
       copy_zero_init.obj              12      0         0      
       errno.obj                       0       0         4      
       pre_init.obj                    4       0         0      
       stkdepth_vars.obj               0       0         4      
       i_div0.obj                      2       0         0      
       l_div0.obj                      2       0         0      
       mpu_init.obj                    2       0         0      
       startup.obj                     2       0         0      
    +--+-------------------------------+-------+---------+---------+
       Total:                          4938    493       28     
                                                                
    E:/TM4C1294XL/driverlib/ccs/Debug/driverlib.lib
       sysctl.obj                      898     596       0      
       gpio.obj                        788     528       0      
       interrupt.obj                   188     112       620    
       adc.obj                         512     0         0      
       timer.obj                       330     160       0      
       uart.obj                        286     128       0      
       i2c.obj                         154     0         0      
       pwm.obj                         148     0         0      
       systick.obj                     84      0         0      
       fpu.obj                         32      0         0      
       cpu.obj                         24      0         0      
    +--+-------------------------------+-------+---------+---------+
       Total:                          3444    1524      620    
                                                                
    E:/TM4C1294XL/sensorlib/ccs/Debug/sensorlib.lib
       vector.obj                      212     0         0      
    +--+-------------------------------+-------+---------+---------+
       Total:                          212     0         0      
                                                                
       Stack:                          0       0         4096   
       Linker Generated:               0       108       0      
    +--+-------------------------------+-------+---------+---------+
       Grand Total:                    29620   2991      5192   


LINKER GENERATED COPY TABLES

__TI_cinit_table @ 00007f60 records: 3, size/record: 8, table size: 24
	.data: load addr=00007f08, load size=00000038 bytes, run addr=200013cc, run size=00000080 bytes, compression=lzss
	.bss: load addr=00007f50, load size=00000008 bytes, run addr=2000126c, run size=0000015f bytes, compression=zero_init
	.vtable: load addr=00007f58, load size=00000008 bytes, run addr=20000000, run size=0000026c bytes, compression=zero_init


LINKER GENERATED HANDLER TABLE

__TI_handler_table @ 00007f40 records: 3, size/record: 4, table size: 12
	index: 0, handler: __TI_zero_init
	index: 1, handler: __TI_decompress_lzss
	index: 2, handler: __TI_decompress_none


GLOBAL SYMBOLS: SORTED ALPHABETICALLY BY Name 

address   name                           
-------   ----                           
0000755b  ADCBusy                        
00007199  ADCClockConfigSet              
0000750b  ADCIntClear                    
000073f1  ADCIntEnable                   
000071b1  ADCIntRegister                 
0000700f  ADCIntStatus                   
000071c9  ADCProcessorTrigger            
000074c3  ADCReferenceSet                
00006949  ADCSequenceConfigure           
00007141  ADCSequenceDataGet             
00007461  ADCSequenceDisable             
0000746f  ADCSequenceEnable              
00006645  ADCSequenceStepConfigure       
000018e1  ActivateSolenoids              
00000c11  BME280IntHandler               
00004ccd  BME280_compensate_P_int64      
00004c5b  BME280_compensate_T_int32      
00000bef  BMI160IntHandler               
0000645d  ButtonsInit                    
000063bd  ButtonsPoll                    
00006af9  C$$EXIT                        
000074cf  CPUcpsid                       
000074db  CPUcpsie                       
00003839  CompDCMAccelUpdate             
00003cb7  CompDCMComputeEulers           
00003d29  CompDCMComputeQuaternion       
00003861  CompDCMGyroUpdate              
000037c5  CompDCMInit                    
00003889  CompDCMMagnetoUpdate           
00003c63  CompDCMMatrixGet               
000038b1  CompDCMStart                   
00003985  CompDCMUpdate                  
000006ed  ConsoleIntHandler              
00000c79  DCMUpdateTimer                 
0000190d  DeactivateSolenoids            
00007401  FPUEnable                      
00007411  FPULazyStackingEnable          
0000703d  GPIODirModeSet                 
0000758b  GPIOIntClear                   
000074e7  GPIOIntEnable                  
000071e1  GPIOIntRegister                
0000747d  GPIOIntStatus                  
000069f9  GPIOIntTypeSet                 
0000618f  GPIOPadConfigSet               
00006cd1  GPIOPinConfigure               
00007591  GPIOPinRead                    
00007319  GPIOPinTypeADC                 
0000732b  GPIOPinTypeGPIOInput           
000071f9  GPIOPinTypeGPIOOutput          
0000733d  GPIOPinTypeI2C                 
0000734f  GPIOPinTypeI2CSCL              
00007361  GPIOPinTypePWM                 
00007373  GPIOPinTypeTimer               
00007385  GPIOPinTypeUART                
00007597  GPIOPinWrite                   
00000999  GPSIntHandler                  
00004c43  GetBME280RawData               
000009b5  GndMtr1IntHandler              
000009b7  GndMtr2IntHandler              
00004f15  I2CBurstWrite                  
00007563  I2CMasterBusBusy               
0000756b  I2CMasterBusy                  
000075af  I2CMasterControl               
000075b3  I2CMasterDataGet               
000075b7  I2CMasterDataPut               
00007515  I2CMasterDisable               
0000751f  I2CMasterEnable                
00007289  I2CMasterErr                   
00006bed  I2CMasterInitExpClk            
00007573  I2CMasterSlaveAddrSet          
00004fd7  I2CRead                        
00004fa7  I2CSingleWrite                 
000050c7  I2CWait                        
00003489  InitAirMtrs                    
000033e1  InitAltimeter                  
00004b6d  InitBME280                     
00004071  InitBMI160                     
00002bb3  InitConsole                    
00002cd9  InitGPS                        
00002d29  InitGndMotors                  
00003291  InitIMU                        
00002b81  InitLED                        
00005acd  InitMMA8452Q                   
00002c05  InitRadio                      
00003619  InitSecondaryAccel             
00002db3  InitSolarPanels                
000031d9  InitSolenoidEnablePins         
00002f8d  InitUltraSonicSensor           
00006819  IntEnable                      
00007421  IntMasterDisable               
00007431  IntMasterEnable                
00006f11  IntRegister                    
00000db7  MMA8452QIntHandler             
00000fb1  Menu                           
000072b5  PWMClockSet                    
000070dd  PWMGenConfigure                
000074f3  PWMGenEnable                   
00007397  PWMGenPeriodGet                
00007441  PWMGenPeriodSet                
000073a9  PWMOutputState                 
0000715f  PWMPulseWidthSet               
00001829  ProcessADC                     
000013c5  ProcessGPS                     
00001b9d  ProcessIMUData                 
00001795  ProcessRadio                   
00001871  ProcessUltraSonic              
000007d1  RadioIntHandler                
00000c2d  RadioTimeoutIntHandler         
000069a1  ResetISR                       
UNDEFED   SHT$$INIT_ARRAY$$Base          
UNDEFED   SHT$$INIT_ARRAY$$Limit         
000009c1  SPIntHandler                   
00001961  SendPacket                     
00000bcd  SolenoidInterrupt              
000055b1  SysCtlClockFreqSet             
0000759d  SysCtlDelay                    
00006f45  SysCtlPeripheralDisable        
00006f79  SysCtlPeripheralEnable         
00006e69  SysCtlPeripheralPresent        
00006ea1  SysCtlPeripheralReady          
00006b4d  SysCtlPeripheralReset          
000072c9  SysTickEnable                  
000072dd  SysTickIntEnable               
00000695  SysTickIntHandler              
0000717d  SysTickIntRegister             
00007451  SysTickPeriodSet               
00000b31  Timer1AInterrupt               
00000b81  Timer1BInterrupt               
000009ed  Timer2AInterrupt               
00000a35  Timer2BInterrupt               
00000a81  Timer3AInterrupt               
00000add  Timer3BInterrupt               
000075a3  TimerClockSourceSet            
000068e9  TimerConfigure                 
0000729f  TimerControlEvent              
00007211  TimerDisable                   
0000748b  TimerEnable                    
000075bb  TimerIntClear                  
0000757b  TimerIntEnable                 
00007229  TimerIntRegister               
00007529  TimerIntStatus                 
000073bb  TimerLoadSet                   
000073cd  TimerPrescaleSet               
00007533  TimerValueGet                  
00000e3f  TurnOffLED                     
00000ddd  TurnOnLED                      
0000753d  UARTCharGet                    
00007499  UARTCharGetNonBlocking         
00007547  UARTCharPut                    
000074a7  UARTCharsAvail                 
000075a9  UARTClockSourceSet             
00006d61  UARTConfigSetExpClk            
00007101  UARTDisable                    
000072f1  UARTEnable                     
000075bf  UARTIntClear                   
00007583  UARTIntEnable                  
00007241  UARTIntRegister                
00007551  UARTIntStatus                  
000046d1  UARTStdioConfig                
00004817  UARTgetc                       
0000475d  UARTgets                       
00004b37  UARTprintf                     
0000483d  UARTvprintf                    
00004717  UARTwrite                      
000020b9  UpdateTrajectory               
00006fad  VectorAdd                      
00006a4f  VectorCrossProduct             
00007091  VectorDotProduct               
000070b7  VectorScale                    
00000ec5  WaitForButtonPress             
2000126c  __STACK_END                    
00001000  __STACK_SIZE                   
2000046c  __STACK_TOP                    
00007f60  __TI_CINIT_Base                
00007f78  __TI_CINIT_Limit               
00007f40  __TI_Handler_Table_Base        
00007f4c  __TI_Handler_Table_Limit       
00006739  __TI_auto_init                 
20001410  __TI_cleanup_ptr               
00006881  __TI_decompress_lzss           
000074b5  __TI_decompress_none           
20001414  __TI_dtors_ptr                 
20001418  __TI_enable_exit_profile_output
ffffffff  __TI_pprof_out_hndl            
ffffffff  __TI_prof_data_size            
ffffffff  __TI_prof_data_start           
00000000  __TI_static_base__             
000074ff  __TI_zero_init                 
00006539  __aeabi_cdcmpeq                
00006539  __aeabi_cdcmple                
000065bf  __aeabi_cdrcmple               
000067a9  __aeabi_d2f                    
000057a7  __aeabi_dadd                   
00006059  __aeabi_ddiv                   
000062c1  __aeabi_dmul                   
0000579d  __aeabi_dsub                   
00006ed9  __aeabi_f2d                    
000046cf  __aeabi_idiv0                  
00004f13  __aeabi_ldiv0                  
00005391  __aeabi_ldivmod                
00007271  __aeabi_lmul                   
000066bf  __aeabi_memclr                 
000066bf  __aeabi_memclr4                
000066bf  __aeabi_memclr8                
0000649d  __aeabi_memcpy                 
0000649d  __aeabi_memcpy4                
0000649d  __aeabi_memcpy8                
000066c1  __aeabi_memset                 
000066c1  __aeabi_memset4                
000066c1  __aeabi_memset8                
00006e29  __aeabi_uidiv                  
00006e29  __aeabi_uidivmod               
ffffffff  __binit__                      
ffffffff  __c_args__                     
00006fdf  __isnanf                       
00005153  __mpu_init                     
2000026c  __stack                        
00007259  _args_main                     
00006aa5  _c_int00                       
000078a4  _ctypes_                       
2000141c  _lock                          
00007313  _nop                           
0000730b  _register_lock                 
00007305  _register_unlock               
000055af  _system_post_cinit             
000075c3  _system_pre_init               
20001420  _unlock                        
00006afd  abort                          
00005955  asinf                          
00005db1  atan2f                         
00005f09  atanf                          
000073df  atof                           
ffffffff  binit                          
00006c85  copy_in                        
20001440  errno                          
00006b05  exit                           
200013df  g_ADCFlag                      
200013fc  g_Accel2GFactor                
200013ac  g_BME280OffsetUnsigned         
20001380  g_BME280OffsetValues           
200013a4  g_BME280RawData                
20001400  g_BME280Ready                  
200013c9  g_CharConsole                  
200013dd  g_ConsoleFlag                  
200013e4  g_GPSConnected                 
200013e2  g_GPSFlag                      
200013e3  g_GPSLEDOn                     
2000142c  g_GyroBias                     
200013e9  g_IMUDataFlag                  
200013f8  g_LED1On                       
200013dc  g_LED4On                       
20001432  g_MagBias                      
200012c4  g_Pack                         
200013b0  g_Pressure                     
200013e1  g_PrintFlag                    
20001401  g_PrintRawBMIData              
200013e5  g_PrintRawGPS                  
200013de  g_Quit                         
200013e0  g_RadioFlag                    
200013b4  g_SysClockSpeed                
200013d8  g_SysTickCount                 
200013b8  g_Temp                         
200013bc  g_TimerFallValue               
200013e6  g_TimerFirstPass               
200013c0  g_TimerRiseValue               
200013e7  g_UltraSonicFlag               
200013e8  g_UltraSonicSensor             
200013ec  g_accelLSBg                    
200013ca  g_bDCMStarted                  
2000138c  g_fGyroData                    
200013f0  g_fGyroLSB                     
20001398  g_fMagData                     
200013f4  g_fMagLSB                      
200013f9  g_loopCount                    
20001424  g_offsetData                   
20001408  g_p_t_fine                     
20000000  g_pfnRAMVectors                
00000000  g_pfnVectors                   
20001404  g_ptrBME280RawData             
2000126c  g_sCompDCMInst                 
20001364  g_sRxPack                      
200013c4  g_t_fine                       
200013d0  g_ui32MaxThrottle              
200013d4  g_ui32ThrottleIncrement        
200013cc  g_ui32ZeroThrottle             
00000209  main                           
20001444  main_func_sp                   
0000649d  memcpy                         
000066c7  memset                         
20001318  sStatus                        
20001344  sThrottle                      
00005c41  sqrt                           
00007069  sqrtf                          
00005c41  sqrtl                          
00005155  strtod                         
00005155  strtold                        


GLOBAL SYMBOLS: SORTED BY Symbol Address 

address   name                           
-------   ----                           
00000000  __TI_static_base__             
00000000  g_pfnVectors                   
00000209  main                           
00000695  SysTickIntHandler              
000006ed  ConsoleIntHandler              
000007d1  RadioIntHandler                
00000999  GPSIntHandler                  
000009b5  GndMtr1IntHandler              
000009b7  GndMtr2IntHandler              
000009c1  SPIntHandler                   
000009ed  Timer2AInterrupt               
00000a35  Timer2BInterrupt               
00000a81  Timer3AInterrupt               
00000add  Timer3BInterrupt               
00000b31  Timer1AInterrupt               
00000b81  Timer1BInterrupt               
00000bcd  SolenoidInterrupt              
00000bef  BMI160IntHandler               
00000c11  BME280IntHandler               
00000c2d  RadioTimeoutIntHandler         
00000c79  DCMUpdateTimer                 
00000db7  MMA8452QIntHandler             
00000ddd  TurnOnLED                      
00000e3f  TurnOffLED                     
00000ec5  WaitForButtonPress             
00000fb1  Menu                           
00001000  __STACK_SIZE                   
000013c5  ProcessGPS                     
00001795  ProcessRadio                   
00001829  ProcessADC                     
00001871  ProcessUltraSonic              
000018e1  ActivateSolenoids              
0000190d  DeactivateSolenoids            
00001961  SendPacket                     
00001b9d  ProcessIMUData                 
000020b9  UpdateTrajectory               
00002b81  InitLED                        
00002bb3  InitConsole                    
00002c05  InitRadio                      
00002cd9  InitGPS                        
00002d29  InitGndMotors                  
00002db3  InitSolarPanels                
00002f8d  InitUltraSonicSensor           
000031d9  InitSolenoidEnablePins         
00003291  InitIMU                        
000033e1  InitAltimeter                  
00003489  InitAirMtrs                    
00003619  InitSecondaryAccel             
000037c5  CompDCMInit                    
00003839  CompDCMAccelUpdate             
00003861  CompDCMGyroUpdate              
00003889  CompDCMMagnetoUpdate           
000038b1  CompDCMStart                   
00003985  CompDCMUpdate                  
00003c63  CompDCMMatrixGet               
00003cb7  CompDCMComputeEulers           
00003d29  CompDCMComputeQuaternion       
00004071  InitBMI160                     
000046cf  __aeabi_idiv0                  
000046d1  UARTStdioConfig                
00004717  UARTwrite                      
0000475d  UARTgets                       
00004817  UARTgetc                       
0000483d  UARTvprintf                    
00004b37  UARTprintf                     
00004b6d  InitBME280                     
00004c43  GetBME280RawData               
00004c5b  BME280_compensate_T_int32      
00004ccd  BME280_compensate_P_int64      
00004f13  __aeabi_ldiv0                  
00004f15  I2CBurstWrite                  
00004fa7  I2CSingleWrite                 
00004fd7  I2CRead                        
000050c7  I2CWait                        
00005153  __mpu_init                     
00005155  strtod                         
00005155  strtold                        
00005391  __aeabi_ldivmod                
000055af  _system_post_cinit             
000055b1  SysCtlClockFreqSet             
0000579d  __aeabi_dsub                   
000057a7  __aeabi_dadd                   
00005955  asinf                          
00005acd  InitMMA8452Q                   
00005c41  sqrt                           
00005c41  sqrtl                          
00005db1  atan2f                         
00005f09  atanf                          
00006059  __aeabi_ddiv                   
0000618f  GPIOPadConfigSet               
000062c1  __aeabi_dmul                   
000063bd  ButtonsPoll                    
0000645d  ButtonsInit                    
0000649d  __aeabi_memcpy                 
0000649d  __aeabi_memcpy4                
0000649d  __aeabi_memcpy8                
0000649d  memcpy                         
00006539  __aeabi_cdcmpeq                
00006539  __aeabi_cdcmple                
000065bf  __aeabi_cdrcmple               
00006645  ADCSequenceStepConfigure       
000066bf  __aeabi_memclr                 
000066bf  __aeabi_memclr4                
000066bf  __aeabi_memclr8                
000066c1  __aeabi_memset                 
000066c1  __aeabi_memset4                
000066c1  __aeabi_memset8                
000066c7  memset                         
00006739  __TI_auto_init                 
000067a9  __aeabi_d2f                    
00006819  IntEnable                      
00006881  __TI_decompress_lzss           
000068e9  TimerConfigure                 
00006949  ADCSequenceConfigure           
000069a1  ResetISR                       
000069f9  GPIOIntTypeSet                 
00006a4f  VectorCrossProduct             
00006aa5  _c_int00                       
00006af9  C$$EXIT                        
00006afd  abort                          
00006b05  exit                           
00006b4d  SysCtlPeripheralReset          
00006bed  I2CMasterInitExpClk            
00006c85  copy_in                        
00006cd1  GPIOPinConfigure               
00006d61  UARTConfigSetExpClk            
00006e29  __aeabi_uidiv                  
00006e29  __aeabi_uidivmod               
00006e69  SysCtlPeripheralPresent        
00006ea1  SysCtlPeripheralReady          
00006ed9  __aeabi_f2d                    
00006f11  IntRegister                    
00006f45  SysCtlPeripheralDisable        
00006f79  SysCtlPeripheralEnable         
00006fad  VectorAdd                      
00006fdf  __isnanf                       
0000700f  ADCIntStatus                   
0000703d  GPIODirModeSet                 
00007069  sqrtf                          
00007091  VectorDotProduct               
000070b7  VectorScale                    
000070dd  PWMGenConfigure                
00007101  UARTDisable                    
00007141  ADCSequenceDataGet             
0000715f  PWMPulseWidthSet               
0000717d  SysTickIntRegister             
00007199  ADCClockConfigSet              
000071b1  ADCIntRegister                 
000071c9  ADCProcessorTrigger            
000071e1  GPIOIntRegister                
000071f9  GPIOPinTypeGPIOOutput          
00007211  TimerDisable                   
00007229  TimerIntRegister               
00007241  UARTIntRegister                
00007259  _args_main                     
00007271  __aeabi_lmul                   
00007289  I2CMasterErr                   
0000729f  TimerControlEvent              
000072b5  PWMClockSet                    
000072c9  SysTickEnable                  
000072dd  SysTickIntEnable               
000072f1  UARTEnable                     
00007305  _register_unlock               
0000730b  _register_lock                 
00007313  _nop                           
00007319  GPIOPinTypeADC                 
0000732b  GPIOPinTypeGPIOInput           
0000733d  GPIOPinTypeI2C                 
0000734f  GPIOPinTypeI2CSCL              
00007361  GPIOPinTypePWM                 
00007373  GPIOPinTypeTimer               
00007385  GPIOPinTypeUART                
00007397  PWMGenPeriodGet                
000073a9  PWMOutputState                 
000073bb  TimerLoadSet                   
000073cd  TimerPrescaleSet               
000073df  atof                           
000073f1  ADCIntEnable                   
00007401  FPUEnable                      
00007411  FPULazyStackingEnable          
00007421  IntMasterDisable               
00007431  IntMasterEnable                
00007441  PWMGenPeriodSet                
00007451  SysTickPeriodSet               
00007461  ADCSequenceDisable             
0000746f  ADCSequenceEnable              
0000747d  GPIOIntStatus                  
0000748b  TimerEnable                    
00007499  UARTCharGetNonBlocking         
000074a7  UARTCharsAvail                 
000074b5  __TI_decompress_none           
000074c3  ADCReferenceSet                
000074cf  CPUcpsid                       
000074db  CPUcpsie                       
000074e7  GPIOIntEnable                  
000074f3  PWMGenEnable                   
000074ff  __TI_zero_init                 
0000750b  ADCIntClear                    
00007515  I2CMasterDisable               
0000751f  I2CMasterEnable                
00007529  TimerIntStatus                 
00007533  TimerValueGet                  
0000753d  UARTCharGet                    
00007547  UARTCharPut                    
00007551  UARTIntStatus                  
0000755b  ADCBusy                        
00007563  I2CMasterBusBusy               
0000756b  I2CMasterBusy                  
00007573  I2CMasterSlaveAddrSet          
0000757b  TimerIntEnable                 
00007583  UARTIntEnable                  
0000758b  GPIOIntClear                   
00007591  GPIOPinRead                    
00007597  GPIOPinWrite                   
0000759d  SysCtlDelay                    
000075a3  TimerClockSourceSet            
000075a9  UARTClockSourceSet             
000075af  I2CMasterControl               
000075b3  I2CMasterDataGet               
000075b7  I2CMasterDataPut               
000075bb  TimerIntClear                  
000075bf  UARTIntClear                   
000075c3  _system_pre_init               
000078a4  _ctypes_                       
00007f40  __TI_Handler_Table_Base        
00007f4c  __TI_Handler_Table_Limit       
00007f60  __TI_CINIT_Base                
00007f78  __TI_CINIT_Limit               
20000000  g_pfnRAMVectors                
2000026c  __stack                        
2000046c  __STACK_TOP                    
2000126c  __STACK_END                    
2000126c  g_sCompDCMInst                 
200012c4  g_Pack                         
20001318  sStatus                        
20001344  sThrottle                      
20001364  g_sRxPack                      
20001380  g_BME280OffsetValues           
2000138c  g_fGyroData                    
20001398  g_fMagData                     
200013a4  g_BME280RawData                
200013ac  g_BME280OffsetUnsigned         
200013b0  g_Pressure                     
200013b4  g_SysClockSpeed                
200013b8  g_Temp                         
200013bc  g_TimerFallValue               
200013c0  g_TimerRiseValue               
200013c4  g_t_fine                       
200013c9  g_CharConsole                  
200013ca  g_bDCMStarted                  
200013cc  g_ui32ZeroThrottle             
200013d0  g_ui32MaxThrottle              
200013d4  g_ui32ThrottleIncrement        
200013d8  g_SysTickCount                 
200013dc  g_LED4On                       
200013dd  g_ConsoleFlag                  
200013de  g_Quit                         
200013df  g_ADCFlag                      
200013e0  g_RadioFlag                    
200013e1  g_PrintFlag                    
200013e2  g_GPSFlag                      
200013e3  g_GPSLEDOn                     
200013e4  g_GPSConnected                 
200013e5  g_PrintRawGPS                  
200013e6  g_TimerFirstPass               
200013e7  g_UltraSonicFlag               
200013e8  g_UltraSonicSensor             
200013e9  g_IMUDataFlag                  
200013ec  g_accelLSBg                    
200013f0  g_fGyroLSB                     
200013f4  g_fMagLSB                      
200013f8  g_LED1On                       
200013f9  g_loopCount                    
200013fc  g_Accel2GFactor                
20001400  g_BME280Ready                  
20001401  g_PrintRawBMIData              
20001404  g_ptrBME280RawData             
20001408  g_p_t_fine                     
20001410  __TI_cleanup_ptr               
20001414  __TI_dtors_ptr                 
20001418  __TI_enable_exit_profile_output
2000141c  _lock                          
20001420  _unlock                        
20001424  g_offsetData                   
2000142c  g_GyroBias                     
20001432  g_MagBias                      
20001440  errno                          
20001444  main_func_sp                   
ffffffff  __TI_pprof_out_hndl            
ffffffff  __TI_prof_data_size            
ffffffff  __TI_prof_data_start           
ffffffff  __binit__                      
ffffffff  __c_args__                     
ffffffff  binit                          
UNDEFED   SHT$$INIT_ARRAY$$Base          
UNDEFED   SHT$$INIT_ARRAY$$Limit         

[296 symbols]
