******************************************************************************
                  TI ARM Linker PC v16.9.0                     
******************************************************************************
>> Linked Wed Feb 22 00:07:07 2017

OUTPUT FILE NAME:   <APOPHIS v1.0.out>
ENTRY POINT SYMBOL: "_c_int00"  address: 00005d89


MEMORY CONFIGURATION

         name            origin    length      used     unused   attr    fill
----------------------  --------  ---------  --------  --------  ----  --------
  FLASH                 00000000   00100000  000072a0  000f8d60  R  X
  SRAM                  20000000   00040000  0000141b  0003ebe5  RW X


SEGMENT ALLOCATION MAP

run origin  load origin   length   init length attrs members
----------  ----------- ---------- ----------- ----- -------
00000000    00000000    000072a8   000072a8    r-x
  00000000    00000000    00000208   00000208    r-- .intvecs
  00000208    00000208    000065bc   000065bc    r-x .text
  000067c8    000067c8    00000a6c   00000a6c    r-- .const
  00007238    00007238    00000070   00000070    r-- .cinit
20000000    20000000    0000141c   00000000    rw-
  20000000    20000000    0000026c   00000000    rw- .vtable
  2000026c    2000026c    00001000   00000000    rw- .stack
  2000126c    2000126c    0000013b   00000000    rw- .bss
  200013a8    200013a8    00000074   00000000    rw- .data


SECTION ALLOCATION MAP

 output                                  attributes/
section   page    origin      length       input sections
--------  ----  ----------  ----------   ----------------
.intvecs   0    00000000    00000208     
                  00000000    00000208     tm4c1294ncpdt_startup_ccs.obj (.intvecs)

.text      0    00000208    000065bc     
                  00000208    000022a8     main.obj (.text)
                  000024b0    00000948     initializations.obj (.text)
                  00002df8    000008ac     comp_dcm.obj (.text)
                  000036a4    000004f6     bmi160.obj (.text)
                  00003b9a    00000002     rtsv7M4_T_le_v4SPD16_eabi.lib : i_div0.obj (.text)
                  00003b9c    0000049c     uartstdio.obj (.text)
                  00004038    000003a6     bme280.obj (.text)
                  000043de    00000002     rtsv7M4_T_le_v4SPD16_eabi.lib : l_div0.obj (.text)
                  000043e0    0000023c                                   : strtod.obj (.text)
                  0000461c    00000226     i2c_driver.obj (.text)
                  00004842    0000021e     rtsv7M4_T_le_v4SPD16_eabi.lib : ll_div_t2.obj (.text)
                  00004a60    000001ec     driverlib.lib : sysctl.obj (.text:SysCtlClockFreqSet)
                  00004c4c    000001b6     rtsv7M4_T_le_v4SPD16_eabi.lib : fd_add_t2.obj (.text)
                  00004e02    00000002                                   : mpu_init.obj (.text)
                  00004e04    00000178                                   : e_asinf.obj (.text)
                  00004f7c    00000170                                   : e_sqrt.obj (.text)
                  000050ec    00000158                                   : e_atan2f.obj (.text)
                  00005244    00000150                                   : s_atanf.obj (.text)
                  00005394    00000136                                   : fd_div_t2.obj (.text)
                  000054ca    00000132     driverlib.lib : gpio.obj (.text:GPIOPadConfigSet)
                  000055fc    000000fc     rtsv7M4_T_le_v4SPD16_eabi.lib : fd_mul_t2.obj (.text)
                  000056f8    000000e0     buttons.obj (.text)
                  000057d8    0000009c     rtsv7M4_T_le_v4SPD16_eabi.lib : memcpy_t2.obj (.text)
                  00005874    00000086                                   : fd_cmp_t2.obj (.text:__aeabi_cdcmple)
                  000058fa    00000086                                   : fd_cmp_t2.obj (.text:__aeabi_cdrcmple)
                  00005980    0000007a     driverlib.lib : adc.obj (.text:ADCSequenceStepConfigure)
                  000059fa    0000007a     rtsv7M4_T_le_v4SPD16_eabi.lib : memset_t2.obj (.text)
                  00005a74    00000070                                   : autoinit.obj (.text)
                  00005ae4    0000006e                                   : fd_tos_t2.obj (.text)
                  00005b52    00000002                                   : startup.obj (.text)
                  00005b54    00000068     driverlib.lib : interrupt.obj (.text:IntEnable)
                  00005bbc    00000068     rtsv7M4_T_le_v4SPD16_eabi.lib : copy_decompress_lzss.obj (.text:decompress:lzss)
                  00005c24    00000060     driverlib.lib : timer.obj (.text:TimerConfigure)
                  00005c84    00000058                   : adc.obj (.text:ADCSequenceConfigure)
                  00005cdc    00000056                   : gpio.obj (.text:GPIOIntTypeSet)
                  00005d32    00000056     sensorlib.lib : vector.obj (.text:VectorCrossProduct)
                  00005d88    00000054     rtsv7M4_T_le_v4SPD16_eabi.lib : boot.obj (.text)
                  00005ddc    00000054                                   : exit.obj (.text)
                  00005e30    00000050     driverlib.lib : adc.obj (.text:_ADCIntNumberGet)
                  00005e80    0000004c                   : i2c.obj (.text:I2CMasterInitExpClk)
                  00005ecc    0000004c                   : timer.obj (.text:_TimerIntNumberGet)
                  00005f18    0000004c     rtsv7M4_T_le_v4SPD16_eabi.lib : cpy_tbl.obj (.text)
                  00005f64    00000048     driverlib.lib : gpio.obj (.text:GPIOPinConfigure)
                  00005fac    00000048                   : sysctl.obj (.text:_SysCtlFrequencyGet)
                  00005ff4    00000046                   : uart.obj (.text:UARTConfigSetExpClk)
                  0000603a    00000002     --HOLE-- [fill = 0]
                  0000603c    00000040                   : gpio.obj (.text:_GPIOIntNumberGet)
                  0000607c    00000040                   : uart.obj (.text:_UARTIntNumberGet)
                  000060bc    00000040     rtsv7M4_T_le_v4SPD16_eabi.lib : u_divt2.obj (.text)
                  000060fc    00000038     driverlib.lib : sysctl.obj (.text:SysCtlPeripheralPresent)
                  00006134    00000038     rtsv7M4_T_le_v4SPD16_eabi.lib : fs_tod_t2.obj (.text)
                  0000616c    00000034     driverlib.lib : interrupt.obj (.text:IntRegister)
                  000061a0    00000034                   : sysctl.obj (.text:SysCtlPeripheralEnable)
                  000061d4    00000032     sensorlib.lib : vector.obj (.text:VectorAdd)
                  00006206    00000030     comp_dcm.obj (.text:__isnanf)
                  00006236    0000002e     driverlib.lib : adc.obj (.text:ADCIntStatus)
                  00006264    0000002a                   : gpio.obj (.text:GPIODirModeSet)
                  0000628e    00000002     --HOLE-- [fill = 0]
                  00006290    00000028     rtsv7M4_T_le_v4SPD16_eabi.lib : e_sqrtf.obj (.text)
                  000062b8    00000026     sensorlib.lib : vector.obj (.text:VectorDotProduct)
                  000062de    00000026                   : vector.obj (.text:VectorScale)
                  00006304    00000022     driverlib.lib : pwm.obj (.text:PWMGenConfigure)
                  00006326    00000002     --HOLE-- [fill = 0]
                  00006328    00000020                   : uart.obj (.text:UARTDisable)
                  00006348    00000020                   : sysctl.obj (.text:_SysCtlMemTimingGet)
                  00006368    0000001e                   : adc.obj (.text:ADCSequenceDataGet)
                  00006386    0000001e                   : pwm.obj (.text:PWMPulseWidthSet)
                  000063a4    0000001c                   : systick.obj (.text:SysTickIntRegister)
                  000063c0    00000018                   : adc.obj (.text:ADCClockConfigSet)
                  000063d8    00000018                   : adc.obj (.text:ADCIntRegister)
                  000063f0    00000018                   : adc.obj (.text:ADCProcessorTrigger)
                  00006408    00000018                   : gpio.obj (.text:GPIOIntRegister)
                  00006420    00000018                   : gpio.obj (.text:GPIOPinTypeGPIOOutput)
                  00006438    00000018                   : timer.obj (.text:TimerDisable)
                  00006450    00000018                   : timer.obj (.text:TimerIntRegister)
                  00006468    00000018                   : uart.obj (.text:UARTIntRegister)
                  00006480    00000018     rtsv7M4_T_le_v4SPD16_eabi.lib : args_main.obj (.text)
                  00006498    00000018                                   : ll_mul_t2.obj (.text)
                  000064b0    00000016     driverlib.lib : i2c.obj (.text:I2CMasterErr)
                  000064c6    00000016                   : timer.obj (.text:TimerControlEvent)
                  000064dc    00000014                   : systick.obj (.text:SysTickEnable)
                  000064f0    00000014                   : systick.obj (.text:SysTickIntEnable)
                  00006504    00000014                   : uart.obj (.text:UARTEnable)
                  00006518    00000014     rtsv7M4_T_le_v4SPD16_eabi.lib : _lock.obj (.text)
                  0000652c    00000012     driverlib.lib : gpio.obj (.text:GPIOPinTypeADC)
                  0000653e    00000012                   : gpio.obj (.text:GPIOPinTypeGPIOInput)
                  00006550    00000012                   : gpio.obj (.text:GPIOPinTypeI2C)
                  00006562    00000012                   : gpio.obj (.text:GPIOPinTypeI2CSCL)
                  00006574    00000012                   : gpio.obj (.text:GPIOPinTypePWM)
                  00006586    00000012                   : gpio.obj (.text:GPIOPinTypeTimer)
                  00006598    00000012                   : gpio.obj (.text:GPIOPinTypeUART)
                  000065aa    00000012                   : pwm.obj (.text:PWMOutputState)
                  000065bc    00000012                   : timer.obj (.text:TimerLoadSet)
                  000065ce    00000012                   : timer.obj (.text:TimerPrescaleSet)
                  000065e0    00000012     rtsv7M4_T_le_v4SPD16_eabi.lib : atof.obj (.text)
                  000065f2    00000010     driverlib.lib : adc.obj (.text:ADCIntEnable)
                  00006602    00000002     --HOLE-- [fill = 0]
                  00006604    00000010                   : fpu.obj (.text:FPUEnable)
                  00006614    00000010                   : fpu.obj (.text:FPULazyStackingEnable)
                  00006624    00000010                   : interrupt.obj (.text:IntMasterDisable)
                  00006634    00000010                   : interrupt.obj (.text:IntMasterEnable)
                  00006644    00000010                   : pwm.obj (.text:PWMGenPeriodSet)
                  00006654    00000010                   : systick.obj (.text:SysTickPeriodSet)
                  00006664    0000000e                   : adc.obj (.text:ADCSequenceDisable)
                  00006672    0000000e                   : adc.obj (.text:ADCSequenceEnable)
                  00006680    0000000e                   : gpio.obj (.text:GPIOIntStatus)
                  0000668e    0000000e                   : timer.obj (.text:TimerEnable)
                  0000669c    0000000e                   : uart.obj (.text:UARTCharGetNonBlocking)
                  000066aa    0000000e                   : uart.obj (.text:UARTCharsAvail)
                  000066b8    0000000e     rtsv7M4_T_le_v4SPD16_eabi.lib : copy_decompress_none.obj (.text:decompress:none)
                  000066c6    0000000c     driverlib.lib : adc.obj (.text:ADCReferenceSet)
                  000066d2    0000000c                   : cpu.obj (.text:CPUcpsid)
                  000066de    0000000c                   : cpu.obj (.text:CPUcpsie)
                  000066ea    0000000c                   : gpio.obj (.text:GPIOIntEnable)
                  000066f6    0000000c     rtsv7M4_T_le_v4SPD16_eabi.lib : copy_zero_init.obj (.text:decompress:ZI)
                  00006702    0000000c     tm4c1294ncpdt_startup_ccs.obj (.text)
                  0000670e    0000000a     driverlib.lib : adc.obj (.text:ADCIntClear)
                  00006718    0000000a                   : i2c.obj (.text:I2CMasterDisable)
                  00006722    0000000a                   : i2c.obj (.text:I2CMasterEnable)
                  0000672c    0000000a                   : timer.obj (.text:TimerIntStatus)
                  00006736    0000000a                   : timer.obj (.text:TimerValueGet)
                  00006740    0000000a                   : uart.obj (.text:UARTCharGet)
                  0000674a    0000000a                   : uart.obj (.text:UARTCharPut)
                  00006754    0000000a                   : uart.obj (.text:UARTIntStatus)
                  0000675e    00000008                   : adc.obj (.text:ADCBusy)
                  00006766    00000008                   : i2c.obj (.text:I2CMasterBusBusy)
                  0000676e    00000008                   : i2c.obj (.text:I2CMasterBusy)
                  00006776    00000008                   : i2c.obj (.text:I2CMasterSlaveAddrSet)
                  0000677e    00000008                   : timer.obj (.text:TimerIntEnable)
                  00006786    00000008                   : uart.obj (.text:UARTIntEnable)
                  0000678e    00000006                   : gpio.obj (.text:GPIOIntClear)
                  00006794    00000006                   : gpio.obj (.text:GPIOPinRead)
                  0000679a    00000006                   : gpio.obj (.text:GPIOPinWrite)
                  000067a0    00000006                   : sysctl.obj (.text:SysCtlDelay)
                  000067a6    00000006                   : uart.obj (.text:UARTClockSourceSet)
                  000067ac    00000004                   : i2c.obj (.text:I2CMasterControl)
                  000067b0    00000004                   : i2c.obj (.text:I2CMasterDataGet)
                  000067b4    00000004                   : i2c.obj (.text:I2CMasterDataPut)
                  000067b8    00000004                   : timer.obj (.text:TimerIntClear)
                  000067bc    00000004                   : uart.obj (.text:UARTIntClear)
                  000067c0    00000004     rtsv7M4_T_le_v4SPD16_eabi.lib : pre_init.obj (.text)

.const     0    000067c8    00000a6c     
                  000067c8    00000258     main.obj (.const:$P$T0$1)
                  00006a20    000001b0     driverlib.lib : sysctl.obj (.const:g_pppui32XTALtoVCO)
                  00006bd0    00000101     rtsv7M4_T_le_v4SPD16_eabi.lib : ctype.obj (.const:.string:_ctypes_)
                  00006cd1    00000003     --HOLE-- [fill = 0]
                  00006cd4    000000c0     driverlib.lib : gpio.obj (.const:g_ppui32GPIOIntMapBlizzard)
                  00006d94    000000c0                   : gpio.obj (.const:g_ppui32GPIOIntMapSnowflake)
                  00006e54    00000004     uartstdio.obj (.const)
                  00006e58    00000098     rtsv7M4_T_le_v4SPD16_eabi.lib : strtod.obj (.const:$O1$$)
                  00006ef0    00000090     driverlib.lib : gpio.obj (.const:g_pui32GPIOBaseAddrs)
                  00006f80    00000070                   : interrupt.obj (.const)
                  00006ff0    0000006c                   : sysctl.obj (.const:g_pui32Xtals)
                  0000705c    00000060                   : timer.obj (.const:g_ppui32TimerIntMap)
                  000070bc    00000040                   : timer.obj (.const:g_ppui32TimerIntMapSnowflake)
                  000070fc    00000040                   : uart.obj (.const:g_ppui32UARTIntMap)
                  0000713c    00000040                   : uart.obj (.const:g_ppui32UARTIntMapSnowflake)
                  0000717c    00000034     rtsv7M4_T_le_v4SPD16_eabi.lib : s_atanf.obj (.const:$O1$$)
                  000071b0    00000030     driverlib.lib : sysctl.obj (.const:g_sXTALtoMEMTIM)
                  000071e0    00000020     rtsv7M4_T_le_v4SPD16_eabi.lib : e_asinf.obj (.const)
                  00007200    00000012     uartstdio.obj (.const:.string)
                  00007212    00000002     --HOLE-- [fill = 0]
                  00007214    0000000c     uartstdio.obj (.const:g_ui32UARTBase)
                  00007220    0000000c     uartstdio.obj (.const:g_ui32UARTPeriph)
                  0000722c    00000008     driverlib.lib : sysctl.obj (.const)

.cinit     0    00007238    00000070     
                  00007238    0000003a     (.cinit..data.load) [load image, compression = lzss]
                  00007272    00000002     --HOLE-- [fill = 0]
                  00007274    0000000c     (__TI_handler_table)
                  00007280    00000008     (.cinit..bss.load) [load image, compression = zero_init]
                  00007288    00000008     (.cinit..vtable.load) [load image, compression = zero_init]
                  00007290    00000018     (__TI_cinit_table)

.init_array 
*          0    00000000    00000000     UNINITIALIZED

.vtable    0    20000000    0000026c     UNINITIALIZED
                  20000000    0000026c     driverlib.lib : interrupt.obj (.vtable)

.stack     0    2000026c    00001000     UNINITIALIZED
                  2000026c    00001000     --HOLE--

.bss       0    2000126c    0000013b     UNINITIALIZED
                  2000126c    00000058     (.common:g_sCompDCMInst)
                  200012c4    00000054     (.common:g_Pack)
                  20001318    0000001c     (.common:g_sRxPack)
                  20001334    00000018     (.common:sThrottle)
                  2000134c    00000014     (.common:sStatus)
                  20001360    0000000c     (.common:g_BME280OffsetValues)
                  2000136c    0000000c     (.common:g_fGyroData)
                  20001378    00000008     (.common:g_BME280RawData)
                  20001380    00000008     (.common:g_gyroDataRaw)
                  20001388    00000004     (.common:g_BME280OffsetUnsigned)
                  2000138c    00000004     (.common:g_Pressure)
                  20001390    00000004     (.common:g_SysClockSpeed)
                  20001394    00000004     (.common:g_Temp)
                  20001398    00000004     (.common:g_TimerFallValue)
                  2000139c    00000004     (.common:g_TimerRiseValue)
                  200013a0    00000004     (.common:g_t_fine)
                  200013a4    00000001     main.obj (.bss)
                  200013a5    00000001     (.common:g_CharConsole)
                  200013a6    00000001     (.common:g_bDCMStarted)

.data      0    200013a8    00000074     UNINITIALIZED
                  200013a8    00000037     main.obj (.data)
                  200013df    00000001     --HOLE--
                  200013e0    0000000c     rtsv7M4_T_le_v4SPD16_eabi.lib : exit.obj (.data:$O1$$)
                  200013ec    0000000c     main.obj (.data:g_Bias)
                  200013f8    00000008     rtsv7M4_T_le_v4SPD16_eabi.lib : _lock.obj (.data:$O1$$)
                  20001400    00000007     main.obj (.data:g_offsetData)
                  20001407    00000001     --HOLE--
                  20001408    00000005     uartstdio.obj (.data)
                  2000140d    00000003     buttons.obj (.data)
                  20001410    00000004     rtsv7M4_T_le_v4SPD16_eabi.lib : errno.obj (.data)
                  20001414    00000004                                   : stkdepth_vars.obj (.data)
                  20001418    00000004     main.obj (.data:ui8Magic$3)

MODULE SUMMARY

       Module                          code    ro data   rw data
       ------                          ----    -------   -------
    .\
       main.obj                        8872    600       393    
       initializations.obj             2376    0         0      
       comp_dcm.obj                    2268    0         0      
       bmi160.obj                      1270    0         0      
       uartstdio.obj                   1180    46        5      
       bme280.obj                      934     0         0      
       i2c_driver.obj                  550     0         0      
       tm4c1294ncpdt_startup_ccs.obj   12      520       0      
       buttons.obj                     224     0         3      
    +--+-------------------------------+-------+---------+---------+
       Total:                          17686   1166      401    
                                                                
    C:\ti\ccsv7\tools\compiler\ti-cgt-arm_16.9.0.LTS\lib\rtsv7M4_T_le_v4SPD16_eabi.lib
       strtod.obj                      572     152       0      
       ll_div_t2.obj                   542     0         0      
       fd_add_t2.obj                   438     0         0      
       e_asinf.obj                     376     32        0      
       s_atanf.obj                     336     52        0      
       e_sqrt.obj                      368     0         0      
       e_atan2f.obj                    344     0         0      
       fd_div_t2.obj                   310     0         0      
       fd_cmp_t2.obj                   268     0         0      
       ctype.obj                       0       257       0      
       fd_mul_t2.obj                   252     0         0      
       memcpy_t2.obj                   156     0         0      
       memset_t2.obj                   122     0         0      
       autoinit.obj                    112     0         0      
       fd_tos_t2.obj                   110     0         0      
       copy_decompress_lzss.obj        104     0         0      
       exit.obj                        84      0         12     
       boot.obj                        84      0         0      
       cpy_tbl.obj                     76      0         0      
       u_divt2.obj                     64      0         0      
       fs_tod_t2.obj                   56      0         0      
       e_sqrtf.obj                     40      0         0      
       _lock.obj                       20      0         8      
       args_main.obj                   24      0         0      
       ll_mul_t2.obj                   24      0         0      
       atof.obj                        18      0         0      
       copy_decompress_none.obj        14      0         0      
       copy_zero_init.obj              12      0         0      
       errno.obj                       0       0         4      
       pre_init.obj                    4       0         0      
       stkdepth_vars.obj               0       0         4      
       i_div0.obj                      2       0         0      
       l_div0.obj                      2       0         0      
       mpu_init.obj                    2       0         0      
       startup.obj                     2       0         0      
    +--+-------------------------------+-------+---------+---------+
       Total:                          4938    493       28     
                                                                
    E:/TM4C1294XL/driverlib/ccs/Debug/driverlib.lib
       gpio.obj                        788     528       0      
       sysctl.obj                      710     596       0      
       interrupt.obj                   188     112       620    
       adc.obj                         512     0         0      
       timer.obj                       324     160       0      
       uart.obj                        286     128       0      
       i2c.obj                         154     0         0      
       pwm.obj                         98      0         0      
       systick.obj                     84      0         0      
       fpu.obj                         32      0         0      
       cpu.obj                         24      0         0      
    +--+-------------------------------+-------+---------+---------+
       Total:                          3200    1524      620    
                                                                
    E:/TM4C1294XL/sensorlib/ccs/Debug/sensorlib.lib
       vector.obj                      212     0         0      
    +--+-------------------------------+-------+---------+---------+
       Total:                          212     0         0      
                                                                
       Stack:                          0       0         4096   
       Linker Generated:               0       110       0      
    +--+-------------------------------+-------+---------+---------+
       Grand Total:                    26036   3293      5145   


LINKER GENERATED COPY TABLES

__TI_cinit_table @ 00007290 records: 3, size/record: 8, table size: 24
	.data: load addr=00007238, load size=0000003a bytes, run addr=200013a8, run size=00000074 bytes, compression=lzss
	.bss: load addr=00007280, load size=00000008 bytes, run addr=2000126c, run size=0000013b bytes, compression=zero_init
	.vtable: load addr=00007288, load size=00000008 bytes, run addr=20000000, run size=0000026c bytes, compression=zero_init


LINKER GENERATED HANDLER TABLE

__TI_handler_table @ 00007274 records: 3, size/record: 4, table size: 12
	index: 0, handler: __TI_zero_init
	index: 1, handler: __TI_decompress_lzss
	index: 2, handler: __TI_decompress_none


GLOBAL SYMBOLS: SORTED ALPHABETICALLY BY Name 

address   name                           
-------   ----                           
0000675f  ADCBusy                        
000063c1  ADCClockConfigSet              
0000670f  ADCIntClear                    
000065f3  ADCIntEnable                   
000063d9  ADCIntRegister                 
00006237  ADCIntStatus                   
000063f1  ADCProcessorTrigger            
000066c7  ADCReferenceSet                
00005c85  ADCSequenceConfigure           
00006369  ADCSequenceDataGet             
00006665  ADCSequenceDisable             
00006673  ADCSequenceEnable              
00005981  ADCSequenceStepConfigure       
000016b9  ActivateSolenoids              
00000c13  BME280IntHandler               
00004199  BME280_compensate_P_int64      
00004127  BME280_compensate_T_int32      
00000be3  BMI160IntHandler               
00005799  ButtonsInit                    
000056f9  ButtonsPoll                    
00005ddd  C$$EXIT                        
000066d3  CPUcpsid                       
000066df  CPUcpsie                       
00002e6d  CompDCMAccelUpdate             
000032eb  CompDCMComputeEulers           
0000335d  CompDCMComputeQuaternion       
00002e95  CompDCMGyroUpdate              
00002df9  CompDCMInit                    
00002ebd  CompDCMMagnetoUpdate           
00003297  CompDCMMatrixGet               
00002ee5  CompDCMStart                   
00002fb9  CompDCMUpdate                  
0000067d  ConsoleIntHandler              
000016e5  DeactivateSolenoids            
00006605  FPUEnable                      
00006615  FPULazyStackingEnable          
00006265  GPIODirModeSet                 
0000678f  GPIOIntClear                   
000066eb  GPIOIntEnable                  
00006409  GPIOIntRegister                
00006681  GPIOIntStatus                  
00005cdd  GPIOIntTypeSet                 
000054cb  GPIOPadConfigSet               
00005f65  GPIOPinConfigure               
00006795  GPIOPinRead                    
0000652d  GPIOPinTypeADC                 
0000653f  GPIOPinTypeGPIOInput           
00006421  GPIOPinTypeGPIOOutput          
00006551  GPIOPinTypeI2C                 
00006563  GPIOPinTypeI2CSCL              
00006575  GPIOPinTypePWM                 
00006587  GPIOPinTypeTimer               
00006599  GPIOPinTypeUART                
0000679b  GPIOPinWrite                   
0000099d  GPSIntHandler                  
0000410f  GetBME280RawData               
000009b9  GndMtr1IntHandler              
000009bb  GndMtr2IntHandler              
0000461d  I2CBurstWrite                  
00006767  I2CMasterBusBusy               
0000676f  I2CMasterBusy                  
000067ad  I2CMasterControl               
000067b1  I2CMasterDataGet               
000067b5  I2CMasterDataPut               
00006719  I2CMasterDisable               
00006723  I2CMasterEnable                
000064b1  I2CMasterErr                   
00005e81  I2CMasterInitExpClk            
00006777  I2CMasterSlaveAddrSet          
000046db  I2CRead                        
000046ab  I2CSingleWrite                 
000047c3  I2CWait                        
00002c69  InitAirMtrs                    
00002be5  InitAltimeter                  
00004039  InitBME280                     
000036a5  InitBMI160                     
000024e3  InitConsole                    
0000258b  InitGPS                        
000025db  InitGndMotors                  
00002ad7  InitIMU                        
000024b1  InitLED                        
00002535  InitRadio                      
00002665  InitSolarPanels                
00002a79  InitSolenoidEnablePins         
00002825  InitUltraSonicSensor           
00005b55  IntEnable                      
00006625  IntMasterDisable               
00006635  IntMasterEnable                
0000616d  IntRegister                    
00000de1  Menu                           
00006305  PWMGenConfigure                
00006645  PWMGenPeriodSet                
000065ab  PWMOutputState                 
00006387  PWMPulseWidthSet               
00001603  ProcessADC                     
00001199  ProcessGPS                     
00001945  ProcessIMUData                 
UNDEFED   ProcessMagData                 
00001569  ProcessRadio                   
00001649  ProcessUltraSonic              
00000809  RadioIntHandler                
00006703  ResetISR                       
UNDEFED   SHT$$INIT_ARRAY$$Base          
UNDEFED   SHT$$INIT_ARRAY$$Limit         
000009c5  SPIntHandler                   
00001729  SendPacket                     
00000bc1  SolenoidInterrupt              
00004a61  SysCtlClockFreqSet             
000067a1  SysCtlDelay                    
000061a1  SysCtlPeripheralEnable         
000060fd  SysCtlPeripheralPresent        
000064dd  SysTickEnable                  
000064f1  SysTickIntEnable               
0000064d  SysTickIntHandler              
000063a5  SysTickIntRegister             
00006655  SysTickPeriodSet               
00000b21  Timer1AInterrupt               
00000b75  Timer1BInterrupt               
000009e3  Timer2AInterrupt               
00000a2b  Timer2BInterrupt               
00000a77  Timer3AInterrupt               
00000ac5  Timer3BInterrupt               
00005c25  TimerConfigure                 
000064c7  TimerControlEvent              
00006439  TimerDisable                   
0000668f  TimerEnable                    
000067b9  TimerIntClear                  
0000677f  TimerIntEnable                 
00006451  TimerIntRegister               
0000672d  TimerIntStatus                 
000065bd  TimerLoadSet                   
000065cf  TimerPrescaleSet               
00006737  TimerValueGet                  
00000cad  TurnOffLED                     
00000c2f  TurnOnLED                      
00006741  UARTCharGet                    
0000669d  UARTCharGetNonBlocking         
0000674b  UARTCharPut                    
000066ab  UARTCharsAvail                 
000067a7  UARTClockSourceSet             
00005ff5  UARTConfigSetExpClk            
00006329  UARTDisable                    
00006505  UARTEnable                     
000067bd  UARTIntClear                   
00006787  UARTIntEnable                  
00006469  UARTIntRegister                
00006755  UARTIntStatus                  
00003b9d  UARTStdioConfig                
00003ce3  UARTgetc                       
00003c29  UARTgets                       
00004003  UARTprintf                     
00003d09  UARTvprintf                    
00003be3  UARTwrite                      
00001db9  UpdateTrajectory               
000061d5  VectorAdd                      
00005d33  VectorCrossProduct             
000062b9  VectorDotProduct               
000062df  VectorScale                    
00000d1d  WaitForButtonPress             
2000126c  __STACK_END                    
00001000  __STACK_SIZE                   
2000046c  __STACK_TOP                    
00007290  __TI_CINIT_Base                
000072a8  __TI_CINIT_Limit               
00007274  __TI_Handler_Table_Base        
00007280  __TI_Handler_Table_Limit       
00005a75  __TI_auto_init                 
200013e0  __TI_cleanup_ptr               
00005bbd  __TI_decompress_lzss           
000066b9  __TI_decompress_none           
200013e4  __TI_dtors_ptr                 
200013e8  __TI_enable_exit_profile_output
ffffffff  __TI_pprof_out_hndl            
ffffffff  __TI_prof_data_size            
ffffffff  __TI_prof_data_start           
00000000  __TI_static_base__             
000066f7  __TI_zero_init                 
00005875  __aeabi_cdcmpeq                
00005875  __aeabi_cdcmple                
000058fb  __aeabi_cdrcmple               
00005ae5  __aeabi_d2f                    
00004c57  __aeabi_dadd                   
00005395  __aeabi_ddiv                   
000055fd  __aeabi_dmul                   
00004c4d  __aeabi_dsub                   
00006135  __aeabi_f2d                    
00003b9b  __aeabi_idiv0                  
000043df  __aeabi_ldiv0                  
00004843  __aeabi_ldivmod                
00006499  __aeabi_lmul                   
000059fb  __aeabi_memclr                 
000059fb  __aeabi_memclr4                
000059fb  __aeabi_memclr8                
000057d9  __aeabi_memcpy                 
000057d9  __aeabi_memcpy4                
000057d9  __aeabi_memcpy8                
000059fd  __aeabi_memset                 
000059fd  __aeabi_memset4                
000059fd  __aeabi_memset8                
000060bd  __aeabi_uidiv                  
000060bd  __aeabi_uidivmod               
ffffffff  __binit__                      
ffffffff  __c_args__                     
00006207  __isnanf                       
00004e03  __mpu_init                     
2000026c  __stack                        
00006481  _args_main                     
00005d89  _c_int00                       
00006bd0  _ctypes_                       
200013f8  _lock                          
00006527  _nop                           
0000651f  _register_lock                 
00006519  _register_unlock               
00005b53  _system_post_cinit             
000067c1  _system_pre_init               
200013fc  _unlock                        
00005de1  abort                          
00004e05  asinf                          
000050ed  atan2f                         
00005245  atanf                          
000065e1  atof                           
ffffffff  binit                          
00005f19  copy_in                        
20001410  errno                          
00005de9  exit                           
200013b0  g_ADCFlag                      
200013cc  g_Accel2GFactor                
20001388  g_BME280OffsetUnsigned         
20001360  g_BME280OffsetValues           
20001378  g_BME280RawData                
200013d0  g_BME280Ready                  
200013ec  g_Bias                         
200013a5  g_CharConsole                  
200013ae  g_ConsoleFlag                  
200013b4  g_GPSConnected                 
200013b2  g_GPSFlag                      
200013b3  g_GPSLEDOn                     
200013b9  g_IMUDataFlag                  
200013c8  g_LED1On                       
200013ac  g_LED4On                       
200013dc  g_MagDataFlag                  
200012c4  g_Pack                         
2000138c  g_Pressure                     
200013d1  g_PrintRawBMIData              
200013b5  g_PrintRawGPS                  
200013af  g_Quit                         
200013b1  g_RadioFlag                    
200013ad  g_SendPacket                   
20001390  g_SysClockSpeed                
20001394  g_Temp                         
20001398  g_TimerFallValue               
200013b6  g_TimerFirstPass               
2000139c  g_TimerRiseValue               
200013b7  g_UltraSonicFlag               
200013b8  g_UltraSonicSensor             
200013bc  g_accelLSBg                    
200013a6  g_bDCMStarted                  
2000136c  g_fGyroData                    
200013c0  g_fGyroLSB                     
200013c4  g_fMagLSB                      
20001380  g_gyroDataRaw                  
200013c9  g_loopCount                    
200013a8  g_mtrThrottle                  
20001400  g_offsetData                   
200013d8  g_p_t_fine                     
20000000  g_pfnRAMVectors                
00000000  g_pfnVectors                   
200013d4  g_ptrBME280RawData             
2000126c  g_sCompDCMInst                 
20001318  g_sRxPack                      
200013a0  g_t_fine                       
00000209  main                           
20001414  main_func_sp                   
000057d9  memcpy                         
00005a03  memset                         
2000134c  sStatus                        
20001334  sThrottle                      
00004f7d  sqrt                           
00006291  sqrtf                          
00004f7d  sqrtl                          
000043e1  strtod                         
000043e1  strtold                        


GLOBAL SYMBOLS: SORTED BY Symbol Address 

address   name                           
-------   ----                           
00000000  __TI_static_base__             
00000000  g_pfnVectors                   
00000209  main                           
0000064d  SysTickIntHandler              
0000067d  ConsoleIntHandler              
00000809  RadioIntHandler                
0000099d  GPSIntHandler                  
000009b9  GndMtr1IntHandler              
000009bb  GndMtr2IntHandler              
000009c5  SPIntHandler                   
000009e3  Timer2AInterrupt               
00000a2b  Timer2BInterrupt               
00000a77  Timer3AInterrupt               
00000ac5  Timer3BInterrupt               
00000b21  Timer1AInterrupt               
00000b75  Timer1BInterrupt               
00000bc1  SolenoidInterrupt              
00000be3  BMI160IntHandler               
00000c13  BME280IntHandler               
00000c2f  TurnOnLED                      
00000cad  TurnOffLED                     
00000d1d  WaitForButtonPress             
00000de1  Menu                           
00001000  __STACK_SIZE                   
00001199  ProcessGPS                     
00001569  ProcessRadio                   
00001603  ProcessADC                     
00001649  ProcessUltraSonic              
000016b9  ActivateSolenoids              
000016e5  DeactivateSolenoids            
00001729  SendPacket                     
00001945  ProcessIMUData                 
00001db9  UpdateTrajectory               
000024b1  InitLED                        
000024e3  InitConsole                    
00002535  InitRadio                      
0000258b  InitGPS                        
000025db  InitGndMotors                  
00002665  InitSolarPanels                
00002825  InitUltraSonicSensor           
00002a79  InitSolenoidEnablePins         
00002ad7  InitIMU                        
00002be5  InitAltimeter                  
00002c69  InitAirMtrs                    
00002df9  CompDCMInit                    
00002e6d  CompDCMAccelUpdate             
00002e95  CompDCMGyroUpdate              
00002ebd  CompDCMMagnetoUpdate           
00002ee5  CompDCMStart                   
00002fb9  CompDCMUpdate                  
00003297  CompDCMMatrixGet               
000032eb  CompDCMComputeEulers           
0000335d  CompDCMComputeQuaternion       
000036a5  InitBMI160                     
00003b9b  __aeabi_idiv0                  
00003b9d  UARTStdioConfig                
00003be3  UARTwrite                      
00003c29  UARTgets                       
00003ce3  UARTgetc                       
00003d09  UARTvprintf                    
00004003  UARTprintf                     
00004039  InitBME280                     
0000410f  GetBME280RawData               
00004127  BME280_compensate_T_int32      
00004199  BME280_compensate_P_int64      
000043df  __aeabi_ldiv0                  
000043e1  strtod                         
000043e1  strtold                        
0000461d  I2CBurstWrite                  
000046ab  I2CSingleWrite                 
000046db  I2CRead                        
000047c3  I2CWait                        
00004843  __aeabi_ldivmod                
00004a61  SysCtlClockFreqSet             
00004c4d  __aeabi_dsub                   
00004c57  __aeabi_dadd                   
00004e03  __mpu_init                     
00004e05  asinf                          
00004f7d  sqrt                           
00004f7d  sqrtl                          
000050ed  atan2f                         
00005245  atanf                          
00005395  __aeabi_ddiv                   
000054cb  GPIOPadConfigSet               
000055fd  __aeabi_dmul                   
000056f9  ButtonsPoll                    
00005799  ButtonsInit                    
000057d9  __aeabi_memcpy                 
000057d9  __aeabi_memcpy4                
000057d9  __aeabi_memcpy8                
000057d9  memcpy                         
00005875  __aeabi_cdcmpeq                
00005875  __aeabi_cdcmple                
000058fb  __aeabi_cdrcmple               
00005981  ADCSequenceStepConfigure       
000059fb  __aeabi_memclr                 
000059fb  __aeabi_memclr4                
000059fb  __aeabi_memclr8                
000059fd  __aeabi_memset                 
000059fd  __aeabi_memset4                
000059fd  __aeabi_memset8                
00005a03  memset                         
00005a75  __TI_auto_init                 
00005ae5  __aeabi_d2f                    
00005b53  _system_post_cinit             
00005b55  IntEnable                      
00005bbd  __TI_decompress_lzss           
00005c25  TimerConfigure                 
00005c85  ADCSequenceConfigure           
00005cdd  GPIOIntTypeSet                 
00005d33  VectorCrossProduct             
00005d89  _c_int00                       
00005ddd  C$$EXIT                        
00005de1  abort                          
00005de9  exit                           
00005e81  I2CMasterInitExpClk            
00005f19  copy_in                        
00005f65  GPIOPinConfigure               
00005ff5  UARTConfigSetExpClk            
000060bd  __aeabi_uidiv                  
000060bd  __aeabi_uidivmod               
000060fd  SysCtlPeripheralPresent        
00006135  __aeabi_f2d                    
0000616d  IntRegister                    
000061a1  SysCtlPeripheralEnable         
000061d5  VectorAdd                      
00006207  __isnanf                       
00006237  ADCIntStatus                   
00006265  GPIODirModeSet                 
00006291  sqrtf                          
000062b9  VectorDotProduct               
000062df  VectorScale                    
00006305  PWMGenConfigure                
00006329  UARTDisable                    
00006369  ADCSequenceDataGet             
00006387  PWMPulseWidthSet               
000063a5  SysTickIntRegister             
000063c1  ADCClockConfigSet              
000063d9  ADCIntRegister                 
000063f1  ADCProcessorTrigger            
00006409  GPIOIntRegister                
00006421  GPIOPinTypeGPIOOutput          
00006439  TimerDisable                   
00006451  TimerIntRegister               
00006469  UARTIntRegister                
00006481  _args_main                     
00006499  __aeabi_lmul                   
000064b1  I2CMasterErr                   
000064c7  TimerControlEvent              
000064dd  SysTickEnable                  
000064f1  SysTickIntEnable               
00006505  UARTEnable                     
00006519  _register_unlock               
0000651f  _register_lock                 
00006527  _nop                           
0000652d  GPIOPinTypeADC                 
0000653f  GPIOPinTypeGPIOInput           
00006551  GPIOPinTypeI2C                 
00006563  GPIOPinTypeI2CSCL              
00006575  GPIOPinTypePWM                 
00006587  GPIOPinTypeTimer               
00006599  GPIOPinTypeUART                
000065ab  PWMOutputState                 
000065bd  TimerLoadSet                   
000065cf  TimerPrescaleSet               
000065e1  atof                           
000065f3  ADCIntEnable                   
00006605  FPUEnable                      
00006615  FPULazyStackingEnable          
00006625  IntMasterDisable               
00006635  IntMasterEnable                
00006645  PWMGenPeriodSet                
00006655  SysTickPeriodSet               
00006665  ADCSequenceDisable             
00006673  ADCSequenceEnable              
00006681  GPIOIntStatus                  
0000668f  TimerEnable                    
0000669d  UARTCharGetNonBlocking         
000066ab  UARTCharsAvail                 
000066b9  __TI_decompress_none           
000066c7  ADCReferenceSet                
000066d3  CPUcpsid                       
000066df  CPUcpsie                       
000066eb  GPIOIntEnable                  
000066f7  __TI_zero_init                 
00006703  ResetISR                       
0000670f  ADCIntClear                    
00006719  I2CMasterDisable               
00006723  I2CMasterEnable                
0000672d  TimerIntStatus                 
00006737  TimerValueGet                  
00006741  UARTCharGet                    
0000674b  UARTCharPut                    
00006755  UARTIntStatus                  
0000675f  ADCBusy                        
00006767  I2CMasterBusBusy               
0000676f  I2CMasterBusy                  
00006777  I2CMasterSlaveAddrSet          
0000677f  TimerIntEnable                 
00006787  UARTIntEnable                  
0000678f  GPIOIntClear                   
00006795  GPIOPinRead                    
0000679b  GPIOPinWrite                   
000067a1  SysCtlDelay                    
000067a7  UARTClockSourceSet             
000067ad  I2CMasterControl               
000067b1  I2CMasterDataGet               
000067b5  I2CMasterDataPut               
000067b9  TimerIntClear                  
000067bd  UARTIntClear                   
000067c1  _system_pre_init               
00006bd0  _ctypes_                       
00007274  __TI_Handler_Table_Base        
00007280  __TI_Handler_Table_Limit       
00007290  __TI_CINIT_Base                
000072a8  __TI_CINIT_Limit               
20000000  g_pfnRAMVectors                
2000026c  __stack                        
2000046c  __STACK_TOP                    
2000126c  __STACK_END                    
2000126c  g_sCompDCMInst                 
200012c4  g_Pack                         
20001318  g_sRxPack                      
20001334  sThrottle                      
2000134c  sStatus                        
20001360  g_BME280OffsetValues           
2000136c  g_fGyroData                    
20001378  g_BME280RawData                
20001380  g_gyroDataRaw                  
20001388  g_BME280OffsetUnsigned         
2000138c  g_Pressure                     
20001390  g_SysClockSpeed                
20001394  g_Temp                         
20001398  g_TimerFallValue               
2000139c  g_TimerRiseValue               
200013a0  g_t_fine                       
200013a5  g_CharConsole                  
200013a6  g_bDCMStarted                  
200013a8  g_mtrThrottle                  
200013ac  g_LED4On                       
200013ad  g_SendPacket                   
200013ae  g_ConsoleFlag                  
200013af  g_Quit                         
200013b0  g_ADCFlag                      
200013b1  g_RadioFlag                    
200013b2  g_GPSFlag                      
200013b3  g_GPSLEDOn                     
200013b4  g_GPSConnected                 
200013b5  g_PrintRawGPS                  
200013b6  g_TimerFirstPass               
200013b7  g_UltraSonicFlag               
200013b8  g_UltraSonicSensor             
200013b9  g_IMUDataFlag                  
200013bc  g_accelLSBg                    
200013c0  g_fGyroLSB                     
200013c4  g_fMagLSB                      
200013c8  g_LED1On                       
200013c9  g_loopCount                    
200013cc  g_Accel2GFactor                
200013d0  g_BME280Ready                  
200013d1  g_PrintRawBMIData              
200013d4  g_ptrBME280RawData             
200013d8  g_p_t_fine                     
200013dc  g_MagDataFlag                  
200013e0  __TI_cleanup_ptr               
200013e4  __TI_dtors_ptr                 
200013e8  __TI_enable_exit_profile_output
200013ec  g_Bias                         
200013f8  _lock                          
200013fc  _unlock                        
20001400  g_offsetData                   
20001410  errno                          
20001414  main_func_sp                   
ffffffff  __TI_pprof_out_hndl            
ffffffff  __TI_prof_data_size            
ffffffff  __TI_prof_data_start           
ffffffff  __binit__                      
ffffffff  __c_args__                     
ffffffff  binit                          
UNDEFED   ProcessMagData                 
UNDEFED   SHT$$INIT_ARRAY$$Base          
UNDEFED   SHT$$INIT_ARRAY$$Limit         

[282 symbols]
