******************************************************************************
                  TI ARM Linker PC v16.9.0                     
******************************************************************************
>> Linked Thu Mar 02 16:29:24 2017

OUTPUT FILE NAME:   <APOPHIS v1.0.out>
ENTRY POINT SYMBOL: "_c_int00"  address: 00006751


MEMORY CONFIGURATION

         name            origin    length      used     unused   attr    fill
----------------------  --------  ---------  --------  --------  ----  --------
  FLASH                 00000000   00100000  00007d5a  000f82a6  R  X
  SRAM                  20000000   00040000  00001453  0003ebad  RW X


SEGMENT ALLOCATION MAP

run origin  load origin   length   init length attrs members
----------  ----------- ---------- ----------- ----- -------
00000000    00000000    00007d60   00007d60    r-x
  00000000    00000000    00000208   00000208    r-- .intvecs
  00000208    00000208    00007076   00007076    r-x .text
  00007280    00007280    00000a6c   00000a6c    r-- .const
  00007cf0    00007cf0    00000070   00000070    r-- .cinit
20000000    20000000    00001454   00000000    rw-
  20000000    20000000    0000026c   00000000    rw- .vtable
  2000026c    2000026c    00001000   00000000    rw- .stack
  2000126c    2000126c    00000167   00000000    rw- .bss
  200013d4    200013d4    00000080   00000000    rw- .data


SECTION ALLOCATION MAP

 output                                  attributes/
section   page    origin      length       input sections
--------  ----  ----------  ----------   ----------------
.intvecs   0    00000000    00000208     
                  00000000    00000208     tm4c1294ncpdt_startup_ccs.obj (.intvecs)

.text      0    00000208    00007076     
                  00000208    00002928     main.obj (.text)
                  00002b30    00000b0c     initializations.obj (.text)
                  0000363c    000008ac     comp_dcm.obj (.text)
                  00003ee8    0000065e     bmi160.obj (.text)
                  00004546    00000002     rtsv7M4_T_le_v4SPD16_eabi.lib : i_div0.obj (.text)
                  00004548    0000049c     uartstdio.obj (.text)
                  000049e4    000003a6     bme280.obj (.text)
                  00004d8a    00000002     rtsv7M4_T_le_v4SPD16_eabi.lib : l_div0.obj (.text)
                  00004d8c    0000023e     i2c_driver.obj (.text)
                  00004fca    00000002     rtsv7M4_T_le_v4SPD16_eabi.lib : mpu_init.obj (.text)
                  00004fcc    0000023c                                   : strtod.obj (.text)
                  00005208    0000021e                                   : ll_div_t2.obj (.text)
                  00005426    00000002                                   : startup.obj (.text)
                  00005428    000001ec     driverlib.lib : sysctl.obj (.text:SysCtlClockFreqSet)
                  00005614    000001b6     rtsv7M4_T_le_v4SPD16_eabi.lib : fd_add_t2.obj (.text)
                  000057ca    00000002     --HOLE-- [fill = 0]
                  000057cc    00000178                                   : e_asinf.obj (.text)
                  00005944    00000170                                   : e_sqrt.obj (.text)
                  00005ab4    00000158                                   : e_atan2f.obj (.text)
                  00005c0c    00000150                                   : s_atanf.obj (.text)
                  00005d5c    00000136                                   : fd_div_t2.obj (.text)
                  00005e92    00000132     driverlib.lib : gpio.obj (.text:GPIOPadConfigSet)
                  00005fc4    000000fc     rtsv7M4_T_le_v4SPD16_eabi.lib : fd_mul_t2.obj (.text)
                  000060c0    000000e0     buttons.obj (.text)
                  000061a0    0000009c     rtsv7M4_T_le_v4SPD16_eabi.lib : memcpy_t2.obj (.text)
                  0000623c    00000086                                   : fd_cmp_t2.obj (.text:__aeabi_cdcmple)
                  000062c2    00000086                                   : fd_cmp_t2.obj (.text:__aeabi_cdrcmple)
                  00006348    0000007a     driverlib.lib : adc.obj (.text:ADCSequenceStepConfigure)
                  000063c2    0000007a     rtsv7M4_T_le_v4SPD16_eabi.lib : memset_t2.obj (.text)
                  0000643c    00000070                                   : autoinit.obj (.text)
                  000064ac    0000006e                                   : fd_tos_t2.obj (.text)
                  0000651a    00000002     --HOLE-- [fill = 0]
                  0000651c    00000068     driverlib.lib : interrupt.obj (.text:IntEnable)
                  00006584    00000068     rtsv7M4_T_le_v4SPD16_eabi.lib : copy_decompress_lzss.obj (.text:decompress:lzss)
                  000065ec    00000060     driverlib.lib : timer.obj (.text:TimerConfigure)
                  0000664c    00000058                   : adc.obj (.text:ADCSequenceConfigure)
                  000066a4    00000056                   : gpio.obj (.text:GPIOIntTypeSet)
                  000066fa    00000056     sensorlib.lib : vector.obj (.text:VectorCrossProduct)
                  00006750    00000054     rtsv7M4_T_le_v4SPD16_eabi.lib : boot.obj (.text)
                  000067a4    00000054                                   : exit.obj (.text)
                  000067f8    00000050     driverlib.lib : sysctl.obj (.text:SysCtlPeripheralReset)
                  00006848    00000050                   : adc.obj (.text:_ADCIntNumberGet)
                  00006898    0000004c                   : i2c.obj (.text:I2CMasterInitExpClk)
                  000068e4    0000004c                   : timer.obj (.text:_TimerIntNumberGet)
                  00006930    0000004c     rtsv7M4_T_le_v4SPD16_eabi.lib : cpy_tbl.obj (.text)
                  0000697c    00000048     driverlib.lib : gpio.obj (.text:GPIOPinConfigure)
                  000069c4    00000048                   : sysctl.obj (.text:_SysCtlFrequencyGet)
                  00006a0c    00000046                   : uart.obj (.text:UARTConfigSetExpClk)
                  00006a52    00000002     --HOLE-- [fill = 0]
                  00006a54    00000040                   : gpio.obj (.text:_GPIOIntNumberGet)
                  00006a94    00000040                   : uart.obj (.text:_UARTIntNumberGet)
                  00006ad4    00000040     rtsv7M4_T_le_v4SPD16_eabi.lib : u_divt2.obj (.text)
                  00006b14    00000038     driverlib.lib : sysctl.obj (.text:SysCtlPeripheralPresent)
                  00006b4c    00000038                   : sysctl.obj (.text:SysCtlPeripheralReady)
                  00006b84    00000038     rtsv7M4_T_le_v4SPD16_eabi.lib : fs_tod_t2.obj (.text)
                  00006bbc    00000034     driverlib.lib : interrupt.obj (.text:IntRegister)
                  00006bf0    00000034                   : sysctl.obj (.text:SysCtlPeripheralDisable)
                  00006c24    00000034                   : sysctl.obj (.text:SysCtlPeripheralEnable)
                  00006c58    00000032     sensorlib.lib : vector.obj (.text:VectorAdd)
                  00006c8a    00000030     comp_dcm.obj (.text:__isnanf)
                  00006cba    0000002e     driverlib.lib : adc.obj (.text:ADCIntStatus)
                  00006ce8    0000002a                   : gpio.obj (.text:GPIODirModeSet)
                  00006d12    00000002     --HOLE-- [fill = 0]
                  00006d14    00000028     rtsv7M4_T_le_v4SPD16_eabi.lib : e_sqrtf.obj (.text)
                  00006d3c    00000026     sensorlib.lib : vector.obj (.text:VectorDotProduct)
                  00006d62    00000026                   : vector.obj (.text:VectorScale)
                  00006d88    00000022     driverlib.lib : pwm.obj (.text:PWMGenConfigure)
                  00006daa    00000002     --HOLE-- [fill = 0]
                  00006dac    00000020                   : uart.obj (.text:UARTDisable)
                  00006dcc    00000020                   : sysctl.obj (.text:_SysCtlMemTimingGet)
                  00006dec    0000001e                   : adc.obj (.text:ADCSequenceDataGet)
                  00006e0a    0000001e                   : pwm.obj (.text:PWMPulseWidthSet)
                  00006e28    0000001c                   : systick.obj (.text:SysTickIntRegister)
                  00006e44    00000018                   : adc.obj (.text:ADCClockConfigSet)
                  00006e5c    00000018                   : adc.obj (.text:ADCIntRegister)
                  00006e74    00000018                   : adc.obj (.text:ADCProcessorTrigger)
                  00006e8c    00000018                   : gpio.obj (.text:GPIOIntRegister)
                  00006ea4    00000018                   : gpio.obj (.text:GPIOPinTypeGPIOOutput)
                  00006ebc    00000018                   : timer.obj (.text:TimerDisable)
                  00006ed4    00000018                   : timer.obj (.text:TimerIntRegister)
                  00006eec    00000018                   : uart.obj (.text:UARTIntRegister)
                  00006f04    00000018     rtsv7M4_T_le_v4SPD16_eabi.lib : args_main.obj (.text)
                  00006f1c    00000018                                   : ll_mul_t2.obj (.text)
                  00006f34    00000016     driverlib.lib : i2c.obj (.text:I2CMasterErr)
                  00006f4a    00000016                   : timer.obj (.text:TimerControlEvent)
                  00006f60    00000014                   : pwm.obj (.text:PWMClockSet)
                  00006f74    00000014                   : systick.obj (.text:SysTickEnable)
                  00006f88    00000014                   : systick.obj (.text:SysTickIntEnable)
                  00006f9c    00000014                   : uart.obj (.text:UARTEnable)
                  00006fb0    00000014     rtsv7M4_T_le_v4SPD16_eabi.lib : _lock.obj (.text)
                  00006fc4    00000012     driverlib.lib : gpio.obj (.text:GPIOPinTypeADC)
                  00006fd6    00000012                   : gpio.obj (.text:GPIOPinTypeGPIOInput)
                  00006fe8    00000012                   : gpio.obj (.text:GPIOPinTypeI2C)
                  00006ffa    00000012                   : gpio.obj (.text:GPIOPinTypeI2CSCL)
                  0000700c    00000012                   : gpio.obj (.text:GPIOPinTypePWM)
                  0000701e    00000012                   : gpio.obj (.text:GPIOPinTypeTimer)
                  00007030    00000012                   : gpio.obj (.text:GPIOPinTypeUART)
                  00007042    00000012                   : pwm.obj (.text:PWMGenPeriodGet)
                  00007054    00000012                   : pwm.obj (.text:PWMOutputState)
                  00007066    00000012                   : timer.obj (.text:TimerLoadSet)
                  00007078    00000012                   : timer.obj (.text:TimerPrescaleSet)
                  0000708a    00000012     rtsv7M4_T_le_v4SPD16_eabi.lib : atof.obj (.text)
                  0000709c    00000010     driverlib.lib : adc.obj (.text:ADCIntEnable)
                  000070ac    00000010                   : fpu.obj (.text:FPUEnable)
                  000070bc    00000010                   : fpu.obj (.text:FPULazyStackingEnable)
                  000070cc    00000010                   : interrupt.obj (.text:IntMasterDisable)
                  000070dc    00000010                   : interrupt.obj (.text:IntMasterEnable)
                  000070ec    00000010                   : pwm.obj (.text:PWMGenPeriodSet)
                  000070fc    00000010                   : systick.obj (.text:SysTickPeriodSet)
                  0000710c    0000000e                   : adc.obj (.text:ADCSequenceDisable)
                  0000711a    0000000e                   : adc.obj (.text:ADCSequenceEnable)
                  00007128    0000000e                   : gpio.obj (.text:GPIOIntStatus)
                  00007136    0000000e                   : timer.obj (.text:TimerEnable)
                  00007144    0000000e                   : uart.obj (.text:UARTCharGetNonBlocking)
                  00007152    0000000e                   : uart.obj (.text:UARTCharsAvail)
                  00007160    0000000e     rtsv7M4_T_le_v4SPD16_eabi.lib : copy_decompress_none.obj (.text:decompress:none)
                  0000716e    0000000c     driverlib.lib : adc.obj (.text:ADCReferenceSet)
                  0000717a    0000000c                   : cpu.obj (.text:CPUcpsid)
                  00007186    0000000c                   : cpu.obj (.text:CPUcpsie)
                  00007192    0000000c                   : gpio.obj (.text:GPIOIntEnable)
                  0000719e    0000000c                   : pwm.obj (.text:PWMGenEnable)
                  000071aa    0000000c     rtsv7M4_T_le_v4SPD16_eabi.lib : copy_zero_init.obj (.text:decompress:ZI)
                  000071b6    0000000c     tm4c1294ncpdt_startup_ccs.obj (.text)
                  000071c2    0000000a     driverlib.lib : adc.obj (.text:ADCIntClear)
                  000071cc    0000000a                   : i2c.obj (.text:I2CMasterDisable)
                  000071d6    0000000a                   : i2c.obj (.text:I2CMasterEnable)
                  000071e0    0000000a                   : timer.obj (.text:TimerIntStatus)
                  000071ea    0000000a                   : timer.obj (.text:TimerValueGet)
                  000071f4    0000000a                   : uart.obj (.text:UARTCharGet)
                  000071fe    0000000a                   : uart.obj (.text:UARTCharPut)
                  00007208    0000000a                   : uart.obj (.text:UARTIntStatus)
                  00007212    00000008                   : adc.obj (.text:ADCBusy)
                  0000721a    00000008                   : i2c.obj (.text:I2CMasterBusBusy)
                  00007222    00000008                   : i2c.obj (.text:I2CMasterBusy)
                  0000722a    00000008                   : i2c.obj (.text:I2CMasterSlaveAddrSet)
                  00007232    00000008                   : timer.obj (.text:TimerIntEnable)
                  0000723a    00000008                   : uart.obj (.text:UARTIntEnable)
                  00007242    00000006                   : gpio.obj (.text:GPIOIntClear)
                  00007248    00000006                   : gpio.obj (.text:GPIOPinRead)
                  0000724e    00000006                   : gpio.obj (.text:GPIOPinWrite)
                  00007254    00000006                   : sysctl.obj (.text:SysCtlDelay)
                  0000725a    00000006                   : timer.obj (.text:TimerClockSourceSet)
                  00007260    00000006                   : uart.obj (.text:UARTClockSourceSet)
                  00007266    00000004                   : i2c.obj (.text:I2CMasterControl)
                  0000726a    00000004                   : i2c.obj (.text:I2CMasterDataGet)
                  0000726e    00000004                   : i2c.obj (.text:I2CMasterDataPut)
                  00007272    00000004                   : timer.obj (.text:TimerIntClear)
                  00007276    00000004                   : uart.obj (.text:UARTIntClear)
                  0000727a    00000004     rtsv7M4_T_le_v4SPD16_eabi.lib : pre_init.obj (.text)

.const     0    00007280    00000a6c     
                  00007280    00000258     main.obj (.const:$P$T0$1)
                  000074d8    000001b0     driverlib.lib : sysctl.obj (.const:g_pppui32XTALtoVCO)
                  00007688    00000101     rtsv7M4_T_le_v4SPD16_eabi.lib : ctype.obj (.const:.string:_ctypes_)
                  00007789    00000003     --HOLE-- [fill = 0]
                  0000778c    000000c0     driverlib.lib : gpio.obj (.const:g_ppui32GPIOIntMapBlizzard)
                  0000784c    000000c0                   : gpio.obj (.const:g_ppui32GPIOIntMapSnowflake)
                  0000790c    00000004     uartstdio.obj (.const)
                  00007910    00000098     rtsv7M4_T_le_v4SPD16_eabi.lib : strtod.obj (.const:$O1$$)
                  000079a8    00000090     driverlib.lib : gpio.obj (.const:g_pui32GPIOBaseAddrs)
                  00007a38    00000070                   : interrupt.obj (.const)
                  00007aa8    0000006c                   : sysctl.obj (.const:g_pui32Xtals)
                  00007b14    00000060                   : timer.obj (.const:g_ppui32TimerIntMap)
                  00007b74    00000040                   : timer.obj (.const:g_ppui32TimerIntMapSnowflake)
                  00007bb4    00000040                   : uart.obj (.const:g_ppui32UARTIntMap)
                  00007bf4    00000040                   : uart.obj (.const:g_ppui32UARTIntMapSnowflake)
                  00007c34    00000034     rtsv7M4_T_le_v4SPD16_eabi.lib : s_atanf.obj (.const:$O1$$)
                  00007c68    00000030     driverlib.lib : sysctl.obj (.const:g_sXTALtoMEMTIM)
                  00007c98    00000020     rtsv7M4_T_le_v4SPD16_eabi.lib : e_asinf.obj (.const)
                  00007cb8    00000012     uartstdio.obj (.const:.string)
                  00007cca    00000002     --HOLE-- [fill = 0]
                  00007ccc    0000000c     uartstdio.obj (.const:g_ui32UARTBase)
                  00007cd8    0000000c     uartstdio.obj (.const:g_ui32UARTPeriph)
                  00007ce4    00000008     driverlib.lib : sysctl.obj (.const)

.cinit     0    00007cf0    00000070     
                  00007cf0    00000038     (.cinit..data.load) [load image, compression = lzss]
                  00007d28    0000000c     (__TI_handler_table)
                  00007d34    00000004     --HOLE-- [fill = 0]
                  00007d38    00000008     (.cinit..bss.load) [load image, compression = zero_init]
                  00007d40    00000008     (.cinit..vtable.load) [load image, compression = zero_init]
                  00007d48    00000018     (__TI_cinit_table)

.init_array 
*          0    00000000    00000000     UNINITIALIZED

.vtable    0    20000000    0000026c     UNINITIALIZED
                  20000000    0000026c     driverlib.lib : interrupt.obj (.vtable)

.stack     0    2000026c    00001000     UNINITIALIZED
                  2000026c    00001000     --HOLE--

.bss       0    2000126c    00000167     UNINITIALIZED
                  2000126c    00000058     (.common:g_sCompDCMInst)
                  200012c4    00000054     (.common:g_Pack)
                  20001318    0000002c     (.common:sStatus)
                  20001344    00000020     (.common:sThrottle)
                  20001364    0000001c     (.common:g_sRxPack)
                  20001380    0000000c     (.common:g_BME280OffsetValues)
                  2000138c    0000000c     (.common:g_fGyroData)
                  20001398    0000000c     (.common:g_fMagData)
                  200013a4    00000008     (.common:g_BME280RawData)
                  200013ac    00000008     (.common:g_gyroDataRaw)
                  200013b4    00000004     (.common:g_BME280OffsetUnsigned)
                  200013b8    00000004     (.common:g_Pressure)
                  200013bc    00000004     (.common:g_SysClockSpeed)
                  200013c0    00000004     (.common:g_Temp)
                  200013c4    00000004     (.common:g_TimerFallValue)
                  200013c8    00000004     (.common:g_TimerRiseValue)
                  200013cc    00000004     (.common:g_t_fine)
                  200013d0    00000001     main.obj (.bss)
                  200013d1    00000001     (.common:g_CharConsole)
                  200013d2    00000001     (.common:g_bDCMStarted)

.data      0    200013d4    00000080     UNINITIALIZED
                  200013d4    00000042     main.obj (.data)
                  20001416    00000002     --HOLE--
                  20001418    0000000c     rtsv7M4_T_le_v4SPD16_eabi.lib : exit.obj (.data:$O1$$)
                  20001424    0000000c     main.obj (.data:g_Bias)
                  20001430    00000008     rtsv7M4_T_le_v4SPD16_eabi.lib : _lock.obj (.data:$O1$$)
                  20001438    00000007     main.obj (.data:g_offsetData)
                  2000143f    00000001     --HOLE--
                  20001440    00000005     uartstdio.obj (.data)
                  20001445    00000003     buttons.obj (.data)
                  20001448    00000004     rtsv7M4_T_le_v4SPD16_eabi.lib : errno.obj (.data)
                  2000144c    00000004                                   : stkdepth_vars.obj (.data)
                  20001450    00000004     main.obj (.data:ui8Magic$3)

MODULE SUMMARY

       Module                          code    ro data   rw data
       ------                          ----    -------   -------
    .\
       main.obj                        10536   600       448    
       initializations.obj             2828    0         0      
       comp_dcm.obj                    2268    0         0      
       bmi160.obj                      1630    0         0      
       uartstdio.obj                   1180    46        5      
       bme280.obj                      934     0         0      
       i2c_driver.obj                  574     0         0      
       tm4c1294ncpdt_startup_ccs.obj   12      520       0      
       buttons.obj                     224     0         3      
    +--+-------------------------------+-------+---------+---------+
       Total:                          20186   1166      456    
                                                                
    C:\ti\ccsv7\tools\compiler\ti-cgt-arm_16.9.0.LTS\lib\rtsv7M4_T_le_v4SPD16_eabi.lib
       strtod.obj                      572     152       0      
       ll_div_t2.obj                   542     0         0      
       fd_add_t2.obj                   438     0         0      
       e_asinf.obj                     376     32        0      
       s_atanf.obj                     336     52        0      
       e_sqrt.obj                      368     0         0      
       e_atan2f.obj                    344     0         0      
       fd_div_t2.obj                   310     0         0      
       fd_cmp_t2.obj                   268     0         0      
       ctype.obj                       0       257       0      
       fd_mul_t2.obj                   252     0         0      
       memcpy_t2.obj                   156     0         0      
       memset_t2.obj                   122     0         0      
       autoinit.obj                    112     0         0      
       fd_tos_t2.obj                   110     0         0      
       copy_decompress_lzss.obj        104     0         0      
       exit.obj                        84      0         12     
       boot.obj                        84      0         0      
       cpy_tbl.obj                     76      0         0      
       u_divt2.obj                     64      0         0      
       fs_tod_t2.obj                   56      0         0      
       e_sqrtf.obj                     40      0         0      
       _lock.obj                       20      0         8      
       args_main.obj                   24      0         0      
       ll_mul_t2.obj                   24      0         0      
       atof.obj                        18      0         0      
       copy_decompress_none.obj        14      0         0      
       copy_zero_init.obj              12      0         0      
       errno.obj                       0       0         4      
       pre_init.obj                    4       0         0      
       stkdepth_vars.obj               0       0         4      
       i_div0.obj                      2       0         0      
       l_div0.obj                      2       0         0      
       mpu_init.obj                    2       0         0      
       startup.obj                     2       0         0      
    +--+-------------------------------+-------+---------+---------+
       Total:                          4938    493       28     
                                                                
    E:/TM4C1294XL/driverlib/ccs/Debug/driverlib.lib
       sysctl.obj                      898     596       0      
       gpio.obj                        788     528       0      
       interrupt.obj                   188     112       620    
       adc.obj                         512     0         0      
       timer.obj                       330     160       0      
       uart.obj                        286     128       0      
       i2c.obj                         154     0         0      
       pwm.obj                         148     0         0      
       systick.obj                     84      0         0      
       fpu.obj                         32      0         0      
       cpu.obj                         24      0         0      
    +--+-------------------------------+-------+---------+---------+
       Total:                          3444    1524      620    
                                                                
    E:/TM4C1294XL/sensorlib/ccs/Debug/sensorlib.lib
       vector.obj                      212     0         0      
    +--+-------------------------------+-------+---------+---------+
       Total:                          212     0         0      
                                                                
       Stack:                          0       0         4096   
       Linker Generated:               0       108       0      
    +--+-------------------------------+-------+---------+---------+
       Grand Total:                    28780   3291      5200   


LINKER GENERATED COPY TABLES

__TI_cinit_table @ 00007d48 records: 3, size/record: 8, table size: 24
	.data: load addr=00007cf0, load size=00000038 bytes, run addr=200013d4, run size=00000080 bytes, compression=lzss
	.bss: load addr=00007d38, load size=00000008 bytes, run addr=2000126c, run size=00000167 bytes, compression=zero_init
	.vtable: load addr=00007d40, load size=00000008 bytes, run addr=20000000, run size=0000026c bytes, compression=zero_init


LINKER GENERATED HANDLER TABLE

__TI_handler_table @ 00007d28 records: 3, size/record: 4, table size: 12
	index: 0, handler: __TI_zero_init
	index: 1, handler: __TI_decompress_lzss
	index: 2, handler: __TI_decompress_none


GLOBAL SYMBOLS: SORTED ALPHABETICALLY BY Name 

address   name                           
-------   ----                           
00007213  ADCBusy                        
00006e45  ADCClockConfigSet              
000071c3  ADCIntClear                    
0000709d  ADCIntEnable                   
00006e5d  ADCIntRegister                 
00006cbb  ADCIntStatus                   
00006e75  ADCProcessorTrigger            
0000716f  ADCReferenceSet                
0000664d  ADCSequenceConfigure           
00006ded  ADCSequenceDataGet             
0000710d  ADCSequenceDisable             
0000711b  ADCSequenceEnable              
00006349  ADCSequenceStepConfigure       
00001a3d  ActivateSolenoids              
00000d91  BME280IntHandler               
00004b45  BME280_compensate_P_int64      
00004ad3  BME280_compensate_T_int32      
00000d6f  BMI160IntHandler               
00006161  ButtonsInit                    
000060c1  ButtonsPoll                    
000067a5  C$$EXIT                        
0000717b  CPUcpsid                       
00007187  CPUcpsie                       
000036b1  CompDCMAccelUpdate             
00003b2f  CompDCMComputeEulers           
00003ba1  CompDCMComputeQuaternion       
000036d9  CompDCMGyroUpdate              
0000363d  CompDCMInit                    
00003701  CompDCMMagnetoUpdate           
00003adb  CompDCMMatrixGet               
00003729  CompDCMStart                   
000037fd  CompDCMUpdate                  
00000889  ConsoleIntHandler              
00000df9  DCMUpdateTimer                 
00001a69  DeactivateSolenoids            
000070ad  FPUEnable                      
000070bd  FPULazyStackingEnable          
00006ce9  GPIODirModeSet                 
00007243  GPIOIntClear                   
00007193  GPIOIntEnable                  
00006e8d  GPIOIntRegister                
00007129  GPIOIntStatus                  
000066a5  GPIOIntTypeSet                 
00005e93  GPIOPadConfigSet               
0000697d  GPIOPinConfigure               
00007249  GPIOPinRead                    
00006fc5  GPIOPinTypeADC                 
00006fd7  GPIOPinTypeGPIOInput           
00006ea5  GPIOPinTypeGPIOOutput          
00006fe9  GPIOPinTypeI2C                 
00006ffb  GPIOPinTypeI2CSCL              
0000700d  GPIOPinTypePWM                 
0000701f  GPIOPinTypeTimer               
00007031  GPIOPinTypeUART                
0000724f  GPIOPinWrite                   
00000b11  GPSIntHandler                  
00004abb  GetBME280RawData               
00000b2d  GndMtr1IntHandler              
00000b2f  GndMtr2IntHandler              
00004d8d  I2CBurstWrite                  
0000721b  I2CMasterBusBusy               
00007223  I2CMasterBusy                  
00007267  I2CMasterControl               
0000726b  I2CMasterDataGet               
0000726f  I2CMasterDataPut               
000071cd  I2CMasterDisable               
000071d7  I2CMasterEnable                
00006f35  I2CMasterErr                   
00006899  I2CMasterInitExpClk            
0000722b  I2CMasterSlaveAddrSet          
00004e4f  I2CRead                        
00004e1f  I2CSingleWrite                 
00004f3f  I2CWait                        
000033ed  InitAirMtrs                    
00003345  InitAltimeter                  
000049e5  InitBME280                     
00003ee9  InitBMI160                     
00002b63  InitConsole                    
00002c49  InitGPS                        
00002c99  InitGndMotors                  
000031f5  InitIMU                        
00002b31  InitLED                        
00002bb5  InitRadio                      
00002d23  InitSolarPanels                
0000313d  InitSolenoidEnablePins         
00002ef1  InitUltraSonicSensor           
0000651d  IntEnable                      
000070cd  IntMasterDisable               
000070dd  IntMasterEnable                
00006bbd  IntRegister                    
0000110d  Menu                           
00006f61  PWMClockSet                    
00006d89  PWMGenConfigure                
0000719f  PWMGenEnable                   
00007043  PWMGenPeriodGet                
000070ed  PWMGenPeriodSet                
00007055  PWMOutputState                 
00006e0b  PWMPulseWidthSet               
00001985  ProcessADC                     
00001521  ProcessGPS                     
00001ced  ProcessIMUData                 
000018f1  ProcessRadio                   
000019cd  ProcessUltraSonic              
00000961  RadioIntHandler                
00000dad  RadioTimeoutIntHandler         
000071b7  ResetISR                       
UNDEFED   SHT$$INIT_ARRAY$$Base          
UNDEFED   SHT$$INIT_ARRAY$$Limit         
00000b31  SPIntHandler                   
00001ab5  SendPacket                     
00000d4d  SolenoidInterrupt              
00005429  SysCtlClockFreqSet             
00007255  SysCtlDelay                    
00006bf1  SysCtlPeripheralDisable        
00006c25  SysCtlPeripheralEnable         
00006b15  SysCtlPeripheralPresent        
00006b4d  SysCtlPeripheralReady          
000067f9  SysCtlPeripheralReset          
00006f75  SysTickEnable                  
00006f89  SysTickIntEnable               
00000831  SysTickIntHandler              
00006e29  SysTickIntRegister             
000070fd  SysTickPeriodSet               
00000ca9  Timer1AInterrupt               
00000d01  Timer1BInterrupt               
00000b61  Timer2AInterrupt               
00000bad  Timer2BInterrupt               
00000bf9  Timer3AInterrupt               
00000c4d  Timer3BInterrupt               
0000725b  TimerClockSourceSet            
000065ed  TimerConfigure                 
00006f4b  TimerControlEvent              
00006ebd  TimerDisable                   
00007137  TimerEnable                    
00007273  TimerIntClear                  
00007233  TimerIntEnable                 
00006ed5  TimerIntRegister               
000071e1  TimerIntStatus                 
00007067  TimerLoadSet                   
00007079  TimerPrescaleSet               
000071eb  TimerValueGet                  
00000f9d  TurnOffLED                     
00000f37  TurnOnLED                      
000071f5  UARTCharGet                    
00007145  UARTCharGetNonBlocking         
000071ff  UARTCharPut                    
00007153  UARTCharsAvail                 
00007261  UARTClockSourceSet             
00006a0d  UARTConfigSetExpClk            
00006dad  UARTDisable                    
00006f9d  UARTEnable                     
00007277  UARTIntClear                   
0000723b  UARTIntEnable                  
00006eed  UARTIntRegister                
00007209  UARTIntStatus                  
00004549  UARTStdioConfig                
0000468f  UARTgetc                       
000045d5  UARTgets                       
000049af  UARTprintf                     
000046b5  UARTvprintf                    
0000458f  UARTwrite                      
00002081  UpdateTrajectory               
00006c59  VectorAdd                      
000066fb  VectorCrossProduct             
00006d3d  VectorDotProduct               
00006d63  VectorScale                    
00001015  WaitForButtonPress             
2000126c  __STACK_END                    
00001000  __STACK_SIZE                   
2000046c  __STACK_TOP                    
00007d48  __TI_CINIT_Base                
00007d60  __TI_CINIT_Limit               
00007d28  __TI_Handler_Table_Base        
00007d34  __TI_Handler_Table_Limit       
0000643d  __TI_auto_init                 
20001418  __TI_cleanup_ptr               
00006585  __TI_decompress_lzss           
00007161  __TI_decompress_none           
2000141c  __TI_dtors_ptr                 
20001420  __TI_enable_exit_profile_output
ffffffff  __TI_pprof_out_hndl            
ffffffff  __TI_prof_data_size            
ffffffff  __TI_prof_data_start           
00000000  __TI_static_base__             
000071ab  __TI_zero_init                 
0000623d  __aeabi_cdcmpeq                
0000623d  __aeabi_cdcmple                
000062c3  __aeabi_cdrcmple               
000064ad  __aeabi_d2f                    
0000561f  __aeabi_dadd                   
00005d5d  __aeabi_ddiv                   
00005fc5  __aeabi_dmul                   
00005615  __aeabi_dsub                   
00006b85  __aeabi_f2d                    
00004547  __aeabi_idiv0                  
00004d8b  __aeabi_ldiv0                  
00005209  __aeabi_ldivmod                
00006f1d  __aeabi_lmul                   
000063c3  __aeabi_memclr                 
000063c3  __aeabi_memclr4                
000063c3  __aeabi_memclr8                
000061a1  __aeabi_memcpy                 
000061a1  __aeabi_memcpy4                
000061a1  __aeabi_memcpy8                
000063c5  __aeabi_memset                 
000063c5  __aeabi_memset4                
000063c5  __aeabi_memset8                
00006ad5  __aeabi_uidiv                  
00006ad5  __aeabi_uidivmod               
ffffffff  __binit__                      
ffffffff  __c_args__                     
00006c8b  __isnanf                       
00004fcb  __mpu_init                     
2000026c  __stack                        
00006f05  _args_main                     
00006751  _c_int00                       
00007688  _ctypes_                       
20001430  _lock                          
00006fbf  _nop                           
00006fb7  _register_lock                 
00006fb1  _register_unlock               
00005427  _system_post_cinit             
0000727b  _system_pre_init               
20001434  _unlock                        
000067a9  abort                          
000057cd  asinf                          
00005ab5  atan2f                         
00005c0d  atanf                          
0000708b  atof                           
ffffffff  binit                          
00006931  copy_in                        
20001448  errno                          
000067b1  exit                           
200013e8  g_ADCFlag                      
20001404  g_Accel2GFactor                
200013b4  g_BME280OffsetUnsigned         
20001380  g_BME280OffsetValues           
200013a4  g_BME280RawData                
20001408  g_BME280Ready                  
20001424  g_Bias                         
200013d1  g_CharConsole                  
200013e6  g_ConsoleFlag                  
200013ed  g_GPSConnected                 
200013eb  g_GPSFlag                      
200013ec  g_GPSLEDOn                     
200013f2  g_IMUDataFlag                  
20001400  g_LED1On                       
200013e4  g_LED4On                       
200012c4  g_Pack                         
200013b8  g_Pressure                     
200013ea  g_PrintFlag                    
20001409  g_PrintRawBMIData              
200013ee  g_PrintRawGPS                  
200013e7  g_Quit                         
200013e9  g_RadioFlag                    
200013e5  g_SendPacket                   
200013bc  g_SysClockSpeed                
200013e0  g_SysTickCount                 
200013c0  g_Temp                         
200013c4  g_TimerFallValue               
200013ef  g_TimerFirstPass               
200013c8  g_TimerRiseValue               
200013f0  g_UltraSonicFlag               
200013f1  g_UltraSonicSensor             
200013f4  g_accelLSBg                    
200013d2  g_bDCMStarted                  
2000138c  g_fGyroData                    
200013f8  g_fGyroLSB                     
20001398  g_fMagData                     
200013fc  g_fMagLSB                      
200013ac  g_gyroDataRaw                  
20001401  g_loopCount                    
20001438  g_offsetData                   
20001410  g_p_t_fine                     
20000000  g_pfnRAMVectors                
00000000  g_pfnVectors                   
2000140c  g_ptrBME280RawData             
2000126c  g_sCompDCMInst                 
20001364  g_sRxPack                      
200013cc  g_t_fine                       
200013d8  g_ui32MaxThrottle              
200013dc  g_ui32ThrottleIncrement        
200013d4  g_ui32ZeroThrottle             
00000209  main                           
2000144c  main_func_sp                   
000061a1  memcpy                         
000063cb  memset                         
20001318  sStatus                        
20001344  sThrottle                      
00005945  sqrt                           
00006d15  sqrtf                          
00005945  sqrtl                          
00004fcd  strtod                         
00004fcd  strtold                        


GLOBAL SYMBOLS: SORTED BY Symbol Address 

address   name                           
-------   ----                           
00000000  __TI_static_base__             
00000000  g_pfnVectors                   
00000209  main                           
00000831  SysTickIntHandler              
00000889  ConsoleIntHandler              
00000961  RadioIntHandler                
00000b11  GPSIntHandler                  
00000b2d  GndMtr1IntHandler              
00000b2f  GndMtr2IntHandler              
00000b31  SPIntHandler                   
00000b61  Timer2AInterrupt               
00000bad  Timer2BInterrupt               
00000bf9  Timer3AInterrupt               
00000c4d  Timer3BInterrupt               
00000ca9  Timer1AInterrupt               
00000d01  Timer1BInterrupt               
00000d4d  SolenoidInterrupt              
00000d6f  BMI160IntHandler               
00000d91  BME280IntHandler               
00000dad  RadioTimeoutIntHandler         
00000df9  DCMUpdateTimer                 
00000f37  TurnOnLED                      
00000f9d  TurnOffLED                     
00001000  __STACK_SIZE                   
00001015  WaitForButtonPress             
0000110d  Menu                           
00001521  ProcessGPS                     
000018f1  ProcessRadio                   
00001985  ProcessADC                     
000019cd  ProcessUltraSonic              
00001a3d  ActivateSolenoids              
00001a69  DeactivateSolenoids            
00001ab5  SendPacket                     
00001ced  ProcessIMUData                 
00002081  UpdateTrajectory               
00002b31  InitLED                        
00002b63  InitConsole                    
00002bb5  InitRadio                      
00002c49  InitGPS                        
00002c99  InitGndMotors                  
00002d23  InitSolarPanels                
00002ef1  InitUltraSonicSensor           
0000313d  InitSolenoidEnablePins         
000031f5  InitIMU                        
00003345  InitAltimeter                  
000033ed  InitAirMtrs                    
0000363d  CompDCMInit                    
000036b1  CompDCMAccelUpdate             
000036d9  CompDCMGyroUpdate              
00003701  CompDCMMagnetoUpdate           
00003729  CompDCMStart                   
000037fd  CompDCMUpdate                  
00003adb  CompDCMMatrixGet               
00003b2f  CompDCMComputeEulers           
00003ba1  CompDCMComputeQuaternion       
00003ee9  InitBMI160                     
00004547  __aeabi_idiv0                  
00004549  UARTStdioConfig                
0000458f  UARTwrite                      
000045d5  UARTgets                       
0000468f  UARTgetc                       
000046b5  UARTvprintf                    
000049af  UARTprintf                     
000049e5  InitBME280                     
00004abb  GetBME280RawData               
00004ad3  BME280_compensate_T_int32      
00004b45  BME280_compensate_P_int64      
00004d8b  __aeabi_ldiv0                  
00004d8d  I2CBurstWrite                  
00004e1f  I2CSingleWrite                 
00004e4f  I2CRead                        
00004f3f  I2CWait                        
00004fcb  __mpu_init                     
00004fcd  strtod                         
00004fcd  strtold                        
00005209  __aeabi_ldivmod                
00005427  _system_post_cinit             
00005429  SysCtlClockFreqSet             
00005615  __aeabi_dsub                   
0000561f  __aeabi_dadd                   
000057cd  asinf                          
00005945  sqrt                           
00005945  sqrtl                          
00005ab5  atan2f                         
00005c0d  atanf                          
00005d5d  __aeabi_ddiv                   
00005e93  GPIOPadConfigSet               
00005fc5  __aeabi_dmul                   
000060c1  ButtonsPoll                    
00006161  ButtonsInit                    
000061a1  __aeabi_memcpy                 
000061a1  __aeabi_memcpy4                
000061a1  __aeabi_memcpy8                
000061a1  memcpy                         
0000623d  __aeabi_cdcmpeq                
0000623d  __aeabi_cdcmple                
000062c3  __aeabi_cdrcmple               
00006349  ADCSequenceStepConfigure       
000063c3  __aeabi_memclr                 
000063c3  __aeabi_memclr4                
000063c3  __aeabi_memclr8                
000063c5  __aeabi_memset                 
000063c5  __aeabi_memset4                
000063c5  __aeabi_memset8                
000063cb  memset                         
0000643d  __TI_auto_init                 
000064ad  __aeabi_d2f                    
0000651d  IntEnable                      
00006585  __TI_decompress_lzss           
000065ed  TimerConfigure                 
0000664d  ADCSequenceConfigure           
000066a5  GPIOIntTypeSet                 
000066fb  VectorCrossProduct             
00006751  _c_int00                       
000067a5  C$$EXIT                        
000067a9  abort                          
000067b1  exit                           
000067f9  SysCtlPeripheralReset          
00006899  I2CMasterInitExpClk            
00006931  copy_in                        
0000697d  GPIOPinConfigure               
00006a0d  UARTConfigSetExpClk            
00006ad5  __aeabi_uidiv                  
00006ad5  __aeabi_uidivmod               
00006b15  SysCtlPeripheralPresent        
00006b4d  SysCtlPeripheralReady          
00006b85  __aeabi_f2d                    
00006bbd  IntRegister                    
00006bf1  SysCtlPeripheralDisable        
00006c25  SysCtlPeripheralEnable         
00006c59  VectorAdd                      
00006c8b  __isnanf                       
00006cbb  ADCIntStatus                   
00006ce9  GPIODirModeSet                 
00006d15  sqrtf                          
00006d3d  VectorDotProduct               
00006d63  VectorScale                    
00006d89  PWMGenConfigure                
00006dad  UARTDisable                    
00006ded  ADCSequenceDataGet             
00006e0b  PWMPulseWidthSet               
00006e29  SysTickIntRegister             
00006e45  ADCClockConfigSet              
00006e5d  ADCIntRegister                 
00006e75  ADCProcessorTrigger            
00006e8d  GPIOIntRegister                
00006ea5  GPIOPinTypeGPIOOutput          
00006ebd  TimerDisable                   
00006ed5  TimerIntRegister               
00006eed  UARTIntRegister                
00006f05  _args_main                     
00006f1d  __aeabi_lmul                   
00006f35  I2CMasterErr                   
00006f4b  TimerControlEvent              
00006f61  PWMClockSet                    
00006f75  SysTickEnable                  
00006f89  SysTickIntEnable               
00006f9d  UARTEnable                     
00006fb1  _register_unlock               
00006fb7  _register_lock                 
00006fbf  _nop                           
00006fc5  GPIOPinTypeADC                 
00006fd7  GPIOPinTypeGPIOInput           
00006fe9  GPIOPinTypeI2C                 
00006ffb  GPIOPinTypeI2CSCL              
0000700d  GPIOPinTypePWM                 
0000701f  GPIOPinTypeTimer               
00007031  GPIOPinTypeUART                
00007043  PWMGenPeriodGet                
00007055  PWMOutputState                 
00007067  TimerLoadSet                   
00007079  TimerPrescaleSet               
0000708b  atof                           
0000709d  ADCIntEnable                   
000070ad  FPUEnable                      
000070bd  FPULazyStackingEnable          
000070cd  IntMasterDisable               
000070dd  IntMasterEnable                
000070ed  PWMGenPeriodSet                
000070fd  SysTickPeriodSet               
0000710d  ADCSequenceDisable             
0000711b  ADCSequenceEnable              
00007129  GPIOIntStatus                  
00007137  TimerEnable                    
00007145  UARTCharGetNonBlocking         
00007153  UARTCharsAvail                 
00007161  __TI_decompress_none           
0000716f  ADCReferenceSet                
0000717b  CPUcpsid                       
00007187  CPUcpsie                       
00007193  GPIOIntEnable                  
0000719f  PWMGenEnable                   
000071ab  __TI_zero_init                 
000071b7  ResetISR                       
000071c3  ADCIntClear                    
000071cd  I2CMasterDisable               
000071d7  I2CMasterEnable                
000071e1  TimerIntStatus                 
000071eb  TimerValueGet                  
000071f5  UARTCharGet                    
000071ff  UARTCharPut                    
00007209  UARTIntStatus                  
00007213  ADCBusy                        
0000721b  I2CMasterBusBusy               
00007223  I2CMasterBusy                  
0000722b  I2CMasterSlaveAddrSet          
00007233  TimerIntEnable                 
0000723b  UARTIntEnable                  
00007243  GPIOIntClear                   
00007249  GPIOPinRead                    
0000724f  GPIOPinWrite                   
00007255  SysCtlDelay                    
0000725b  TimerClockSourceSet            
00007261  UARTClockSourceSet             
00007267  I2CMasterControl               
0000726b  I2CMasterDataGet               
0000726f  I2CMasterDataPut               
00007273  TimerIntClear                  
00007277  UARTIntClear                   
0000727b  _system_pre_init               
00007688  _ctypes_                       
00007d28  __TI_Handler_Table_Base        
00007d34  __TI_Handler_Table_Limit       
00007d48  __TI_CINIT_Base                
00007d60  __TI_CINIT_Limit               
20000000  g_pfnRAMVectors                
2000026c  __stack                        
2000046c  __STACK_TOP                    
2000126c  __STACK_END                    
2000126c  g_sCompDCMInst                 
200012c4  g_Pack                         
20001318  sStatus                        
20001344  sThrottle                      
20001364  g_sRxPack                      
20001380  g_BME280OffsetValues           
2000138c  g_fGyroData                    
20001398  g_fMagData                     
200013a4  g_BME280RawData                
200013ac  g_gyroDataRaw                  
200013b4  g_BME280OffsetUnsigned         
200013b8  g_Pressure                     
200013bc  g_SysClockSpeed                
200013c0  g_Temp                         
200013c4  g_TimerFallValue               
200013c8  g_TimerRiseValue               
200013cc  g_t_fine                       
200013d1  g_CharConsole                  
200013d2  g_bDCMStarted                  
200013d4  g_ui32ZeroThrottle             
200013d8  g_ui32MaxThrottle              
200013dc  g_ui32ThrottleIncrement        
200013e0  g_SysTickCount                 
200013e4  g_LED4On                       
200013e5  g_SendPacket                   
200013e6  g_ConsoleFlag                  
200013e7  g_Quit                         
200013e8  g_ADCFlag                      
200013e9  g_RadioFlag                    
200013ea  g_PrintFlag                    
200013eb  g_GPSFlag                      
200013ec  g_GPSLEDOn                     
200013ed  g_GPSConnected                 
200013ee  g_PrintRawGPS                  
200013ef  g_TimerFirstPass               
200013f0  g_UltraSonicFlag               
200013f1  g_UltraSonicSensor             
200013f2  g_IMUDataFlag                  
200013f4  g_accelLSBg                    
200013f8  g_fGyroLSB                     
200013fc  g_fMagLSB                      
20001400  g_LED1On                       
20001401  g_loopCount                    
20001404  g_Accel2GFactor                
20001408  g_BME280Ready                  
20001409  g_PrintRawBMIData              
2000140c  g_ptrBME280RawData             
20001410  g_p_t_fine                     
20001418  __TI_cleanup_ptr               
2000141c  __TI_dtors_ptr                 
20001420  __TI_enable_exit_profile_output
20001424  g_Bias                         
20001430  _lock                          
20001434  _unlock                        
20001438  g_offsetData                   
20001448  errno                          
2000144c  main_func_sp                   
ffffffff  __TI_pprof_out_hndl            
ffffffff  __TI_prof_data_size            
ffffffff  __TI_prof_data_start           
ffffffff  __binit__                      
ffffffff  __c_args__                     
ffffffff  binit                          
UNDEFED   SHT$$INIT_ARRAY$$Base          
UNDEFED   SHT$$INIT_ARRAY$$Limit         

[294 symbols]
