******************************************************************************
                  TI ARM Linker PC v16.9.0                     
******************************************************************************
>> Linked Sat Mar 04 19:41:52 2017

OUTPUT FILE NAME:   <APOPHIS v1.0.out>
ENTRY POINT SYMBOL: "_c_int00"  address: 00006669


MEMORY CONFIGURATION

         name            origin    length      used     unused   attr    fill
----------------------  --------  ---------  --------  --------  ----  --------
  FLASH                 00000000   00100000  00007b3a  000f84c6  R  X
  SRAM                  20000000   00040000  00001453  0003ebad  RW X


SEGMENT ALLOCATION MAP

run origin  load origin   length   init length attrs members
----------  ----------- ---------- ----------- ----- -------
00000000    00000000    00007b40   00007b40    r-x
  00000000    00000000    00000208   00000208    r-- .intvecs
  00000208    00000208    00006f82   00006f82    r-x .text
  00007190    00007190    00000940   00000940    r-- .const
  00007ad0    00007ad0    00000070   00000070    r-- .cinit
20000000    20000000    00001454   00000000    rw-
  20000000    20000000    0000026c   00000000    rw- .vtable
  2000026c    2000026c    00001000   00000000    rw- .stack
  2000126c    2000126c    00000167   00000000    rw- .bss
  200013d4    200013d4    00000080   00000000    rw- .data


SECTION ALLOCATION MAP

 output                                  attributes/
section   page    origin      length       input sections
--------  ----  ----------  ----------   ----------------
.intvecs   0    00000000    00000208     
                  00000000    00000208     tm4c1294ncpdt_startup_ccs.obj (.intvecs)

.text      0    00000208    00006f82     
                  00000208    0000279c     main.obj (.text)
                  000029a4    00000b58     initializations.obj (.text)
                  000034fc    000008ac     comp_dcm.obj (.text)
                  00003da8    0000065e     bmi160.obj (.text)
                  00004406    00000002     rtsv7M4_T_le_v4SPD16_eabi.lib : i_div0.obj (.text)
                  00004408    0000049c     uartstdio.obj (.text)
                  000048a4    000003a6     bme280.obj (.text)
                  00004c4a    00000002     rtsv7M4_T_le_v4SPD16_eabi.lib : l_div0.obj (.text)
                  00004c4c    0000023e     i2c_driver.obj (.text)
                  00004e8a    00000002     rtsv7M4_T_le_v4SPD16_eabi.lib : mpu_init.obj (.text)
                  00004e8c    0000023c                                   : strtod.obj (.text)
                  000050c8    0000021e                                   : ll_div_t2.obj (.text)
                  000052e6    00000002                                   : startup.obj (.text)
                  000052e8    000001ec     driverlib.lib : sysctl.obj (.text:SysCtlClockFreqSet)
                  000054d4    000001b6     rtsv7M4_T_le_v4SPD16_eabi.lib : fd_add_t2.obj (.text)
                  0000568a    00000002     --HOLE-- [fill = 0]
                  0000568c    00000178                                   : e_asinf.obj (.text)
                  00005804    00000170                                   : e_sqrt.obj (.text)
                  00005974    00000158                                   : e_atan2f.obj (.text)
                  00005acc    00000150                                   : s_atanf.obj (.text)
                  00005c1c    00000136                                   : fd_div_t2.obj (.text)
                  00005d52    00000132     driverlib.lib : gpio.obj (.text:GPIOPadConfigSet)
                  00005e84    000000fc     rtsv7M4_T_le_v4SPD16_eabi.lib : fd_mul_t2.obj (.text)
                  00005f80    000000e0     buttons.obj (.text)
                  00006060    0000009c     rtsv7M4_T_le_v4SPD16_eabi.lib : memcpy_t2.obj (.text)
                  000060fc    00000086                                   : fd_cmp_t2.obj (.text:__aeabi_cdcmple)
                  00006182    00000086                                   : fd_cmp_t2.obj (.text:__aeabi_cdrcmple)
                  00006208    0000007a     driverlib.lib : adc.obj (.text:ADCSequenceStepConfigure)
                  00006282    0000007a     rtsv7M4_T_le_v4SPD16_eabi.lib : memset_t2.obj (.text)
                  000062fc    00000070                                   : autoinit.obj (.text)
                  0000636c    0000006e                                   : fd_tos_t2.obj (.text)
                  000063da    00000002     --HOLE-- [fill = 0]
                  000063dc    00000068     driverlib.lib : interrupt.obj (.text:IntEnable)
                  00006444    00000068     rtsv7M4_T_le_v4SPD16_eabi.lib : copy_decompress_lzss.obj (.text:decompress:lzss)
                  000064ac    00000060     driverlib.lib : timer.obj (.text:TimerConfigure)
                  0000650c    00000058                   : adc.obj (.text:ADCSequenceConfigure)
                  00006564    00000058     tm4c1294ncpdt_startup_ccs.obj (.text)
                  000065bc    00000056     driverlib.lib : gpio.obj (.text:GPIOIntTypeSet)
                  00006612    00000056     sensorlib.lib : vector.obj (.text:VectorCrossProduct)
                  00006668    00000054     rtsv7M4_T_le_v4SPD16_eabi.lib : boot.obj (.text)
                  000066bc    00000054                                   : exit.obj (.text)
                  00006710    00000050     driverlib.lib : sysctl.obj (.text:SysCtlPeripheralReset)
                  00006760    00000050                   : adc.obj (.text:_ADCIntNumberGet)
                  000067b0    0000004c                   : i2c.obj (.text:I2CMasterInitExpClk)
                  000067fc    0000004c                   : timer.obj (.text:_TimerIntNumberGet)
                  00006848    0000004c     rtsv7M4_T_le_v4SPD16_eabi.lib : cpy_tbl.obj (.text)
                  00006894    00000048     driverlib.lib : gpio.obj (.text:GPIOPinConfigure)
                  000068dc    00000048                   : sysctl.obj (.text:_SysCtlFrequencyGet)
                  00006924    00000046                   : uart.obj (.text:UARTConfigSetExpClk)
                  0000696a    00000002     --HOLE-- [fill = 0]
                  0000696c    00000040                   : gpio.obj (.text:_GPIOIntNumberGet)
                  000069ac    00000040                   : uart.obj (.text:_UARTIntNumberGet)
                  000069ec    00000040     rtsv7M4_T_le_v4SPD16_eabi.lib : u_divt2.obj (.text)
                  00006a2c    00000038     driverlib.lib : sysctl.obj (.text:SysCtlPeripheralPresent)
                  00006a64    00000038                   : sysctl.obj (.text:SysCtlPeripheralReady)
                  00006a9c    00000038     rtsv7M4_T_le_v4SPD16_eabi.lib : fs_tod_t2.obj (.text)
                  00006ad4    00000034     driverlib.lib : interrupt.obj (.text:IntRegister)
                  00006b08    00000034                   : sysctl.obj (.text:SysCtlPeripheralDisable)
                  00006b3c    00000034                   : sysctl.obj (.text:SysCtlPeripheralEnable)
                  00006b70    00000032     sensorlib.lib : vector.obj (.text:VectorAdd)
                  00006ba2    00000030     comp_dcm.obj (.text:__isnanf)
                  00006bd2    0000002e     driverlib.lib : adc.obj (.text:ADCIntStatus)
                  00006c00    0000002a                   : gpio.obj (.text:GPIODirModeSet)
                  00006c2a    00000002     --HOLE-- [fill = 0]
                  00006c2c    00000028     rtsv7M4_T_le_v4SPD16_eabi.lib : e_sqrtf.obj (.text)
                  00006c54    00000026     sensorlib.lib : vector.obj (.text:VectorDotProduct)
                  00006c7a    00000026                   : vector.obj (.text:VectorScale)
                  00006ca0    00000022     driverlib.lib : pwm.obj (.text:PWMGenConfigure)
                  00006cc2    00000002     --HOLE-- [fill = 0]
                  00006cc4    00000020                   : uart.obj (.text:UARTDisable)
                  00006ce4    00000020                   : sysctl.obj (.text:_SysCtlMemTimingGet)
                  00006d04    0000001e                   : adc.obj (.text:ADCSequenceDataGet)
                  00006d22    0000001e                   : pwm.obj (.text:PWMPulseWidthSet)
                  00006d40    0000001c                   : systick.obj (.text:SysTickIntRegister)
                  00006d5c    00000018                   : adc.obj (.text:ADCClockConfigSet)
                  00006d74    00000018                   : adc.obj (.text:ADCIntRegister)
                  00006d8c    00000018                   : adc.obj (.text:ADCProcessorTrigger)
                  00006da4    00000018                   : gpio.obj (.text:GPIOIntRegister)
                  00006dbc    00000018                   : gpio.obj (.text:GPIOPinTypeGPIOOutput)
                  00006dd4    00000018                   : timer.obj (.text:TimerDisable)
                  00006dec    00000018                   : timer.obj (.text:TimerIntRegister)
                  00006e04    00000018                   : uart.obj (.text:UARTIntRegister)
                  00006e1c    00000018     rtsv7M4_T_le_v4SPD16_eabi.lib : args_main.obj (.text)
                  00006e34    00000018                                   : ll_mul_t2.obj (.text)
                  00006e4c    00000016     driverlib.lib : i2c.obj (.text:I2CMasterErr)
                  00006e62    00000016                   : timer.obj (.text:TimerControlEvent)
                  00006e78    00000014                   : pwm.obj (.text:PWMClockSet)
                  00006e8c    00000014                   : systick.obj (.text:SysTickEnable)
                  00006ea0    00000014                   : systick.obj (.text:SysTickIntEnable)
                  00006eb4    00000014                   : uart.obj (.text:UARTEnable)
                  00006ec8    00000014     rtsv7M4_T_le_v4SPD16_eabi.lib : _lock.obj (.text)
                  00006edc    00000012     driverlib.lib : gpio.obj (.text:GPIOPinTypeADC)
                  00006eee    00000012                   : gpio.obj (.text:GPIOPinTypeGPIOInput)
                  00006f00    00000012                   : gpio.obj (.text:GPIOPinTypeI2C)
                  00006f12    00000012                   : gpio.obj (.text:GPIOPinTypeI2CSCL)
                  00006f24    00000012                   : gpio.obj (.text:GPIOPinTypePWM)
                  00006f36    00000012                   : gpio.obj (.text:GPIOPinTypeTimer)
                  00006f48    00000012                   : gpio.obj (.text:GPIOPinTypeUART)
                  00006f5a    00000012                   : pwm.obj (.text:PWMGenPeriodGet)
                  00006f6c    00000012                   : pwm.obj (.text:PWMOutputState)
                  00006f7e    00000012                   : timer.obj (.text:TimerLoadSet)
                  00006f90    00000012                   : timer.obj (.text:TimerPrescaleSet)
                  00006fa2    00000012     rtsv7M4_T_le_v4SPD16_eabi.lib : atof.obj (.text)
                  00006fb4    00000010     driverlib.lib : adc.obj (.text:ADCIntEnable)
                  00006fc4    00000010                   : fpu.obj (.text:FPUEnable)
                  00006fd4    00000010                   : fpu.obj (.text:FPULazyStackingEnable)
                  00006fe4    00000010                   : interrupt.obj (.text:IntMasterDisable)
                  00006ff4    00000010                   : interrupt.obj (.text:IntMasterEnable)
                  00007004    00000010                   : pwm.obj (.text:PWMGenPeriodSet)
                  00007014    00000010                   : systick.obj (.text:SysTickPeriodSet)
                  00007024    0000000e                   : adc.obj (.text:ADCSequenceDisable)
                  00007032    0000000e                   : adc.obj (.text:ADCSequenceEnable)
                  00007040    0000000e                   : gpio.obj (.text:GPIOIntStatus)
                  0000704e    0000000e                   : timer.obj (.text:TimerEnable)
                  0000705c    0000000e                   : uart.obj (.text:UARTCharGetNonBlocking)
                  0000706a    0000000e                   : uart.obj (.text:UARTCharsAvail)
                  00007078    0000000e     rtsv7M4_T_le_v4SPD16_eabi.lib : copy_decompress_none.obj (.text:decompress:none)
                  00007086    0000000c     driverlib.lib : adc.obj (.text:ADCReferenceSet)
                  00007092    0000000c                   : cpu.obj (.text:CPUcpsid)
                  0000709e    0000000c                   : cpu.obj (.text:CPUcpsie)
                  000070aa    0000000c                   : gpio.obj (.text:GPIOIntEnable)
                  000070b6    0000000c                   : pwm.obj (.text:PWMGenEnable)
                  000070c2    0000000c     rtsv7M4_T_le_v4SPD16_eabi.lib : copy_zero_init.obj (.text:decompress:ZI)
                  000070ce    0000000a     driverlib.lib : adc.obj (.text:ADCIntClear)
                  000070d8    0000000a                   : i2c.obj (.text:I2CMasterDisable)
                  000070e2    0000000a                   : i2c.obj (.text:I2CMasterEnable)
                  000070ec    0000000a                   : timer.obj (.text:TimerIntStatus)
                  000070f6    0000000a                   : timer.obj (.text:TimerValueGet)
                  00007100    0000000a                   : uart.obj (.text:UARTCharGet)
                  0000710a    0000000a                   : uart.obj (.text:UARTCharPut)
                  00007114    0000000a                   : uart.obj (.text:UARTIntStatus)
                  0000711e    00000008                   : adc.obj (.text:ADCBusy)
                  00007126    00000008                   : i2c.obj (.text:I2CMasterBusBusy)
                  0000712e    00000008                   : i2c.obj (.text:I2CMasterBusy)
                  00007136    00000008                   : i2c.obj (.text:I2CMasterSlaveAddrSet)
                  0000713e    00000008                   : timer.obj (.text:TimerIntEnable)
                  00007146    00000008                   : uart.obj (.text:UARTIntEnable)
                  0000714e    00000006                   : gpio.obj (.text:GPIOIntClear)
                  00007154    00000006                   : gpio.obj (.text:GPIOPinRead)
                  0000715a    00000006                   : gpio.obj (.text:GPIOPinWrite)
                  00007160    00000006                   : sysctl.obj (.text:SysCtlDelay)
                  00007166    00000006                   : timer.obj (.text:TimerClockSourceSet)
                  0000716c    00000006                   : uart.obj (.text:UARTClockSourceSet)
                  00007172    00000004                   : i2c.obj (.text:I2CMasterControl)
                  00007176    00000004                   : i2c.obj (.text:I2CMasterDataGet)
                  0000717a    00000004                   : i2c.obj (.text:I2CMasterDataPut)
                  0000717e    00000004                   : timer.obj (.text:TimerIntClear)
                  00007182    00000004                   : uart.obj (.text:UARTIntClear)
                  00007186    00000004     rtsv7M4_T_le_v4SPD16_eabi.lib : pre_init.obj (.text)

.const     0    00007190    00000940     
                  00007190    000001b0     driverlib.lib : sysctl.obj (.const:g_pppui32XTALtoVCO)
                  00007340    0000012c     main.obj (.const:$P$T0$1)
                  0000746c    00000101     rtsv7M4_T_le_v4SPD16_eabi.lib : ctype.obj (.const:.string:_ctypes_)
                  0000756d    00000003     --HOLE-- [fill = 0]
                  00007570    000000c0     driverlib.lib : gpio.obj (.const:g_ppui32GPIOIntMapBlizzard)
                  00007630    000000c0                   : gpio.obj (.const:g_ppui32GPIOIntMapSnowflake)
                  000076f0    00000098     rtsv7M4_T_le_v4SPD16_eabi.lib : strtod.obj (.const:$O1$$)
                  00007788    00000090     driverlib.lib : gpio.obj (.const:g_pui32GPIOBaseAddrs)
                  00007818    00000070                   : interrupt.obj (.const)
                  00007888    0000006c                   : sysctl.obj (.const:g_pui32Xtals)
                  000078f4    00000060                   : timer.obj (.const:g_ppui32TimerIntMap)
                  00007954    00000040                   : timer.obj (.const:g_ppui32TimerIntMapSnowflake)
                  00007994    00000040                   : uart.obj (.const:g_ppui32UARTIntMap)
                  000079d4    00000040                   : uart.obj (.const:g_ppui32UARTIntMapSnowflake)
                  00007a14    00000034     rtsv7M4_T_le_v4SPD16_eabi.lib : s_atanf.obj (.const:$O1$$)
                  00007a48    00000030     driverlib.lib : sysctl.obj (.const:g_sXTALtoMEMTIM)
                  00007a78    00000020     rtsv7M4_T_le_v4SPD16_eabi.lib : e_asinf.obj (.const)
                  00007a98    00000012     uartstdio.obj (.const:.string)
                  00007aaa    00000002     --HOLE-- [fill = 0]
                  00007aac    0000000c     uartstdio.obj (.const:g_ui32UARTBase)
                  00007ab8    0000000c     uartstdio.obj (.const:g_ui32UARTPeriph)
                  00007ac4    00000008     driverlib.lib : sysctl.obj (.const)
                  00007acc    00000004     uartstdio.obj (.const)

.cinit     0    00007ad0    00000070     
                  00007ad0    00000039     (.cinit..data.load) [load image, compression = lzss]
                  00007b09    00000003     --HOLE-- [fill = 0]
                  00007b0c    0000000c     (__TI_handler_table)
                  00007b18    00000008     (.cinit..bss.load) [load image, compression = zero_init]
                  00007b20    00000008     (.cinit..vtable.load) [load image, compression = zero_init]
                  00007b28    00000018     (__TI_cinit_table)

.init_array 
*          0    00000000    00000000     UNINITIALIZED

.vtable    0    20000000    0000026c     UNINITIALIZED
                  20000000    0000026c     driverlib.lib : interrupt.obj (.vtable)

.stack     0    2000026c    00001000     UNINITIALIZED
                  2000026c    00001000     --HOLE--

.bss       0    2000126c    00000167     UNINITIALIZED
                  2000126c    00000058     (.common:g_sCompDCMInst)
                  200012c4    00000054     (.common:g_Pack)
                  20001318    0000002c     (.common:sStatus)
                  20001344    00000020     (.common:sThrottle)
                  20001364    0000001c     (.common:g_sRxPack)
                  20001380    0000000c     (.common:g_BME280OffsetValues)
                  2000138c    0000000c     (.common:g_fGyroData)
                  20001398    0000000c     (.common:g_fMagData)
                  200013a4    00000008     (.common:g_BME280RawData)
                  200013ac    00000008     (.common:g_gyroDataRaw)
                  200013b4    00000004     (.common:g_BME280OffsetUnsigned)
                  200013b8    00000004     (.common:g_Pressure)
                  200013bc    00000004     (.common:g_SysClockSpeed)
                  200013c0    00000004     (.common:g_Temp)
                  200013c4    00000004     (.common:g_TimerFallValue)
                  200013c8    00000004     (.common:g_TimerRiseValue)
                  200013cc    00000004     (.common:g_t_fine)
                  200013d0    00000001     main.obj (.bss)
                  200013d1    00000001     (.common:g_CharConsole)
                  200013d2    00000001     (.common:g_bDCMStarted)

.data      0    200013d4    00000080     UNINITIALIZED
                  200013d4    00000042     main.obj (.data)
                  20001416    00000002     --HOLE--
                  20001418    0000000c     rtsv7M4_T_le_v4SPD16_eabi.lib : exit.obj (.data:$O1$$)
                  20001424    0000000c     main.obj (.data:g_GyroBias)
                  20001430    00000008     rtsv7M4_T_le_v4SPD16_eabi.lib : _lock.obj (.data:$O1$$)
                  20001438    00000007     main.obj (.data:g_offsetData)
                  2000143f    00000001     --HOLE--
                  20001440    00000005     uartstdio.obj (.data)
                  20001445    00000003     buttons.obj (.data)
                  20001448    00000004     rtsv7M4_T_le_v4SPD16_eabi.lib : errno.obj (.data)
                  2000144c    00000004                                   : stkdepth_vars.obj (.data)
                  20001450    00000004     main.obj (.data:ui8Magic$3)

MODULE SUMMARY

       Module                          code    ro data   rw data
       ------                          ----    -------   -------
    .\
       main.obj                        10140   300       448    
       initializations.obj             2904    0         0      
       comp_dcm.obj                    2268    0         0      
       bmi160.obj                      1630    0         0      
       uartstdio.obj                   1180    46        5      
       bme280.obj                      934     0         0      
       tm4c1294ncpdt_startup_ccs.obj   88      520       0      
       i2c_driver.obj                  574     0         0      
       buttons.obj                     224     0         3      
    +--+-------------------------------+-------+---------+---------+
       Total:                          19942   866       456    
                                                                
    C:/Tivaware/TM4C1294XL/driverlib/ccs/Debug/driverlib.lib
       sysctl.obj                      898     596       0      
       gpio.obj                        788     528       0      
       interrupt.obj                   188     112       620    
       adc.obj                         512     0         0      
       timer.obj                       330     160       0      
       uart.obj                        286     128       0      
       i2c.obj                         154     0         0      
       pwm.obj                         148     0         0      
       systick.obj                     84      0         0      
       fpu.obj                         32      0         0      
       cpu.obj                         24      0         0      
    +--+-------------------------------+-------+---------+---------+
       Total:                          3444    1524      620    
                                                                
    C:/Tivaware/TM4C1294XL/sensorlib/ccs/Debug/sensorlib.lib
       vector.obj                      212     0         0      
    +--+-------------------------------+-------+---------+---------+
       Total:                          212     0         0      
                                                                
    C:\CCS\ccsv7\tools\compiler\ti-cgt-arm_16.9.0.LTS\lib\rtsv7M4_T_le_v4SPD16_eabi.lib
       strtod.obj                      572     152       0      
       ll_div_t2.obj                   542     0         0      
       fd_add_t2.obj                   438     0         0      
       e_asinf.obj                     376     32        0      
       s_atanf.obj                     336     52        0      
       e_sqrt.obj                      368     0         0      
       e_atan2f.obj                    344     0         0      
       fd_div_t2.obj                   310     0         0      
       fd_cmp_t2.obj                   268     0         0      
       ctype.obj                       0       257       0      
       fd_mul_t2.obj                   252     0         0      
       memcpy_t2.obj                   156     0         0      
       memset_t2.obj                   122     0         0      
       autoinit.obj                    112     0         0      
       fd_tos_t2.obj                   110     0         0      
       copy_decompress_lzss.obj        104     0         0      
       exit.obj                        84      0         12     
       boot.obj                        84      0         0      
       cpy_tbl.obj                     76      0         0      
       u_divt2.obj                     64      0         0      
       fs_tod_t2.obj                   56      0         0      
       e_sqrtf.obj                     40      0         0      
       _lock.obj                       20      0         8      
       args_main.obj                   24      0         0      
       ll_mul_t2.obj                   24      0         0      
       atof.obj                        18      0         0      
       copy_decompress_none.obj        14      0         0      
       copy_zero_init.obj              12      0         0      
       errno.obj                       0       0         4      
       pre_init.obj                    4       0         0      
       stkdepth_vars.obj               0       0         4      
       i_div0.obj                      2       0         0      
       l_div0.obj                      2       0         0      
       mpu_init.obj                    2       0         0      
       startup.obj                     2       0         0      
    +--+-------------------------------+-------+---------+---------+
       Total:                          4938    493       28     
                                                                
       Stack:                          0       0         4096   
       Linker Generated:               0       109       0      
    +--+-------------------------------+-------+---------+---------+
       Grand Total:                    28536   2992      5200   


LINKER GENERATED COPY TABLES

__TI_cinit_table @ 00007b28 records: 3, size/record: 8, table size: 24
	.data: load addr=00007ad0, load size=00000039 bytes, run addr=200013d4, run size=00000080 bytes, compression=lzss
	.bss: load addr=00007b18, load size=00000008 bytes, run addr=2000126c, run size=00000167 bytes, compression=zero_init
	.vtable: load addr=00007b20, load size=00000008 bytes, run addr=20000000, run size=0000026c bytes, compression=zero_init


LINKER GENERATED HANDLER TABLE

__TI_handler_table @ 00007b0c records: 3, size/record: 4, table size: 12
	index: 0, handler: __TI_zero_init
	index: 1, handler: __TI_decompress_lzss
	index: 2, handler: __TI_decompress_none


GLOBAL SYMBOLS: SORTED ALPHABETICALLY BY Name 

address   name                           
-------   ----                           
0000711f  ADCBusy                        
00006d5d  ADCClockConfigSet              
000070cf  ADCIntClear                    
00006fb5  ADCIntEnable                   
00006d75  ADCIntRegister                 
00006bd3  ADCIntStatus                   
00006d8d  ADCProcessorTrigger            
00007087  ADCReferenceSet                
0000650d  ADCSequenceConfigure           
00006d05  ADCSequenceDataGet             
00007025  ADCSequenceDisable             
00007033  ADCSequenceEnable              
00006209  ADCSequenceStepConfigure       
000018b9  ActivateSolenoids              
00000c0d  BME280IntHandler               
00004a05  BME280_compensate_P_int64      
00004993  BME280_compensate_T_int32      
00000beb  BMI160IntHandler               
00006021  ButtonsInit                    
00005f81  ButtonsPoll                    
000066bd  C$$EXIT                        
00007093  CPUcpsid                       
0000709f  CPUcpsie                       
00003571  CompDCMAccelUpdate             
000039ef  CompDCMComputeEulers           
00003a61  CompDCMComputeQuaternion       
00003599  CompDCMGyroUpdate              
000034fd  CompDCMInit                    
000035c1  CompDCMMagnetoUpdate           
0000399b  CompDCMMatrixGet               
000035e9  CompDCMStart                   
000036bd  CompDCMUpdate                  
000006e5  ConsoleIntHandler              
00000c75  DCMUpdateTimer                 
000018e5  DeactivateSolenoids            
00006fc5  FPUEnable                      
00006fd5  FPULazyStackingEnable          
00006c01  GPIODirModeSet                 
0000714f  GPIOIntClear                   
000070ab  GPIOIntEnable                  
00006da5  GPIOIntRegister                
00007041  GPIOIntStatus                  
000065bd  GPIOIntTypeSet                 
00005d53  GPIOPadConfigSet               
00006895  GPIOPinConfigure               
00007155  GPIOPinRead                    
00006edd  GPIOPinTypeADC                 
00006eef  GPIOPinTypeGPIOInput           
00006dbd  GPIOPinTypeGPIOOutput          
00006f01  GPIOPinTypeI2C                 
00006f13  GPIOPinTypeI2CSCL              
00006f25  GPIOPinTypePWM                 
00006f37  GPIOPinTypeTimer               
00006f49  GPIOPinTypeUART                
0000715b  GPIOPinWrite                   
00000995  GPSIntHandler                  
0000497b  GetBME280RawData               
000009b1  GndMtr1IntHandler              
000009b3  GndMtr2IntHandler              
00004c4d  I2CBurstWrite                  
00007127  I2CMasterBusBusy               
0000712f  I2CMasterBusy                  
00007173  I2CMasterControl               
00007177  I2CMasterDataGet               
0000717b  I2CMasterDataPut               
000070d9  I2CMasterDisable               
000070e3  I2CMasterEnable                
00006e4d  I2CMasterErr                   
000067b1  I2CMasterInitExpClk            
00007137  I2CMasterSlaveAddrSet          
00004d0f  I2CRead                        
00004cdf  I2CSingleWrite                 
00004dff  I2CWait                        
000032ad  InitAirMtrs                    
00003205  InitAltimeter                  
000048a5  InitBME280                     
00003da9  InitBMI160                     
000029d7  InitConsole                    
00002afd  InitGPS                        
00002b4d  InitGndMotors                  
000030b5  InitIMU                        
000029a5  InitLED                        
00002a29  InitRadio                      
00002bd7  InitSolarPanels                
00002ffd  InitSolenoidEnablePins         
00002db1  InitUltraSonicSensor           
000063dd  IntEnable                      
00006fe5  IntMasterDisable               
00006ff5  IntMasterEnable                
00006ad5  IntRegister                    
00000f89  Menu                           
00006e79  PWMClockSet                    
00006ca1  PWMGenConfigure                
000070b7  PWMGenEnable                   
00006f5b  PWMGenPeriodGet                
00007005  PWMGenPeriodSet                
00006f6d  PWMOutputState                 
00006d23  PWMPulseWidthSet               
00001801  ProcessADC                     
0000139d  ProcessGPS                     
00001b81  ProcessIMUData                 
0000176d  ProcessRadio                   
00001849  ProcessUltraSonic              
000007cd  RadioIntHandler                
00000c29  RadioTimeoutIntHandler         
00006565  ResetISR                       
UNDEFED   SHT$$INIT_ARRAY$$Base          
UNDEFED   SHT$$INIT_ARRAY$$Limit         
000009bd  SPIntHandler                   
00001939  SendPacket                     
00000bc9  SolenoidInterrupt              
000052e9  SysCtlClockFreqSet             
00007161  SysCtlDelay                    
00006b09  SysCtlPeripheralDisable        
00006b3d  SysCtlPeripheralEnable         
00006a2d  SysCtlPeripheralPresent        
00006a65  SysCtlPeripheralReady          
00006711  SysCtlPeripheralReset          
00006e8d  SysTickEnable                  
00006ea1  SysTickIntEnable               
00000691  SysTickIntHandler              
00006d41  SysTickIntRegister             
00007015  SysTickPeriodSet               
00000b2d  Timer1AInterrupt               
00000b7d  Timer1BInterrupt               
000009e9  Timer2AInterrupt               
00000a31  Timer2BInterrupt               
00000a7d  Timer3AInterrupt               
00000ad9  Timer3BInterrupt               
00007167  TimerClockSourceSet            
000064ad  TimerConfigure                 
00006e63  TimerControlEvent              
00006dd5  TimerDisable                   
0000704f  TimerEnable                    
0000717f  TimerIntClear                  
0000713f  TimerIntEnable                 
00006ded  TimerIntRegister               
000070ed  TimerIntStatus                 
00006f7f  TimerLoadSet                   
00006f91  TimerPrescaleSet               
000070f7  TimerValueGet                  
00000e19  TurnOffLED                     
00000db3  TurnOnLED                      
00007101  UARTCharGet                    
0000705d  UARTCharGetNonBlocking         
0000710b  UARTCharPut                    
0000706b  UARTCharsAvail                 
0000716d  UARTClockSourceSet             
00006925  UARTConfigSetExpClk            
00006cc5  UARTDisable                    
00006eb5  UARTEnable                     
00007183  UARTIntClear                   
00007147  UARTIntEnable                  
00006e05  UARTIntRegister                
00007115  UARTIntStatus                  
00004409  UARTStdioConfig                
0000454f  UARTgetc                       
00004495  UARTgets                       
0000486f  UARTprintf                     
00004575  UARTvprintf                    
0000444f  UARTwrite                      
00001ee1  UpdateTrajectory               
00006b71  VectorAdd                      
00006613  VectorCrossProduct             
00006c55  VectorDotProduct               
00006c7b  VectorScale                    
00000e91  WaitForButtonPress             
2000126c  __STACK_END                    
00001000  __STACK_SIZE                   
2000046c  __STACK_TOP                    
00007b28  __TI_CINIT_Base                
00007b40  __TI_CINIT_Limit               
00007b0c  __TI_Handler_Table_Base        
00007b18  __TI_Handler_Table_Limit       
000062fd  __TI_auto_init                 
20001418  __TI_cleanup_ptr               
00006445  __TI_decompress_lzss           
00007079  __TI_decompress_none           
2000141c  __TI_dtors_ptr                 
20001420  __TI_enable_exit_profile_output
ffffffff  __TI_pprof_out_hndl            
ffffffff  __TI_prof_data_size            
ffffffff  __TI_prof_data_start           
00000000  __TI_static_base__             
000070c3  __TI_zero_init                 
000060fd  __aeabi_cdcmpeq                
000060fd  __aeabi_cdcmple                
00006183  __aeabi_cdrcmple               
0000636d  __aeabi_d2f                    
000054df  __aeabi_dadd                   
00005c1d  __aeabi_ddiv                   
00005e85  __aeabi_dmul                   
000054d5  __aeabi_dsub                   
00006a9d  __aeabi_f2d                    
00004407  __aeabi_idiv0                  
00004c4b  __aeabi_ldiv0                  
000050c9  __aeabi_ldivmod                
00006e35  __aeabi_lmul                   
00006283  __aeabi_memclr                 
00006283  __aeabi_memclr4                
00006283  __aeabi_memclr8                
00006061  __aeabi_memcpy                 
00006061  __aeabi_memcpy4                
00006061  __aeabi_memcpy8                
00006285  __aeabi_memset                 
00006285  __aeabi_memset4                
00006285  __aeabi_memset8                
000069ed  __aeabi_uidiv                  
000069ed  __aeabi_uidivmod               
ffffffff  __binit__                      
ffffffff  __c_args__                     
00006ba3  __isnanf                       
00004e8b  __mpu_init                     
2000026c  __stack                        
00006e1d  _args_main                     
00006669  _c_int00                       
0000746c  _ctypes_                       
20001430  _lock                          
00006ed7  _nop                           
00006ecf  _register_lock                 
00006ec9  _register_unlock               
000052e7  _system_post_cinit             
00007187  _system_pre_init               
20001434  _unlock                        
000066c1  abort                          
0000568d  asinf                          
00005975  atan2f                         
00005acd  atanf                          
00006fa3  atof                           
ffffffff  binit                          
00006849  copy_in                        
20001448  errno                          
000066c9  exit                           
200013e7  g_ADCFlag                      
20001404  g_Accel2GFactor                
200013b4  g_BME280OffsetUnsigned         
20001380  g_BME280OffsetValues           
200013a4  g_BME280RawData                
20001408  g_BME280Ready                  
200013d1  g_CharConsole                  
200013e5  g_ConsoleFlag                  
200013ec  g_GPSConnected                 
200013ea  g_GPSFlag                      
200013eb  g_GPSLEDOn                     
20001424  g_GyroBias                     
200013f1  g_IMUDataFlag                  
20001400  g_LED1On                       
200013e4  g_LED4On                       
200012c4  g_Pack                         
200013b8  g_Pressure                     
200013e9  g_PrintFlag                    
20001409  g_PrintRawBMIData              
200013ed  g_PrintRawGPS                  
200013e6  g_Quit                         
200013e8  g_RadioFlag                    
200013bc  g_SysClockSpeed                
200013e0  g_SysTickCount                 
200013c0  g_Temp                         
200013c4  g_TimerFallValue               
200013ee  g_TimerFirstPass               
200013c8  g_TimerRiseValue               
200013ef  g_UltraSonicFlag               
200013f0  g_UltraSonicSensor             
200013f4  g_accelLSBg                    
200013d2  g_bDCMStarted                  
2000138c  g_fGyroData                    
200013f8  g_fGyroLSB                     
20001398  g_fMagData                     
200013fc  g_fMagLSB                      
200013ac  g_gyroDataRaw                  
20001401  g_loopCount                    
20001438  g_offsetData                   
20001410  g_p_t_fine                     
20000000  g_pfnRAMVectors                
00000000  g_pfnVectors                   
2000140c  g_ptrBME280RawData             
2000126c  g_sCompDCMInst                 
20001364  g_sRxPack                      
200013cc  g_t_fine                       
200013d8  g_ui32MaxThrottle              
200013dc  g_ui32ThrottleIncrement        
200013d4  g_ui32ZeroThrottle             
00000209  main                           
2000144c  main_func_sp                   
00006061  memcpy                         
0000628b  memset                         
20001318  sStatus                        
20001344  sThrottle                      
00005805  sqrt                           
00006c2d  sqrtf                          
00005805  sqrtl                          
00004e8d  strtod                         
00004e8d  strtold                        


GLOBAL SYMBOLS: SORTED BY Symbol Address 

address   name                           
-------   ----                           
00000000  __TI_static_base__             
00000000  g_pfnVectors                   
00000209  main                           
00000691  SysTickIntHandler              
000006e5  ConsoleIntHandler              
000007cd  RadioIntHandler                
00000995  GPSIntHandler                  
000009b1  GndMtr1IntHandler              
000009b3  GndMtr2IntHandler              
000009bd  SPIntHandler                   
000009e9  Timer2AInterrupt               
00000a31  Timer2BInterrupt               
00000a7d  Timer3AInterrupt               
00000ad9  Timer3BInterrupt               
00000b2d  Timer1AInterrupt               
00000b7d  Timer1BInterrupt               
00000bc9  SolenoidInterrupt              
00000beb  BMI160IntHandler               
00000c0d  BME280IntHandler               
00000c29  RadioTimeoutIntHandler         
00000c75  DCMUpdateTimer                 
00000db3  TurnOnLED                      
00000e19  TurnOffLED                     
00000e91  WaitForButtonPress             
00000f89  Menu                           
00001000  __STACK_SIZE                   
0000139d  ProcessGPS                     
0000176d  ProcessRadio                   
00001801  ProcessADC                     
00001849  ProcessUltraSonic              
000018b9  ActivateSolenoids              
000018e5  DeactivateSolenoids            
00001939  SendPacket                     
00001b81  ProcessIMUData                 
00001ee1  UpdateTrajectory               
000029a5  InitLED                        
000029d7  InitConsole                    
00002a29  InitRadio                      
00002afd  InitGPS                        
00002b4d  InitGndMotors                  
00002bd7  InitSolarPanels                
00002db1  InitUltraSonicSensor           
00002ffd  InitSolenoidEnablePins         
000030b5  InitIMU                        
00003205  InitAltimeter                  
000032ad  InitAirMtrs                    
000034fd  CompDCMInit                    
00003571  CompDCMAccelUpdate             
00003599  CompDCMGyroUpdate              
000035c1  CompDCMMagnetoUpdate           
000035e9  CompDCMStart                   
000036bd  CompDCMUpdate                  
0000399b  CompDCMMatrixGet               
000039ef  CompDCMComputeEulers           
00003a61  CompDCMComputeQuaternion       
00003da9  InitBMI160                     
00004407  __aeabi_idiv0                  
00004409  UARTStdioConfig                
0000444f  UARTwrite                      
00004495  UARTgets                       
0000454f  UARTgetc                       
00004575  UARTvprintf                    
0000486f  UARTprintf                     
000048a5  InitBME280                     
0000497b  GetBME280RawData               
00004993  BME280_compensate_T_int32      
00004a05  BME280_compensate_P_int64      
00004c4b  __aeabi_ldiv0                  
00004c4d  I2CBurstWrite                  
00004cdf  I2CSingleWrite                 
00004d0f  I2CRead                        
00004dff  I2CWait                        
00004e8b  __mpu_init                     
00004e8d  strtod                         
00004e8d  strtold                        
000050c9  __aeabi_ldivmod                
000052e7  _system_post_cinit             
000052e9  SysCtlClockFreqSet             
000054d5  __aeabi_dsub                   
000054df  __aeabi_dadd                   
0000568d  asinf                          
00005805  sqrt                           
00005805  sqrtl                          
00005975  atan2f                         
00005acd  atanf                          
00005c1d  __aeabi_ddiv                   
00005d53  GPIOPadConfigSet               
00005e85  __aeabi_dmul                   
00005f81  ButtonsPoll                    
00006021  ButtonsInit                    
00006061  __aeabi_memcpy                 
00006061  __aeabi_memcpy4                
00006061  __aeabi_memcpy8                
00006061  memcpy                         
000060fd  __aeabi_cdcmpeq                
000060fd  __aeabi_cdcmple                
00006183  __aeabi_cdrcmple               
00006209  ADCSequenceStepConfigure       
00006283  __aeabi_memclr                 
00006283  __aeabi_memclr4                
00006283  __aeabi_memclr8                
00006285  __aeabi_memset                 
00006285  __aeabi_memset4                
00006285  __aeabi_memset8                
0000628b  memset                         
000062fd  __TI_auto_init                 
0000636d  __aeabi_d2f                    
000063dd  IntEnable                      
00006445  __TI_decompress_lzss           
000064ad  TimerConfigure                 
0000650d  ADCSequenceConfigure           
00006565  ResetISR                       
000065bd  GPIOIntTypeSet                 
00006613  VectorCrossProduct             
00006669  _c_int00                       
000066bd  C$$EXIT                        
000066c1  abort                          
000066c9  exit                           
00006711  SysCtlPeripheralReset          
000067b1  I2CMasterInitExpClk            
00006849  copy_in                        
00006895  GPIOPinConfigure               
00006925  UARTConfigSetExpClk            
000069ed  __aeabi_uidiv                  
000069ed  __aeabi_uidivmod               
00006a2d  SysCtlPeripheralPresent        
00006a65  SysCtlPeripheralReady          
00006a9d  __aeabi_f2d                    
00006ad5  IntRegister                    
00006b09  SysCtlPeripheralDisable        
00006b3d  SysCtlPeripheralEnable         
00006b71  VectorAdd                      
00006ba3  __isnanf                       
00006bd3  ADCIntStatus                   
00006c01  GPIODirModeSet                 
00006c2d  sqrtf                          
00006c55  VectorDotProduct               
00006c7b  VectorScale                    
00006ca1  PWMGenConfigure                
00006cc5  UARTDisable                    
00006d05  ADCSequenceDataGet             
00006d23  PWMPulseWidthSet               
00006d41  SysTickIntRegister             
00006d5d  ADCClockConfigSet              
00006d75  ADCIntRegister                 
00006d8d  ADCProcessorTrigger            
00006da5  GPIOIntRegister                
00006dbd  GPIOPinTypeGPIOOutput          
00006dd5  TimerDisable                   
00006ded  TimerIntRegister               
00006e05  UARTIntRegister                
00006e1d  _args_main                     
00006e35  __aeabi_lmul                   
00006e4d  I2CMasterErr                   
00006e63  TimerControlEvent              
00006e79  PWMClockSet                    
00006e8d  SysTickEnable                  
00006ea1  SysTickIntEnable               
00006eb5  UARTEnable                     
00006ec9  _register_unlock               
00006ecf  _register_lock                 
00006ed7  _nop                           
00006edd  GPIOPinTypeADC                 
00006eef  GPIOPinTypeGPIOInput           
00006f01  GPIOPinTypeI2C                 
00006f13  GPIOPinTypeI2CSCL              
00006f25  GPIOPinTypePWM                 
00006f37  GPIOPinTypeTimer               
00006f49  GPIOPinTypeUART                
00006f5b  PWMGenPeriodGet                
00006f6d  PWMOutputState                 
00006f7f  TimerLoadSet                   
00006f91  TimerPrescaleSet               
00006fa3  atof                           
00006fb5  ADCIntEnable                   
00006fc5  FPUEnable                      
00006fd5  FPULazyStackingEnable          
00006fe5  IntMasterDisable               
00006ff5  IntMasterEnable                
00007005  PWMGenPeriodSet                
00007015  SysTickPeriodSet               
00007025  ADCSequenceDisable             
00007033  ADCSequenceEnable              
00007041  GPIOIntStatus                  
0000704f  TimerEnable                    
0000705d  UARTCharGetNonBlocking         
0000706b  UARTCharsAvail                 
00007079  __TI_decompress_none           
00007087  ADCReferenceSet                
00007093  CPUcpsid                       
0000709f  CPUcpsie                       
000070ab  GPIOIntEnable                  
000070b7  PWMGenEnable                   
000070c3  __TI_zero_init                 
000070cf  ADCIntClear                    
000070d9  I2CMasterDisable               
000070e3  I2CMasterEnable                
000070ed  TimerIntStatus                 
000070f7  TimerValueGet                  
00007101  UARTCharGet                    
0000710b  UARTCharPut                    
00007115  UARTIntStatus                  
0000711f  ADCBusy                        
00007127  I2CMasterBusBusy               
0000712f  I2CMasterBusy                  
00007137  I2CMasterSlaveAddrSet          
0000713f  TimerIntEnable                 
00007147  UARTIntEnable                  
0000714f  GPIOIntClear                   
00007155  GPIOPinRead                    
0000715b  GPIOPinWrite                   
00007161  SysCtlDelay                    
00007167  TimerClockSourceSet            
0000716d  UARTClockSourceSet             
00007173  I2CMasterControl               
00007177  I2CMasterDataGet               
0000717b  I2CMasterDataPut               
0000717f  TimerIntClear                  
00007183  UARTIntClear                   
00007187  _system_pre_init               
0000746c  _ctypes_                       
00007b0c  __TI_Handler_Table_Base        
00007b18  __TI_Handler_Table_Limit       
00007b28  __TI_CINIT_Base                
00007b40  __TI_CINIT_Limit               
20000000  g_pfnRAMVectors                
2000026c  __stack                        
2000046c  __STACK_TOP                    
2000126c  __STACK_END                    
2000126c  g_sCompDCMInst                 
200012c4  g_Pack                         
20001318  sStatus                        
20001344  sThrottle                      
20001364  g_sRxPack                      
20001380  g_BME280OffsetValues           
2000138c  g_fGyroData                    
20001398  g_fMagData                     
200013a4  g_BME280RawData                
200013ac  g_gyroDataRaw                  
200013b4  g_BME280OffsetUnsigned         
200013b8  g_Pressure                     
200013bc  g_SysClockSpeed                
200013c0  g_Temp                         
200013c4  g_TimerFallValue               
200013c8  g_TimerRiseValue               
200013cc  g_t_fine                       
200013d1  g_CharConsole                  
200013d2  g_bDCMStarted                  
200013d4  g_ui32ZeroThrottle             
200013d8  g_ui32MaxThrottle              
200013dc  g_ui32ThrottleIncrement        
200013e0  g_SysTickCount                 
200013e4  g_LED4On                       
200013e5  g_ConsoleFlag                  
200013e6  g_Quit                         
200013e7  g_ADCFlag                      
200013e8  g_RadioFlag                    
200013e9  g_PrintFlag                    
200013ea  g_GPSFlag                      
200013eb  g_GPSLEDOn                     
200013ec  g_GPSConnected                 
200013ed  g_PrintRawGPS                  
200013ee  g_TimerFirstPass               
200013ef  g_UltraSonicFlag               
200013f0  g_UltraSonicSensor             
200013f1  g_IMUDataFlag                  
200013f4  g_accelLSBg                    
200013f8  g_fGyroLSB                     
200013fc  g_fMagLSB                      
20001400  g_LED1On                       
20001401  g_loopCount                    
20001404  g_Accel2GFactor                
20001408  g_BME280Ready                  
20001409  g_PrintRawBMIData              
2000140c  g_ptrBME280RawData             
20001410  g_p_t_fine                     
20001418  __TI_cleanup_ptr               
2000141c  __TI_dtors_ptr                 
20001420  __TI_enable_exit_profile_output
20001424  g_GyroBias                     
20001430  _lock                          
20001434  _unlock                        
20001438  g_offsetData                   
20001448  errno                          
2000144c  main_func_sp                   
ffffffff  __TI_pprof_out_hndl            
ffffffff  __TI_prof_data_size            
ffffffff  __TI_prof_data_start           
ffffffff  __binit__                      
ffffffff  __c_args__                     
ffffffff  binit                          
UNDEFED   SHT$$INIT_ARRAY$$Base          
UNDEFED   SHT$$INIT_ARRAY$$Limit         

[293 symbols]
