<?xml version="1.0"?>
<link_info>
   <banner>TI ARM Linker PC v16.9.0.LTS</banner>
   <copyright>Copyright (c) 1996-2015 Texas Instruments Incorporated</copyright>
   <link_time>0x589aa1b9</link_time>
   <link_errors>0x0</link_errors>
   <output_file>APOPHIS v1.0.out</output_file>
   <entry_point>
      <name>_c_int00</name>
      <address>0x36ed</address>
   </entry_point>
   <input_file_list>
      <input_file id="fl-2">
         <path>.\</path>
         <kind>object</kind>
         <file>bme280.obj</file>
         <name>bme280.obj</name>
      </input_file>
      <input_file id="fl-3">
         <path>.\</path>
         <kind>object</kind>
         <file>bmi160.obj</file>
         <name>bmi160.obj</name>
      </input_file>
      <input_file id="fl-4">
         <path>.\</path>
         <kind>object</kind>
         <file>buttons.obj</file>
         <name>buttons.obj</name>
      </input_file>
      <input_file id="fl-5">
         <path>.\</path>
         <kind>object</kind>
         <file>i2c_driver.obj</file>
         <name>i2c_driver.obj</name>
      </input_file>
      <input_file id="fl-6">
         <path>.\</path>
         <kind>object</kind>
         <file>initializations.obj</file>
         <name>initializations.obj</name>
      </input_file>
      <input_file id="fl-7">
         <path>.\</path>
         <kind>object</kind>
         <file>main.obj</file>
         <name>main.obj</name>
      </input_file>
      <input_file id="fl-8">
         <path>.\</path>
         <kind>object</kind>
         <file>tm4c1294ncpdt_startup_ccs.obj</file>
         <name>tm4c1294ncpdt_startup_ccs.obj</name>
      </input_file>
      <input_file id="fl-9">
         <path>.\</path>
         <kind>object</kind>
         <file>uartstdio.obj</file>
         <name>uartstdio.obj</name>
      </input_file>
      <input_file id="fl-c5">
         <path>C:\CCS\ccsv7\tools\compiler\ti-cgt-arm_16.9.0.LTS\lib\</path>
         <kind>archive</kind>
         <file>rtsv7M4_T_le_v4SPD16_eabi.lib</file>
         <name>atof.obj</name>
      </input_file>
      <input_file id="fl-c6">
         <path>C:\CCS\ccsv7\tools\compiler\ti-cgt-arm_16.9.0.LTS\lib\</path>
         <kind>archive</kind>
         <file>rtsv7M4_T_le_v4SPD16_eabi.lib</file>
         <name>boot.obj</name>
      </input_file>
      <input_file id="fl-c7">
         <path>C:\CCS\ccsv7\tools\compiler\ti-cgt-arm_16.9.0.LTS\lib\</path>
         <kind>archive</kind>
         <file>rtsv7M4_T_le_v4SPD16_eabi.lib</file>
         <name>copy_decompress_lzss.obj</name>
      </input_file>
      <input_file id="fl-c8">
         <path>C:\CCS\ccsv7\tools\compiler\ti-cgt-arm_16.9.0.LTS\lib\</path>
         <kind>archive</kind>
         <file>rtsv7M4_T_le_v4SPD16_eabi.lib</file>
         <name>copy_decompress_none.obj</name>
      </input_file>
      <input_file id="fl-c9">
         <path>C:\CCS\ccsv7\tools\compiler\ti-cgt-arm_16.9.0.LTS\lib\</path>
         <kind>archive</kind>
         <file>rtsv7M4_T_le_v4SPD16_eabi.lib</file>
         <name>copy_zero_init.obj</name>
      </input_file>
      <input_file id="fl-ca">
         <path>C:\CCS\ccsv7\tools\compiler\ti-cgt-arm_16.9.0.LTS\lib\</path>
         <kind>archive</kind>
         <file>rtsv7M4_T_le_v4SPD16_eabi.lib</file>
         <name>exit.obj</name>
      </input_file>
      <input_file id="fl-cb">
         <path>C:\CCS\ccsv7\tools\compiler\ti-cgt-arm_16.9.0.LTS\lib\</path>
         <kind>archive</kind>
         <file>rtsv7M4_T_le_v4SPD16_eabi.lib</file>
         <name>fd_tos_t2.obj</name>
      </input_file>
      <input_file id="fl-cc">
         <path>C:\CCS\ccsv7\tools\compiler\ti-cgt-arm_16.9.0.LTS\lib\</path>
         <kind>archive</kind>
         <file>rtsv7M4_T_le_v4SPD16_eabi.lib</file>
         <name>memcpy_t2.obj</name>
      </input_file>
      <input_file id="fl-cd">
         <path>C:\CCS\ccsv7\tools\compiler\ti-cgt-arm_16.9.0.LTS\lib\</path>
         <kind>archive</kind>
         <file>rtsv7M4_T_le_v4SPD16_eabi.lib</file>
         <name>memset_t2.obj</name>
      </input_file>
      <input_file id="fl-ce">
         <path>C:\CCS\ccsv7\tools\compiler\ti-cgt-arm_16.9.0.LTS\lib\</path>
         <kind>archive</kind>
         <file>rtsv7M4_T_le_v4SPD16_eabi.lib</file>
         <name>mpu_init.obj</name>
      </input_file>
      <input_file id="fl-cf">
         <path>C:\CCS\ccsv7\tools\compiler\ti-cgt-arm_16.9.0.LTS\lib\</path>
         <kind>archive</kind>
         <file>rtsv7M4_T_le_v4SPD16_eabi.lib</file>
         <name>pre_init.obj</name>
      </input_file>
      <input_file id="fl-d0">
         <path>C:\CCS\ccsv7\tools\compiler\ti-cgt-arm_16.9.0.LTS\lib\</path>
         <kind>archive</kind>
         <file>rtsv7M4_T_le_v4SPD16_eabi.lib</file>
         <name>stkdepth_vars.obj</name>
      </input_file>
      <input_file id="fl-d1">
         <path>C:\CCS\ccsv7\tools\compiler\ti-cgt-arm_16.9.0.LTS\lib\</path>
         <kind>archive</kind>
         <file>rtsv7M4_T_le_v4SPD16_eabi.lib</file>
         <name>strtod.obj</name>
      </input_file>
      <input_file id="fl-d2">
         <path>C:\CCS\ccsv7\tools\compiler\ti-cgt-arm_16.9.0.LTS\lib\</path>
         <kind>archive</kind>
         <file>rtsv7M4_T_le_v4SPD16_eabi.lib</file>
         <name>u_divt2.obj</name>
      </input_file>
      <input_file id="fl-d3">
         <path>C:\CCS\ccsv7\tools\compiler\ti-cgt-arm_16.9.0.LTS\lib\</path>
         <kind>archive</kind>
         <file>rtsv7M4_T_le_v4SPD16_eabi.lib</file>
         <name>_lock.obj</name>
      </input_file>
      <input_file id="fl-d4">
         <path>C:\CCS\ccsv7\tools\compiler\ti-cgt-arm_16.9.0.LTS\lib\</path>
         <kind>archive</kind>
         <file>rtsv7M4_T_le_v4SPD16_eabi.lib</file>
         <name>args_main.obj</name>
      </input_file>
      <input_file id="fl-d5">
         <path>C:\CCS\ccsv7\tools\compiler\ti-cgt-arm_16.9.0.LTS\lib\</path>
         <kind>archive</kind>
         <file>rtsv7M4_T_le_v4SPD16_eabi.lib</file>
         <name>autoinit.obj</name>
      </input_file>
      <input_file id="fl-d6">
         <path>C:\CCS\ccsv7\tools\compiler\ti-cgt-arm_16.9.0.LTS\lib\</path>
         <kind>archive</kind>
         <file>rtsv7M4_T_le_v4SPD16_eabi.lib</file>
         <name>cpy_tbl.obj</name>
      </input_file>
      <input_file id="fl-d7">
         <path>C:\CCS\ccsv7\tools\compiler\ti-cgt-arm_16.9.0.LTS\lib\</path>
         <kind>archive</kind>
         <file>rtsv7M4_T_le_v4SPD16_eabi.lib</file>
         <name>ctype.obj</name>
      </input_file>
      <input_file id="fl-d8">
         <path>C:\CCS\ccsv7\tools\compiler\ti-cgt-arm_16.9.0.LTS\lib\</path>
         <kind>archive</kind>
         <file>rtsv7M4_T_le_v4SPD16_eabi.lib</file>
         <name>errno.obj</name>
      </input_file>
      <input_file id="fl-d9">
         <path>C:\CCS\ccsv7\tools\compiler\ti-cgt-arm_16.9.0.LTS\lib\</path>
         <kind>archive</kind>
         <file>rtsv7M4_T_le_v4SPD16_eabi.lib</file>
         <name>fd_add_t2.obj</name>
      </input_file>
      <input_file id="fl-da">
         <path>C:\CCS\ccsv7\tools\compiler\ti-cgt-arm_16.9.0.LTS\lib\</path>
         <kind>archive</kind>
         <file>rtsv7M4_T_le_v4SPD16_eabi.lib</file>
         <name>fd_cmp_t2.obj</name>
      </input_file>
      <input_file id="fl-db">
         <path>C:\CCS\ccsv7\tools\compiler\ti-cgt-arm_16.9.0.LTS\lib\</path>
         <kind>archive</kind>
         <file>rtsv7M4_T_le_v4SPD16_eabi.lib</file>
         <name>fd_div_t2.obj</name>
      </input_file>
      <input_file id="fl-dc">
         <path>C:\CCS\ccsv7\tools\compiler\ti-cgt-arm_16.9.0.LTS\lib\</path>
         <kind>archive</kind>
         <file>rtsv7M4_T_le_v4SPD16_eabi.lib</file>
         <name>fd_mul_t2.obj</name>
      </input_file>
      <input_file id="fl-dd">
         <path>C:\CCS\ccsv7\tools\compiler\ti-cgt-arm_16.9.0.LTS\lib\</path>
         <kind>archive</kind>
         <file>rtsv7M4_T_le_v4SPD16_eabi.lib</file>
         <name>i_div0.obj</name>
      </input_file>
      <input_file id="fl-de">
         <path>C:\CCS\ccsv7\tools\compiler\ti-cgt-arm_16.9.0.LTS\lib\</path>
         <kind>archive</kind>
         <file>rtsv7M4_T_le_v4SPD16_eabi.lib</file>
         <name>startup.obj</name>
      </input_file>
      <input_file id="fl-df">
         <path>C:\TivaWare\TM4C1294XL\driverlib\ccs\Debug\</path>
         <kind>archive</kind>
         <file>driverlib.lib</file>
         <name>adc.obj</name>
      </input_file>
      <input_file id="fl-e0">
         <path>C:\TivaWare\TM4C1294XL\driverlib\ccs\Debug\</path>
         <kind>archive</kind>
         <file>driverlib.lib</file>
         <name>fpu.obj</name>
      </input_file>
      <input_file id="fl-e1">
         <path>C:\TivaWare\TM4C1294XL\driverlib\ccs\Debug\</path>
         <kind>archive</kind>
         <file>driverlib.lib</file>
         <name>gpio.obj</name>
      </input_file>
      <input_file id="fl-e2">
         <path>C:\TivaWare\TM4C1294XL\driverlib\ccs\Debug\</path>
         <kind>archive</kind>
         <file>driverlib.lib</file>
         <name>i2c.obj</name>
      </input_file>
      <input_file id="fl-e3">
         <path>C:\TivaWare\TM4C1294XL\driverlib\ccs\Debug\</path>
         <kind>archive</kind>
         <file>driverlib.lib</file>
         <name>interrupt.obj</name>
      </input_file>
      <input_file id="fl-e4">
         <path>C:\TivaWare\TM4C1294XL\driverlib\ccs\Debug\</path>
         <kind>archive</kind>
         <file>driverlib.lib</file>
         <name>sysctl.obj</name>
      </input_file>
      <input_file id="fl-e5">
         <path>C:\TivaWare\TM4C1294XL\driverlib\ccs\Debug\</path>
         <kind>archive</kind>
         <file>driverlib.lib</file>
         <name>systick.obj</name>
      </input_file>
      <input_file id="fl-e6">
         <path>C:\TivaWare\TM4C1294XL\driverlib\ccs\Debug\</path>
         <kind>archive</kind>
         <file>driverlib.lib</file>
         <name>timer.obj</name>
      </input_file>
      <input_file id="fl-e7">
         <path>C:\TivaWare\TM4C1294XL\driverlib\ccs\Debug\</path>
         <kind>archive</kind>
         <file>driverlib.lib</file>
         <name>uart.obj</name>
      </input_file>
      <input_file id="fl-e8">
         <path>C:\TivaWare\TM4C1294XL\driverlib\ccs\Debug\</path>
         <kind>archive</kind>
         <file>driverlib.lib</file>
         <name>cpu.obj</name>
      </input_file>
   </input_file_list>
   <object_component_list>
      <object_component id="oc-f">
         <name>.intvecs</name>
         <load_address>0x0</load_address>
         <run_address>0x0</run_address>
         <size>0x208</size>
         <input_file_ref idref="fl-8"/>
      </object_component>
      <object_component id="oc-31">
         <name>.text</name>
         <load_address>0x208</load_address>
         <run_address>0x208</run_address>
         <size>0x1224</size>
         <input_file_ref idref="fl-7"/>
      </object_component>
      <object_component id="oc-98">
         <name>.text</name>
         <load_address>0x142c</load_address>
         <run_address>0x142c</run_address>
         <size>0x82c</size>
         <input_file_ref idref="fl-6"/>
      </object_component>
      <object_component id="oc-a4">
         <name>.text</name>
         <load_address>0x1c58</load_address>
         <run_address>0x1c58</run_address>
         <size>0x49c</size>
         <input_file_ref idref="fl-9"/>
      </object_component>
      <object_component id="oc-299">
         <name>.text</name>
         <load_address>0x20f4</load_address>
         <run_address>0x20f4</run_address>
         <size>0x44a</size>
         <input_file_ref idref="fl-3"/>
      </object_component>
      <object_component id="oc-3d9">
         <name>.text</name>
         <load_address>0x253e</load_address>
         <run_address>0x253e</run_address>
         <size>0x2</size>
         <input_file_ref idref="fl-dd"/>
      </object_component>
      <object_component id="oc-30c">
         <name>.text</name>
         <load_address>0x2540</load_address>
         <run_address>0x2540</run_address>
         <size>0x23c</size>
         <input_file_ref idref="fl-d1"/>
      </object_component>
      <object_component id="oc-159">
         <name>.text</name>
         <load_address>0x277c</load_address>
         <run_address>0x277c</run_address>
         <size>0x226</size>
         <input_file_ref idref="fl-5"/>
      </object_component>
      <object_component id="oc-5d">
         <name>.text</name>
         <load_address>0x29a2</load_address>
         <run_address>0x29a2</run_address>
         <size>0x2</size>
         <input_file_ref idref="fl-ce"/>
      </object_component>
      <object_component id="oc-8c">
         <name>.text:SysCtlClockFreqSet</name>
         <load_address>0x29a4</load_address>
         <run_address>0x29a4</run_address>
         <size>0x1ec</size>
         <input_file_ref idref="fl-e4"/>
      </object_component>
      <object_component id="oc-3f9">
         <name>.text</name>
         <load_address>0x2b90</load_address>
         <run_address>0x2b90</run_address>
         <size>0x1b6</size>
         <input_file_ref idref="fl-d9"/>
      </object_component>
      <object_component id="oc-403">
         <name>.text</name>
         <load_address>0x2d46</load_address>
         <run_address>0x2d46</run_address>
         <size>0x136</size>
         <input_file_ref idref="fl-db"/>
      </object_component>
      <object_component id="oc-2ad">
         <name>.text:GPIOPadConfigSet</name>
         <load_address>0x2e7c</load_address>
         <run_address>0x2e7c</run_address>
         <size>0x132</size>
         <input_file_ref idref="fl-e1"/>
      </object_component>
      <object_component id="oc-3f4">
         <name>.text</name>
         <load_address>0x2fae</load_address>
         <run_address>0x2fae</run_address>
         <size>0xfc</size>
         <input_file_ref idref="fl-dc"/>
      </object_component>
      <object_component id="oc-18c">
         <name>.text</name>
         <load_address>0x30aa</load_address>
         <run_address>0x30aa</run_address>
         <size>0x2</size>
         <input_file_ref idref="fl-de"/>
      </object_component>
      <object_component id="oc-9e">
         <name>.text</name>
         <load_address>0x30ac</load_address>
         <run_address>0x30ac</run_address>
         <size>0xe0</size>
         <input_file_ref idref="fl-4"/>
      </object_component>
      <object_component id="oc-45">
         <name>.text</name>
         <load_address>0x318c</load_address>
         <run_address>0x318c</run_address>
         <size>0x9c</size>
         <input_file_ref idref="fl-cc"/>
      </object_component>
      <object_component id="oc-bc">
         <name>.text</name>
         <load_address>0x3228</load_address>
         <run_address>0x3228</run_address>
         <size>0x88</size>
         <input_file_ref idref="fl-2"/>
      </object_component>
      <object_component id="oc-3fe">
         <name>.text:__aeabi_cdcmple</name>
         <load_address>0x32b0</load_address>
         <run_address>0x32b0</run_address>
         <size>0x86</size>
         <input_file_ref idref="fl-da"/>
      </object_component>
      <object_component id="oc-221">
         <name>.text:ADCSequenceStepConfigure</name>
         <load_address>0x3336</load_address>
         <run_address>0x3336</run_address>
         <size>0x7a</size>
         <input_file_ref idref="fl-df"/>
      </object_component>
      <object_component id="oc-51">
         <name>.text</name>
         <load_address>0x33b0</load_address>
         <run_address>0x33b0</run_address>
         <size>0x7a</size>
         <input_file_ref idref="fl-cd"/>
      </object_component>
      <object_component id="oc-69">
         <name>.text</name>
         <load_address>0x342c</load_address>
         <run_address>0x342c</run_address>
         <size>0x70</size>
         <input_file_ref idref="fl-d5"/>
      </object_component>
      <object_component id="oc-141">
         <name>.text</name>
         <load_address>0x349c</load_address>
         <run_address>0x349c</run_address>
         <size>0x6e</size>
         <input_file_ref idref="fl-cb"/>
      </object_component>
      <object_component id="oc-1eb">
         <name>.text:IntEnable</name>
         <load_address>0x350c</load_address>
         <run_address>0x350c</run_address>
         <size>0x68</size>
         <input_file_ref idref="fl-e3"/>
      </object_component>
      <object_component id="oc-12">
         <name>.text:decompress:lzss</name>
         <load_address>0x3574</load_address>
         <run_address>0x3574</run_address>
         <size>0x68</size>
         <input_file_ref idref="fl-c7"/>
      </object_component>
      <object_component id="oc-23f">
         <name>.text:TimerConfigure</name>
         <load_address>0x35dc</load_address>
         <run_address>0x35dc</run_address>
         <size>0x60</size>
         <input_file_ref idref="fl-e6"/>
      </object_component>
      <object_component id="oc-21b">
         <name>.text:ADCSequenceConfigure</name>
         <load_address>0x363c</load_address>
         <run_address>0x363c</run_address>
         <size>0x58</size>
         <input_file_ref idref="fl-df"/>
      </object_component>
      <object_component id="oc-275">
         <name>.text:GPIOIntTypeSet</name>
         <load_address>0x3694</load_address>
         <run_address>0x3694</run_address>
         <size>0x56</size>
         <input_file_ref idref="fl-e1"/>
      </object_component>
      <object_component id="oc-24">
         <name>.text</name>
         <load_address>0x36ec</load_address>
         <run_address>0x36ec</run_address>
         <size>0x54</size>
         <input_file_ref idref="fl-c6"/>
      </object_component>
      <object_component id="oc-75">
         <name>.text</name>
         <load_address>0x3740</load_address>
         <run_address>0x3740</run_address>
         <size>0x54</size>
         <input_file_ref idref="fl-ca"/>
      </object_component>
      <object_component id="oc-3a2">
         <name>.text:_ADCIntNumberGet</name>
         <load_address>0x3794</load_address>
         <run_address>0x3794</run_address>
         <size>0x50</size>
         <input_file_ref idref="fl-df"/>
      </object_component>
      <object_component id="oc-287">
         <name>.text:I2CMasterInitExpClk</name>
         <load_address>0x37e4</load_address>
         <run_address>0x37e4</run_address>
         <size>0x4c</size>
         <input_file_ref idref="fl-e2"/>
      </object_component>
      <object_component id="oc-3af">
         <name>.text:_TimerIntNumberGet</name>
         <load_address>0x3830</load_address>
         <run_address>0x3830</run_address>
         <size>0x4c</size>
         <input_file_ref idref="fl-e6"/>
      </object_component>
      <object_component id="oc-186">
         <name>.text</name>
         <load_address>0x387c</load_address>
         <run_address>0x387c</run_address>
         <size>0x4c</size>
         <input_file_ref idref="fl-d6"/>
      </object_component>
      <object_component id="oc-1d9">
         <name>.text:GPIOPinConfigure</name>
         <load_address>0x38c8</load_address>
         <run_address>0x38c8</run_address>
         <size>0x48</size>
         <input_file_ref idref="fl-e1"/>
      </object_component>
      <object_component id="oc-1a9">
         <name>.text:_SysCtlFrequencyGet</name>
         <load_address>0x3910</load_address>
         <run_address>0x3910</run_address>
         <size>0x48</size>
         <input_file_ref idref="fl-e4"/>
      </object_component>
      <object_component id="oc-1fd">
         <name>.text:UARTConfigSetExpClk</name>
         <load_address>0x3958</load_address>
         <run_address>0x3958</run_address>
         <size>0x46</size>
         <input_file_ref idref="fl-e7"/>
      </object_component>
      <object_component id="oc-3bb">
         <name>.text:_GPIOIntNumberGet</name>
         <load_address>0x39a0</load_address>
         <run_address>0x39a0</run_address>
         <size>0x40</size>
         <input_file_ref idref="fl-e1"/>
      </object_component>
      <object_component id="oc-38d">
         <name>.text:_UARTIntNumberGet</name>
         <load_address>0x39e0</load_address>
         <run_address>0x39e0</run_address>
         <size>0x40</size>
         <input_file_ref idref="fl-e7"/>
      </object_component>
      <object_component id="oc-2cd">
         <name>.text</name>
         <load_address>0x3a20</load_address>
         <run_address>0x3a20</run_address>
         <size>0x40</size>
         <input_file_ref idref="fl-d2"/>
      </object_component>
      <object_component id="oc-2b8">
         <name>.text:SysCtlPeripheralPresent</name>
         <load_address>0x3a60</load_address>
         <run_address>0x3a60</run_address>
         <size>0x38</size>
         <input_file_ref idref="fl-e4"/>
      </object_component>
      <object_component id="oc-379">
         <name>.text:IntRegister</name>
         <load_address>0x3a98</load_address>
         <run_address>0x3a98</run_address>
         <size>0x34</size>
         <input_file_ref idref="fl-e3"/>
      </object_component>
      <object_component id="oc-1c1">
         <name>.text:SysCtlPeripheralEnable</name>
         <load_address>0x3acc</load_address>
         <run_address>0x3acc</run_address>
         <size>0x34</size>
         <input_file_ref idref="fl-e4"/>
      </object_component>
      <object_component id="oc-da">
         <name>.text:ADCIntStatus</name>
         <load_address>0x3b00</load_address>
         <run_address>0x3b00</run_address>
         <size>0x2e</size>
         <input_file_ref idref="fl-df"/>
      </object_component>
      <object_component id="oc-2a7">
         <name>.text:GPIODirModeSet</name>
         <load_address>0x3b2e</load_address>
         <run_address>0x3b2e</run_address>
         <size>0x2a</size>
         <input_file_ref idref="fl-e1"/>
      </object_component>
      <object_component id="oc-394">
         <name>.text:UARTDisable</name>
         <load_address>0x3b58</load_address>
         <run_address>0x3b58</run_address>
         <size>0x20</size>
         <input_file_ref idref="fl-e7"/>
      </object_component>
      <object_component id="oc-1a3">
         <name>.text:_SysCtlMemTimingGet</name>
         <load_address>0x3b78</load_address>
         <run_address>0x3b78</run_address>
         <size>0x20</size>
         <input_file_ref idref="fl-e4"/>
      </object_component>
      <object_component id="oc-14c">
         <name>.text:ADCSequenceDataGet</name>
         <load_address>0x3b98</load_address>
         <run_address>0x3b98</run_address>
         <size>0x1e</size>
         <input_file_ref idref="fl-df"/>
      </object_component>
      <object_component id="oc-1cd">
         <name>.text:SysTickIntRegister</name>
         <load_address>0x3bb8</load_address>
         <run_address>0x3bb8</run_address>
         <size>0x1c</size>
         <input_file_ref idref="fl-e5"/>
      </object_component>
      <object_component id="oc-209">
         <name>.text:ADCClockConfigSet</name>
         <load_address>0x3bd4</load_address>
         <run_address>0x3bd4</run_address>
         <size>0x18</size>
         <input_file_ref idref="fl-df"/>
      </object_component>
      <object_component id="oc-22d">
         <name>.text:ADCIntRegister</name>
         <load_address>0x3bec</load_address>
         <run_address>0x3bec</run_address>
         <size>0x18</size>
         <input_file_ref idref="fl-df"/>
      </object_component>
      <object_component id="oc-122">
         <name>.text:ADCProcessorTrigger</name>
         <load_address>0x3c04</load_address>
         <run_address>0x3c04</run_address>
         <size>0x18</size>
         <input_file_ref idref="fl-df"/>
      </object_component>
      <object_component id="oc-27b">
         <name>.text:GPIOIntRegister</name>
         <load_address>0x3c1c</load_address>
         <run_address>0x3c1c</run_address>
         <size>0x18</size>
         <input_file_ref idref="fl-e1"/>
      </object_component>
      <object_component id="oc-1c7">
         <name>.text:GPIOPinTypeGPIOOutput</name>
         <load_address>0x3c34</load_address>
         <run_address>0x3c34</run_address>
         <size>0x18</size>
         <input_file_ref idref="fl-e1"/>
      </object_component>
      <object_component id="oc-102">
         <name>.text:TimerDisable</name>
         <load_address>0x3c4c</load_address>
         <run_address>0x3c4c</run_address>
         <size>0x18</size>
         <input_file_ref idref="fl-e6"/>
      </object_component>
      <object_component id="oc-257">
         <name>.text:TimerIntRegister</name>
         <load_address>0x3c64</load_address>
         <run_address>0x3c64</run_address>
         <size>0x18</size>
         <input_file_ref idref="fl-e6"/>
      </object_component>
      <object_component id="oc-1f7">
         <name>.text:UARTIntRegister</name>
         <load_address>0x3c7c</load_address>
         <run_address>0x3c7c</run_address>
         <size>0x18</size>
         <input_file_ref idref="fl-e7"/>
      </object_component>
      <object_component id="oc-6f">
         <name>.text</name>
         <load_address>0x3c94</load_address>
         <run_address>0x3c94</run_address>
         <size>0x18</size>
         <input_file_ref idref="fl-d4"/>
      </object_component>
      <object_component id="oc-336">
         <name>.text:I2CMasterErr</name>
         <load_address>0x3cac</load_address>
         <run_address>0x3cac</run_address>
         <size>0x16</size>
         <input_file_ref idref="fl-e2"/>
      </object_component>
      <object_component id="oc-245">
         <name>.text:TimerControlEvent</name>
         <load_address>0x3cc2</load_address>
         <run_address>0x3cc2</run_address>
         <size>0x16</size>
         <input_file_ref idref="fl-e6"/>
      </object_component>
      <object_component id="oc-b6">
         <name>.text:SysTickEnable</name>
         <load_address>0x3cd8</load_address>
         <run_address>0x3cd8</run_address>
         <size>0x14</size>
         <input_file_ref idref="fl-e5"/>
      </object_component>
      <object_component id="oc-1d3">
         <name>.text:SysTickIntEnable</name>
         <load_address>0x3cec</load_address>
         <run_address>0x3cec</run_address>
         <size>0x14</size>
         <input_file_ref idref="fl-e5"/>
      </object_component>
      <object_component id="oc-2be">
         <name>.text:UARTEnable</name>
         <load_address>0x3d00</load_address>
         <run_address>0x3d00</run_address>
         <size>0x14</size>
         <input_file_ref idref="fl-e7"/>
      </object_component>
      <object_component id="oc-358">
         <name>.text</name>
         <load_address>0x3d14</load_address>
         <run_address>0x3d14</run_address>
         <size>0x14</size>
         <input_file_ref idref="fl-d3"/>
      </object_component>
      <object_component id="oc-215">
         <name>.text:GPIOPinTypeADC</name>
         <load_address>0x3d28</load_address>
         <run_address>0x3d28</run_address>
         <size>0x12</size>
         <input_file_ref idref="fl-e1"/>
      </object_component>
      <object_component id="oc-26f">
         <name>.text:GPIOPinTypeGPIOInput</name>
         <load_address>0x3d3a</load_address>
         <run_address>0x3d3a</run_address>
         <size>0x12</size>
         <input_file_ref idref="fl-e1"/>
      </object_component>
      <object_component id="oc-263">
         <name>.text:GPIOPinTypeI2C</name>
         <load_address>0x3d4c</load_address>
         <run_address>0x3d4c</run_address>
         <size>0x12</size>
         <input_file_ref idref="fl-e1"/>
      </object_component>
      <object_component id="oc-269">
         <name>.text:GPIOPinTypeI2CSCL</name>
         <load_address>0x3d5e</load_address>
         <run_address>0x3d5e</run_address>
         <size>0x12</size>
         <input_file_ref idref="fl-e1"/>
      </object_component>
      <object_component id="oc-239">
         <name>.text:GPIOPinTypeTimer</name>
         <load_address>0x3d70</load_address>
         <run_address>0x3d70</run_address>
         <size>0x12</size>
         <input_file_ref idref="fl-e1"/>
      </object_component>
      <object_component id="oc-1e5">
         <name>.text:GPIOPinTypeUART</name>
         <load_address>0x3d82</load_address>
         <run_address>0x3d82</run_address>
         <size>0x12</size>
         <input_file_ref idref="fl-e1"/>
      </object_component>
      <object_component id="oc-25d">
         <name>.text:TimerLoadSet</name>
         <load_address>0x3d94</load_address>
         <run_address>0x3d94</run_address>
         <size>0x12</size>
         <input_file_ref idref="fl-e6"/>
      </object_component>
      <object_component id="oc-24b">
         <name>.text:TimerPrescaleSet</name>
         <load_address>0x3da6</load_address>
         <run_address>0x3da6</run_address>
         <size>0x12</size>
         <input_file_ref idref="fl-e6"/>
      </object_component>
      <object_component id="oc-13b">
         <name>.text</name>
         <load_address>0x3db8</load_address>
         <run_address>0x3db8</run_address>
         <size>0x12</size>
         <input_file_ref idref="fl-c5"/>
      </object_component>
      <object_component id="oc-227">
         <name>.text:ADCIntEnable</name>
         <load_address>0x3dca</load_address>
         <run_address>0x3dca</run_address>
         <size>0x10</size>
         <input_file_ref idref="fl-df"/>
      </object_component>
      <object_component id="oc-80">
         <name>.text:FPUEnable</name>
         <load_address>0x3ddc</load_address>
         <run_address>0x3ddc</run_address>
         <size>0x10</size>
         <input_file_ref idref="fl-e0"/>
      </object_component>
      <object_component id="oc-86">
         <name>.text:FPULazyStackingEnable</name>
         <load_address>0x3dec</load_address>
         <run_address>0x3dec</run_address>
         <size>0x10</size>
         <input_file_ref idref="fl-e0"/>
      </object_component>
      <object_component id="oc-92">
         <name>.text:IntMasterDisable</name>
         <load_address>0x3dfc</load_address>
         <run_address>0x3dfc</run_address>
         <size>0x10</size>
         <input_file_ref idref="fl-e3"/>
      </object_component>
      <object_component id="oc-aa">
         <name>.text:IntMasterEnable</name>
         <load_address>0x3e0c</load_address>
         <run_address>0x3e0c</run_address>
         <size>0x10</size>
         <input_file_ref idref="fl-e3"/>
      </object_component>
      <object_component id="oc-b0">
         <name>.text:SysTickPeriodSet</name>
         <load_address>0x3e1c</load_address>
         <run_address>0x3e1c</run_address>
         <size>0x10</size>
         <input_file_ref idref="fl-e5"/>
      </object_component>
      <object_component id="oc-203">
         <name>.text:ADCSequenceDisable</name>
         <load_address>0x3e2c</load_address>
         <run_address>0x3e2c</run_address>
         <size>0xe</size>
         <input_file_ref idref="fl-df"/>
      </object_component>
      <object_component id="oc-233">
         <name>.text:ADCSequenceEnable</name>
         <load_address>0x3e3a</load_address>
         <run_address>0x3e3a</run_address>
         <size>0xe</size>
         <input_file_ref idref="fl-df"/>
      </object_component>
      <object_component id="oc-108">
         <name>.text:GPIOIntStatus</name>
         <load_address>0x3e48</load_address>
         <run_address>0x3e48</run_address>
         <size>0xe</size>
         <input_file_ref idref="fl-e1"/>
      </object_component>
      <object_component id="oc-152">
         <name>.text:TimerEnable</name>
         <load_address>0x3e56</load_address>
         <run_address>0x3e56</run_address>
         <size>0xe</size>
         <input_file_ref idref="fl-e6"/>
      </object_component>
      <object_component id="oc-d4">
         <name>.text:UARTCharGetNonBlocking</name>
         <load_address>0x3e64</load_address>
         <run_address>0x3e64</run_address>
         <size>0xe</size>
         <input_file_ref idref="fl-e7"/>
      </object_component>
      <object_component id="oc-146">
         <name>.text:UARTCharPutNonBlocking</name>
         <load_address>0x3e72</load_address>
         <run_address>0x3e72</run_address>
         <size>0xe</size>
         <input_file_ref idref="fl-e7"/>
      </object_component>
      <object_component id="oc-135">
         <name>.text:UARTCharsAvail</name>
         <load_address>0x3e80</load_address>
         <run_address>0x3e80</run_address>
         <size>0xe</size>
         <input_file_ref idref="fl-e7"/>
      </object_component>
      <object_component id="oc-18">
         <name>.text:decompress:none</name>
         <load_address>0x3e8e</load_address>
         <run_address>0x3e8e</run_address>
         <size>0xe</size>
         <input_file_ref idref="fl-c8"/>
      </object_component>
      <object_component id="oc-20f">
         <name>.text:ADCReferenceSet</name>
         <load_address>0x3e9c</load_address>
         <run_address>0x3e9c</run_address>
         <size>0xc</size>
         <input_file_ref idref="fl-df"/>
      </object_component>
      <object_component id="oc-1ba">
         <name>.text:CPUcpsid</name>
         <load_address>0x3ea8</load_address>
         <run_address>0x3ea8</run_address>
         <size>0xc</size>
         <input_file_ref idref="fl-e8"/>
      </object_component>
      <object_component id="oc-2dc">
         <name>.text:CPUcpsie</name>
         <load_address>0x3eb4</load_address>
         <run_address>0x3eb4</run_address>
         <size>0xc</size>
         <input_file_ref idref="fl-e8"/>
      </object_component>
      <object_component id="oc-281">
         <name>.text:GPIOIntEnable</name>
         <load_address>0x3ec0</load_address>
         <run_address>0x3ec0</run_address>
         <size>0xc</size>
         <input_file_ref idref="fl-e1"/>
      </object_component>
      <object_component id="oc-1e">
         <name>.text:decompress:ZI</name>
         <load_address>0x3ecc</load_address>
         <run_address>0x3ecc</run_address>
         <size>0xc</size>
         <input_file_ref idref="fl-c9"/>
      </object_component>
      <object_component id="oc-2b">
         <name>.text</name>
         <load_address>0x3ed8</load_address>
         <run_address>0x3ed8</run_address>
         <size>0xc</size>
         <input_file_ref idref="fl-8"/>
      </object_component>
      <object_component id="oc-e0">
         <name>.text:ADCIntClear</name>
         <load_address>0x3ee4</load_address>
         <run_address>0x3ee4</run_address>
         <size>0xa</size>
         <input_file_ref idref="fl-df"/>
      </object_component>
      <object_component id="oc-c2">
         <name>.text:I2CMasterDisable</name>
         <load_address>0x3eee</load_address>
         <run_address>0x3eee</run_address>
         <size>0xa</size>
         <input_file_ref idref="fl-e2"/>
      </object_component>
      <object_component id="oc-28d">
         <name>.text:I2CMasterEnable</name>
         <load_address>0x3ef8</load_address>
         <run_address>0x3ef8</run_address>
         <size>0xa</size>
         <input_file_ref idref="fl-e2"/>
      </object_component>
      <object_component id="oc-e6">
         <name>.text:TimerIntStatus</name>
         <load_address>0x3f02</load_address>
         <run_address>0x3f02</run_address>
         <size>0xa</size>
         <input_file_ref idref="fl-e6"/>
      </object_component>
      <object_component id="oc-f2">
         <name>.text:TimerValueGet</name>
         <load_address>0x3f0c</load_address>
         <run_address>0x3f0c</run_address>
         <size>0xa</size>
         <input_file_ref idref="fl-e6"/>
      </object_component>
      <object_component id="oc-129">
         <name>.text:UARTCharGet</name>
         <load_address>0x3f16</load_address>
         <run_address>0x3f16</run_address>
         <size>0xa</size>
         <input_file_ref idref="fl-e7"/>
      </object_component>
      <object_component id="oc-12f">
         <name>.text:UARTCharPut</name>
         <load_address>0x3f20</load_address>
         <run_address>0x3f20</run_address>
         <size>0xa</size>
         <input_file_ref idref="fl-e7"/>
      </object_component>
      <object_component id="oc-c8">
         <name>.text:UARTIntStatus</name>
         <load_address>0x3f2a</load_address>
         <run_address>0x3f2a</run_address>
         <size>0xa</size>
         <input_file_ref idref="fl-e7"/>
      </object_component>
      <object_component id="oc-11c">
         <name>.text:ADCBusy</name>
         <load_address>0x3f34</load_address>
         <run_address>0x3f34</run_address>
         <size>0x8</size>
         <input_file_ref idref="fl-df"/>
      </object_component>
      <object_component id="oc-293">
         <name>.text:I2CMasterBusBusy</name>
         <load_address>0x3f3c</load_address>
         <run_address>0x3f3c</run_address>
         <size>0x8</size>
         <input_file_ref idref="fl-e2"/>
      </object_component>
      <object_component id="oc-330">
         <name>.text:I2CMasterBusy</name>
         <load_address>0x3f44</load_address>
         <run_address>0x3f44</run_address>
         <size>0x8</size>
         <input_file_ref idref="fl-e2"/>
      </object_component>
      <object_component id="oc-318">
         <name>.text:I2CMasterSlaveAddrSet</name>
         <load_address>0x3f4c</load_address>
         <run_address>0x3f4c</run_address>
         <size>0x8</size>
         <input_file_ref idref="fl-e2"/>
      </object_component>
      <object_component id="oc-251">
         <name>.text:TimerIntEnable</name>
         <load_address>0x3f54</load_address>
         <run_address>0x3f54</run_address>
         <size>0x8</size>
         <input_file_ref idref="fl-e6"/>
      </object_component>
      <object_component id="oc-1f1">
         <name>.text:UARTIntEnable</name>
         <load_address>0x3f5c</load_address>
         <run_address>0x3f5c</run_address>
         <size>0x8</size>
         <input_file_ref idref="fl-e7"/>
      </object_component>
      <object_component id="oc-10e">
         <name>.text:GPIOIntClear</name>
         <load_address>0x3f64</load_address>
         <run_address>0x3f64</run_address>
         <size>0x6</size>
         <input_file_ref idref="fl-e1"/>
      </object_component>
      <object_component id="oc-2a1">
         <name>.text:GPIOPinRead</name>
         <load_address>0x3f6a</load_address>
         <run_address>0x3f6a</run_address>
         <size>0x6</size>
         <input_file_ref idref="fl-e1"/>
      </object_component>
      <object_component id="oc-114">
         <name>.text:GPIOPinWrite</name>
         <load_address>0x3f70</load_address>
         <run_address>0x3f70</run_address>
         <size>0x6</size>
         <input_file_ref idref="fl-e1"/>
      </object_component>
      <object_component id="oc-128">
         <name>.text:SysCtlDelay</name>
         <load_address>0x3f76</load_address>
         <run_address>0x3f76</run_address>
         <size>0x6</size>
         <input_file_ref idref="fl-e4"/>
      </object_component>
      <object_component id="oc-1df">
         <name>.text:UARTClockSourceSet</name>
         <load_address>0x3f7c</load_address>
         <run_address>0x3f7c</run_address>
         <size>0x6</size>
         <input_file_ref idref="fl-e7"/>
      </object_component>
      <object_component id="oc-324">
         <name>.text:I2CMasterControl</name>
         <load_address>0x3f82</load_address>
         <run_address>0x3f82</run_address>
         <size>0x4</size>
         <input_file_ref idref="fl-e2"/>
      </object_component>
      <object_component id="oc-32a">
         <name>.text:I2CMasterDataGet</name>
         <load_address>0x3f86</load_address>
         <run_address>0x3f86</run_address>
         <size>0x4</size>
         <input_file_ref idref="fl-e2"/>
      </object_component>
      <object_component id="oc-31e">
         <name>.text:I2CMasterDataPut</name>
         <load_address>0x3f8a</load_address>
         <run_address>0x3f8a</run_address>
         <size>0x4</size>
         <input_file_ref idref="fl-e2"/>
      </object_component>
      <object_component id="oc-ec">
         <name>.text:TimerIntClear</name>
         <load_address>0x3f8e</load_address>
         <run_address>0x3f8e</run_address>
         <size>0x4</size>
         <input_file_ref idref="fl-e6"/>
      </object_component>
      <object_component id="oc-ce">
         <name>.text:UARTIntClear</name>
         <load_address>0x3f92</load_address>
         <run_address>0x3f92</run_address>
         <size>0x4</size>
         <input_file_ref idref="fl-e7"/>
      </object_component>
      <object_component id="oc-63">
         <name>.text</name>
         <load_address>0x3f96</load_address>
         <run_address>0x3f96</run_address>
         <size>0x4</size>
         <input_file_ref idref="fl-cf"/>
      </object_component>
      <object_component id="oc-1b2">
         <name>.const:g_pppui32XTALtoVCO</name>
         <load_address>0x3fa0</load_address>
         <run_address>0x3fa0</run_address>
         <size>0x1b0</size>
         <input_file_ref idref="fl-e4"/>
      </object_component>
      <object_component id="oc-408">
         <name>.const:.string:_ctypes_</name>
         <load_address>0x4150</load_address>
         <run_address>0x4150</run_address>
         <size>0x101</size>
         <input_file_ref idref="fl-d7"/>
      </object_component>
      <object_component id="oc-449">
         <name>.const:g_ppui32GPIOIntMapBlizzard</name>
         <load_address>0x4254</load_address>
         <run_address>0x4254</run_address>
         <size>0xc0</size>
         <input_file_ref idref="fl-e1"/>
      </object_component>
      <object_component id="oc-44c">
         <name>.const:g_ppui32GPIOIntMapSnowflake</name>
         <load_address>0x4314</load_address>
         <run_address>0x4314</run_address>
         <size>0xc0</size>
         <input_file_ref idref="fl-e1"/>
      </object_component>
      <object_component id="oc-2d2">
         <name>.const</name>
         <load_address>0x43d4</load_address>
         <run_address>0x43d4</run_address>
         <size>0x4</size>
         <input_file_ref idref="fl-9"/>
      </object_component>
      <object_component id="oc-40b">
         <name>.const:$O1$$</name>
         <load_address>0x43d8</load_address>
         <run_address>0x43d8</run_address>
         <size>0x98</size>
         <input_file_ref idref="fl-d1"/>
      </object_component>
      <object_component id="oc-381">
         <name>.const:g_pui32GPIOBaseAddrs</name>
         <load_address>0x4470</load_address>
         <run_address>0x4470</run_address>
         <size>0x90</size>
         <input_file_ref idref="fl-e1"/>
      </object_component>
      <object_component id="oc-387">
         <name>.const</name>
         <load_address>0x4500</load_address>
         <run_address>0x4500</run_address>
         <size>0x70</size>
         <input_file_ref idref="fl-e3"/>
      </object_component>
      <object_component id="oc-1af">
         <name>.const:g_pui32Xtals</name>
         <load_address>0x4570</load_address>
         <run_address>0x4570</run_address>
         <size>0x6c</size>
         <input_file_ref idref="fl-e4"/>
      </object_component>
      <object_component id="oc-442">
         <name>.const:g_ppui32TimerIntMap</name>
         <load_address>0x45dc</load_address>
         <run_address>0x45dc</run_address>
         <size>0x60</size>
         <input_file_ref idref="fl-e6"/>
      </object_component>
      <object_component id="oc-445">
         <name>.const:g_ppui32TimerIntMapSnowflake</name>
         <load_address>0x463c</load_address>
         <run_address>0x463c</run_address>
         <size>0x40</size>
         <input_file_ref idref="fl-e6"/>
      </object_component>
      <object_component id="oc-439">
         <name>.const:g_ppui32UARTIntMap</name>
         <load_address>0x467c</load_address>
         <run_address>0x467c</run_address>
         <size>0x40</size>
         <input_file_ref idref="fl-e7"/>
      </object_component>
      <object_component id="oc-43c">
         <name>.const:g_ppui32UARTIntMapSnowflake</name>
         <load_address>0x46bc</load_address>
         <run_address>0x46bc</run_address>
         <size>0x40</size>
         <input_file_ref idref="fl-e7"/>
      </object_component>
      <object_component id="oc-364">
         <name>.const:g_sXTALtoMEMTIM</name>
         <load_address>0x46fc</load_address>
         <run_address>0x46fc</run_address>
         <size>0x30</size>
         <input_file_ref idref="fl-e4"/>
      </object_component>
      <object_component id="oc-3e0">
         <name>.const:.string</name>
         <load_address>0x472c</load_address>
         <run_address>0x472c</run_address>
         <size>0x12</size>
         <input_file_ref idref="fl-9"/>
      </object_component>
      <object_component id="oc-2ca">
         <name>.const:g_ui32UARTBase</name>
         <load_address>0x4740</load_address>
         <run_address>0x4740</run_address>
         <size>0xc</size>
         <input_file_ref idref="fl-9"/>
      </object_component>
      <object_component id="oc-2c4">
         <name>.const:g_ui32UARTPeriph</name>
         <load_address>0x474c</load_address>
         <run_address>0x474c</run_address>
         <size>0xc</size>
         <input_file_ref idref="fl-9"/>
      </object_component>
      <object_component id="oc-1b5">
         <name>.const</name>
         <load_address>0x4758</load_address>
         <run_address>0x4758</run_address>
         <size>0x8</size>
         <input_file_ref idref="fl-e4"/>
      </object_component>
      <object_component id="oc-492">
         <name>.cinit..data.load</name>
         <load_address>0x4760</load_address>
         <run_address>0x4760</run_address>
         <size>0x2b</size>
      </object_component>
      <object_component id="oc-48f">
         <name>__TI_handler_table</name>
         <load_address>0x478c</load_address>
         <run_address>0x478c</run_address>
         <size>0xc</size>
      </object_component>
      <object_component id="oc-493">
         <name>.cinit..bss.load</name>
         <load_address>0x4798</load_address>
         <run_address>0x4798</run_address>
         <size>0x8</size>
      </object_component>
      <object_component id="oc-491">
         <name>.cinit..vtable.load</name>
         <load_address>0x47a0</load_address>
         <run_address>0x47a0</run_address>
         <size>0x8</size>
      </object_component>
      <object_component id="oc-490">
         <name>__TI_cinit_table</name>
         <load_address>0x47a8</load_address>
         <run_address>0x47a8</run_address>
         <size>0x18</size>
      </object_component>
      <object_component id="oc-42f">
         <name>.vtable</name>
         <uninitialized>true</uninitialized>
         <run_address>0x20000000</run_address>
         <size>0x26c</size>
         <input_file_ref idref="fl-e3"/>
      </object_component>
      <object_component id="oc-2b3">
         <name>.data</name>
         <load_address>0x20000b29</load_address>
         <run_address>0x20000b29</run_address>
         <size>0x3</size>
         <input_file_ref idref="fl-4"/>
      </object_component>
      <object_component id="oc-fe">
         <name>.data</name>
         <load_address>0x20000ae4</load_address>
         <run_address>0x20000ae4</run_address>
         <size>0x24</size>
         <input_file_ref idref="fl-7"/>
      </object_component>
      <object_component id="oc-fb">
         <name>.data:g_offsetData</name>
         <load_address>0x20000b1c</load_address>
         <run_address>0x20000b1c</run_address>
         <size>0x7</size>
         <input_file_ref idref="fl-7"/>
      </object_component>
      <object_component id="oc-2c7">
         <name>.data</name>
         <load_address>0x20000b24</load_address>
         <run_address>0x20000b24</run_address>
         <size>0x5</size>
         <input_file_ref idref="fl-9"/>
      </object_component>
      <object_component id="oc-196">
         <name>.data:$O1$$</name>
         <load_address>0x20000b08</load_address>
         <run_address>0x20000b08</run_address>
         <size>0xc</size>
         <input_file_ref idref="fl-ca"/>
      </object_component>
      <object_component id="oc-7b">
         <name>.data</name>
         <load_address>0x20000b30</load_address>
         <run_address>0x20000b30</run_address>
         <size>0x4</size>
         <input_file_ref idref="fl-d0"/>
      </object_component>
      <object_component id="oc-199">
         <name>.data:$O1$$</name>
         <load_address>0x20000b14</load_address>
         <run_address>0x20000b14</run_address>
         <size>0x8</size>
         <input_file_ref idref="fl-d3"/>
      </object_component>
      <object_component id="oc-40e">
         <name>.data</name>
         <load_address>0x20000b2c</load_address>
         <run_address>0x20000b2c</run_address>
         <size>0x4</size>
         <input_file_ref idref="fl-d8"/>
      </object_component>
      <object_component id="oc-158">
         <name>.common:g_Pack</name>
         <uninitialized>true</uninitialized>
         <run_address>0x20000a6c</run_address>
         <size>0x50</size>
      </object_component>
      <object_component id="oc-f8">
         <name>.common:g_SysClockSpeed</name>
         <uninitialized>true</uninitialized>
         <run_address>0x20000ad4</run_address>
         <size>0x4</size>
      </object_component>
      <object_component id="oc-101">
         <name>.common:g_CharConsole</name>
         <uninitialized>true</uninitialized>
         <run_address>0x20000ae0</run_address>
         <size>0x1</size>
      </object_component>
      <object_component id="oc-11a">
         <name>.common:g_TimerRiseValue</name>
         <uninitialized>true</uninitialized>
         <run_address>0x20000adc</run_address>
         <size>0x4</size>
      </object_component>
      <object_component id="oc-11b">
         <name>.common:g_TimerFallValue</name>
         <uninitialized>true</uninitialized>
         <run_address>0x20000ad8</run_address>
         <size>0x4</size>
      </object_component>
      <object_component id="oc-15f">
         <name>.common:g_gyroDataRaw</name>
         <uninitialized>true</uninitialized>
         <run_address>0x20000ac4</run_address>
         <size>0x8</size>
      </object_component>
      <object_component id="oc-160">
         <name>.common:g_magDataRaw</name>
         <uninitialized>true</uninitialized>
         <run_address>0x20000acc</run_address>
         <size>0x8</size>
      </object_component>
      <object_component id="oc-2ff">
         <name>.common:g_BME280RawData</name>
         <uninitialized>true</uninitialized>
         <run_address>0x20000abc</run_address>
         <size>0x8</size>
      </object_component>
      <object_component id="oc-2a">
         <name>.stack</name>
         <uninitialized>true</uninitialized>
         <run_address>0x2000026c</run_address>
         <size>0x0</size>
         <input_file_ref idref="fl-c6"/>
      </object_component>
      <object_component id="oc-494">
         <name>.stack</name>
         <uninitialized>true</uninitialized>
         <run_address>0x2000026c</run_address>
         <size>0x0</size>
      </object_component>
      <object_component id="oc-2e7">
         <name>.debug_info</name>
         <load_address>0x0</load_address>
         <run_address>0x0</run_address>
         <size>0x152</size>
         <input_file_ref idref="fl-2"/>
      </object_component>
      <object_component id="oc-bd">
         <name>.debug_info</name>
         <load_address>0x152</load_address>
         <run_address>0x152</run_address>
         <size>0x278</size>
         <input_file_ref idref="fl-2"/>
      </object_component>
      <object_component id="oc-40">
         <name>.debug_info</name>
         <load_address>0x3ca</load_address>
         <run_address>0x3ca</run_address>
         <size>0x84</size>
         <input_file_ref idref="fl-2"/>
      </object_component>
      <object_component id="oc-167">
         <name>.debug_info</name>
         <load_address>0x44e</load_address>
         <run_address>0x44e</run_address>
         <size>0x18b</size>
         <input_file_ref idref="fl-2"/>
      </object_component>
      <object_component id="oc-3c7">
         <name>.debug_info</name>
         <load_address>0x5d9</load_address>
         <run_address>0x5d9</run_address>
         <size>0x1bb</size>
         <input_file_ref idref="fl-3"/>
      </object_component>
      <object_component id="oc-29c">
         <name>.debug_info</name>
         <load_address>0x794</load_address>
         <run_address>0x794</run_address>
         <size>0x57b</size>
         <input_file_ref idref="fl-3"/>
      </object_component>
      <object_component id="oc-2d7">
         <name>.debug_info</name>
         <load_address>0xd0f</load_address>
         <run_address>0xd0f</run_address>
         <size>0x4e</size>
         <input_file_ref idref="fl-3"/>
      </object_component>
      <object_component id="oc-2b7">
         <name>.debug_info</name>
         <load_address>0xd5d</load_address>
         <run_address>0xd5d</run_address>
         <size>0x1a4</size>
         <input_file_ref idref="fl-4"/>
      </object_component>
      <object_component id="oc-2b4">
         <name>.debug_info</name>
         <load_address>0xf01</load_address>
         <run_address>0xf01</run_address>
         <size>0xe7</size>
         <input_file_ref idref="fl-4"/>
      </object_component>
      <object_component id="oc-a1">
         <name>.debug_info</name>
         <load_address>0xfe8</load_address>
         <run_address>0xfe8</run_address>
         <size>0x2d6</size>
         <input_file_ref idref="fl-4"/>
      </object_component>
      <object_component id="oc-33d">
         <name>.debug_info</name>
         <load_address>0x12be</load_address>
         <run_address>0x12be</run_address>
         <size>0x270</size>
         <input_file_ref idref="fl-5"/>
      </object_component>
      <object_component id="oc-15d">
         <name>.debug_info</name>
         <load_address>0x152e</load_address>
         <run_address>0x152e</run_address>
         <size>0x842</size>
         <input_file_ref idref="fl-5"/>
      </object_component>
      <object_component id="oc-162">
         <name>.debug_info</name>
         <load_address>0x1d70</load_address>
         <run_address>0x1d70</run_address>
         <size>0x8b</size>
         <input_file_ref idref="fl-5"/>
      </object_component>
      <object_component id="oc-2a0">
         <name>.debug_info</name>
         <load_address>0x1dfb</load_address>
         <run_address>0x1dfb</run_address>
         <size>0xcdc</size>
         <input_file_ref idref="fl-6"/>
      </object_component>
      <object_component id="oc-9a">
         <name>.debug_info</name>
         <load_address>0x2ad7</load_address>
         <run_address>0x2ad7</run_address>
         <size>0x1740</size>
         <input_file_ref idref="fl-6"/>
      </object_component>
      <object_component id="oc-f9">
         <name>.debug_info</name>
         <load_address>0x4217</load_address>
         <run_address>0x4217</run_address>
         <size>0xbde</size>
         <input_file_ref idref="fl-7"/>
      </object_component>
      <object_component id="oc-ff">
         <name>.debug_info</name>
         <load_address>0x4df5</load_address>
         <run_address>0x4df5</run_address>
         <size>0x421</size>
         <input_file_ref idref="fl-7"/>
      </object_component>
      <object_component id="oc-fc">
         <name>.debug_info</name>
         <load_address>0x5216</load_address>
         <run_address>0x5216</run_address>
         <size>0xdb</size>
         <input_file_ref idref="fl-7"/>
      </object_component>
      <object_component id="oc-33">
         <name>.debug_info</name>
         <load_address>0x52f1</load_address>
         <run_address>0x52f1</run_address>
         <size>0x1ba2</size>
         <input_file_ref idref="fl-7"/>
      </object_component>
      <object_component id="oc-2f8">
         <name>.debug_info</name>
         <load_address>0x6e93</load_address>
         <run_address>0x6e93</run_address>
         <size>0x433</size>
         <input_file_ref idref="fl-7"/>
      </object_component>
      <object_component id="oc-39">
         <name>.debug_info</name>
         <load_address>0x72c6</load_address>
         <run_address>0x72c6</run_address>
         <size>0x125</size>
         <input_file_ref idref="fl-8"/>
      </object_component>
      <object_component id="oc-10">
         <name>.debug_info</name>
         <load_address>0x73eb</load_address>
         <run_address>0x73eb</run_address>
         <size>0xf0</size>
         <input_file_ref idref="fl-8"/>
      </object_component>
      <object_component id="oc-2e">
         <name>.debug_info</name>
         <load_address>0x74db</load_address>
         <run_address>0x74db</run_address>
         <size>0x26f</size>
         <input_file_ref idref="fl-8"/>
      </object_component>
      <object_component id="oc-2d6">
         <name>.debug_info</name>
         <load_address>0x774a</load_address>
         <run_address>0x774a</run_address>
         <size>0x23e</size>
         <input_file_ref idref="fl-9"/>
      </object_component>
      <object_component id="oc-2c8">
         <name>.debug_info</name>
         <load_address>0x7988</load_address>
         <run_address>0x7988</run_address>
         <size>0xdb</size>
         <input_file_ref idref="fl-9"/>
      </object_component>
      <object_component id="oc-2d3">
         <name>.debug_info</name>
         <load_address>0x7a63</load_address>
         <run_address>0x7a63</run_address>
         <size>0xd5</size>
         <input_file_ref idref="fl-9"/>
      </object_component>
      <object_component id="oc-2cb">
         <name>.debug_info</name>
         <load_address>0x7b38</load_address>
         <run_address>0x7b38</run_address>
         <size>0xe3</size>
         <input_file_ref idref="fl-9"/>
      </object_component>
      <object_component id="oc-2c5">
         <name>.debug_info</name>
         <load_address>0x7c1b</load_address>
         <run_address>0x7c1b</run_address>
         <size>0xe7</size>
         <input_file_ref idref="fl-9"/>
      </object_component>
      <object_component id="oc-a5">
         <name>.debug_info</name>
         <load_address>0x7d02</load_address>
         <run_address>0x7d02</run_address>
         <size>0x784</size>
         <input_file_ref idref="fl-9"/>
      </object_component>
      <object_component id="oc-313">
         <name>.debug_info</name>
         <load_address>0x8486</load_address>
         <run_address>0x8486</run_address>
         <size>0x116</size>
         <input_file_ref idref="fl-c5"/>
      </object_component>
      <object_component id="oc-13e">
         <name>.debug_info</name>
         <load_address>0x859c</load_address>
         <run_address>0x859c</run_address>
         <size>0x13e</size>
         <input_file_ref idref="fl-c5"/>
      </object_component>
      <object_component id="oc-25">
         <name>.debug_info</name>
         <load_address>0x86da</load_address>
         <run_address>0x86da</run_address>
         <size>0x160</size>
         <input_file_ref idref="fl-c6"/>
      </object_component>
      <object_component id="oc-173">
         <name>.debug_info</name>
         <load_address>0x883a</load_address>
         <run_address>0x883a</run_address>
         <size>0xf9</size>
         <input_file_ref idref="fl-c7"/>
      </object_component>
      <object_component id="oc-14">
         <name>.debug_info</name>
         <load_address>0x8933</load_address>
         <run_address>0x8933</run_address>
         <size>0x245</size>
         <input_file_ref idref="fl-c7"/>
      </object_component>
      <object_component id="oc-3b">
         <name>.debug_info</name>
         <load_address>0x8b78</load_address>
         <run_address>0x8b78</run_address>
         <size>0x60</size>
         <input_file_ref idref="fl-c7"/>
      </object_component>
      <object_component id="oc-16e">
         <name>.debug_info</name>
         <load_address>0x8bd8</load_address>
         <run_address>0x8bd8</run_address>
         <size>0x46</size>
         <input_file_ref idref="fl-c7"/>
      </object_component>
      <object_component id="oc-50">
         <name>.debug_info</name>
         <load_address>0x8c1e</load_address>
         <run_address>0x8c1e</run_address>
         <size>0x140</size>
         <input_file_ref idref="fl-c8"/>
      </object_component>
      <object_component id="oc-1b">
         <name>.debug_info</name>
         <load_address>0x8d5e</load_address>
         <run_address>0x8d5e</run_address>
         <size>0x1df</size>
         <input_file_ref idref="fl-c8"/>
      </object_component>
      <object_component id="oc-4b">
         <name>.debug_info</name>
         <load_address>0x8f3d</load_address>
         <run_address>0x8f3d</run_address>
         <size>0x46</size>
         <input_file_ref idref="fl-c8"/>
      </object_component>
      <object_component id="oc-175">
         <name>.debug_info</name>
         <load_address>0x8f83</load_address>
         <run_address>0x8f83</run_address>
         <size>0x2c</size>
         <input_file_ref idref="fl-c8"/>
      </object_component>
      <object_component id="oc-5c">
         <name>.debug_info</name>
         <load_address>0x8faf</load_address>
         <run_address>0x8faf</run_address>
         <size>0x12f</size>
         <input_file_ref idref="fl-c9"/>
      </object_component>
      <object_component id="oc-1f">
         <name>.debug_info</name>
         <load_address>0x90de</load_address>
         <run_address>0x90de</run_address>
         <size>0x1aa</size>
         <input_file_ref idref="fl-c9"/>
      </object_component>
      <object_component id="oc-57">
         <name>.debug_info</name>
         <load_address>0x9288</load_address>
         <run_address>0x9288</run_address>
         <size>0x46</size>
         <input_file_ref idref="fl-c9"/>
      </object_component>
      <object_component id="oc-17d">
         <name>.debug_info</name>
         <load_address>0x92ce</load_address>
         <run_address>0x92ce</run_address>
         <size>0x2c</size>
         <input_file_ref idref="fl-c9"/>
      </object_component>
      <object_component id="oc-19d">
         <name>.debug_info</name>
         <load_address>0x92fa</load_address>
         <run_address>0x92fa</run_address>
         <size>0x234</size>
         <input_file_ref idref="fl-ca"/>
      </object_component>
      <object_component id="oc-197">
         <name>.debug_info</name>
         <load_address>0x952e</load_address>
         <run_address>0x952e</run_address>
         <size>0x185</size>
         <input_file_ref idref="fl-ca"/>
      </object_component>
      <object_component id="oc-79">
         <name>.debug_info</name>
         <load_address>0x96b3</load_address>
         <run_address>0x96b3</run_address>
         <size>0x214</size>
         <input_file_ref idref="fl-ca"/>
      </object_component>
      <object_component id="oc-143">
         <name>.debug_info</name>
         <load_address>0x98c7</load_address>
         <run_address>0x98c7</run_address>
         <size>0x136</size>
         <input_file_ref idref="fl-cb"/>
      </object_component>
      <object_component id="oc-46">
         <name>.debug_info</name>
         <load_address>0x99fd</load_address>
         <run_address>0x99fd</run_address>
         <size>0x111</size>
         <input_file_ref idref="fl-cc"/>
      </object_component>
      <object_component id="oc-54">
         <name>.debug_info</name>
         <load_address>0x9b0e</load_address>
         <run_address>0x9b0e</run_address>
         <size>0x13f</size>
         <input_file_ref idref="fl-cd"/>
      </object_component>
      <object_component id="oc-5f">
         <name>.debug_info</name>
         <load_address>0x9c4d</load_address>
         <run_address>0x9c4d</run_address>
         <size>0x138</size>
         <input_file_ref idref="fl-ce"/>
      </object_component>
      <object_component id="oc-67">
         <name>.debug_info</name>
         <load_address>0x9d85</load_address>
         <run_address>0x9d85</run_address>
         <size>0x148</size>
         <input_file_ref idref="fl-cf"/>
      </object_component>
      <object_component id="oc-7c">
         <name>.debug_info</name>
         <load_address>0x9ecd</load_address>
         <run_address>0x9ecd</run_address>
         <size>0x109</size>
         <input_file_ref idref="fl-d0"/>
      </object_component>
      <object_component id="oc-412">
         <name>.debug_info</name>
         <load_address>0x9fd6</load_address>
         <run_address>0x9fd6</run_address>
         <size>0x25d</size>
         <input_file_ref idref="fl-d1"/>
      </object_component>
      <object_component id="oc-40c">
         <name>.debug_info</name>
         <load_address>0xa233</load_address>
         <run_address>0xa233</run_address>
         <size>0x118</size>
         <input_file_ref idref="fl-d1"/>
      </object_component>
      <object_component id="oc-30e">
         <name>.debug_info</name>
         <load_address>0xa34b</load_address>
         <run_address>0xa34b</run_address>
         <size>0x300</size>
         <input_file_ref idref="fl-d1"/>
      </object_component>
      <object_component id="oc-2d0">
         <name>.debug_info</name>
         <load_address>0xa64b</load_address>
         <run_address>0xa64b</run_address>
         <size>0x13a</size>
         <input_file_ref idref="fl-d2"/>
      </object_component>
      <object_component id="oc-360">
         <name>.debug_info</name>
         <load_address>0xa785</load_address>
         <run_address>0xa785</run_address>
         <size>0x124</size>
         <input_file_ref idref="fl-d3"/>
      </object_component>
      <object_component id="oc-19a">
         <name>.debug_info</name>
         <load_address>0xa8a9</load_address>
         <run_address>0xa8a9</run_address>
         <size>0x113</size>
         <input_file_ref idref="fl-d3"/>
      </object_component>
      <object_component id="oc-35b">
         <name>.debug_info</name>
         <load_address>0xa9bc</load_address>
         <run_address>0xa9bc</run_address>
         <size>0x21f</size>
         <input_file_ref idref="fl-d3"/>
      </object_component>
      <object_component id="oc-195">
         <name>.debug_info</name>
         <load_address>0xabdb</load_address>
         <run_address>0xabdb</run_address>
         <size>0x166</size>
         <input_file_ref idref="fl-d4"/>
      </object_component>
      <object_component id="oc-71">
         <name>.debug_info</name>
         <load_address>0xad41</load_address>
         <run_address>0xad41</run_address>
         <size>0x167</size>
         <input_file_ref idref="fl-d4"/>
      </object_component>
      <object_component id="oc-351">
         <name>.debug_info</name>
         <load_address>0xaea8</load_address>
         <run_address>0xaea8</run_address>
         <size>0x5e</size>
         <input_file_ref idref="fl-d4"/>
      </object_component>
      <object_component id="oc-193">
         <name>.debug_info</name>
         <load_address>0xaf06</load_address>
         <run_address>0xaf06</run_address>
         <size>0x2e9</size>
         <input_file_ref idref="fl-d5"/>
      </object_component>
      <object_component id="oc-6a">
         <name>.debug_info</name>
         <load_address>0xb1ef</load_address>
         <run_address>0xb1ef</run_address>
         <size>0x190</size>
         <input_file_ref idref="fl-d5"/>
      </object_component>
      <object_component id="oc-345">
         <name>.debug_info</name>
         <load_address>0xb37f</load_address>
         <run_address>0xb37f</run_address>
         <size>0x39</size>
         <input_file_ref idref="fl-d5"/>
      </object_component>
      <object_component id="oc-425">
         <name>.debug_info</name>
         <load_address>0xb3b8</load_address>
         <run_address>0xb3b8</run_address>
         <size>0x39</size>
         <input_file_ref idref="fl-d5"/>
      </object_component>
      <object_component id="oc-34a">
         <name>.debug_info</name>
         <load_address>0xb3f1</load_address>
         <run_address>0xb3f1</run_address>
         <size>0xcd</size>
         <input_file_ref idref="fl-d5"/>
      </object_component>
      <object_component id="oc-341">
         <name>.debug_info</name>
         <load_address>0xb4be</load_address>
         <run_address>0xb4be</run_address>
         <size>0x1e0</size>
         <input_file_ref idref="fl-d6"/>
      </object_component>
      <object_component id="oc-187">
         <name>.debug_info</name>
         <load_address>0xb69e</load_address>
         <run_address>0xb69e</run_address>
         <size>0x183</size>
         <input_file_ref idref="fl-d6"/>
      </object_component>
      <object_component id="oc-420">
         <name>.debug_info</name>
         <load_address>0xb821</load_address>
         <run_address>0xb821</run_address>
         <size>0x2c</size>
         <input_file_ref idref="fl-d6"/>
      </object_component>
      <object_component id="oc-459">
         <name>.debug_info</name>
         <load_address>0xb84d</load_address>
         <run_address>0xb84d</run_address>
         <size>0xee</size>
         <input_file_ref idref="fl-d7"/>
      </object_component>
      <object_component id="oc-409">
         <name>.debug_info</name>
         <load_address>0xb93b</load_address>
         <run_address>0xb93b</run_address>
         <size>0xfa</size>
         <input_file_ref idref="fl-d7"/>
      </object_component>
      <object_component id="oc-40f">
         <name>.debug_info</name>
         <load_address>0xba35</load_address>
         <run_address>0xba35</run_address>
         <size>0xf3</size>
         <input_file_ref idref="fl-d8"/>
      </object_component>
      <object_component id="oc-3fa">
         <name>.debug_info</name>
         <load_address>0xbb28</load_address>
         <run_address>0xbb28</run_address>
         <size>0x144</size>
         <input_file_ref idref="fl-d9"/>
      </object_component>
      <object_component id="oc-3ff">
         <name>.debug_info</name>
         <load_address>0xbc6c</load_address>
         <run_address>0xbc6c</run_address>
         <size>0x120</size>
         <input_file_ref idref="fl-da"/>
      </object_component>
      <object_component id="oc-404">
         <name>.debug_info</name>
         <load_address>0xbd8c</load_address>
         <run_address>0xbd8c</run_address>
         <size>0x132</size>
         <input_file_ref idref="fl-db"/>
      </object_component>
      <object_component id="oc-3f6">
         <name>.debug_info</name>
         <load_address>0xbebe</load_address>
         <run_address>0xbebe</run_address>
         <size>0x132</size>
         <input_file_ref idref="fl-dc"/>
      </object_component>
      <object_component id="oc-3dc">
         <name>.debug_info</name>
         <load_address>0xbff0</load_address>
         <run_address>0xbff0</run_address>
         <size>0x147</size>
         <input_file_ref idref="fl-dd"/>
      </object_component>
      <object_component id="oc-18d">
         <name>.debug_info</name>
         <load_address>0xc137</load_address>
         <run_address>0xc137</run_address>
         <size>0x145</size>
         <input_file_ref idref="fl-de"/>
      </object_component>
      <object_component id="oc-2ef">
         <name>.debug_info</name>
         <load_address>0xc27c</load_address>
         <run_address>0xc27c</run_address>
         <size>0x23d</size>
         <input_file_ref idref="fl-df"/>
      </object_component>
      <object_component id="oc-222">
         <name>.debug_info</name>
         <load_address>0xc4b9</load_address>
         <run_address>0xc4b9</run_address>
         <size>0x333</size>
         <input_file_ref idref="fl-df"/>
      </object_component>
      <object_component id="oc-234">
         <name>.debug_info</name>
         <load_address>0xc7ec</load_address>
         <run_address>0xc7ec</run_address>
         <size>0x2a0</size>
         <input_file_ref idref="fl-df"/>
      </object_component>
      <object_component id="oc-204">
         <name>.debug_info</name>
         <load_address>0xca8c</load_address>
         <run_address>0xca8c</run_address>
         <size>0x2a2</size>
         <input_file_ref idref="fl-df"/>
      </object_component>
      <object_component id="oc-14d">
         <name>.debug_info</name>
         <load_address>0xcd2e</load_address>
         <run_address>0xcd2e</run_address>
         <size>0x2ff</size>
         <input_file_ref idref="fl-df"/>
      </object_component>
      <object_component id="oc-21c">
         <name>.debug_info</name>
         <load_address>0xd02d</load_address>
         <run_address>0xd02d</run_address>
         <size>0x326</size>
         <input_file_ref idref="fl-df"/>
      </object_component>
      <object_component id="oc-210">
         <name>.debug_info</name>
         <load_address>0xd353</load_address>
         <run_address>0xd353</run_address>
         <size>0x27c</size>
         <input_file_ref idref="fl-df"/>
      </object_component>
      <object_component id="oc-123">
         <name>.debug_info</name>
         <load_address>0xd5cf</load_address>
         <run_address>0xd5cf</run_address>
         <size>0x2a4</size>
         <input_file_ref idref="fl-df"/>
      </object_component>
      <object_component id="oc-3a3">
         <name>.debug_info</name>
         <load_address>0xd873</load_address>
         <run_address>0xd873</run_address>
         <size>0x2bf</size>
         <input_file_ref idref="fl-df"/>
      </object_component>
      <object_component id="oc-db">
         <name>.debug_info</name>
         <load_address>0xdb32</load_address>
         <run_address>0xdb32</run_address>
         <size>0x2e7</size>
         <input_file_ref idref="fl-df"/>
      </object_component>
      <object_component id="oc-22e">
         <name>.debug_info</name>
         <load_address>0xde19</load_address>
         <run_address>0xde19</run_address>
         <size>0x2df</size>
         <input_file_ref idref="fl-df"/>
      </object_component>
      <object_component id="oc-228">
         <name>.debug_info</name>
         <load_address>0xe0f8</load_address>
         <run_address>0xe0f8</run_address>
         <size>0x296</size>
         <input_file_ref idref="fl-df"/>
      </object_component>
      <object_component id="oc-e1">
         <name>.debug_info</name>
         <load_address>0xe38e</load_address>
         <run_address>0xe38e</run_address>
         <size>0x294</size>
         <input_file_ref idref="fl-df"/>
      </object_component>
      <object_component id="oc-20a">
         <name>.debug_info</name>
         <load_address>0xe622</load_address>
         <run_address>0xe622</run_address>
         <size>0x2ce</size>
         <input_file_ref idref="fl-df"/>
      </object_component>
      <object_component id="oc-11d">
         <name>.debug_info</name>
         <load_address>0xe8f0</load_address>
         <run_address>0xe8f0</run_address>
         <size>0x242</size>
         <input_file_ref idref="fl-df"/>
      </object_component>
      <object_component id="oc-87">
         <name>.debug_info</name>
         <load_address>0xeb32</load_address>
         <run_address>0xeb32</run_address>
         <size>0x225</size>
         <input_file_ref idref="fl-e0"/>
      </object_component>
      <object_component id="oc-82">
         <name>.debug_info</name>
         <load_address>0xed57</load_address>
         <run_address>0xed57</run_address>
         <size>0x20d</size>
         <input_file_ref idref="fl-e0"/>
      </object_component>
      <object_component id="oc-304">
         <name>.debug_info</name>
         <load_address>0xef64</load_address>
         <run_address>0xef64</run_address>
         <size>0x230</size>
         <input_file_ref idref="fl-e1"/>
      </object_component>
      <object_component id="oc-44a">
         <name>.debug_info</name>
         <load_address>0xf194</load_address>
         <run_address>0xf194</run_address>
         <size>0x167</size>
         <input_file_ref idref="fl-e1"/>
      </object_component>
      <object_component id="oc-44d">
         <name>.debug_info</name>
         <load_address>0xf2fb</load_address>
         <run_address>0xf2fb</run_address>
         <size>0x169</size>
         <input_file_ref idref="fl-e1"/>
      </object_component>
      <object_component id="oc-382">
         <name>.debug_info</name>
         <load_address>0xf464</load_address>
         <run_address>0xf464</run_address>
         <size>0x15b</size>
         <input_file_ref idref="fl-e1"/>
      </object_component>
      <object_component id="oc-116">
         <name>.debug_info</name>
         <load_address>0xf5bf</load_address>
         <run_address>0xf5bf</run_address>
         <size>0x2a3</size>
         <input_file_ref idref="fl-e1"/>
      </object_component>
      <object_component id="oc-2a9">
         <name>.debug_info</name>
         <load_address>0xf862</load_address>
         <run_address>0xf862</run_address>
         <size>0x2b3</size>
         <input_file_ref idref="fl-e1"/>
      </object_component>
      <object_component id="oc-2af">
         <name>.debug_info</name>
         <load_address>0xfb15</load_address>
         <run_address>0xfb15</run_address>
         <size>0x316</size>
         <input_file_ref idref="fl-e1"/>
      </object_component>
      <object_component id="oc-1e7">
         <name>.debug_info</name>
         <load_address>0xfe2b</load_address>
         <run_address>0xfe2b</run_address>
         <size>0x27b</size>
         <input_file_ref idref="fl-e1"/>
      </object_component>
      <object_component id="oc-23b">
         <name>.debug_info</name>
         <load_address>0x100a6</load_address>
         <run_address>0x100a6</run_address>
         <size>0x27d</size>
         <input_file_ref idref="fl-e1"/>
      </object_component>
      <object_component id="oc-26b">
         <name>.debug_info</name>
         <load_address>0x10323</load_address>
         <run_address>0x10323</run_address>
         <size>0x27f</size>
         <input_file_ref idref="fl-e1"/>
      </object_component>
      <object_component id="oc-265">
         <name>.debug_info</name>
         <load_address>0x105a2</load_address>
         <run_address>0x105a2</run_address>
         <size>0x279</size>
         <input_file_ref idref="fl-e1"/>
      </object_component>
      <object_component id="oc-1c9">
         <name>.debug_info</name>
         <load_address>0x1081b</load_address>
         <run_address>0x1081b</run_address>
         <size>0x2b7</size>
         <input_file_ref idref="fl-e1"/>
      </object_component>
      <object_component id="oc-271">
         <name>.debug_info</name>
         <load_address>0x10ad2</load_address>
         <run_address>0x10ad2</run_address>
         <size>0x285</size>
         <input_file_ref idref="fl-e1"/>
      </object_component>
      <object_component id="oc-217">
         <name>.debug_info</name>
         <load_address>0x10d57</load_address>
         <run_address>0x10d57</run_address>
         <size>0x279</size>
         <input_file_ref idref="fl-e1"/>
      </object_component>
      <object_component id="oc-2a3">
         <name>.debug_info</name>
         <load_address>0x10fd0</load_address>
         <run_address>0x10fd0</run_address>
         <size>0x27b</size>
         <input_file_ref idref="fl-e1"/>
      </object_component>
      <object_component id="oc-1db">
         <name>.debug_info</name>
         <load_address>0x1124b</load_address>
         <run_address>0x1124b</run_address>
         <size>0x280</size>
         <input_file_ref idref="fl-e1"/>
      </object_component>
      <object_component id="oc-3bd">
         <name>.debug_info</name>
         <load_address>0x114cb</load_address>
[...]
      </symbol>
      <symbol id="sm-3c7">
         <name>abort</name>
         <value>0x3745</value>
         <object_component_ref idref="oc-75"/>
      </symbol>
      <symbol id="sm-3c8">
         <name>exit</name>
         <value>0x374d</value>
         <object_component_ref idref="oc-75"/>
      </symbol>
      <symbol id="sm-3c9">
         <name>__TI_dtors_ptr</name>
         <value>0x20000b0c</value>
         <object_component_ref idref="oc-196"/>
      </symbol>
      <symbol id="sm-3ca">
         <name>__TI_cleanup_ptr</name>
         <value>0x20000b08</value>
         <object_component_ref idref="oc-196"/>
      </symbol>
      <symbol id="sm-3cb">
         <name>__TI_enable_exit_profile_output</name>
         <value>0x20000b10</value>
         <object_component_ref idref="oc-196"/>
      </symbol>
      <symbol id="sm-3d7">
         <name>__aeabi_d2f</name>
         <value>0x349d</value>
         <object_component_ref idref="oc-141"/>
      </symbol>
      <symbol id="sm-3f2">
         <name>memcpy</name>
         <value>0x318d</value>
         <object_component_ref idref="oc-45"/>
      </symbol>
      <symbol id="sm-3f3">
         <name>__aeabi_memcpy</name>
         <value>0x318d</value>
         <object_component_ref idref="oc-45"/>
      </symbol>
      <symbol id="sm-3f4">
         <name>__aeabi_memcpy8</name>
         <value>0x318d</value>
         <object_component_ref idref="oc-45"/>
      </symbol>
      <symbol id="sm-3f5">
         <name>__aeabi_memcpy4</name>
         <value>0x318d</value>
         <object_component_ref idref="oc-45"/>
      </symbol>
      <symbol id="sm-404">
         <name>__aeabi_memset</name>
         <value>0x33b3</value>
         <object_component_ref idref="oc-51"/>
      </symbol>
      <symbol id="sm-405">
         <name>memset</name>
         <value>0x33b9</value>
         <object_component_ref idref="oc-51"/>
      </symbol>
      <symbol id="sm-406">
         <name>__aeabi_memset8</name>
         <value>0x33b3</value>
         <object_component_ref idref="oc-51"/>
      </symbol>
      <symbol id="sm-407">
         <name>__aeabi_memset4</name>
         <value>0x33b3</value>
         <object_component_ref idref="oc-51"/>
      </symbol>
      <symbol id="sm-408">
         <name>__aeabi_memclr8</name>
         <value>0x33b1</value>
         <object_component_ref idref="oc-51"/>
      </symbol>
      <symbol id="sm-409">
         <name>__aeabi_memclr4</name>
         <value>0x33b1</value>
         <object_component_ref idref="oc-51"/>
      </symbol>
      <symbol id="sm-40a">
         <name>__aeabi_memclr</name>
         <value>0x33b1</value>
         <object_component_ref idref="oc-51"/>
      </symbol>
      <symbol id="sm-414">
         <name>__mpu_init</name>
         <value>0x29a3</value>
         <object_component_ref idref="oc-5d"/>
      </symbol>
      <symbol id="sm-41e">
         <name>_system_pre_init</name>
         <value>0x3f97</value>
         <object_component_ref idref="oc-63"/>
      </symbol>
      <symbol id="sm-426">
         <name>main_func_sp</name>
         <value>0x20000b30</value>
         <object_component_ref idref="oc-7b"/>
      </symbol>
      <symbol id="sm-463">
         <name>strtold</name>
         <value>0x2541</value>
         <object_component_ref idref="oc-30c"/>
      </symbol>
      <symbol id="sm-464">
         <name>strtod</name>
         <value>0x2541</value>
         <object_component_ref idref="oc-30c"/>
      </symbol>
      <symbol id="sm-473">
         <name>__aeabi_uidivmod</name>
         <value>0x3a21</value>
         <object_component_ref idref="oc-2cd"/>
      </symbol>
      <symbol id="sm-474">
         <name>__aeabi_uidiv</name>
         <value>0x3a21</value>
         <object_component_ref idref="oc-2cd"/>
      </symbol>
      <symbol id="sm-48d">
         <name>_nop</name>
         <value>0x3d23</value>
         <object_component_ref idref="oc-358"/>
      </symbol>
      <symbol id="sm-48e">
         <name>_lock</name>
         <value>0x20000b14</value>
         <object_component_ref idref="oc-199"/>
      </symbol>
      <symbol id="sm-48f">
         <name>_unlock</name>
         <value>0x20000b18</value>
         <object_component_ref idref="oc-199"/>
      </symbol>
      <symbol id="sm-490">
         <name>_register_lock</name>
         <value>0x3d1b</value>
         <object_component_ref idref="oc-358"/>
      </symbol>
      <symbol id="sm-491">
         <name>_register_unlock</name>
         <value>0x3d15</value>
         <object_component_ref idref="oc-358"/>
      </symbol>
      <symbol id="sm-4a5">
         <name>_args_main</name>
         <value>0x3c95</value>
         <object_component_ref idref="oc-6f"/>
      </symbol>
      <symbol id="sm-4cf">
         <name>__TI_auto_init</name>
         <value>0x342d</value>
         <object_component_ref idref="oc-69"/>
      </symbol>
      <symbol id="sm-4e9">
         <name>copy_in</name>
         <value>0x387d</value>
         <object_component_ref idref="oc-186"/>
      </symbol>
      <symbol id="sm-4f4">
         <name>_ctypes_</name>
         <value>0x4150</value>
         <object_component_ref idref="oc-408"/>
      </symbol>
      <symbol id="sm-4fc">
         <name>errno</name>
         <value>0x20000b2c</value>
         <object_component_ref idref="oc-40e"/>
      </symbol>
      <symbol id="sm-513">
         <name>__aeabi_dsub</name>
         <value>0x2b91</value>
         <object_component_ref idref="oc-3f9"/>
      </symbol>
      <symbol id="sm-514">
         <name>__aeabi_dadd</name>
         <value>0x2b9b</value>
         <object_component_ref idref="oc-3f9"/>
      </symbol>
      <symbol id="sm-526">
         <name>__aeabi_cdcmpeq</name>
         <value>0x32b1</value>
         <object_component_ref idref="oc-3fe"/>
      </symbol>
      <symbol id="sm-527">
         <name>__aeabi_cdcmple</name>
         <value>0x32b1</value>
         <object_component_ref idref="oc-3fe"/>
      </symbol>
      <symbol id="sm-53b">
         <name>__aeabi_ddiv</name>
         <value>0x2d47</value>
         <object_component_ref idref="oc-403"/>
      </symbol>
      <symbol id="sm-546">
         <name>__aeabi_dmul</name>
         <value>0x2faf</value>
         <object_component_ref idref="oc-3f4"/>
      </symbol>
      <symbol id="sm-550">
         <name>__aeabi_idiv0</name>
         <value>0x253f</value>
         <object_component_ref idref="oc-3d9"/>
      </symbol>
      <symbol id="sm-55a">
         <name>_system_post_cinit</name>
         <value>0x30ab</value>
         <object_component_ref idref="oc-18c"/>
      </symbol>
      <symbol id="sm-5e5">
         <name>ADCProcessorTrigger</name>
         <value>0x3c05</value>
         <object_component_ref idref="oc-122"/>
      </symbol>
      <symbol id="sm-5e6">
         <name>ADCSequenceEnable</name>
         <value>0x3e3b</value>
         <object_component_ref idref="oc-233"/>
      </symbol>
      <symbol id="sm-5e7">
         <name>ADCSequenceConfigure</name>
         <value>0x363d</value>
         <object_component_ref idref="oc-21b"/>
      </symbol>
      <symbol id="sm-5e8">
         <name>ADCIntEnable</name>
         <value>0x3dcb</value>
         <object_component_ref idref="oc-227"/>
      </symbol>
      <symbol id="sm-5e9">
         <name>ADCBusy</name>
         <value>0x3f35</value>
         <object_component_ref idref="oc-11c"/>
      </symbol>
      <symbol id="sm-5ea">
         <name>ADCReferenceSet</name>
         <value>0x3e9d</value>
         <object_component_ref idref="oc-20f"/>
      </symbol>
      <symbol id="sm-5eb">
         <name>ADCSequenceStepConfigure</name>
         <value>0x3337</value>
         <object_component_ref idref="oc-221"/>
      </symbol>
      <symbol id="sm-5ec">
         <name>ADCIntClear</name>
         <value>0x3ee5</value>
         <object_component_ref idref="oc-e0"/>
      </symbol>
      <symbol id="sm-5ed">
         <name>ADCIntStatus</name>
         <value>0x3b01</value>
         <object_component_ref idref="oc-da"/>
      </symbol>
      <symbol id="sm-5ee">
         <name>ADCIntRegister</name>
         <value>0x3bed</value>
         <object_component_ref idref="oc-22d"/>
      </symbol>
      <symbol id="sm-5ef">
         <name>ADCSequenceDisable</name>
         <value>0x3e2d</value>
         <object_component_ref idref="oc-203"/>
      </symbol>
      <symbol id="sm-5f0">
         <name>ADCClockConfigSet</name>
         <value>0x3bd5</value>
         <object_component_ref idref="oc-209"/>
      </symbol>
      <symbol id="sm-5f1">
         <name>ADCSequenceDataGet</name>
         <value>0x3b99</value>
         <object_component_ref idref="oc-14c"/>
      </symbol>
      <symbol id="sm-607">
         <name>FPULazyStackingEnable</name>
         <value>0x3ded</value>
         <object_component_ref idref="oc-86"/>
      </symbol>
      <symbol id="sm-608">
         <name>FPUEnable</name>
         <value>0x3ddd</value>
         <object_component_ref idref="oc-80"/>
      </symbol>
      <symbol id="sm-6c1">
         <name>GPIOIntRegister</name>
         <value>0x3c1d</value>
         <object_component_ref idref="oc-27b"/>
      </symbol>
      <symbol id="sm-6c2">
         <name>GPIOPinConfigure</name>
         <value>0x38c9</value>
         <object_component_ref idref="oc-1d9"/>
      </symbol>
      <symbol id="sm-6c3">
         <name>GPIOPinTypeI2CSCL</name>
         <value>0x3d5f</value>
         <object_component_ref idref="oc-269"/>
      </symbol>
      <symbol id="sm-6c4">
         <name>GPIOIntEnable</name>
         <value>0x3ec1</value>
         <object_component_ref idref="oc-281"/>
      </symbol>
      <symbol id="sm-6c5">
         <name>GPIOPinTypeI2C</name>
         <value>0x3d4d</value>
         <object_component_ref idref="oc-263"/>
      </symbol>
      <symbol id="sm-6c6">
         <name>GPIOIntTypeSet</name>
         <value>0x3695</value>
         <object_component_ref idref="oc-275"/>
      </symbol>
      <symbol id="sm-6c7">
         <name>GPIOPinTypeADC</name>
         <value>0x3d29</value>
         <object_component_ref idref="oc-215"/>
      </symbol>
      <symbol id="sm-6c8">
         <name>GPIOPinTypeGPIOInput</name>
         <value>0x3d3b</value>
         <object_component_ref idref="oc-26f"/>
      </symbol>
      <symbol id="sm-6c9">
         <name>GPIOIntClear</name>
         <value>0x3f65</value>
         <object_component_ref idref="oc-10e"/>
      </symbol>
      <symbol id="sm-6ca">
         <name>GPIOPinTypeUART</name>
         <value>0x3d83</value>
         <object_component_ref idref="oc-1e5"/>
      </symbol>
      <symbol id="sm-6cb">
         <name>GPIOIntStatus</name>
         <value>0x3e49</value>
         <object_component_ref idref="oc-108"/>
      </symbol>
      <symbol id="sm-6cc">
         <name>GPIOPinTypeGPIOOutput</name>
         <value>0x3c35</value>
         <object_component_ref idref="oc-1c7"/>
      </symbol>
      <symbol id="sm-6cd">
         <name>GPIOPinRead</name>
         <value>0x3f6b</value>
         <object_component_ref idref="oc-2a1"/>
      </symbol>
      <symbol id="sm-6ce">
         <name>GPIODirModeSet</name>
         <value>0x3b2f</value>
         <object_component_ref idref="oc-2a7"/>
      </symbol>
      <symbol id="sm-6cf">
         <name>GPIOPinWrite</name>
         <value>0x3f71</value>
         <object_component_ref idref="oc-114"/>
      </symbol>
      <symbol id="sm-6d0">
         <name>GPIOPadConfigSet</name>
         <value>0x2e7d</value>
         <object_component_ref idref="oc-2ad"/>
      </symbol>
      <symbol id="sm-6d1">
         <name>GPIOPinTypeTimer</name>
         <value>0x3d71</value>
         <object_component_ref idref="oc-239"/>
      </symbol>
      <symbol id="sm-72c">
         <name>I2CMasterBusBusy</name>
         <value>0x3f3d</value>
         <object_component_ref idref="oc-293"/>
      </symbol>
      <symbol id="sm-72d">
         <name>I2CMasterDataPut</name>
         <value>0x3f8b</value>
         <object_component_ref idref="oc-31e"/>
      </symbol>
      <symbol id="sm-72e">
         <name>I2CMasterInitExpClk</name>
         <value>0x37e5</value>
         <object_component_ref idref="oc-287"/>
      </symbol>
      <symbol id="sm-72f">
         <name>I2CMasterSlaveAddrSet</name>
         <value>0x3f4d</value>
         <object_component_ref idref="oc-318"/>
      </symbol>
      <symbol id="sm-730">
         <name>I2CMasterDataGet</name>
         <value>0x3f87</value>
         <object_component_ref idref="oc-32a"/>
      </symbol>
      <symbol id="sm-731">
         <name>I2CMasterErr</name>
         <value>0x3cad</value>
         <object_component_ref idref="oc-336"/>
      </symbol>
      <symbol id="sm-732">
         <name>I2CMasterControl</name>
         <value>0x3f83</value>
         <object_component_ref idref="oc-324"/>
      </symbol>
      <symbol id="sm-733">
         <name>I2CMasterBusy</name>
         <value>0x3f45</value>
         <object_component_ref idref="oc-330"/>
      </symbol>
      <symbol id="sm-734">
         <name>I2CMasterEnable</name>
         <value>0x3ef9</value>
         <object_component_ref idref="oc-28d"/>
      </symbol>
      <symbol id="sm-735">
         <name>I2CMasterDisable</name>
         <value>0x3eef</value>
         <object_component_ref idref="oc-c2"/>
      </symbol>
      <symbol id="sm-780">
         <name>IntEnable</name>
         <value>0x350d</value>
         <object_component_ref idref="oc-1eb"/>
      </symbol>
      <symbol id="sm-781">
         <name>IntRegister</name>
         <value>0x3a99</value>
         <object_component_ref idref="oc-379"/>
      </symbol>
      <symbol id="sm-782">
         <name>IntMasterDisable</name>
         <value>0x3dfd</value>
         <object_component_ref idref="oc-92"/>
      </symbol>
      <symbol id="sm-783">
         <name>g_pfnRAMVectors</name>
         <value>0x20000000</value>
         <object_component_ref idref="oc-42f"/>
      </symbol>
      <symbol id="sm-784">
         <name>IntMasterEnable</name>
         <value>0x3e0d</value>
         <object_component_ref idref="oc-aa"/>
      </symbol>
      <symbol id="sm-7fe">
         <name>SysCtlPeripheralPresent</name>
         <value>0x3a61</value>
         <object_component_ref idref="oc-2b8"/>
      </symbol>
      <symbol id="sm-7ff">
         <name>SysCtlDelay</name>
         <value>0x3f77</value>
         <object_component_ref idref="oc-128"/>
      </symbol>
      <symbol id="sm-800">
         <name>SysCtlPeripheralEnable</name>
         <value>0x3acd</value>
         <object_component_ref idref="oc-1c1"/>
      </symbol>
      <symbol id="sm-801">
         <name>SysCtlClockFreqSet</name>
         <value>0x29a5</value>
         <object_component_ref idref="oc-8c"/>
      </symbol>
      <symbol id="sm-82e">
         <name>SysTickEnable</name>
         <value>0x3cd9</value>
         <object_component_ref idref="oc-b6"/>
      </symbol>
      <symbol id="sm-82f">
         <name>SysTickIntRegister</name>
         <value>0x3bb9</value>
         <object_component_ref idref="oc-1cd"/>
      </symbol>
      <symbol id="sm-830">
         <name>SysTickIntEnable</name>
         <value>0x3ced</value>
         <object_component_ref idref="oc-1d3"/>
      </symbol>
      <symbol id="sm-831">
         <name>SysTickPeriodSet</name>
         <value>0x3e1d</value>
         <object_component_ref idref="oc-b0"/>
      </symbol>
      <symbol id="sm-8b6">
         <name>TimerLoadSet</name>
         <value>0x3d95</value>
         <object_component_ref idref="oc-25d"/>
      </symbol>
      <symbol id="sm-8b7">
         <name>TimerDisable</name>
         <value>0x3c4d</value>
         <object_component_ref idref="oc-102"/>
      </symbol>
      <symbol id="sm-8b8">
         <name>TimerIntRegister</name>
         <value>0x3c65</value>
         <object_component_ref idref="oc-257"/>
      </symbol>
      <symbol id="sm-8b9">
         <name>TimerEnable</name>
         <value>0x3e57</value>
         <object_component_ref idref="oc-152"/>
      </symbol>
      <symbol id="sm-8ba">
         <name>TimerIntStatus</name>
         <value>0x3f03</value>
         <object_component_ref idref="oc-e6"/>
      </symbol>
      <symbol id="sm-8bb">
         <name>TimerValueGet</name>
         <value>0x3f0d</value>
         <object_component_ref idref="oc-f2"/>
      </symbol>
      <symbol id="sm-8bc">
         <name>TimerPrescaleSet</name>
         <value>0x3da7</value>
         <object_component_ref idref="oc-24b"/>
      </symbol>
      <symbol id="sm-8bd">
         <name>TimerIntEnable</name>
         <value>0x3f55</value>
         <object_component_ref idref="oc-251"/>
      </symbol>
      <symbol id="sm-8be">
         <name>TimerConfigure</name>
         <value>0x35dd</value>
         <object_component_ref idref="oc-23f"/>
      </symbol>
      <symbol id="sm-8bf">
         <name>TimerControlEvent</name>
         <value>0x3cc3</value>
         <object_component_ref idref="oc-245"/>
      </symbol>
      <symbol id="sm-8c0">
         <name>TimerIntClear</name>
         <value>0x3f8f</value>
         <object_component_ref idref="oc-ec"/>
      </symbol>
      <symbol id="sm-952">
         <name>UARTCharPutNonBlocking</name>
         <value>0x3e73</value>
         <object_component_ref idref="oc-146"/>
      </symbol>
      <symbol id="sm-953">
         <name>UARTConfigSetExpClk</name>
         <value>0x3959</value>
         <object_component_ref idref="oc-1fd"/>
      </symbol>
      <symbol id="sm-954">
         <name>UARTDisable</name>
         <value>0x3b59</value>
         <object_component_ref idref="oc-394"/>
      </symbol>
      <symbol id="sm-955">
         <name>UARTIntEnable</name>
         <value>0x3f5d</value>
         <object_component_ref idref="oc-1f1"/>
      </symbol>
      <symbol id="sm-956">
         <name>UARTCharsAvail</name>
         <value>0x3e81</value>
         <object_component_ref idref="oc-135"/>
      </symbol>
      <symbol id="sm-957">
         <name>UARTCharGetNonBlocking</name>
         <value>0x3e65</value>
         <object_component_ref idref="oc-d4"/>
      </symbol>
      <symbol id="sm-958">
         <name>UARTClockSourceSet</name>
         <value>0x3f7d</value>
         <object_component_ref idref="oc-1df"/>
      </symbol>
      <symbol id="sm-959">
         <name>UARTCharPut</name>
         <value>0x3f21</value>
         <object_component_ref idref="oc-12f"/>
      </symbol>
      <symbol id="sm-95a">
         <name>UARTEnable</name>
         <value>0x3d01</value>
         <object_component_ref idref="oc-2be"/>
      </symbol>
      <symbol id="sm-95b">
         <name>UARTIntClear</name>
         <value>0x3f93</value>
         <object_component_ref idref="oc-ce"/>
      </symbol>
      <symbol id="sm-95c">
         <name>UARTIntStatus</name>
         <value>0x3f2b</value>
         <object_component_ref idref="oc-c8"/>
      </symbol>
      <symbol id="sm-95d">
         <name>UARTCharGet</name>
         <value>0x3f17</value>
         <object_component_ref idref="oc-129"/>
      </symbol>
      <symbol id="sm-95e">
         <name>UARTIntRegister</name>
         <value>0x3c7d</value>
         <object_component_ref idref="oc-1f7"/>
      </symbol>
      <symbol id="sm-970">
         <name>CPUcpsie</name>
         <value>0x3eb5</value>
         <object_component_ref idref="oc-2dc"/>
      </symbol>
      <symbol id="sm-971">
         <name>CPUcpsid</name>
         <value>0x3ea9</value>
         <object_component_ref idref="oc-1ba"/>
      </symbol>
      <symbol id="sm-972">
         <name>__TI_static_base__</name>
         <value>0x0</value>
      </symbol>
      <symbol id="sm-975">
         <name>SHT$$INIT_ARRAY$$Limit</name>
         <value>0x0</value>
      </symbol>
      <symbol id="sm-976">
         <name>SHT$$INIT_ARRAY$$Base</name>
         <value>0x0</value>
      </symbol>
   </symbol_table>
   <title>Link successful</title>
</link_info>
