******************************************************************************
                  TI ARM Linker PC v16.9.0                     
******************************************************************************
>> Linked Mon Feb 20 18:27:28 2017

OUTPUT FILE NAME:   <APOPHIS v1.0.out>
ENTRY POINT SYMBOL: "_c_int00"  address: 00005e31


MEMORY CONFIGURATION

         name            origin    length      used     unused   attr    fill
----------------------  --------  ---------  --------  --------  ----  --------
  FLASH                 00000000   00100000  00007354  000f8cac  R  X
  SRAM                  20000000   00040000  00001417  0003ebe9  RW X


SEGMENT ALLOCATION MAP

run origin  load origin   length   init length attrs members
----------  ----------- ---------- ----------- ----- -------
00000000    00000000    00007358   00007358    r-x
  00000000    00000000    00000208   00000208    r-- .intvecs
  00000208    00000208    00006670   00006670    r-x .text
  00006878    00006878    00000a6c   00000a6c    r-- .const
  000072e8    000072e8    00000070   00000070    r-- .cinit
20000000    20000000    00001418   00000000    rw-
  20000000    20000000    0000026c   00000000    rw- .vtable
  2000026c    2000026c    00001000   00000000    rw- .stack
  2000126c    2000126c    0000013b   00000000    rw- .bss
  200013a8    200013a8    00000070   00000000    rw- .data


SECTION ALLOCATION MAP

 output                                  attributes/
section   page    origin      length       input sections
--------  ----  ----------  ----------   ----------------
.intvecs   0    00000000    00000208     
                  00000000    00000208     tm4c1294ncpdt_startup_ccs.obj (.intvecs)

.text      0    00000208    00006670     
                  00000208    000022a0     main.obj (.text)
                  000024a8    00000948     initializations.obj (.text)
                  00002df0    000008ac     comp_dcm.obj (.text)
                  0000369c    000005a8     bmi160.obj (.text)
                  00003c44    0000049c     uartstdio.obj (.text)
                  000040e0    000003a6     bme280.obj (.text)
                  00004486    00000002     rtsv7M4_T_le_v4SPD16_eabi.lib : i_div0.obj (.text)
                  00004488    0000023c                                   : strtod.obj (.text)
                  000046c4    00000226     i2c_driver.obj (.text)
                  000048ea    0000021e     rtsv7M4_T_le_v4SPD16_eabi.lib : ll_div_t2.obj (.text)
                  00004b08    000001ec     driverlib.lib : sysctl.obj (.text:SysCtlClockFreqSet)
                  00004cf4    000001b6     rtsv7M4_T_le_v4SPD16_eabi.lib : fd_add_t2.obj (.text)
                  00004eaa    00000002                                   : l_div0.obj (.text)
                  00004eac    00000178                                   : e_asinf.obj (.text)
                  00005024    00000170                                   : e_sqrt.obj (.text)
                  00005194    00000158                                   : e_atan2f.obj (.text)
                  000052ec    00000150                                   : s_atanf.obj (.text)
                  0000543c    00000136                                   : fd_div_t2.obj (.text)
                  00005572    00000132     driverlib.lib : gpio.obj (.text:GPIOPadConfigSet)
                  000056a4    000000fc     rtsv7M4_T_le_v4SPD16_eabi.lib : fd_mul_t2.obj (.text)
                  000057a0    000000e0     buttons.obj (.text)
                  00005880    0000009c     rtsv7M4_T_le_v4SPD16_eabi.lib : memcpy_t2.obj (.text)
                  0000591c    00000086                                   : fd_cmp_t2.obj (.text:__aeabi_cdcmple)
                  000059a2    00000086                                   : fd_cmp_t2.obj (.text:__aeabi_cdrcmple)
                  00005a28    0000007a     driverlib.lib : adc.obj (.text:ADCSequenceStepConfigure)
                  00005aa2    0000007a     rtsv7M4_T_le_v4SPD16_eabi.lib : memset_t2.obj (.text)
                  00005b1c    00000070                                   : autoinit.obj (.text)
                  00005b8c    0000006e                                   : fd_tos_t2.obj (.text)
                  00005bfa    00000002                                   : mpu_init.obj (.text)
                  00005bfc    00000068     driverlib.lib : interrupt.obj (.text:IntEnable)
                  00005c64    00000068     rtsv7M4_T_le_v4SPD16_eabi.lib : copy_decompress_lzss.obj (.text:decompress:lzss)
                  00005ccc    00000060     driverlib.lib : timer.obj (.text:TimerConfigure)
                  00005d2c    00000058                   : adc.obj (.text:ADCSequenceConfigure)
                  00005d84    00000056                   : gpio.obj (.text:GPIOIntTypeSet)
                  00005dda    00000056     sensorlib.lib : vector.obj (.text:VectorCrossProduct)
                  00005e30    00000054     rtsv7M4_T_le_v4SPD16_eabi.lib : boot.obj (.text)
                  00005e84    00000054                                   : exit.obj (.text)
                  00005ed8    00000050     driverlib.lib : adc.obj (.text:_ADCIntNumberGet)
                  00005f28    0000004c                   : i2c.obj (.text:I2CMasterInitExpClk)
                  00005f74    0000004c                   : timer.obj (.text:_TimerIntNumberGet)
                  00005fc0    0000004c     rtsv7M4_T_le_v4SPD16_eabi.lib : cpy_tbl.obj (.text)
                  0000600c    00000048     driverlib.lib : gpio.obj (.text:GPIOPinConfigure)
                  00006054    00000048                   : sysctl.obj (.text:_SysCtlFrequencyGet)
                  0000609c    00000046                   : uart.obj (.text:UARTConfigSetExpClk)
                  000060e2    00000002     rtsv7M4_T_le_v4SPD16_eabi.lib : startup.obj (.text)
                  000060e4    00000040     driverlib.lib : gpio.obj (.text:_GPIOIntNumberGet)
                  00006124    00000040                   : uart.obj (.text:_UARTIntNumberGet)
                  00006164    00000040     rtsv7M4_T_le_v4SPD16_eabi.lib : u_divt2.obj (.text)
                  000061a4    00000038     driverlib.lib : sysctl.obj (.text:SysCtlPeripheralPresent)
                  000061dc    00000038     rtsv7M4_T_le_v4SPD16_eabi.lib : fs_tod_t2.obj (.text)
                  00006214    00000034     driverlib.lib : interrupt.obj (.text:IntRegister)
                  00006248    00000034                   : sysctl.obj (.text:SysCtlPeripheralEnable)
                  0000627c    00000032     sensorlib.lib : vector.obj (.text:VectorAdd)
                  000062ae    00000030     comp_dcm.obj (.text:__isnanf)
                  000062de    0000002e     driverlib.lib : adc.obj (.text:ADCIntStatus)
                  0000630c    0000002a                   : gpio.obj (.text:GPIODirModeSet)
                  00006336    00000002     --HOLE-- [fill = 0]
                  00006338    00000028     rtsv7M4_T_le_v4SPD16_eabi.lib : e_sqrtf.obj (.text)
                  00006360    00000026     sensorlib.lib : vector.obj (.text:VectorDotProduct)
                  00006386    00000026                   : vector.obj (.text:VectorScale)
                  000063ac    00000022     driverlib.lib : pwm.obj (.text:PWMGenConfigure)
                  000063ce    00000002     --HOLE-- [fill = 0]
                  000063d0    00000020                   : uart.obj (.text:UARTDisable)
                  000063f0    00000020                   : sysctl.obj (.text:_SysCtlMemTimingGet)
                  00006410    0000001e                   : adc.obj (.text:ADCSequenceDataGet)
                  0000642e    0000001e                   : pwm.obj (.text:PWMPulseWidthSet)
                  0000644c    0000001c                   : systick.obj (.text:SysTickIntRegister)
                  00006468    00000018                   : adc.obj (.text:ADCClockConfigSet)
                  00006480    00000018                   : adc.obj (.text:ADCIntRegister)
                  00006498    00000018                   : adc.obj (.text:ADCProcessorTrigger)
                  000064b0    00000018                   : gpio.obj (.text:GPIOIntRegister)
                  000064c8    00000018                   : gpio.obj (.text:GPIOPinTypeGPIOOutput)
                  000064e0    00000018                   : timer.obj (.text:TimerDisable)
                  000064f8    00000018                   : timer.obj (.text:TimerIntRegister)
                  00006510    00000018                   : uart.obj (.text:UARTIntRegister)
                  00006528    00000018     rtsv7M4_T_le_v4SPD16_eabi.lib : args_main.obj (.text)
                  00006540    00000018                                   : ll_mul_t2.obj (.text)
                  00006558    00000016     driverlib.lib : i2c.obj (.text:I2CMasterErr)
                  0000656e    00000016                   : timer.obj (.text:TimerControlEvent)
                  00006584    00000014                   : systick.obj (.text:SysTickEnable)
                  00006598    00000014                   : systick.obj (.text:SysTickIntEnable)
                  000065ac    00000014                   : uart.obj (.text:UARTEnable)
                  000065c0    00000014     rtsv7M4_T_le_v4SPD16_eabi.lib : _lock.obj (.text)
                  000065d4    00000012     driverlib.lib : gpio.obj (.text:GPIOPinTypeADC)
                  000065e6    00000012                   : gpio.obj (.text:GPIOPinTypeGPIOInput)
                  000065f8    00000012                   : gpio.obj (.text:GPIOPinTypeI2C)
                  0000660a    00000012                   : gpio.obj (.text:GPIOPinTypeI2CSCL)
                  0000661c    00000012                   : gpio.obj (.text:GPIOPinTypePWM)
                  0000662e    00000012                   : gpio.obj (.text:GPIOPinTypeTimer)
                  00006640    00000012                   : gpio.obj (.text:GPIOPinTypeUART)
                  00006652    00000012                   : pwm.obj (.text:PWMOutputState)
                  00006664    00000012                   : timer.obj (.text:TimerLoadSet)
                  00006676    00000012                   : timer.obj (.text:TimerPrescaleSet)
                  00006688    00000012     rtsv7M4_T_le_v4SPD16_eabi.lib : atof.obj (.text)
                  0000669a    00000010     driverlib.lib : adc.obj (.text:ADCIntEnable)
                  000066aa    00000002     --HOLE-- [fill = 0]
                  000066ac    00000010                   : fpu.obj (.text:FPUEnable)
                  000066bc    00000010                   : fpu.obj (.text:FPULazyStackingEnable)
                  000066cc    00000010                   : interrupt.obj (.text:IntMasterDisable)
                  000066dc    00000010                   : interrupt.obj (.text:IntMasterEnable)
                  000066ec    00000010                   : pwm.obj (.text:PWMGenPeriodSet)
                  000066fc    00000010                   : systick.obj (.text:SysTickPeriodSet)
                  0000670c    0000000e                   : adc.obj (.text:ADCSequenceDisable)
                  0000671a    0000000e                   : adc.obj (.text:ADCSequenceEnable)
                  00006728    0000000e                   : gpio.obj (.text:GPIOIntStatus)
                  00006736    0000000e                   : timer.obj (.text:TimerEnable)
                  00006744    0000000e                   : uart.obj (.text:UARTCharGetNonBlocking)
                  00006752    0000000e                   : uart.obj (.text:UARTCharsAvail)
                  00006760    0000000e     rtsv7M4_T_le_v4SPD16_eabi.lib : copy_decompress_none.obj (.text:decompress:none)
                  0000676e    0000000c     driverlib.lib : adc.obj (.text:ADCReferenceSet)
                  0000677a    0000000c                   : cpu.obj (.text:CPUcpsid)
                  00006786    0000000c                   : cpu.obj (.text:CPUcpsie)
                  00006792    0000000c                   : gpio.obj (.text:GPIOIntEnable)
                  0000679e    0000000c                   : pwm.obj (.text:PWMGenEnable)
                  000067aa    0000000c     rtsv7M4_T_le_v4SPD16_eabi.lib : copy_zero_init.obj (.text:decompress:ZI)
                  000067b6    0000000c     tm4c1294ncpdt_startup_ccs.obj (.text)
                  000067c2    0000000a     driverlib.lib : adc.obj (.text:ADCIntClear)
                  000067cc    0000000a                   : i2c.obj (.text:I2CMasterDisable)
                  000067d6    0000000a                   : i2c.obj (.text:I2CMasterEnable)
                  000067e0    0000000a                   : timer.obj (.text:TimerIntStatus)
                  000067ea    0000000a                   : timer.obj (.text:TimerValueGet)
                  000067f4    0000000a                   : uart.obj (.text:UARTCharGet)
                  000067fe    0000000a                   : uart.obj (.text:UARTCharPut)
                  00006808    0000000a                   : uart.obj (.text:UARTIntStatus)
                  00006812    00000008                   : adc.obj (.text:ADCBusy)
                  0000681a    00000008                   : i2c.obj (.text:I2CMasterBusBusy)
                  00006822    00000008                   : i2c.obj (.text:I2CMasterBusy)
                  0000682a    00000008                   : i2c.obj (.text:I2CMasterSlaveAddrSet)
                  00006832    00000008                   : timer.obj (.text:TimerIntEnable)
                  0000683a    00000008                   : uart.obj (.text:UARTIntEnable)
                  00006842    00000006                   : gpio.obj (.text:GPIOIntClear)
                  00006848    00000006                   : gpio.obj (.text:GPIOPinRead)
                  0000684e    00000006                   : gpio.obj (.text:GPIOPinWrite)
                  00006854    00000006                   : sysctl.obj (.text:SysCtlDelay)
                  0000685a    00000006                   : uart.obj (.text:UARTClockSourceSet)
                  00006860    00000004                   : i2c.obj (.text:I2CMasterControl)
                  00006864    00000004                   : i2c.obj (.text:I2CMasterDataGet)
                  00006868    00000004                   : i2c.obj (.text:I2CMasterDataPut)
                  0000686c    00000004                   : timer.obj (.text:TimerIntClear)
                  00006870    00000004                   : uart.obj (.text:UARTIntClear)
                  00006874    00000004     rtsv7M4_T_le_v4SPD16_eabi.lib : pre_init.obj (.text)

.const     0    00006878    00000a6c     
                  00006878    00000258     main.obj (.const:$P$T0$1)
                  00006ad0    000001b0     driverlib.lib : sysctl.obj (.const:g_pppui32XTALtoVCO)
                  00006c80    00000101     rtsv7M4_T_le_v4SPD16_eabi.lib : ctype.obj (.const:.string:_ctypes_)
                  00006d81    00000003     --HOLE-- [fill = 0]
                  00006d84    000000c0     driverlib.lib : gpio.obj (.const:g_ppui32GPIOIntMapBlizzard)
                  00006e44    000000c0                   : gpio.obj (.const:g_ppui32GPIOIntMapSnowflake)
                  00006f04    00000004     uartstdio.obj (.const)
                  00006f08    00000098     rtsv7M4_T_le_v4SPD16_eabi.lib : strtod.obj (.const:$O1$$)
                  00006fa0    00000090     driverlib.lib : gpio.obj (.const:g_pui32GPIOBaseAddrs)
                  00007030    00000070                   : interrupt.obj (.const)
                  000070a0    0000006c                   : sysctl.obj (.const:g_pui32Xtals)
                  0000710c    00000060                   : timer.obj (.const:g_ppui32TimerIntMap)
                  0000716c    00000040                   : timer.obj (.const:g_ppui32TimerIntMapSnowflake)
                  000071ac    00000040                   : uart.obj (.const:g_ppui32UARTIntMap)
                  000071ec    00000040                   : uart.obj (.const:g_ppui32UARTIntMapSnowflake)
                  0000722c    00000034     rtsv7M4_T_le_v4SPD16_eabi.lib : s_atanf.obj (.const:$O1$$)
                  00007260    00000030     driverlib.lib : sysctl.obj (.const:g_sXTALtoMEMTIM)
                  00007290    00000020     rtsv7M4_T_le_v4SPD16_eabi.lib : e_asinf.obj (.const)
                  000072b0    00000012     uartstdio.obj (.const:.string)
                  000072c2    00000002     --HOLE-- [fill = 0]
                  000072c4    0000000c     uartstdio.obj (.const:g_ui32UARTBase)
                  000072d0    0000000c     uartstdio.obj (.const:g_ui32UARTPeriph)
                  000072dc    00000008     driverlib.lib : sysctl.obj (.const)

.cinit     0    000072e8    00000070     
                  000072e8    00000036     (.cinit..data.load) [load image, compression = lzss]
                  0000731e    00000002     --HOLE-- [fill = 0]
                  00007320    0000000c     (__TI_handler_table)
                  0000732c    00000004     --HOLE-- [fill = 0]
                  00007330    00000008     (.cinit..bss.load) [load image, compression = zero_init]
                  00007338    00000008     (.cinit..vtable.load) [load image, compression = zero_init]
                  00007340    00000018     (__TI_cinit_table)

.init_array 
*          0    00000000    00000000     UNINITIALIZED

.vtable    0    20000000    0000026c     UNINITIALIZED
                  20000000    0000026c     driverlib.lib : interrupt.obj (.vtable)

.stack     0    2000026c    00001000     UNINITIALIZED
                  2000026c    00001000     --HOLE--

.bss       0    2000126c    0000013b     UNINITIALIZED
                  2000126c    00000058     (.common:g_sCompDCMInst)
                  200012c4    00000050     (.common:g_Pack)
                  20001314    0000001c     (.common:g_sRxPack)
                  20001330    00000018     (.common:sThrottle)
                  20001348    00000010     (.common:sStatus)
                  20001358    0000000c     (.common:g_BME280OffsetValues)
                  20001364    0000000c     (.common:g_fGyroData)
                  20001370    00000008     (.common:g_BME280RawData)
                  20001378    00000008     (.common:g_gyroDataRaw)
                  20001380    00000008     (.common:g_magDataRaw)
                  20001388    00000004     (.common:g_BME280OffsetUnsigned)
                  2000138c    00000004     (.common:g_Pressure)
                  20001390    00000004     (.common:g_SysClockSpeed)
                  20001394    00000004     (.common:g_Temp)
                  20001398    00000004     (.common:g_TimerFallValue)
                  2000139c    00000004     (.common:g_TimerRiseValue)
                  200013a0    00000004     (.common:g_t_fine)
                  200013a4    00000001     main.obj (.bss)
                  200013a5    00000001     (.common:g_CharConsole)
                  200013a6    00000001     (.common:g_bDCMStarted)

.data      0    200013a8    00000070     UNINITIALIZED
                  200013a8    00000033     main.obj (.data)
                  200013db    00000001     --HOLE--
                  200013dc    0000000c     rtsv7M4_T_le_v4SPD16_eabi.lib : exit.obj (.data:$O1$$)
                  200013e8    0000000c     main.obj (.data:g_Bias)
                  200013f4    00000008     rtsv7M4_T_le_v4SPD16_eabi.lib : _lock.obj (.data:$O1$$)
                  200013fc    00000007     main.obj (.data:g_offsetData)
                  20001403    00000001     --HOLE--
                  20001404    00000005     uartstdio.obj (.data)
                  20001409    00000003     buttons.obj (.data)
                  2000140c    00000004     rtsv7M4_T_le_v4SPD16_eabi.lib : errno.obj (.data)
                  20001410    00000004                                   : stkdepth_vars.obj (.data)
                  20001414    00000004     main.obj (.data:ui8Magic$3)

MODULE SUMMARY

       Module                          code    ro data   rw data
       ------                          ----    -------   -------
    .\
       main.obj                        8864    600       389    
       initializations.obj             2376    0         0      
       comp_dcm.obj                    2268    0         0      
       bmi160.obj                      1448    0         0      
       uartstdio.obj                   1180    46        5      
       bme280.obj                      934     0         0      
       i2c_driver.obj                  550     0         0      
       tm4c1294ncpdt_startup_ccs.obj   12      520       0      
       buttons.obj                     224     0         3      
    +--+-------------------------------+-------+---------+---------+
       Total:                          17856   1166      397    
                                                                
    C:\ti\ccsv7\tools\compiler\ti-cgt-arm_16.9.0.LTS\lib\rtsv7M4_T_le_v4SPD16_eabi.lib
       strtod.obj                      572     152       0      
       ll_div_t2.obj                   542     0         0      
       fd_add_t2.obj                   438     0         0      
       e_asinf.obj                     376     32        0      
       s_atanf.obj                     336     52        0      
       e_sqrt.obj                      368     0         0      
       e_atan2f.obj                    344     0         0      
       fd_div_t2.obj                   310     0         0      
       fd_cmp_t2.obj                   268     0         0      
       ctype.obj                       0       257       0      
       fd_mul_t2.obj                   252     0         0      
       memcpy_t2.obj                   156     0         0      
       memset_t2.obj                   122     0         0      
       autoinit.obj                    112     0         0      
       fd_tos_t2.obj                   110     0         0      
       copy_decompress_lzss.obj        104     0         0      
       exit.obj                        84      0         12     
       boot.obj                        84      0         0      
       cpy_tbl.obj                     76      0         0      
       u_divt2.obj                     64      0         0      
       fs_tod_t2.obj                   56      0         0      
       e_sqrtf.obj                     40      0         0      
       _lock.obj                       20      0         8      
       args_main.obj                   24      0         0      
       ll_mul_t2.obj                   24      0         0      
       atof.obj                        18      0         0      
       copy_decompress_none.obj        14      0         0      
       copy_zero_init.obj              12      0         0      
       errno.obj                       0       0         4      
       pre_init.obj                    4       0         0      
       stkdepth_vars.obj               0       0         4      
       i_div0.obj                      2       0         0      
       l_div0.obj                      2       0         0      
       mpu_init.obj                    2       0         0      
       startup.obj                     2       0         0      
    +--+-------------------------------+-------+---------+---------+
       Total:                          4938    493       28     
                                                                
    E:/TM4C1294XL/driverlib/ccs/Debug/driverlib.lib
       gpio.obj                        788     528       0      
       sysctl.obj                      710     596       0      
       interrupt.obj                   188     112       620    
       adc.obj                         512     0         0      
       timer.obj                       324     160       0      
       uart.obj                        286     128       0      
       i2c.obj                         154     0         0      
       pwm.obj                         110     0         0      
       systick.obj                     84      0         0      
       fpu.obj                         32      0         0      
       cpu.obj                         24      0         0      
    +--+-------------------------------+-------+---------+---------+
       Total:                          3212    1524      620    
                                                                
    E:/TM4C1294XL/sensorlib/ccs/Debug/sensorlib.lib
       vector.obj                      212     0         0      
    +--+-------------------------------+-------+---------+---------+
       Total:                          212     0         0      
                                                                
       Stack:                          0       0         4096   
       Linker Generated:               0       106       0      
    +--+-------------------------------+-------+---------+---------+
       Grand Total:                    26218   3289      5141   


LINKER GENERATED COPY TABLES

__TI_cinit_table @ 00007340 records: 3, size/record: 8, table size: 24
	.data: load addr=000072e8, load size=00000036 bytes, run addr=200013a8, run size=00000070 bytes, compression=lzss
	.bss: load addr=00007330, load size=00000008 bytes, run addr=2000126c, run size=0000013b bytes, compression=zero_init
	.vtable: load addr=00007338, load size=00000008 bytes, run addr=20000000, run size=0000026c bytes, compression=zero_init


LINKER GENERATED HANDLER TABLE

__TI_handler_table @ 00007320 records: 3, size/record: 4, table size: 12
	index: 0, handler: __TI_zero_init
	index: 1, handler: __TI_decompress_lzss
	index: 2, handler: __TI_decompress_none


GLOBAL SYMBOLS: SORTED ALPHABETICALLY BY Name 

address   name                           
-------   ----                           
00006813  ADCBusy                        
00006469  ADCClockConfigSet              
000067c3  ADCIntClear                    
0000669b  ADCIntEnable                   
00006481  ADCIntRegister                 
000062df  ADCIntStatus                   
00006499  ADCProcessorTrigger            
0000676f  ADCReferenceSet                
00005d2d  ADCSequenceConfigure           
00006411  ADCSequenceDataGet             
0000670d  ADCSequenceDisable             
0000671b  ADCSequenceEnable              
00005a29  ADCSequenceStepConfigure       
0000169d  ActivateSolenoids              
00000c37  BME280IntHandler               
00004241  BME280_compensate_P_int64      
000041cf  BME280_compensate_T_int32      
00000c07  BMI160IntHandler               
00005841  ButtonsInit                    
000057a1  ButtonsPoll                    
00005e85  C$$EXIT                        
0000677b  CPUcpsid                       
00006787  CPUcpsie                       
00002e65  CompDCMAccelUpdate             
000032e3  CompDCMComputeEulers           
00003355  CompDCMComputeQuaternion       
00002e8d  CompDCMGyroUpdate              
00002df1  CompDCMInit                    
00002eb5  CompDCMMagnetoUpdate           
0000328f  CompDCMMatrixGet               
00002edd  CompDCMStart                   
00002fb1  CompDCMUpdate                  
0000069d  ConsoleIntHandler              
000016d1  DeactivateSolenoids            
000066ad  FPUEnable                      
000066bd  FPULazyStackingEnable          
0000630d  GPIODirModeSet                 
00006843  GPIOIntClear                   
00006793  GPIOIntEnable                  
000064b1  GPIOIntRegister                
00006729  GPIOIntStatus                  
00005d85  GPIOIntTypeSet                 
00005573  GPIOPadConfigSet               
0000600d  GPIOPinConfigure               
00006849  GPIOPinRead                    
000065d5  GPIOPinTypeADC                 
000065e7  GPIOPinTypeGPIOInput           
000064c9  GPIOPinTypeGPIOOutput          
000065f9  GPIOPinTypeI2C                 
0000660b  GPIOPinTypeI2CSCL              
0000661d  GPIOPinTypePWM                 
0000662f  GPIOPinTypeTimer               
00006641  GPIOPinTypeUART                
0000684f  GPIOPinWrite                   
000009c1  GPSIntHandler                  
000041b7  GetBME280RawData               
000009dd  GndMtr1IntHandler              
000009df  GndMtr2IntHandler              
000046c5  I2CBurstWrite                  
0000681b  I2CMasterBusBusy               
00006823  I2CMasterBusy                  
00006861  I2CMasterControl               
00006865  I2CMasterDataGet               
00006869  I2CMasterDataPut               
000067cd  I2CMasterDisable               
000067d7  I2CMasterEnable                
00006559  I2CMasterErr                   
00005f29  I2CMasterInitExpClk            
0000682b  I2CMasterSlaveAddrSet          
00004783  I2CRead                        
00004753  I2CSingleWrite                 
0000486b  I2CWait                        
00002c61  InitAirMtrs                    
00002bdd  InitAltimeter                  
000040e1  InitBME280                     
0000369d  InitBMI160                     
00003a65  InitBMM150                     
000024db  InitConsole                    
00002583  InitGPS                        
000025d3  InitGndMotors                  
00002acf  InitIMU                        
000024a9  InitLED                        
0000252d  InitRadio                      
0000265d  InitSolarPanels                
00002a71  InitSolenoidEnablePins         
0000281d  InitUltraSonicSensor           
00005bfd  IntEnable                      
000066cd  IntMasterDisable               
000066dd  IntMasterEnable                
00006215  IntRegister                    
00000e05  Menu                           
000063ad  PWMGenConfigure                
0000679f  PWMGenEnable                   
000066ed  PWMGenPeriodSet                
00006653  PWMOutputState                 
0000642f  PWMPulseWidthSet               
000015ef  ProcessADC                     
000011b1  ProcessGPS                     
00001921  ProcessIMUData                 
00001c31  ProcessMagData                 
00001581  ProcessRadio                   
00001635  ProcessUltraSonic              
0000082d  RadioIntHandler                
000067b7  ResetISR                       
UNDEFED   SHT$$INIT_ARRAY$$Base          
UNDEFED   SHT$$INIT_ARRAY$$Limit         
000009e9  SPIntHandler                   
00001701  SendPacket                     
00000be5  SolenoidInterrupt              
00004b09  SysCtlClockFreqSet             
00006855  SysCtlDelay                    
00006249  SysCtlPeripheralEnable         
000061a5  SysCtlPeripheralPresent        
00006585  SysTickEnable                  
00006599  SysTickIntEnable               
0000066d  SysTickIntHandler              
0000644d  SysTickIntRegister             
000066fd  SysTickPeriodSet               
00000b45  Timer1AInterrupt               
00000b99  Timer1BInterrupt               
00000a07  Timer2AInterrupt               
00000a4f  Timer2BInterrupt               
00000a9b  Timer3AInterrupt               
00000ae9  Timer3BInterrupt               
00005ccd  TimerConfigure                 
0000656f  TimerControlEvent              
000064e1  TimerDisable                   
00006737  TimerEnable                    
0000686d  TimerIntClear                  
00006833  TimerIntEnable                 
000064f9  TimerIntRegister               
000067e1  TimerIntStatus                 
00006665  TimerLoadSet                   
00006677  TimerPrescaleSet               
000067eb  TimerValueGet                  
00000cd1  TurnOffLED                     
00000c53  TurnOnLED                      
000067f5  UARTCharGet                    
00006745  UARTCharGetNonBlocking         
000067ff  UARTCharPut                    
00006753  UARTCharsAvail                 
0000685b  UARTClockSourceSet             
0000609d  UARTConfigSetExpClk            
000063d1  UARTDisable                    
000065ad  UARTEnable                     
00006871  UARTIntClear                   
0000683b  UARTIntEnable                  
00006511  UARTIntRegister                
00006809  UARTIntStatus                  
00003c45  UARTStdioConfig                
00003d8b  UARTgetc                       
00003cd1  UARTgets                       
000040ab  UARTprintf                     
00003db1  UARTvprintf                    
00003c8b  UARTwrite                      
00001db1  UpdateTrajectory               
0000627d  VectorAdd                      
00005ddb  VectorCrossProduct             
00006361  VectorDotProduct               
00006387  VectorScale                    
00000d41  WaitForButtonPress             
2000126c  __STACK_END                    
00001000  __STACK_SIZE                   
2000046c  __STACK_TOP                    
00007340  __TI_CINIT_Base                
00007358  __TI_CINIT_Limit               
00007320  __TI_Handler_Table_Base        
0000732c  __TI_Handler_Table_Limit       
00005b1d  __TI_auto_init                 
200013dc  __TI_cleanup_ptr               
00005c65  __TI_decompress_lzss           
00006761  __TI_decompress_none           
200013e0  __TI_dtors_ptr                 
200013e4  __TI_enable_exit_profile_output
ffffffff  __TI_pprof_out_hndl            
ffffffff  __TI_prof_data_size            
ffffffff  __TI_prof_data_start           
00000000  __TI_static_base__             
000067ab  __TI_zero_init                 
0000591d  __aeabi_cdcmpeq                
0000591d  __aeabi_cdcmple                
000059a3  __aeabi_cdrcmple               
00005b8d  __aeabi_d2f                    
00004cff  __aeabi_dadd                   
0000543d  __aeabi_ddiv                   
000056a5  __aeabi_dmul                   
00004cf5  __aeabi_dsub                   
000061dd  __aeabi_f2d                    
00004487  __aeabi_idiv0                  
00004eab  __aeabi_ldiv0                  
000048eb  __aeabi_ldivmod                
00006541  __aeabi_lmul                   
00005aa3  __aeabi_memclr                 
00005aa3  __aeabi_memclr4                
00005aa3  __aeabi_memclr8                
00005881  __aeabi_memcpy                 
00005881  __aeabi_memcpy4                
00005881  __aeabi_memcpy8                
00005aa5  __aeabi_memset                 
00005aa5  __aeabi_memset4                
00005aa5  __aeabi_memset8                
00006165  __aeabi_uidiv                  
00006165  __aeabi_uidivmod               
ffffffff  __binit__                      
ffffffff  __c_args__                     
000062af  __isnanf                       
00005bfb  __mpu_init                     
2000026c  __stack                        
00006529  _args_main                     
00005e31  _c_int00                       
00006c80  _ctypes_                       
200013f4  _lock                          
000065cf  _nop                           
000065c7  _register_lock                 
000065c1  _register_unlock               
000060e3  _system_post_cinit             
00006875  _system_pre_init               
200013f8  _unlock                        
00005e89  abort                          
00004ead  asinf                          
00005195  atan2f                         
000052ed  atanf                          
00006689  atof                           
ffffffff  binit                          
00005fc1  copy_in                        
2000140c  errno                          
00005e91  exit                           
200013b0  g_ADCFlag                      
200013c8  g_Accel2GFactor                
20001388  g_BME280OffsetUnsigned         
20001358  g_BME280OffsetValues           
20001370  g_BME280RawData                
200013cc  g_BME280Ready                  
200013e8  g_Bias                         
200013a5  g_CharConsole                  
200013ae  g_ConsoleFlag                  
200013b4  g_GPSConnected                 
200013b2  g_GPSFlag                      
200013b3  g_GPSLEDOn                     
200013b9  g_IMUDataFlag                  
200013c4  g_LED1On                       
200013ac  g_LED4On                       
200013d8  g_MagDataFlag                  
200012c4  g_Pack                         
2000138c  g_Pressure                     
200013cd  g_PrintRawBMIData              
200013b5  g_PrintRawGPS                  
200013af  g_Quit                         
200013b1  g_RadioFlag                    
200013ad  g_SendPacket                   
20001390  g_SysClockSpeed                
20001394  g_Temp                         
20001398  g_TimerFallValue               
200013b6  g_TimerFirstPass               
2000139c  g_TimerRiseValue               
200013b7  g_UltraSonicFlag               
200013b8  g_UltraSonicSensor             
200013bc  g_accelLSBg                    
200013a6  g_bDCMStarted                  
20001364  g_fGyroData                    
200013c0  g_fGyroLSB                     
20001378  g_gyroDataRaw                  
200013c5  g_loopCount                    
20001380  g_magDataRaw                   
200013a8  g_mtrThrottle                  
200013fc  g_offsetData                   
200013d4  g_p_t_fine                     
20000000  g_pfnRAMVectors                
00000000  g_pfnVectors                   
200013d0  g_ptrBME280RawData             
2000126c  g_sCompDCMInst                 
20001314  g_sRxPack                      
200013a0  g_t_fine                       
00000209  main                           
20001410  main_func_sp                   
00005881  memcpy                         
00005aab  memset                         
20001348  sStatus                        
20001330  sThrottle                      
00005025  sqrt                           
00006339  sqrtf                          
00005025  sqrtl                          
00004489  strtod                         
00004489  strtold                        


GLOBAL SYMBOLS: SORTED BY Symbol Address 

address   name                           
-------   ----                           
00000000  __TI_static_base__             
00000000  g_pfnVectors                   
00000209  main                           
0000066d  SysTickIntHandler              
0000069d  ConsoleIntHandler              
0000082d  RadioIntHandler                
000009c1  GPSIntHandler                  
000009dd  GndMtr1IntHandler              
000009df  GndMtr2IntHandler              
000009e9  SPIntHandler                   
00000a07  Timer2AInterrupt               
00000a4f  Timer2BInterrupt               
00000a9b  Timer3AInterrupt               
00000ae9  Timer3BInterrupt               
00000b45  Timer1AInterrupt               
00000b99  Timer1BInterrupt               
00000be5  SolenoidInterrupt              
00000c07  BMI160IntHandler               
00000c37  BME280IntHandler               
00000c53  TurnOnLED                      
00000cd1  TurnOffLED                     
00000d41  WaitForButtonPress             
00000e05  Menu                           
00001000  __STACK_SIZE                   
000011b1  ProcessGPS                     
00001581  ProcessRadio                   
000015ef  ProcessADC                     
00001635  ProcessUltraSonic              
0000169d  ActivateSolenoids              
000016d1  DeactivateSolenoids            
00001701  SendPacket                     
00001921  ProcessIMUData                 
00001c31  ProcessMagData                 
00001db1  UpdateTrajectory               
000024a9  InitLED                        
000024db  InitConsole                    
0000252d  InitRadio                      
00002583  InitGPS                        
000025d3  InitGndMotors                  
0000265d  InitSolarPanels                
0000281d  InitUltraSonicSensor           
00002a71  InitSolenoidEnablePins         
00002acf  InitIMU                        
00002bdd  InitAltimeter                  
00002c61  InitAirMtrs                    
00002df1  CompDCMInit                    
00002e65  CompDCMAccelUpdate             
00002e8d  CompDCMGyroUpdate              
00002eb5  CompDCMMagnetoUpdate           
00002edd  CompDCMStart                   
00002fb1  CompDCMUpdate                  
0000328f  CompDCMMatrixGet               
000032e3  CompDCMComputeEulers           
00003355  CompDCMComputeQuaternion       
0000369d  InitBMI160                     
00003a65  InitBMM150                     
00003c45  UARTStdioConfig                
00003c8b  UARTwrite                      
00003cd1  UARTgets                       
00003d8b  UARTgetc                       
00003db1  UARTvprintf                    
000040ab  UARTprintf                     
000040e1  InitBME280                     
000041b7  GetBME280RawData               
000041cf  BME280_compensate_T_int32      
00004241  BME280_compensate_P_int64      
00004487  __aeabi_idiv0                  
00004489  strtod                         
00004489  strtold                        
000046c5  I2CBurstWrite                  
00004753  I2CSingleWrite                 
00004783  I2CRead                        
0000486b  I2CWait                        
000048eb  __aeabi_ldivmod                
00004b09  SysCtlClockFreqSet             
00004cf5  __aeabi_dsub                   
00004cff  __aeabi_dadd                   
00004eab  __aeabi_ldiv0                  
00004ead  asinf                          
00005025  sqrt                           
00005025  sqrtl                          
00005195  atan2f                         
000052ed  atanf                          
0000543d  __aeabi_ddiv                   
00005573  GPIOPadConfigSet               
000056a5  __aeabi_dmul                   
000057a1  ButtonsPoll                    
00005841  ButtonsInit                    
00005881  __aeabi_memcpy                 
00005881  __aeabi_memcpy4                
00005881  __aeabi_memcpy8                
00005881  memcpy                         
0000591d  __aeabi_cdcmpeq                
0000591d  __aeabi_cdcmple                
000059a3  __aeabi_cdrcmple               
00005a29  ADCSequenceStepConfigure       
00005aa3  __aeabi_memclr                 
00005aa3  __aeabi_memclr4                
00005aa3  __aeabi_memclr8                
00005aa5  __aeabi_memset                 
00005aa5  __aeabi_memset4                
00005aa5  __aeabi_memset8                
00005aab  memset                         
00005b1d  __TI_auto_init                 
00005b8d  __aeabi_d2f                    
00005bfb  __mpu_init                     
00005bfd  IntEnable                      
00005c65  __TI_decompress_lzss           
00005ccd  TimerConfigure                 
00005d2d  ADCSequenceConfigure           
00005d85  GPIOIntTypeSet                 
00005ddb  VectorCrossProduct             
00005e31  _c_int00                       
00005e85  C$$EXIT                        
00005e89  abort                          
00005e91  exit                           
00005f29  I2CMasterInitExpClk            
00005fc1  copy_in                        
0000600d  GPIOPinConfigure               
0000609d  UARTConfigSetExpClk            
000060e3  _system_post_cinit             
00006165  __aeabi_uidiv                  
00006165  __aeabi_uidivmod               
000061a5  SysCtlPeripheralPresent        
000061dd  __aeabi_f2d                    
00006215  IntRegister                    
00006249  SysCtlPeripheralEnable         
0000627d  VectorAdd                      
000062af  __isnanf                       
000062df  ADCIntStatus                   
0000630d  GPIODirModeSet                 
00006339  sqrtf                          
00006361  VectorDotProduct               
00006387  VectorScale                    
000063ad  PWMGenConfigure                
000063d1  UARTDisable                    
00006411  ADCSequenceDataGet             
0000642f  PWMPulseWidthSet               
0000644d  SysTickIntRegister             
00006469  ADCClockConfigSet              
00006481  ADCIntRegister                 
00006499  ADCProcessorTrigger            
000064b1  GPIOIntRegister                
000064c9  GPIOPinTypeGPIOOutput          
000064e1  TimerDisable                   
000064f9  TimerIntRegister               
00006511  UARTIntRegister                
00006529  _args_main                     
00006541  __aeabi_lmul                   
00006559  I2CMasterErr                   
0000656f  TimerControlEvent              
00006585  SysTickEnable                  
00006599  SysTickIntEnable               
000065ad  UARTEnable                     
000065c1  _register_unlock               
000065c7  _register_lock                 
000065cf  _nop                           
000065d5  GPIOPinTypeADC                 
000065e7  GPIOPinTypeGPIOInput           
000065f9  GPIOPinTypeI2C                 
0000660b  GPIOPinTypeI2CSCL              
0000661d  GPIOPinTypePWM                 
0000662f  GPIOPinTypeTimer               
00006641  GPIOPinTypeUART                
00006653  PWMOutputState                 
00006665  TimerLoadSet                   
00006677  TimerPrescaleSet               
00006689  atof                           
0000669b  ADCIntEnable                   
000066ad  FPUEnable                      
000066bd  FPULazyStackingEnable          
000066cd  IntMasterDisable               
000066dd  IntMasterEnable                
000066ed  PWMGenPeriodSet                
000066fd  SysTickPeriodSet               
0000670d  ADCSequenceDisable             
0000671b  ADCSequenceEnable              
00006729  GPIOIntStatus                  
00006737  TimerEnable                    
00006745  UARTCharGetNonBlocking         
00006753  UARTCharsAvail                 
00006761  __TI_decompress_none           
0000676f  ADCReferenceSet                
0000677b  CPUcpsid                       
00006787  CPUcpsie                       
00006793  GPIOIntEnable                  
0000679f  PWMGenEnable                   
000067ab  __TI_zero_init                 
000067b7  ResetISR                       
000067c3  ADCIntClear                    
000067cd  I2CMasterDisable               
000067d7  I2CMasterEnable                
000067e1  TimerIntStatus                 
000067eb  TimerValueGet                  
000067f5  UARTCharGet                    
000067ff  UARTCharPut                    
00006809  UARTIntStatus                  
00006813  ADCBusy                        
0000681b  I2CMasterBusBusy               
00006823  I2CMasterBusy                  
0000682b  I2CMasterSlaveAddrSet          
00006833  TimerIntEnable                 
0000683b  UARTIntEnable                  
00006843  GPIOIntClear                   
00006849  GPIOPinRead                    
0000684f  GPIOPinWrite                   
00006855  SysCtlDelay                    
0000685b  UARTClockSourceSet             
00006861  I2CMasterControl               
00006865  I2CMasterDataGet               
00006869  I2CMasterDataPut               
0000686d  TimerIntClear                  
00006871  UARTIntClear                   
00006875  _system_pre_init               
00006c80  _ctypes_                       
00007320  __TI_Handler_Table_Base        
0000732c  __TI_Handler_Table_Limit       
00007340  __TI_CINIT_Base                
00007358  __TI_CINIT_Limit               
20000000  g_pfnRAMVectors                
2000026c  __stack                        
2000046c  __STACK_TOP                    
2000126c  __STACK_END                    
2000126c  g_sCompDCMInst                 
200012c4  g_Pack                         
20001314  g_sRxPack                      
20001330  sThrottle                      
20001348  sStatus                        
20001358  g_BME280OffsetValues           
20001364  g_fGyroData                    
20001370  g_BME280RawData                
20001378  g_gyroDataRaw                  
20001380  g_magDataRaw                   
20001388  g_BME280OffsetUnsigned         
2000138c  g_Pressure                     
20001390  g_SysClockSpeed                
20001394  g_Temp                         
20001398  g_TimerFallValue               
2000139c  g_TimerRiseValue               
200013a0  g_t_fine                       
200013a5  g_CharConsole                  
200013a6  g_bDCMStarted                  
200013a8  g_mtrThrottle                  
200013ac  g_LED4On                       
200013ad  g_SendPacket                   
200013ae  g_ConsoleFlag                  
200013af  g_Quit                         
200013b0  g_ADCFlag                      
200013b1  g_RadioFlag                    
200013b2  g_GPSFlag                      
200013b3  g_GPSLEDOn                     
200013b4  g_GPSConnected                 
200013b5  g_PrintRawGPS                  
200013b6  g_TimerFirstPass               
200013b7  g_UltraSonicFlag               
200013b8  g_UltraSonicSensor             
200013b9  g_IMUDataFlag                  
200013bc  g_accelLSBg                    
200013c0  g_fGyroLSB                     
200013c4  g_LED1On                       
200013c5  g_loopCount                    
200013c8  g_Accel2GFactor                
200013cc  g_BME280Ready                  
200013cd  g_PrintRawBMIData              
200013d0  g_ptrBME280RawData             
200013d4  g_p_t_fine                     
200013d8  g_MagDataFlag                  
200013dc  __TI_cleanup_ptr               
200013e0  __TI_dtors_ptr                 
200013e4  __TI_enable_exit_profile_output
200013e8  g_Bias                         
200013f4  _lock                          
200013f8  _unlock                        
200013fc  g_offsetData                   
2000140c  errno                          
20001410  main_func_sp                   
ffffffff  __TI_pprof_out_hndl            
ffffffff  __TI_prof_data_size            
ffffffff  __TI_prof_data_start           
ffffffff  __binit__                      
ffffffff  __c_args__                     
ffffffff  binit                          
UNDEFED   SHT$$INIT_ARRAY$$Base          
UNDEFED   SHT$$INIT_ARRAY$$Limit         

[284 symbols]
