<?xml version="1.0"?>
<link_info>
   <banner>TI ARM Linker PC v16.9.0.LTS</banner>
   <copyright>Copyright (c) 1996-2015 Texas Instruments Incorporated</copyright>
   <link_time>0x58b26292</link_time>
   <link_errors>0x0</link_errors>
   <output_file>APOPHIS v1.0.out</output_file>
   <entry_point>
      <name>_c_int00</name>
      <address>0x6139</address>
   </entry_point>
   <input_file_list>
      <input_file id="fl-2">
         <path>.\</path>
         <kind>object</kind>
         <file>bme280.obj</file>
         <name>bme280.obj</name>
      </input_file>
      <input_file id="fl-3">
         <path>.\</path>
         <kind>object</kind>
         <file>bmi160.obj</file>
         <name>bmi160.obj</name>
      </input_file>
      <input_file id="fl-4">
         <path>.\</path>
         <kind>object</kind>
         <file>buttons.obj</file>
         <name>buttons.obj</name>
      </input_file>
      <input_file id="fl-5">
         <path>.\</path>
         <kind>object</kind>
         <file>comp_dcm.obj</file>
         <name>comp_dcm.obj</name>
      </input_file>
      <input_file id="fl-6">
         <path>.\</path>
         <kind>object</kind>
         <file>i2c_driver.obj</file>
         <name>i2c_driver.obj</name>
      </input_file>
      <input_file id="fl-7">
         <path>.\</path>
         <kind>object</kind>
         <file>initializations.obj</file>
         <name>initializations.obj</name>
      </input_file>
      <input_file id="fl-8">
         <path>.\</path>
         <kind>object</kind>
         <file>main.obj</file>
         <name>main.obj</name>
      </input_file>
      <input_file id="fl-9">
         <path>.\</path>
         <kind>object</kind>
         <file>mma8452q.obj</file>
         <name>mma8452q.obj</name>
      </input_file>
      <input_file id="fl-a">
         <path>.\</path>
         <kind>object</kind>
         <file>tm4c1294ncpdt_startup_ccs.obj</file>
         <name>tm4c1294ncpdt_startup_ccs.obj</name>
      </input_file>
      <input_file id="fl-b">
         <path>.\</path>
         <kind>object</kind>
         <file>uartstdio.obj</file>
         <name>uartstdio.obj</name>
      </input_file>
      <input_file id="fl-c7">
         <path>C:\ti\ccsv7\tools\compiler\ti-cgt-arm_16.9.0.LTS\lib\</path>
         <kind>archive</kind>
         <file>rtsv7M4_T_le_v4SPD16_eabi.lib</file>
         <name>atof.obj</name>
      </input_file>
      <input_file id="fl-c8">
         <path>C:\ti\ccsv7\tools\compiler\ti-cgt-arm_16.9.0.LTS\lib\</path>
         <kind>archive</kind>
         <file>rtsv7M4_T_le_v4SPD16_eabi.lib</file>
         <name>boot.obj</name>
      </input_file>
      <input_file id="fl-c9">
         <path>C:\ti\ccsv7\tools\compiler\ti-cgt-arm_16.9.0.LTS\lib\</path>
         <kind>archive</kind>
         <file>rtsv7M4_T_le_v4SPD16_eabi.lib</file>
         <name>copy_decompress_lzss.obj</name>
      </input_file>
      <input_file id="fl-ca">
         <path>C:\ti\ccsv7\tools\compiler\ti-cgt-arm_16.9.0.LTS\lib\</path>
         <kind>archive</kind>
         <file>rtsv7M4_T_le_v4SPD16_eabi.lib</file>
         <name>copy_decompress_none.obj</name>
      </input_file>
      <input_file id="fl-cb">
         <path>C:\ti\ccsv7\tools\compiler\ti-cgt-arm_16.9.0.LTS\lib\</path>
         <kind>archive</kind>
         <file>rtsv7M4_T_le_v4SPD16_eabi.lib</file>
         <name>copy_zero_init.obj</name>
      </input_file>
      <input_file id="fl-cc">
         <path>C:\ti\ccsv7\tools\compiler\ti-cgt-arm_16.9.0.LTS\lib\</path>
         <kind>archive</kind>
         <file>rtsv7M4_T_le_v4SPD16_eabi.lib</file>
         <name>e_asinf.obj</name>
      </input_file>
      <input_file id="fl-cd">
         <path>C:\ti\ccsv7\tools\compiler\ti-cgt-arm_16.9.0.LTS\lib\</path>
         <kind>archive</kind>
         <file>rtsv7M4_T_le_v4SPD16_eabi.lib</file>
         <name>e_atan2f.obj</name>
      </input_file>
      <input_file id="fl-ce">
         <path>C:\ti\ccsv7\tools\compiler\ti-cgt-arm_16.9.0.LTS\lib\</path>
         <kind>archive</kind>
         <file>rtsv7M4_T_le_v4SPD16_eabi.lib</file>
         <name>e_sqrt.obj</name>
      </input_file>
      <input_file id="fl-cf">
         <path>C:\ti\ccsv7\tools\compiler\ti-cgt-arm_16.9.0.LTS\lib\</path>
         <kind>archive</kind>
         <file>rtsv7M4_T_le_v4SPD16_eabi.lib</file>
         <name>e_sqrtf.obj</name>
      </input_file>
      <input_file id="fl-d0">
         <path>C:\ti\ccsv7\tools\compiler\ti-cgt-arm_16.9.0.LTS\lib\</path>
         <kind>archive</kind>
         <file>rtsv7M4_T_le_v4SPD16_eabi.lib</file>
         <name>errno.obj</name>
      </input_file>
      <input_file id="fl-d1">
         <path>C:\ti\ccsv7\tools\compiler\ti-cgt-arm_16.9.0.LTS\lib\</path>
         <kind>archive</kind>
         <file>rtsv7M4_T_le_v4SPD16_eabi.lib</file>
         <name>exit.obj</name>
      </input_file>
      <input_file id="fl-d2">
         <path>C:\ti\ccsv7\tools\compiler\ti-cgt-arm_16.9.0.LTS\lib\</path>
         <kind>archive</kind>
         <file>rtsv7M4_T_le_v4SPD16_eabi.lib</file>
         <name>fd_add_t2.obj</name>
      </input_file>
      <input_file id="fl-d3">
         <path>C:\ti\ccsv7\tools\compiler\ti-cgt-arm_16.9.0.LTS\lib\</path>
         <kind>archive</kind>
         <file>rtsv7M4_T_le_v4SPD16_eabi.lib</file>
         <name>fd_cmp_t2.obj</name>
      </input_file>
      <input_file id="fl-d4">
         <path>C:\ti\ccsv7\tools\compiler\ti-cgt-arm_16.9.0.LTS\lib\</path>
         <kind>archive</kind>
         <file>rtsv7M4_T_le_v4SPD16_eabi.lib</file>
         <name>fd_mul_t2.obj</name>
      </input_file>
      <input_file id="fl-d5">
         <path>C:\ti\ccsv7\tools\compiler\ti-cgt-arm_16.9.0.LTS\lib\</path>
         <kind>archive</kind>
         <file>rtsv7M4_T_le_v4SPD16_eabi.lib</file>
         <name>fd_tos_t2.obj</name>
      </input_file>
      <input_file id="fl-d6">
         <path>C:\ti\ccsv7\tools\compiler\ti-cgt-arm_16.9.0.LTS\lib\</path>
         <kind>archive</kind>
         <file>rtsv7M4_T_le_v4SPD16_eabi.lib</file>
         <name>fs_tod_t2.obj</name>
      </input_file>
      <input_file id="fl-d7">
         <path>C:\ti\ccsv7\tools\compiler\ti-cgt-arm_16.9.0.LTS\lib\</path>
         <kind>archive</kind>
         <file>rtsv7M4_T_le_v4SPD16_eabi.lib</file>
         <name>ll_div_t2.obj</name>
      </input_file>
      <input_file id="fl-d8">
         <path>C:\ti\ccsv7\tools\compiler\ti-cgt-arm_16.9.0.LTS\lib\</path>
         <kind>archive</kind>
         <file>rtsv7M4_T_le_v4SPD16_eabi.lib</file>
         <name>ll_mul_t2.obj</name>
      </input_file>
      <input_file id="fl-d9">
         <path>C:\ti\ccsv7\tools\compiler\ti-cgt-arm_16.9.0.LTS\lib\</path>
         <kind>archive</kind>
         <file>rtsv7M4_T_le_v4SPD16_eabi.lib</file>
         <name>memcpy_t2.obj</name>
      </input_file>
      <input_file id="fl-da">
         <path>C:\ti\ccsv7\tools\compiler\ti-cgt-arm_16.9.0.LTS\lib\</path>
         <kind>archive</kind>
         <file>rtsv7M4_T_le_v4SPD16_eabi.lib</file>
         <name>memset_t2.obj</name>
      </input_file>
      <input_file id="fl-db">
         <path>C:\ti\ccsv7\tools\compiler\ti-cgt-arm_16.9.0.LTS\lib\</path>
         <kind>archive</kind>
         <file>rtsv7M4_T_le_v4SPD16_eabi.lib</file>
         <name>mpu_init.obj</name>
      </input_file>
      <input_file id="fl-dc">
         <path>C:\ti\ccsv7\tools\compiler\ti-cgt-arm_16.9.0.LTS\lib\</path>
         <kind>archive</kind>
         <file>rtsv7M4_T_le_v4SPD16_eabi.lib</file>
         <name>pre_init.obj</name>
      </input_file>
      <input_file id="fl-dd">
         <path>C:\ti\ccsv7\tools\compiler\ti-cgt-arm_16.9.0.LTS\lib\</path>
         <kind>archive</kind>
         <file>rtsv7M4_T_le_v4SPD16_eabi.lib</file>
         <name>s_atanf.obj</name>
      </input_file>
      <input_file id="fl-de">
         <path>C:\ti\ccsv7\tools\compiler\ti-cgt-arm_16.9.0.LTS\lib\</path>
         <kind>archive</kind>
         <file>rtsv7M4_T_le_v4SPD16_eabi.lib</file>
         <name>stkdepth_vars.obj</name>
      </input_file>
      <input_file id="fl-df">
         <path>C:\ti\ccsv7\tools\compiler\ti-cgt-arm_16.9.0.LTS\lib\</path>
         <kind>archive</kind>
         <file>rtsv7M4_T_le_v4SPD16_eabi.lib</file>
         <name>strtod.obj</name>
      </input_file>
      <input_file id="fl-e0">
         <path>C:\ti\ccsv7\tools\compiler\ti-cgt-arm_16.9.0.LTS\lib\</path>
         <kind>archive</kind>
         <file>rtsv7M4_T_le_v4SPD16_eabi.lib</file>
         <name>u_divt2.obj</name>
      </input_file>
      <input_file id="fl-e1">
         <path>C:\ti\ccsv7\tools\compiler\ti-cgt-arm_16.9.0.LTS\lib\</path>
         <kind>archive</kind>
         <file>rtsv7M4_T_le_v4SPD16_eabi.lib</file>
         <name>_lock.obj</name>
      </input_file>
      <input_file id="fl-e2">
         <path>C:\ti\ccsv7\tools\compiler\ti-cgt-arm_16.9.0.LTS\lib\</path>
         <kind>archive</kind>
         <file>rtsv7M4_T_le_v4SPD16_eabi.lib</file>
         <name>args_main.obj</name>
      </input_file>
      <input_file id="fl-e3">
         <path>C:\ti\ccsv7\tools\compiler\ti-cgt-arm_16.9.0.LTS\lib\</path>
         <kind>archive</kind>
         <file>rtsv7M4_T_le_v4SPD16_eabi.lib</file>
         <name>autoinit.obj</name>
      </input_file>
      <input_file id="fl-e4">
         <path>C:\ti\ccsv7\tools\compiler\ti-cgt-arm_16.9.0.LTS\lib\</path>
         <kind>archive</kind>
         <file>rtsv7M4_T_le_v4SPD16_eabi.lib</file>
         <name>cpy_tbl.obj</name>
      </input_file>
      <input_file id="fl-e5">
         <path>C:\ti\ccsv7\tools\compiler\ti-cgt-arm_16.9.0.LTS\lib\</path>
         <kind>archive</kind>
         <file>rtsv7M4_T_le_v4SPD16_eabi.lib</file>
         <name>ctype.obj</name>
      </input_file>
      <input_file id="fl-e6">
         <path>C:\ti\ccsv7\tools\compiler\ti-cgt-arm_16.9.0.LTS\lib\</path>
         <kind>archive</kind>
         <file>rtsv7M4_T_le_v4SPD16_eabi.lib</file>
         <name>fd_div_t2.obj</name>
      </input_file>
      <input_file id="fl-e7">
         <path>C:\ti\ccsv7\tools\compiler\ti-cgt-arm_16.9.0.LTS\lib\</path>
         <kind>archive</kind>
         <file>rtsv7M4_T_le_v4SPD16_eabi.lib</file>
         <name>i_div0.obj</name>
      </input_file>
      <input_file id="fl-e8">
         <path>C:\ti\ccsv7\tools\compiler\ti-cgt-arm_16.9.0.LTS\lib\</path>
         <kind>archive</kind>
         <file>rtsv7M4_T_le_v4SPD16_eabi.lib</file>
         <name>l_div0.obj</name>
      </input_file>
      <input_file id="fl-e9">
         <path>C:\ti\ccsv7\tools\compiler\ti-cgt-arm_16.9.0.LTS\lib\</path>
         <kind>archive</kind>
         <file>rtsv7M4_T_le_v4SPD16_eabi.lib</file>
         <name>startup.obj</name>
      </input_file>
      <input_file id="fl-ea">
         <path>E:\TM4C1294XL\driverlib\ccs\Debug\</path>
         <kind>archive</kind>
         <file>driverlib.lib</file>
         <name>adc.obj</name>
      </input_file>
      <input_file id="fl-eb">
         <path>E:\TM4C1294XL\driverlib\ccs\Debug\</path>
         <kind>archive</kind>
         <file>driverlib.lib</file>
         <name>fpu.obj</name>
      </input_file>
      <input_file id="fl-ec">
         <path>E:\TM4C1294XL\driverlib\ccs\Debug\</path>
         <kind>archive</kind>
         <file>driverlib.lib</file>
         <name>gpio.obj</name>
      </input_file>
      <input_file id="fl-ed">
         <path>E:\TM4C1294XL\driverlib\ccs\Debug\</path>
         <kind>archive</kind>
         <file>driverlib.lib</file>
         <name>i2c.obj</name>
      </input_file>
      <input_file id="fl-ee">
         <path>E:\TM4C1294XL\driverlib\ccs\Debug\</path>
         <kind>archive</kind>
         <file>driverlib.lib</file>
         <name>interrupt.obj</name>
      </input_file>
      <input_file id="fl-ef">
         <path>E:\TM4C1294XL\driverlib\ccs\Debug\</path>
         <kind>archive</kind>
         <file>driverlib.lib</file>
         <name>pwm.obj</name>
      </input_file>
      <input_file id="fl-f0">
         <path>E:\TM4C1294XL\driverlib\ccs\Debug\</path>
         <kind>archive</kind>
         <file>driverlib.lib</file>
         <name>sysctl.obj</name>
      </input_file>
      <input_file id="fl-f1">
         <path>E:\TM4C1294XL\driverlib\ccs\Debug\</path>
         <kind>archive</kind>
         <file>driverlib.lib</file>
         <name>systick.obj</name>
      </input_file>
      <input_file id="fl-f2">
         <path>E:\TM4C1294XL\driverlib\ccs\Debug\</path>
         <kind>archive</kind>
         <file>driverlib.lib</file>
         <name>timer.obj</name>
      </input_file>
      <input_file id="fl-f3">
         <path>E:\TM4C1294XL\driverlib\ccs\Debug\</path>
         <kind>archive</kind>
         <file>driverlib.lib</file>
         <name>uart.obj</name>
      </input_file>
      <input_file id="fl-f4">
         <path>E:\TM4C1294XL\driverlib\ccs\Debug\</path>
         <kind>archive</kind>
         <file>driverlib.lib</file>
         <name>cpu.obj</name>
      </input_file>
      <input_file id="fl-f5">
         <path>E:\TM4C1294XL\sensorlib\ccs\Debug\</path>
         <kind>archive</kind>
         <file>sensorlib.lib</file>
         <name>vector.obj</name>
      </input_file>
   </input_file_list>
   <object_component_list>
      <object_component id="oc-f">
         <name>.intvecs</name>
         <load_address>0x0</load_address>
         <run_address>0x0</run_address>
         <size>0x208</size>
         <input_file_ref idref="fl-a"/>
      </object_component>
      <object_component id="oc-31">
         <name>.text</name>
         <load_address>0x208</load_address>
         <run_address>0x208</run_address>
         <size>0x2594</size>
         <input_file_ref idref="fl-8"/>
      </object_component>
      <object_component id="oc-98">
         <name>.text</name>
         <load_address>0x279c</load_address>
         <run_address>0x279c</run_address>
         <size>0xa0c</size>
         <input_file_ref idref="fl-7"/>
      </object_component>
      <object_component id="oc-b6">
         <name>.text</name>
         <load_address>0x31a8</load_address>
         <run_address>0x31a8</run_address>
         <size>0x8ac</size>
         <input_file_ref idref="fl-5"/>
      </object_component>
      <object_component id="oc-2b6">
         <name>.text</name>
         <load_address>0x3a54</load_address>
         <run_address>0x3a54</run_address>
         <size>0x4f6</size>
         <input_file_ref idref="fl-3"/>
      </object_component>
      <object_component id="oc-46f">
         <name>.text</name>
         <load_address>0x3f4a</load_address>
         <run_address>0x3f4a</run_address>
         <size>0x2</size>
         <input_file_ref idref="fl-e7"/>
      </object_component>
      <object_component id="oc-a4">
         <name>.text</name>
         <load_address>0x3f4c</load_address>
         <run_address>0x3f4c</run_address>
         <size>0x49c</size>
         <input_file_ref idref="fl-b"/>
      </object_component>
      <object_component id="oc-e0">
         <name>.text</name>
         <load_address>0x43e8</load_address>
         <run_address>0x43e8</run_address>
         <size>0x3a6</size>
         <input_file_ref idref="fl-2"/>
      </object_component>
      <object_component id="oc-4b2">
         <name>.text</name>
         <load_address>0x478e</load_address>
         <run_address>0x478e</run_address>
         <size>0x2</size>
         <input_file_ref idref="fl-e8"/>
      </object_component>
      <object_component id="oc-3c7">
         <name>.text</name>
         <load_address>0x4790</load_address>
         <run_address>0x4790</run_address>
         <size>0x23c</size>
         <input_file_ref idref="fl-df"/>
      </object_component>
      <object_component id="oc-b0">
         <name>.text</name>
         <load_address>0x49cc</load_address>
         <run_address>0x49cc</run_address>
         <size>0x226</size>
         <input_file_ref idref="fl-6"/>
      </object_component>
      <object_component id="oc-3a5">
         <name>.text</name>
         <load_address>0x4bf2</load_address>
         <run_address>0x4bf2</run_address>
         <size>0x21e</size>
         <input_file_ref idref="fl-d7"/>
      </object_component>
      <object_component id="oc-8c">
         <name>.text:SysCtlClockFreqSet</name>
         <load_address>0x4e10</load_address>
         <run_address>0x4e10</run_address>
         <size>0x1ec</size>
         <input_file_ref idref="fl-f0"/>
      </object_component>
      <object_component id="oc-361">
         <name>.text</name>
         <load_address>0x4ffc</load_address>
         <run_address>0x4ffc</run_address>
         <size>0x1b6</size>
         <input_file_ref idref="fl-d2"/>
      </object_component>
      <object_component id="oc-5d">
         <name>.text</name>
         <load_address>0x51b2</load_address>
         <run_address>0x51b2</run_address>
         <size>0x2</size>
         <input_file_ref idref="fl-db"/>
      </object_component>
      <object_component id="oc-378">
         <name>.text</name>
         <load_address>0x51b4</load_address>
         <run_address>0x51b4</run_address>
         <size>0x178</size>
         <input_file_ref idref="fl-cc"/>
      </object_component>
      <object_component id="oc-49e">
         <name>.text</name>
         <load_address>0x532c</load_address>
         <run_address>0x532c</run_address>
         <size>0x170</size>
         <input_file_ref idref="fl-ce"/>
      </object_component>
      <object_component id="oc-372">
         <name>.text</name>
         <load_address>0x549c</load_address>
         <run_address>0x549c</run_address>
         <size>0x158</size>
         <input_file_ref idref="fl-cd"/>
      </object_component>
      <object_component id="oc-491">
         <name>.text</name>
         <load_address>0x55f4</load_address>
         <run_address>0x55f4</run_address>
         <size>0x150</size>
         <input_file_ref idref="fl-dd"/>
      </object_component>
      <object_component id="oc-4c8">
         <name>.text</name>
         <load_address>0x5744</load_address>
         <run_address>0x5744</run_address>
         <size>0x136</size>
         <input_file_ref idref="fl-e6"/>
      </object_component>
      <object_component id="oc-2e2">
         <name>.text:GPIOPadConfigSet</name>
         <load_address>0x587a</load_address>
         <run_address>0x587a</run_address>
         <size>0x132</size>
         <input_file_ref idref="fl-ec"/>
      </object_component>
      <object_component id="oc-366">
         <name>.text</name>
         <load_address>0x59ac</load_address>
         <run_address>0x59ac</run_address>
         <size>0xfc</size>
         <input_file_ref idref="fl-d4"/>
      </object_component>
      <object_component id="oc-9e">
         <name>.text</name>
         <load_address>0x5aa8</load_address>
         <run_address>0x5aa8</run_address>
         <size>0xe0</size>
         <input_file_ref idref="fl-4"/>
      </object_component>
      <object_component id="oc-45">
         <name>.text</name>
         <load_address>0x5b88</load_address>
         <run_address>0x5b88</run_address>
         <size>0x9c</size>
         <input_file_ref idref="fl-d9"/>
      </object_component>
      <object_component id="oc-4c3">
         <name>.text:__aeabi_cdcmple</name>
         <load_address>0x5c24</load_address>
         <run_address>0x5c24</run_address>
         <size>0x86</size>
         <input_file_ref idref="fl-d3"/>
      </object_component>
      <object_component id="oc-519">
         <name>.text:__aeabi_cdrcmple</name>
         <load_address>0x5caa</load_address>
         <run_address>0x5caa</run_address>
         <size>0x86</size>
         <input_file_ref idref="fl-d3"/>
      </object_component>
      <object_component id="oc-256">
         <name>.text:ADCSequenceStepConfigure</name>
         <load_address>0x5d30</load_address>
         <run_address>0x5d30</run_address>
         <size>0x7a</size>
         <input_file_ref idref="fl-ea"/>
      </object_component>
      <object_component id="oc-51">
         <name>.text</name>
         <load_address>0x5daa</load_address>
         <run_address>0x5daa</run_address>
         <size>0x7a</size>
         <input_file_ref idref="fl-da"/>
      </object_component>
      <object_component id="oc-69">
         <name>.text</name>
         <load_address>0x5e24</load_address>
         <run_address>0x5e24</run_address>
         <size>0x70</size>
         <input_file_ref idref="fl-e3"/>
      </object_component>
      <object_component id="oc-177">
         <name>.text</name>
         <load_address>0x5e94</load_address>
         <run_address>0x5e94</run_address>
         <size>0x6e</size>
         <input_file_ref idref="fl-d5"/>
      </object_component>
      <object_component id="oc-1af">
         <name>.text</name>
         <load_address>0x5f02</load_address>
         <run_address>0x5f02</run_address>
         <size>0x2</size>
         <input_file_ref idref="fl-e9"/>
      </object_component>
      <object_component id="oc-20e">
         <name>.text:IntEnable</name>
         <load_address>0x5f04</load_address>
         <run_address>0x5f04</run_address>
         <size>0x68</size>
         <input_file_ref idref="fl-ee"/>
      </object_component>
      <object_component id="oc-12">
         <name>.text:decompress:lzss</name>
         <load_address>0x5f6c</load_address>
         <run_address>0x5f6c</run_address>
         <size>0x68</size>
         <input_file_ref idref="fl-c9"/>
      </object_component>
      <object_component id="oc-226">
         <name>.text:TimerConfigure</name>
         <load_address>0x5fd4</load_address>
         <run_address>0x5fd4</run_address>
         <size>0x60</size>
         <input_file_ref idref="fl-f2"/>
      </object_component>
      <object_component id="oc-250">
         <name>.text:ADCSequenceConfigure</name>
         <load_address>0x6034</load_address>
         <run_address>0x6034</run_address>
         <size>0x58</size>
         <input_file_ref idref="fl-ea"/>
      </object_component>
      <object_component id="oc-292">
         <name>.text:GPIOIntTypeSet</name>
         <load_address>0x608c</load_address>
         <run_address>0x608c</run_address>
         <size>0x56</size>
         <input_file_ref idref="fl-ec"/>
      </object_component>
      <object_component id="oc-33e">
         <name>.text:VectorCrossProduct</name>
         <load_address>0x60e2</load_address>
         <run_address>0x60e2</run_address>
         <size>0x56</size>
         <input_file_ref idref="fl-f5"/>
      </object_component>
      <object_component id="oc-24">
         <name>.text</name>
         <load_address>0x6138</load_address>
         <run_address>0x6138</run_address>
         <size>0x54</size>
         <input_file_ref idref="fl-c8"/>
      </object_component>
      <object_component id="oc-75">
         <name>.text</name>
         <load_address>0x618c</load_address>
         <run_address>0x618c</run_address>
         <size>0x54</size>
         <input_file_ref idref="fl-d1"/>
      </object_component>
      <object_component id="oc-43e">
         <name>.text:_ADCIntNumberGet</name>
         <load_address>0x61e0</load_address>
         <run_address>0x61e0</run_address>
         <size>0x50</size>
         <input_file_ref idref="fl-ea"/>
      </object_component>
      <object_component id="oc-2a4">
         <name>.text:I2CMasterInitExpClk</name>
         <load_address>0x6230</load_address>
         <run_address>0x6230</run_address>
         <size>0x4c</size>
         <input_file_ref idref="fl-ed"/>
      </object_component>
      <object_component id="oc-430">
         <name>.text:_TimerIntNumberGet</name>
         <load_address>0x627c</load_address>
         <run_address>0x627c</run_address>
         <size>0x4c</size>
         <input_file_ref idref="fl-f2"/>
      </object_component>
      <object_component id="oc-1a9">
         <name>.text</name>
         <load_address>0x62c8</load_address>
         <run_address>0x62c8</run_address>
         <size>0x4c</size>
         <input_file_ref idref="fl-e4"/>
      </object_component>
      <object_component id="oc-1fc">
         <name>.text:GPIOPinConfigure</name>
         <load_address>0x6314</load_address>
         <run_address>0x6314</run_address>
         <size>0x48</size>
         <input_file_ref idref="fl-ec"/>
      </object_component>
      <object_component id="oc-1cc">
         <name>.text:_SysCtlFrequencyGet</name>
         <load_address>0x635c</load_address>
         <run_address>0x635c</run_address>
         <size>0x48</size>
         <input_file_ref idref="fl-f0"/>
      </object_component>
      <object_component id="oc-220">
         <name>.text:UARTConfigSetExpClk</name>
         <load_address>0x63a4</load_address>
         <run_address>0x63a4</run_address>
         <size>0x46</size>
         <input_file_ref idref="fl-f3"/>
      </object_component>
      <object_component id="oc-44d">
         <name>.text:_GPIOIntNumberGet</name>
         <load_address>0x63ec</load_address>
         <run_address>0x63ec</run_address>
         <size>0x40</size>
         <input_file_ref idref="fl-ec"/>
      </object_component>
      <object_component id="oc-420">
         <name>.text:_UARTIntNumberGet</name>
         <load_address>0x642c</load_address>
         <run_address>0x642c</run_address>
         <size>0x40</size>
         <input_file_ref idref="fl-f3"/>
      </object_component>
      <object_component id="oc-302">
         <name>.text</name>
         <load_address>0x646c</load_address>
         <run_address>0x646c</run_address>
         <size>0x40</size>
         <input_file_ref idref="fl-e0"/>
      </object_component>
      <object_component id="oc-2ed">
         <name>.text:SysCtlPeripheralPresent</name>
         <load_address>0x64ac</load_address>
         <run_address>0x64ac</run_address>
         <size>0x38</size>
         <input_file_ref idref="fl-f0"/>
      </object_component>
      <object_component id="oc-35c">
         <name>.text</name>
         <load_address>0x64e4</load_address>
         <run_address>0x64e4</run_address>
         <size>0x38</size>
         <input_file_ref idref="fl-d6"/>
      </object_component>
      <object_component id="oc-40c">
         <name>.text:IntRegister</name>
         <load_address>0x651c</load_address>
         <run_address>0x651c</run_address>
         <size>0x34</size>
         <input_file_ref idref="fl-ee"/>
      </object_component>
      <object_component id="oc-1e4">
         <name>.text:SysCtlPeripheralEnable</name>
         <load_address>0x6550</load_address>
         <run_address>0x6550</run_address>
         <size>0x34</size>
         <input_file_ref idref="fl-f0"/>
      </object_component>
      <object_component id="oc-356">
         <name>.text:VectorAdd</name>
         <load_address>0x6584</load_address>
         <run_address>0x6584</run_address>
         <size>0x32</size>
         <input_file_ref idref="fl-f5"/>
      </object_component>
      <object_component id="oc-36b">
         <name>.text:__isnanf</name>
         <load_address>0x65b6</load_address>
         <run_address>0x65b6</run_address>
         <size>0x30</size>
         <input_file_ref idref="fl-5"/>
      </object_component>
      <object_component id="oc-117">
         <name>.text:ADCIntStatus</name>
         <load_address>0x65e6</load_address>
         <run_address>0x65e6</run_address>
         <size>0x2e</size>
         <input_file_ref idref="fl-ea"/>
      </object_component>
      <object_component id="oc-2dc">
         <name>.text:GPIODirModeSet</name>
         <load_address>0x6614</load_address>
         <run_address>0x6614</run_address>
         <size>0x2a</size>
         <input_file_ref idref="fl-ec"/>
      </object_component>
      <object_component id="oc-34a">
         <name>.text</name>
         <load_address>0x6640</load_address>
         <run_address>0x6640</run_address>
         <size>0x28</size>
         <input_file_ref idref="fl-cf"/>
      </object_component>
      <object_component id="oc-344">
         <name>.text:VectorDotProduct</name>
         <load_address>0x6668</load_address>
         <run_address>0x6668</run_address>
         <size>0x26</size>
         <input_file_ref idref="fl-f5"/>
      </object_component>
      <object_component id="oc-350">
         <name>.text:VectorScale</name>
         <load_address>0x668e</load_address>
         <run_address>0x668e</run_address>
         <size>0x26</size>
         <input_file_ref idref="fl-f5"/>
      </object_component>
      <object_component id="oc-2c2">
         <name>.text:PWMGenConfigure</name>
         <load_address>0x66b4</load_address>
         <run_address>0x66b4</run_address>
         <size>0x22</size>
         <input_file_ref idref="fl-ef"/>
      </object_component>
      <object_component id="oc-427">
         <name>.text:UARTDisable</name>
         <load_address>0x66d8</load_address>
         <run_address>0x66d8</run_address>
         <size>0x20</size>
         <input_file_ref idref="fl-f3"/>
      </object_component>
      <object_component id="oc-1c6">
         <name>.text:_SysCtlMemTimingGet</name>
         <load_address>0x66f8</load_address>
         <run_address>0x66f8</run_address>
         <size>0x20</size>
         <input_file_ref idref="fl-f0"/>
      </object_component>
      <object_component id="oc-17c">
         <name>.text:ADCSequenceDataGet</name>
         <load_address>0x6718</load_address>
         <run_address>0x6718</run_address>
         <size>0x1e</size>
         <input_file_ref idref="fl-ea"/>
      </object_component>
      <object_component id="oc-15f">
         <name>.text:PWMPulseWidthSet</name>
         <load_address>0x6736</load_address>
         <run_address>0x6736</run_address>
         <size>0x1e</size>
         <input_file_ref idref="fl-ef"/>
      </object_component>
      <object_component id="oc-1f0">
         <name>.text:SysTickIntRegister</name>
         <load_address>0x6754</load_address>
         <run_address>0x6754</run_address>
         <size>0x1c</size>
         <input_file_ref idref="fl-f1"/>
      </object_component>
      <object_component id="oc-23e">
         <name>.text:ADCClockConfigSet</name>
         <load_address>0x6770</load_address>
         <run_address>0x6770</run_address>
         <size>0x18</size>
         <input_file_ref idref="fl-ea"/>
      </object_component>
      <object_component id="oc-262">
         <name>.text:ADCIntRegister</name>
         <load_address>0x6788</load_address>
         <run_address>0x6788</run_address>
         <size>0x18</size>
         <input_file_ref idref="fl-ea"/>
      </object_component>
      <object_component id="oc-158">
         <name>.text:ADCProcessorTrigger</name>
         <load_address>0x67a0</load_address>
         <run_address>0x67a0</run_address>
         <size>0x18</size>
         <input_file_ref idref="fl-ea"/>
      </object_component>
      <object_component id="oc-298">
         <name>.text:GPIOIntRegister</name>
         <load_address>0x67b8</load_address>
         <run_address>0x67b8</run_address>
         <size>0x18</size>
         <input_file_ref idref="fl-ec"/>
      </object_component>
      <object_component id="oc-1ea">
         <name>.text:GPIOPinTypeGPIOOutput</name>
         <load_address>0x67d0</load_address>
         <run_address>0x67d0</run_address>
         <size>0x18</size>
         <input_file_ref idref="fl-ec"/>
      </object_component>
      <object_component id="oc-138">
         <name>.text:TimerDisable</name>
         <load_address>0x67e8</load_address>
         <run_address>0x67e8</run_address>
         <size>0x18</size>
         <input_file_ref idref="fl-f2"/>
      </object_component>
      <object_component id="oc-232">
         <name>.text:TimerIntRegister</name>
         <load_address>0x6800</load_address>
         <run_address>0x6800</run_address>
         <size>0x18</size>
         <input_file_ref idref="fl-f2"/>
      </object_component>
      <object_component id="oc-21a">
         <name>.text:UARTIntRegister</name>
         <load_address>0x6818</load_address>
         <run_address>0x6818</run_address>
         <size>0x18</size>
         <input_file_ref idref="fl-f3"/>
      </object_component>
      <object_component id="oc-6f">
         <name>.text</name>
         <load_address>0x6830</load_address>
         <run_address>0x6830</run_address>
         <size>0x18</size>
         <input_file_ref idref="fl-e2"/>
      </object_component>
      <object_component id="oc-3a0">
         <name>.text</name>
         <load_address>0x6848</load_address>
         <run_address>0x6848</run_address>
         <size>0x18</size>
         <input_file_ref idref="fl-d8"/>
      </object_component>
      <object_component id="oc-336">
         <name>.text:I2CMasterErr</name>
         <load_address>0x6860</load_address>
         <run_address>0x6860</run_address>
         <size>0x16</size>
         <input_file_ref idref="fl-ed"/>
      </object_component>
      <object_component id="oc-274">
         <name>.text:TimerControlEvent</name>
         <load_address>0x6876</load_address>
         <run_address>0x6876</run_address>
         <size>0x16</size>
         <input_file_ref idref="fl-f2"/>
      </object_component>
      <object_component id="oc-c2">
         <name>.text:SysTickEnable</name>
         <load_address>0x688c</load_address>
         <run_address>0x688c</run_address>
         <size>0x14</size>
         <input_file_ref idref="fl-f1"/>
      </object_component>
      <object_component id="oc-1f6">
         <name>.text:SysTickIntEnable</name>
         <load_address>0x68a0</load_address>
         <run_address>0x68a0</run_address>
         <size>0x14</size>
         <input_file_ref idref="fl-f1"/>
      </object_component>
      <object_component id="oc-2f3">
         <name>.text:UARTEnable</name>
         <load_address>0x68b4</load_address>
         <run_address>0x68b4</run_address>
         <size>0x14</size>
         <input_file_ref idref="fl-f3"/>
      </object_component>
      <object_component id="oc-3eb">
         <name>.text</name>
         <load_address>0x68c8</load_address>
         <run_address>0x68c8</run_address>
         <size>0x14</size>
         <input_file_ref idref="fl-e1"/>
      </object_component>
      <object_component id="oc-24a">
         <name>.text:GPIOPinTypeADC</name>
         <load_address>0x68dc</load_address>
         <run_address>0x68dc</run_address>
         <size>0x12</size>
         <input_file_ref idref="fl-ec"/>
      </object_component>
      <object_component id="oc-28c">
         <name>.text:GPIOPinTypeGPIOInput</name>
         <load_address>0x68ee</load_address>
         <run_address>0x68ee</run_address>
         <size>0x12</size>
         <input_file_ref idref="fl-ec"/>
      </object_component>
      <object_component id="oc-280">
         <name>.text:GPIOPinTypeI2C</name>
         <load_address>0x6900</load_address>
         <run_address>0x6900</run_address>
         <size>0x12</size>
         <input_file_ref idref="fl-ec"/>
      </object_component>
      <object_component id="oc-286">
         <name>.text:GPIOPinTypeI2CSCL</name>
         <load_address>0x6912</load_address>
         <run_address>0x6912</run_address>
         <size>0x12</size>
         <input_file_ref idref="fl-ec"/>
      </object_component>
      <object_component id="oc-2bc">
         <name>.text:GPIOPinTypePWM</name>
         <load_address>0x6924</load_address>
         <run_address>0x6924</run_address>
         <size>0x12</size>
         <input_file_ref idref="fl-ec"/>
      </object_component>
      <object_component id="oc-26e">
         <name>.text:GPIOPinTypeTimer</name>
         <load_address>0x6936</load_address>
         <run_address>0x6936</run_address>
         <size>0x12</size>
         <input_file_ref idref="fl-ec"/>
      </object_component>
      <object_component id="oc-208">
         <name>.text:GPIOPinTypeUART</name>
         <load_address>0x6948</load_address>
         <run_address>0x6948</run_address>
         <size>0x12</size>
         <input_file_ref idref="fl-ec"/>
      </object_component>
      <object_component id="oc-2ce">
         <name>.text:PWMOutputState</name>
         <load_address>0x695a</load_address>
         <run_address>0x695a</run_address>
         <size>0x12</size>
         <input_file_ref idref="fl-ef"/>
      </object_component>
      <object_component id="oc-10b">
         <name>.text:TimerLoadSet</name>
         <load_address>0x696c</load_address>
         <run_address>0x696c</run_address>
         <size>0x12</size>
         <input_file_ref idref="fl-f2"/>
      </object_component>
      <object_component id="oc-27a">
         <name>.text:TimerPrescaleSet</name>
         <load_address>0x697e</load_address>
         <run_address>0x697e</run_address>
         <size>0x12</size>
         <input_file_ref idref="fl-f2"/>
      </object_component>
      <object_component id="oc-171">
         <name>.text</name>
         <load_address>0x6990</load_address>
         <run_address>0x6990</run_address>
         <size>0x12</size>
         <input_file_ref idref="fl-c7"/>
      </object_component>
      <object_component id="oc-25c">
         <name>.text:ADCIntEnable</name>
         <load_address>0x69a2</load_address>
         <run_address>0x69a2</run_address>
         <size>0x10</size>
         <input_file_ref idref="fl-ea"/>
      </object_component>
      <object_component id="oc-80">
         <name>.text:FPUEnable</name>
         <load_address>0x69b4</load_address>
         <run_address>0x69b4</run_address>
         <size>0x10</size>
         <input_file_ref idref="fl-eb"/>
      </object_component>
      <object_component id="oc-86">
         <name>.text:FPULazyStackingEnable</name>
         <load_address>0x69c4</load_address>
         <run_address>0x69c4</run_address>
         <size>0x10</size>
         <input_file_ref idref="fl-eb"/>
      </object_component>
      <object_component id="oc-92">
         <name>.text:IntMasterDisable</name>
         <load_address>0x69d4</load_address>
         <run_address>0x69d4</run_address>
         <size>0x10</size>
         <input_file_ref idref="fl-ee"/>
      </object_component>
      <object_component id="oc-aa">
         <name>.text:IntMasterEnable</name>
         <load_address>0x69e4</load_address>
         <run_address>0x69e4</run_address>
         <size>0x10</size>
         <input_file_ref idref="fl-ee"/>
      </object_component>
      <object_component id="oc-2c8">
         <name>.text:PWMGenPeriodSet</name>
         <load_address>0x69f4</load_address>
         <run_address>0x69f4</run_address>
         <size>0x10</size>
         <input_file_ref idref="fl-ef"/>
      </object_component>
      <object_component id="oc-bc">
         <name>.text:SysTickPeriodSet</name>
         <load_address>0x6a04</load_address>
         <run_address>0x6a04</run_address>
         <size>0x10</size>
         <input_file_ref idref="fl-f1"/>
      </object_component>
      <object_component id="oc-238">
         <name>.text:ADCSequenceDisable</name>
         <load_address>0x6a14</load_address>
         <run_address>0x6a14</run_address>
         <size>0xe</size>
         <input_file_ref idref="fl-ea"/>
      </object_component>
      <object_component id="oc-268">
         <name>.text:ADCSequenceEnable</name>
         <load_address>0x6a22</load_address>
         <run_address>0x6a22</run_address>
         <size>0xe</size>
         <input_file_ref idref="fl-ea"/>
      </object_component>
      <object_component id="oc-13e">
         <name>.text:GPIOIntStatus</name>
         <load_address>0x6a30</load_address>
         <run_address>0x6a30</run_address>
         <size>0xe</size>
         <input_file_ref idref="fl-ec"/>
      </object_component>
      <object_component id="oc-d1">
         <name>.text:TimerEnable</name>
         <load_address>0x6a3e</load_address>
         <run_address>0x6a3e</run_address>
         <size>0xe</size>
         <input_file_ref idref="fl-f2"/>
      </object_component>
      <object_component id="oc-100">
         <name>.text:UARTCharGetNonBlocking</name>
         <load_address>0x6a4c</load_address>
         <run_address>0x6a4c</run_address>
         <size>0xe</size>
         <input_file_ref idref="fl-f3"/>
      </object_component>
      <object_component id="oc-111">
         <name>.text:UARTCharsAvail</name>
         <load_address>0x6a5a</load_address>
         <run_address>0x6a5a</run_address>
         <size>0xe</size>
         <input_file_ref idref="fl-f3"/>
      </object_component>
      <object_component id="oc-18">
         <name>.text:decompress:none</name>
         <load_address>0x6a68</load_address>
         <run_address>0x6a68</run_address>
         <size>0xe</size>
         <input_file_ref idref="fl-ca"/>
      </object_component>
      <object_component id="oc-244">
         <name>.text:ADCReferenceSet</name>
         <load_address>0x6a76</load_address>
         <run_address>0x6a76</run_address>
         <size>0xc</size>
         <input_file_ref idref="fl-ea"/>
      </object_component>
      <object_component id="oc-1dd">
         <name>.text:CPUcpsid</name>
         <load_address>0x6a82</load_address>
         <run_address>0x6a82</run_address>
         <size>0xc</size>
         <input_file_ref idref="fl-f4"/>
      </object_component>
      <object_component id="oc-311">
         <name>.text:CPUcpsie</name>
         <load_address>0x6a8e</load_address>
         <run_address>0x6a8e</run_address>
         <size>0xc</size>
         <input_file_ref idref="fl-f4"/>
      </object_component>
      <object_component id="oc-29e">
         <name>.text:GPIOIntEnable</name>
         <load_address>0x6a9a</load_address>
         <run_address>0x6a9a</run_address>
         <size>0xc</size>
         <input_file_ref idref="fl-ec"/>
      </object_component>
      <object_component id="oc-cb">
         <name>.text:PWMGenEnable</name>
         <load_address>0x6aa6</load_address>
         <run_address>0x6aa6</run_address>
         <size>0xc</size>
         <input_file_ref idref="fl-ef"/>
      </object_component>
      <object_component id="oc-1e">
         <name>.text:decompress:ZI</name>
         <load_address>0x6ab2</load_address>
         <run_address>0x6ab2</run_address>
         <size>0xc</size>
         <input_file_ref idref="fl-cb"/>
      </object_component>
      <object_component id="oc-2b">
         <name>.text</name>
         <load_address>0x6abe</load_address>
         <run_address>0x6abe</run_address>
         <size>0xc</size>
         <input_file_ref idref="fl-a"/>
      </object_component>
      <object_component id="oc-11d">
         <name>.text:ADCIntClear</name>
         <load_address>0x6aca</load_address>
         <run_address>0x6aca</run_address>
         <size>0xa</size>
         <input_file_ref idref="fl-ea"/>
      </object_component>
      <object_component id="oc-e6">
         <name>.text:I2CMasterDisable</name>
         <load_address>0x6ad4</load_address>
         <run_address>0x6ad4</run_address>
         <size>0xa</size>
         <input_file_ref idref="fl-ed"/>
      </object_component>
      <object_component id="oc-2aa">
         <name>.text:I2CMasterEnable</name>
         <load_address>0x6ade</load_address>
         <run_address>0x6ade</run_address>
         <size>0xa</size>
         <input_file_ref idref="fl-ed"/>
      </object_component>
      <object_component id="oc-123">
         <name>.text:TimerIntStatus</name>
         <load_address>0x6ae8</load_address>
         <run_address>0x6ae8</run_address>
         <size>0xa</size>
         <input_file_ref idref="fl-f2"/>
      </object_component>
      <object_component id="oc-12f">
         <name>.text:TimerValueGet</name>
         <load_address>0x6af2</load_address>
         <run_address>0x6af2</run_address>
         <size>0xa</size>
         <input_file_ref idref="fl-f2"/>
      </object_component>
      <object_component id="oc-165">
         <name>.text:UARTCharGet</name>
         <load_address>0x6afc</load_address>
         <run_address>0x6afc</run_address>
         <size>0xa</size>
         <input_file_ref idref="fl-f3"/>
      </object_component>
      <object_component id="oc-16b">
         <name>.text:UARTCharPut</name>
         <load_address>0x6b06</load_address>
         <run_address>0x6b06</run_address>
         <size>0xa</size>
         <input_file_ref idref="fl-f3"/>
      </object_component>
      <object_component id="oc-f4">
         <name>.text:UARTIntStatus</name>
         <load_address>0x6b10</load_address>
         <run_address>0x6b10</run_address>
         <size>0xa</size>
         <input_file_ref idref="fl-f3"/>
      </object_component>
      <object_component id="oc-152">
         <name>.text:ADCBusy</name>
         <load_address>0x6b1a</load_address>
         <run_address>0x6b1a</run_address>
         <size>0x8</size>
         <input_file_ref idref="fl-ea"/>
      </object_component>
      <object_component id="oc-2b0">
         <name>.text:I2CMasterBusBusy</name>
         <load_address>0x6b22</load_address>
         <run_address>0x6b22</run_address>
         <size>0x8</size>
         <input_file_ref idref="fl-ed"/>
      </object_component>
      <object_component id="oc-330">
         <name>.text:I2CMasterBusy</name>
         <load_address>0x6b2a</load_address>
         <run_address>0x6b2a</run_address>
         <size>0x8</size>
         <input_file_ref idref="fl-ed"/>
      </object_component>
      <object_component id="oc-318">
         <name>.text:I2CMasterSlaveAddrSet</name>
         <load_address>0x6b32</load_address>
         <run_address>0x6b32</run_address>
         <size>0x8</size>
         <input_file_ref idref="fl-ed"/>
      </object_component>
      <object_component id="oc-22c">
         <name>.text:TimerIntEnable</name>
         <load_address>0x6b3a</load_address>
         <run_address>0x6b3a</run_address>
         <size>0x8</size>
         <input_file_ref idref="fl-f2"/>
      </object_component>
      <object_component id="oc-214">
         <name>.text:UARTIntEnable</name>
         <load_address>0x6b42</load_address>
         <run_address>0x6b42</run_address>
         <size>0x8</size>
         <input_file_ref idref="fl-f3"/>
      </object_component>
      <object_component id="oc-144">
         <name>.text:GPIOIntClear</name>
         <load_address>0x6b4a</load_address>
         <run_address>0x6b4a</run_address>
         <size>0x6</size>
         <input_file_ref idref="fl-ec"/>
      </object_component>
      <object_component id="oc-2d6">
         <name>.text:GPIOPinRead</name>
         <load_address>0x6b50</load_address>
         <run_address>0x6b50</run_address>
         <size>0x6</size>
         <input_file_ref idref="fl-ec"/>
      </object_component>
      <object_component id="oc-14a">
         <name>.text:GPIOPinWrite</name>
         <load_address>0x6b56</load_address>
         <run_address>0x6b56</run_address>
         <size>0x6</size>
         <input_file_ref idref="fl-ec"/>
      </object_component>
      <object_component id="oc-15e">
         <name>.text:SysCtlDelay</name>
         <load_address>0x6b5c</load_address>
         <run_address>0x6b5c</run_address>
         <size>0x6</size>
         <input_file_ref idref="fl-f0"/>
      </object_component>
      <object_component id="oc-202">
         <name>.text:UARTClockSourceSet</name>
         <load_address>0x6b62</load_address>
         <run_address>0x6b62</run_address>
         <size>0x6</size>
         <input_file_ref idref="fl-f3"/>
      </object_component>
      <object_component id="oc-324">
         <name>.text:I2CMasterControl</name>
         <load_address>0x6b68</load_address>
         <run_address>0x6b68</run_address>
         <size>0x4</size>
         <input_file_ref idref="fl-ed"/>
      </object_component>
      <object_component id="oc-32a">
         <name>.text:I2CMasterDataGet</name>
         <load_address>0x6b6c</load_address>
         <run_address>0x6b6c</run_address>
         <size>0x4</size>
         <input_file_ref idref="fl-ed"/>
      </object_component>
      <object_component id="oc-31e">
         <name>.text:I2CMasterDataPut</name>
         <load_address>0x6b70</load_address>
         <run_address>0x6b70</run_address>
         <size>0x4</size>
         <input_file_ref idref="fl-ed"/>
      </object_component>
      <object_component id="oc-129">
         <name>.text:TimerIntClear</name>
         <load_address>0x6b74</load_address>
         <run_address>0x6b74</run_address>
         <size>0x4</size>
         <input_file_ref idref="fl-f2"/>
      </object_component>
      <object_component id="oc-fa">
         <name>.text:UARTIntClear</name>
         <load_address>0x6b78</load_address>
         <run_address>0x6b78</run_address>
         <size>0x4</size>
         <input_file_ref idref="fl-f3"/>
      </object_component>
      <object_component id="oc-63">
         <name>.text</name>
         <load_address>0x6b7c</load_address>
         <run_address>0x6b7c</run_address>
         <size>0x4</size>
         <input_file_ref idref="fl-dc"/>
      </object_component>
      <object_component id="oc-da">
         <name>.const:$P$T0$1</name>
         <load_address>0x6b80</load_address>
         <run_address>0x6b80</run_address>
         <size>0x258</size>
         <input_file_ref idref="fl-8"/>
      </object_component>
      <object_component id="oc-1d5">
         <name>.const:g_pppui32XTALtoVCO</name>
         <load_address>0x6dd8</load_address>
         <run_address>0x6dd8</run_address>
         <size>0x1b0</size>
         <input_file_ref idref="fl-f0"/>
      </object_component>
      <object_component id="oc-4cd">
         <name>.const:.string:_ctypes_</name>
         <load_address>0x6f88</load_address>
         <run_address>0x6f88</run_address>
         <size>0x101</size>
         <input_file_ref idref="fl-e5"/>
      </object_component>
      <object_component id="oc-503">
         <name>.const:g_ppui32GPIOIntMapBlizzard</name>
         <load_address>0x708c</load_address>
         <run_address>0x708c</run_address>
         <size>0xc0</size>
         <input_file_ref idref="fl-ec"/>
      </object_component>
      <object_component id="oc-506">
         <name>.const:g_ppui32GPIOIntMapSnowflake</name>
         <load_address>0x714c</load_address>
         <run_address>0x714c</run_address>
         <size>0xc0</size>
         <input_file_ref idref="fl-ec"/>
      </object_component>
      <object_component id="oc-307">
         <name>.const</name>
         <load_address>0x720c</load_address>
         <run_address>0x720c</run_address>
         <size>0x4</size>
         <input_file_ref idref="fl-b"/>
      </object_component>
      <object_component id="oc-4d0">
         <name>.const:$O1$$</name>
         <load_address>0x7210</load_address>
         <run_address>0x7210</run_address>
         <size>0x98</size>
         <input_file_ref idref="fl-df"/>
      </object_component>
      <object_component id="oc-414">
         <name>.const:g_pui32GPIOBaseAddrs</name>
         <load_address>0x72a8</load_address>
         <run_address>0x72a8</run_address>
         <size>0x90</size>
         <input_file_ref idref="fl-ec"/>
      </object_component>
      <object_component id="oc-41a">
         <name>.const</name>
         <load_address>0x7338</load_address>
         <run_address>0x7338</run_address>
         <size>0x70</size>
         <input_file_ref idref="fl-ee"/>
      </object_component>
      <object_component id="oc-1d2">
         <name>.const:g_pui32Xtals</name>
         <load_address>0x73a8</load_address>
         <run_address>0x73a8</run_address>
         <size>0x6c</size>
         <input_file_ref idref="fl-f0"/>
      </object_component>
      <object_component id="oc-4fb">
         <name>.const:g_ppui32TimerIntMap</name>
         <load_address>0x7414</load_address>
         <run_address>0x7414</run_address>
         <size>0x60</size>
         <input_file_ref idref="fl-f2"/>
      </object_component>
      <object_component id="oc-4fe">
         <name>.const:g_ppui32TimerIntMapSnowflake</name>
         <load_address>0x7474</load_address>
         <run_address>0x7474</run_address>
         <size>0x40</size>
         <input_file_ref idref="fl-f2"/>
      </object_component>
      <object_component id="oc-4f3">
         <name>.const:g_ppui32UARTIntMap</name>
         <load_address>0x74b4</load_address>
         <run_address>0x74b4</run_address>
         <size>0x40</size>
         <input_file_ref idref="fl-f3"/>
      </object_component>
      <object_component id="oc-4f6">
         <name>.const:g_ppui32UARTIntMapSnowflake</name>
         <load_address>0x74f4</load_address>
         <run_address>0x74f4</run_address>
         <size>0x40</size>
         <input_file_ref idref="fl-f3"/>
      </object_component>
      <object_component id="oc-513">
         <name>.const:$O1$$</name>
         <load_address>0x7534</load_address>
         <run_address>0x7534</run_address>
         <size>0x34</size>
         <input_file_ref idref="fl-dd"/>
      </object_component>
      <object_component id="oc-3f7">
         <name>.const:g_sXTALtoMEMTIM</name>
         <load_address>0x7568</load_address>
         <run_address>0x7568</run_address>
         <size>0x30</size>
         <input_file_ref idref="fl-f0"/>
      </object_component>
      <object_component id="oc-4a4">
         <name>.const</name>
         <load_address>0x7598</load_address>
         <run_address>0x7598</run_address>
         <size>0x20</size>
         <input_file_ref idref="fl-cc"/>
      </object_component>
      <object_component id="oc-476">
         <name>.const:.string</name>
         <load_address>0x75b8</load_address>
         <run_address>0x75b8</run_address>
         <size>0x12</size>
         <input_file_ref idref="fl-b"/>
      </object_component>
      <object_component id="oc-2ff">
         <name>.const:g_ui32UARTBase</name>
         <load_address>0x75cc</load_address>
         <run_address>0x75cc</run_address>
         <size>0xc</size>
         <input_file_ref idref="fl-b"/>
      </object_component>
      <object_component id="oc-2f9">
         <name>.const:g_ui32UARTPeriph</name>
         <load_address>0x75d8</load_address>
         <run_address>0x75d8</run_address>
         <size>0xc</size>
         <input_file_ref idref="fl-b"/>
      </object_component>
      <object_component id="oc-1d8">
         <name>.const</name>
         <load_address>0x75e4</load_address>
         <run_address>0x75e4</run_address>
         <size>0x8</size>
         <input_file_ref idref="fl-f0"/>
      </object_component>
      <object_component id="oc-56e">
         <name>.cinit..data.load</name>
         <load_address>0x75f0</load_address>
         <run_address>0x75f0</run_address>
         <size>0x39</size>
      </object_component>
      <object_component id="oc-56b">
         <name>__TI_handler_table</name>
         <load_address>0x762c</load_address>
         <run_address>0x762c</run_address>
         <size>0xc</size>
      </object_component>
      <object_component id="oc-56f">
         <name>.cinit..bss.load</name>
         <load_address>0x7638</load_address>
         <run_address>0x7638</run_address>
         <size>0x8</size>
      </object_component>
      <object_component id="oc-56d">
         <name>.cinit..vtable.load</name>
         <load_address>0x7640</load_address>
         <run_address>0x7640</run_address>
         <size>0x8</size>
      </object_component>
      <object_component id="oc-56c">
         <name>__TI_cinit_table</name>
         <load_address>0x7648</load_address>
         <run_address>0x7648</run_address>
         <size>0x18</size>
      </object_component>
      <object_component id="oc-4e9">
         <name>.vtable</name>
         <uninitialized>true</uninitialized>
         <run_address>0x20000000</run_address>
         <size>0x26c</size>
         <input_file_ref idref="fl-ee"/>
      </object_component>
      <object_component id="oc-2e8">
         <name>.data</name>
         <load_address>0x2000142d</load_address>
         <run_address>0x2000142d</run_address>
         <size>0x3</size>
         <input_file_ref idref="fl-4"/>
      </object_component>
      <object_component id="oc-dd">
         <name>.data</name>
         <load_address>0x200013c8</load_address>
         <run_address>0x200013c8</run_address>
         <size>0x36</size>
         <input_file_ref idref="fl-8"/>
      </object_component>
      <object_component id="oc-d7">
         <name>.data:g_offsetData</name>
         <load_address>0x20001420</load_address>
         <run_address>0x20001420</run_address>
         <size>0x7</size>
         <input_file_ref idref="fl-8"/>
      </object_component>
      <object_component id="oc-ec">
         <name>.data:g_Bias</name>
         <load_address>0x2000140c</load_address>
         <run_address>0x2000140c</run_address>
         <size>0xc</size>
         <input_file_ref idref="fl-8"/>
      </object_component>
      <object_component id="oc-136">
         <name>.data:ui8Magic$3</name>
         <load_address>0x20001438</load_address>
         <run_address>0x20001438</run_address>
         <size>0x4</size>
         <input_file_ref idref="fl-8"/>
      </object_component>
      <object_component id="oc-2fc">
         <name>.data</name>
         <load_address>0x20001428</load_address>
         <run_address>0x20001428</run_address>
         <size>0x5</size>
         <input_file_ref idref="fl-b"/>
      </object_component>
      <object_component id="oc-487">
         <name>.data</name>
         <load_address>0x20001430</load_address>
         <run_address>0x20001430</run_address>
         <size>0x4</size>
         <input_file_ref idref="fl-d0"/>
      </object_component>
      <object_component id="oc-1b9">
         <name>.data:$O1$$</name>
         <load_address>0x20001400</load_address>
         <run_address>0x20001400</run_address>
         <size>0xc</size>
         <input_file_ref idref="fl-d1"/>
      </object_component>
      <object_component id="oc-7b">
         <name>.data</name>
         <load_address>0x20001434</load_address>
         <run_address>0x20001434</run_address>
         <size>0x4</size>
         <input_file_ref idref="fl-de"/>
      </object_component>
      <object_component id="oc-1bc">
         <name>.data:$O1$$</name>
         <load_address>0x20001418</load_address>
         <run_address>0x20001418</run_address>
         <size>0x8</size>
         <input_file_ref idref="fl-e1"/>
      </object_component>
      <object_component id="oc-137">
         <name>.bss</name>
         <uninitialized>true</uninitialized>
         <run_address>0x200013c4</run_address>
         <size>0x1</size>
         <input_file_ref idref="fl-8"/>
      </object_component>
      <object_component id="oc-f2">
         <name>.common:sThrottle</name>
         <uninitialized>true</uninitialized>
         <run_address>0x20001344</run_address>
         <size>0x20</size>
      </object_component>
      <object_component id="oc-f1">
         <name>.common:sStatus</name>
         <uninitialized>true</uninitialized>
         <run_address>0x20001318</run_address>
         <size>0x2c</size>
      </object_component>
      <object_component id="oc-ef">
         <name>.common:g_sCompDCMInst</name>
         <uninitialized>true</uninitialized>
         <run_address>0x2000126c</run_address>
         <size>0x58</size>
      </object_component>
      <object_component id="oc-f0">
         <name>.common:g_bDCMStarted</name>
         <uninitialized>true</uninitialized>
         <run_address>0x200013c6</run_address>
         <size>0x1</size>
      </object_component>
      <object_component id="oc-f3">
         <name>.common:g_Pack</name>
         <uninitialized>true</uninitialized>
         <run_address>0x200012c4</run_address>
         <size>0x54</size>
      </object_component>
      <object_component id="oc-135">
         <name>.common:g_sRxPack</name>
         <uninitialized>true</uninitialized>
         <run_address>0x20001364</run_address>
         <size>0x1c</size>
      </object_component>
      <object_component id="oc-c8">
         <name>.common:g_SysClockSpeed</name>
         <uninitialized>true</uninitialized>
         <run_address>0x200013b0</run_address>
         <size>0x4</size>
      </object_component>
      <object_component id="oc-106">
         <name>.common:g_CharConsole</name>
         <uninitialized>true</uninitialized>
         <run_address>0x200013c5</run_address>
         <size>0x1</size>
      </object_component>
      <object_component id="oc-150">
         <name>.common:g_TimerRiseValue</name>
         <uninitialized>true</uninitialized>
         <run_address>0x200013bc</run_address>
         <size>0x4</size>
      </object_component>
      <object_component id="oc-151">
         <name>.common:g_TimerFallValue</name>
         <uninitialized>true</uninitialized>
         <run_address>0x200013b8</run_address>
         <size>0x4</size>
      </object_component>
      <object_component id="oc-182">
         <name>.common:g_gyroDataRaw</name>
         <uninitialized>true</uninitialized>
         <run_address>0x200013a0</run_address>
         <size>0x8</size>
      </object_component>
      <object_component id="oc-183">
         <name>.common:g_fGyroData</name>
         <uninitialized>true</uninitialized>
         <run_address>0x2000138c</run_address>
         <size>0xc</size>
      </object_component>
      <object_component id="oc-39c">
         <name>.common:g_BME280RawData</name>
         <uninitialized>true</uninitialized>
         <run_address>0x20001398</run_address>
         <size>0x8</size>
      </object_component>
      <object_component id="oc-107">
         <name>.common:g_BME280OffsetValues</name>
         <uninitialized>true</uninitialized>
         <run_address>0x20001380</run_address>
         <size>0xc</size>
      </object_component>
      <object_component id="oc-108">
         <name>.common:g_BME280OffsetUnsigned</name>
         <uninitialized>true</uninitialized>
         <run_address>0x200013a8</run_address>
         <size>0x4</size>
      </object_component>
      <object_component id="oc-10a">
         <name>.common:g_Pressure</name>
         <uninitialized>true</uninitialized>
         <run_address>0x200013ac</run_address>
         <size>0x4</size>
      </object_component>
      <object_component id="oc-109">
         <name>.common:g_Temp</name>
         <uninitialized>true</uninitialized>
         <run_address>0x200013b4</run_address>
         <size>0x4</size>
      </object_component>
      <object_component id="oc-39d">
         <name>.common:g_t_fine</name>
         <uninitialized>true</uninitialized>
         <run_address>0x200013c0</run_address>
         <size>0x4</size>
      </object_component>
      <object_component id="oc-2a">
         <name>.stack</name>
         <uninitialized>true</uninitialized>
         <run_address>0x2000026c</run_address>
         <size>0x0</size>
         <input_file_ref idref="fl-c8"/>
      </object_component>
      <object_component id="oc-570">
         <name>.stack</name>
         <uninitialized>true</uninitialized>
         <run_address>0x2000026c</run_address>
         <size>0x0</size>
      </object_component>
      <object_component id="oc-3ab">
         <name>.debug_info</name>
         <load_address>0x0</load_address>
         <run_address>0x0</run_address>
         <size>0x178</size>
         <input_file_ref idref="fl-2"/>
      </object_component>
      <object_component id="oc-e1">
         <name>.debug_info</name>
         <load_address>0x178</load_address>
         <run_address>0x178</run_address>
         <size>0x7b4</size>
         <input_file_ref idref="fl-2"/>
      </object_component>
      <object_component id="oc-40">
         <name>.debug_info</name>
         <load_address>0x92c</load_address>
         <run_address>0x92c</run_address>
         <size>0x84</size>
         <input_file_ref idref="fl-2"/>
      </object_component>
      <object_component id="oc-18a">
         <name>.debug_info</name>
         <load_address>0x9b0</load_address>
         <run_address>0x9b0</run_address>
         <size>0x18b</size>
         <input_file_ref idref="fl-2"/>
      </object_component>
      <object_component id="oc-30c">
         <name>.debug_info</name>
         <load_address>0xb3b</load_address>
         <run_address>0xb3b</run_address>
         <size>0x4e</size>
         <input_file_ref idref="fl-2"/>
      </object_component>
      <object_component id="oc-459">
         <name>.debug_info</name>
         <load_address>0xb89</load_address>
         <run_address>0xb89</run_address>
         <size>0x1a3</size>
         <input_file_ref idref="fl-3"/>
      </object_component>
      <object_component id="oc-2b9">
         <name>.debug_info</name>
         <load_address>0xd2c</load_address>
         <run_address>0xd2c</run_address>
         <size>0x5d0</size>
         <input_file_ref idref="fl-3"/>
      </object_component>
      <object_component id="oc-2ec">
         <name>.debug_info</name>
         <load_address>0x12fc</load_address>
         <run_address>0x12fc</run_address>
         <size>0x18c</size>
         <input_file_ref idref="fl-4"/>
      </object_component>
      <object_component id="oc-2e9">
         <name>.debug_info</name>
         <load_address>0x1488</load_address>
         <run_address>0x1488</run_address>
         <size>0xcf</size>
         <input_file_ref idref="fl-4"/>
      </object_component>
      <object_component id="oc-a2">
         <name>.debug_info</name>
         <load_address>0x1557</load_address>
         <run_address>0x1557</run_address>
         <size>0x2be</size>
         <input_file_ref idref="fl-4"/>
      </object_component>
      <object_component id="oc-37f">
         <name>.debug_info</name>
         <load_address>0x1815</load_address>
         <run_address>0x1815</run_address>
         <size>0x262</size>
         <input_file_ref idref="fl-5"/>
      </object_component>
      <object_component id="oc-36c">
         <name>.debug_info</name>
         <load_address>0x1a77</load_address>
         <run_address>0x1a77</run_address>
         <size>0x173</size>
         <input_file_ref idref="fl-5"/>
      </object_component>
      <object_component id="oc-b7">
         <name>.debug_info</name>
         <load_address>0x1bea</load_address>
         <run_address>0x1bea</run_address>
         <size>0xe22</size>
         <input_file_ref idref="fl-5"/>
      </object_component>
      <object_component id="oc-385">
         <name>.debug_info</name>
         <load_address>0x2a0c</load_address>
         <run_address>0x2a0c</run_address>
         <size>0xd6</size>
         <input_file_ref idref="fl-5"/>
      </object_component>
      <object_component id="oc-185">
         <name>.debug_info</name>
         <load_address>0x2ae2</load_address>
         <run_address>0x2ae2</run_address>
         <size>0x8b</size>
         <input_file_ref idref="fl-5"/>
      </object_component>
      <object_component id="oc-33d">
         <name>.debug_info</name>
         <load_address>0x2b6d</load_address>
         <run_address>0x2b6d</run_address>
         <size>0x258</size>
         <input_file_ref idref="fl-6"/>
      </object_component>
      <object_component id="oc-b3">
         <name>.debug_info</name>
         <load_address>0x2dc5</load_address>
         <run_address>0x2dc5</run_address>
         <size>0x82a</size>
         <input_file_ref idref="fl-6"/>
      </object_component>
      <object_component id="oc-2d5">
         <name>.debug_info</name>
         <load_address>0x35ef</load_address>
         <run_address>0x35ef</run_address>
         <size>0xe20</size>
         <input_file_ref idref="fl-7"/>
      </object_component>
      <object_component id="oc-9b">
         <name>.debug_info</name>
         <load_address>0x440f</load_address>
         <run_address>0x440f</run_address>
         <size>0x1b55</size>
         <input_file_ref idref="fl-7"/>
      </object_component>
      <object_component id="oc-c9">
         <name>.debug_info</name>
         <load_address>0x5f64</load_address>
         <run_address>0x5f64</run_address>
         <size>0x1037</size>
         <input_file_ref idref="fl-8"/>
      </object_component>
      <object_component id="oc-de">
         <name>.debug_info</name>
         <load_address>0x6f9b</load_address>
         <run_address>0x6f9b</run_address>
         <size>0x4d1</size>
         <input_file_ref idref="fl-8"/>
      </object_component>
      <object_component id="oc-d8">
         <name>.debug_info</name>
         <load_address>0x746c</load_address>
         <run_address>0x746c</run_address>
         <size>0xc4</size>
         <input_file_ref idref="fl-8"/>
      </object_component>
      <object_component id="oc-ed">
         <name>.debug_info</name>
         <load_address>0x7530</load_address>
         <run_address>0x7530</run_address>
         <size>0xb8</size>
         <input_file_ref idref="fl-8"/>
      </object_component>
      <object_component id="oc-db">
         <name>.debug_info</name>
         <load_address>0x75e8</load_address>
         <run_address>0x75e8</run_address>
         <size>0xb9</size>
         <input_file_ref idref="fl-8"/>
      </object_component>
      <object_component id="oc-33">
         <name>.debug_info</name>
         <load_address>0x76a1</load_address>
         <run_address>0x76a1</run_address>
         <size>0x25bc</size>
         <input_file_ref idref="fl-8"/>
      </object_component>
      <object_component id="oc-38a">
         <name>.debug_info</name>
         <load_address>0x9c5d</load_address>
         <run_address>0x9c5d</run_address>
         <size>0x219</size>
         <input_file_ref idref="fl-8"/>
      </object_component>
      <object_component id="oc-38f">
         <name>.debug_info</name>
         <load_address>0x9e76</load_address>
         <run_address>0x9e76</run_address>
         <size>0x4c1</size>
         <input_file_ref idref="fl-8"/>
      </object_component>
      <object_component id="oc-39">
         <name>.debug_info</name>
         <load_address>0xa337</load_address>
         <run_address>0xa337</run_address>
         <size>0x10d</size>
         <input_file_ref idref="fl-a"/>
      </object_component>
      <object_component id="oc-10">
         <name>.debug_info</name>
         <load_address>0xa444</load_address>
         <run_address>0xa444</run_address>
         <size>0xd8</size>
         <input_file_ref idref="fl-a"/>
      </object_component>
      <object_component id="oc-2e">
         <name>.debug_info</name>
         <load_address>0xa51c</load_address>
         <run_address>0xa51c</run_address>
         <size>0x257</size>
         <input_file_ref idref="fl-a"/>
      </object_component>
      <object_component id="oc-30b">
         <name>.debug_info</name>
         <load_address>0xa773</load_address>
         <run_address>0xa773</run_address>
         <size>0x226</size>
         <input_file_ref idref="fl-b"/>
      </object_component>
      <object_component id="oc-2fd">
         <name>.debug_info</name>
         <load_address>0xa999</load_address>
         <run_address>0xa999</run_address>
         <size>0xc3</size>
         <input_file_ref idref="fl-b"/>
      </object_component>
      <object_component id="oc-308">
         <name>.debug_info</name>
         <load_address>0xaa5c</load_address>
         <run_address>0xaa5c</run_address>
         <size>0xbd</size>
         <input_file_ref idref="fl-b"/>
      </object_component>
      <object_component id="oc-300">
         <name>.debug_info</name>
         <load_address>0xab19</load_address>
         <run_address>0xab19</run_address>
         <size>0xcb</size>
         <input_file_ref idref="fl-b"/>
      </object_component>
      <object_component id="oc-2fa">
         <name>.debug_info</name>
         <load_address>0xabe4</load_address>
         <run_address>0xabe4</run_address>
         <size>0xcf</size>
         <input_file_ref idref="fl-b"/>
      </object_component>
      <object_component id="oc-a6">
         <name>.debug_info</name>
         <load_address>0xacb3</load_address>
         <run_address>0xacb3</run_address>
         <size>0x76c</size>
         <input_file_ref idref="fl-b"/>
      </object_component>
      <object_component id="oc-3ce">
         <name>.debug_info</name>
         <load_address>0xb41f</load_address>
         <run_address>0xb41f</run_address>
         <size>0x116</size>
         <input_file_ref idref="fl-c7"/>
      </object_component>
      <object_component id="oc-174">
         <name>.debug_info</name>
         <load_address>0xb535</load_address>
         <run_address>0xb535</run_address>
         <size>0x13e</size>
         <input_file_ref idref="fl-c7"/>
      </object_component>
      <object_component id="oc-25">
         <name>.debug_info</name>
         <load_address>0xb673</load_address>
         <run_address>0xb673</run_address>
         <size>0x160</size>
         <input_file_ref idref="fl-c8"/>
      </object_component>
      <object_component id="oc-196">
         <name>.debug_info</name>
         <load_address>0xb7d3</load_address>
         <run_address>0xb7d3</run_address>
         <size>0xf9</size>
         <input_file_ref idref="fl-c9"/>
      </object_component>
      <object_component id="oc-13">
         <name>.debug_info</name>
         <load_address>0xb8cc</load_address>
         <run_address>0xb8cc</run_address>
         <size>0x245</size>
         <input_file_ref idref="fl-c9"/>
      </object_component>
      <object_component id="oc-3b">
         <name>.debug_info</name>
         <load_address>0xbb11</load_address>
         <run_address>0xbb11</run_address>
         <size>0x60</size>
         <input_file_ref idref="fl-c9"/>
      </object_component>
      <object_component id="oc-191">
         <name>.debug_info</name>
         <load_address>0xbb71</load_address>
         <run_address>0xbb71</run_address>
         <size>0x46</size>
         <input_file_ref idref="fl-c9"/>
      </object_component>
      <object_component id="oc-50">
         <name>.debug_info</name>
         <load_address>0xbbb7</load_address>
         <run_address>0xbbb7</run_address>
         <size>0x140</size>
         <input_file_ref idref="fl-ca"/>
      </object_component>
      <object_component id="oc-1a">
         <name>.debug_info</name>
         <load_address>0xbcf7</load_address>
         <run_address>0xbcf7</run_address>
         <size>0x1df</size>
         <input_file_ref idref="fl-ca"/>
      </object_component>
      <object_component id="oc-4b">
         <name>.debug_info</name>
         <load_address>0xbed6</load_address>
         <run_address>0xbed6</run_address>
         <size>0x46</size>
         <input_file_ref idref="fl-ca"/>
      </object_component>
      <object_component id="oc-198">
         <name>.debug_info</name>
         <load_address>0xbf1c</load_address>
         <run_address>0xbf1c</run_address>
         <size>0x2c</size>
         <input_file_ref idref="fl-ca"/>
      </object_component>
      <object_component id="oc-5c">
         <name>.debug_info</name>
         <load_address>0xbf48</load_address>
         <run_address>0xbf48</run_address>
         <size>0x12f</size>
         <input_file_ref idref="fl-cb"/>
      </object_component>
      <object_component id="oc-1f">
         <name>.debug_info</name>
         <load_address>0xc077</load_address>
         <run_address>0xc077</run_address>
         <size>0x1aa</size>
         <input_file_ref idref="fl-cb"/>
      </object_component>
      <object_component id="oc-57">
         <name>.debug_info</name>
         <load_address>0xc221</load_address>
         <run_address>0xc221</run_address>
         <size>0x46</size>
         <input_file_ref idref="fl-cb"/>
      </object_component>
      <object_component id="oc-1a0">
         <name>.debug_info</name>
         <load_address>0xc267</load_address>
         <run_address>0xc267</run_address>
         <size>0x2c</size>
         <input_file_ref idref="fl-cb"/>
      </object_component>
      <object_component id="oc-4a8">
         <name>.debug_info</name>
         <load_address>0xc293</load_address>
         <run_address>0xc293</run_address>
         <size>0x15a</size>
         <input_file_ref idref="fl-cc"/>
      </object_component>
      <object_component id="oc-4a5">
         <name>.debug_info</name>
         <load_address>0xc3ed</load_address>
         <run_address>0xc3ed</run_address>
         <size>0x179</size>
         <input_file_ref idref="fl-cc"/>
      </object_component>
      <object_component id="oc-379">
         <name>.debug_info</name>
         <load_address>0xc566</load_address>
         <run_address>0xc566</run_address>
         <size>0x225</size>
         <input_file_ref idref="fl-cc"/>
      </object_component>
      <object_component id="oc-499">
         <name>.debug_info</name>
         <load_address>0xc78b</load_address>
         <run_address>0xc78b</run_address>
         <size>0x2c</size>
         <input_file_ref idref="fl-cc"/>
      </object_component>
      <object_component id="oc-498">
         <name>.debug_info</name>
         <load_address>0xc7b7</load_address>
         <run_address>0xc7b7</run_address>
         <size>0x140</size>
         <input_file_ref idref="fl-cd"/>
      </object_component>
      <object_component id="oc-375">
         <name>.debug_info</name>
         <load_address>0xc8f7</load_address>
         <run_address>0xc8f7</run_address>
         <size>0x1df</size>
         <input_file_ref idref="fl-cd"/>
      </object_component>
      <object_component id="oc-524">
         <name>.debug_info</name>
         <load_address>0xcad6</load_address>
         <run_address>0xcad6</run_address>
         <size>0x149</size>
         <input_file_ref idref="fl-ce"/>
      </object_component>
      <object_component id="oc-4a0">
[...]
         <object_component_ref idref="oc-45"/>
      </symbol>
      <symbol id="sm-6ab">
         <name>__aeabi_memcpy4</name>
         <value>0x5b89</value>
         <object_component_ref idref="oc-45"/>
      </symbol>
      <symbol id="sm-6ba">
         <name>__aeabi_memset</name>
         <value>0x5dad</value>
         <object_component_ref idref="oc-51"/>
      </symbol>
      <symbol id="sm-6bb">
         <name>memset</name>
         <value>0x5db3</value>
         <object_component_ref idref="oc-51"/>
      </symbol>
      <symbol id="sm-6bc">
         <name>__aeabi_memset8</name>
         <value>0x5dad</value>
         <object_component_ref idref="oc-51"/>
      </symbol>
      <symbol id="sm-6bd">
         <name>__aeabi_memset4</name>
         <value>0x5dad</value>
         <object_component_ref idref="oc-51"/>
      </symbol>
      <symbol id="sm-6be">
         <name>__aeabi_memclr8</name>
         <value>0x5dab</value>
         <object_component_ref idref="oc-51"/>
      </symbol>
      <symbol id="sm-6bf">
         <name>__aeabi_memclr4</name>
         <value>0x5dab</value>
         <object_component_ref idref="oc-51"/>
      </symbol>
      <symbol id="sm-6c0">
         <name>__aeabi_memclr</name>
         <value>0x5dab</value>
         <object_component_ref idref="oc-51"/>
      </symbol>
      <symbol id="sm-6ca">
         <name>__mpu_init</name>
         <value>0x51b3</value>
         <object_component_ref idref="oc-5d"/>
      </symbol>
      <symbol id="sm-6d4">
         <name>_system_pre_init</name>
         <value>0x6b7d</value>
         <object_component_ref idref="oc-63"/>
      </symbol>
      <symbol id="sm-6fe">
         <name>atanf</name>
         <value>0x55f5</value>
         <object_component_ref idref="oc-491"/>
      </symbol>
      <symbol id="sm-706">
         <name>main_func_sp</name>
         <value>0x20001434</value>
         <object_component_ref idref="oc-7b"/>
      </symbol>
      <symbol id="sm-743">
         <name>strtold</name>
         <value>0x4791</value>
         <object_component_ref idref="oc-3c7"/>
      </symbol>
      <symbol id="sm-744">
         <name>strtod</name>
         <value>0x4791</value>
         <object_component_ref idref="oc-3c7"/>
      </symbol>
      <symbol id="sm-753">
         <name>__aeabi_uidivmod</name>
         <value>0x646d</value>
         <object_component_ref idref="oc-302"/>
      </symbol>
      <symbol id="sm-754">
         <name>__aeabi_uidiv</name>
         <value>0x646d</value>
         <object_component_ref idref="oc-302"/>
      </symbol>
      <symbol id="sm-76d">
         <name>_nop</name>
         <value>0x68d7</value>
         <object_component_ref idref="oc-3eb"/>
      </symbol>
      <symbol id="sm-76e">
         <name>_lock</name>
         <value>0x20001418</value>
         <object_component_ref idref="oc-1bc"/>
      </symbol>
      <symbol id="sm-76f">
         <name>_unlock</name>
         <value>0x2000141c</value>
         <object_component_ref idref="oc-1bc"/>
      </symbol>
      <symbol id="sm-770">
         <name>_register_lock</name>
         <value>0x68cf</value>
         <object_component_ref idref="oc-3eb"/>
      </symbol>
      <symbol id="sm-771">
         <name>_register_unlock</name>
         <value>0x68c9</value>
         <object_component_ref idref="oc-3eb"/>
      </symbol>
      <symbol id="sm-785">
         <name>_args_main</name>
         <value>0x6831</value>
         <object_component_ref idref="oc-6f"/>
      </symbol>
      <symbol id="sm-7af">
         <name>__TI_auto_init</name>
         <value>0x5e25</value>
         <object_component_ref idref="oc-69"/>
      </symbol>
      <symbol id="sm-7c9">
         <name>copy_in</name>
         <value>0x62c9</value>
         <object_component_ref idref="oc-1a9"/>
      </symbol>
      <symbol id="sm-7d4">
         <name>_ctypes_</name>
         <value>0x6f88</value>
         <object_component_ref idref="oc-4cd"/>
      </symbol>
      <symbol id="sm-7e8">
         <name>__aeabi_ddiv</name>
         <value>0x5745</value>
         <object_component_ref idref="oc-4c8"/>
      </symbol>
      <symbol id="sm-7f2">
         <name>__aeabi_idiv0</name>
         <value>0x3f4b</value>
         <object_component_ref idref="oc-46f"/>
      </symbol>
      <symbol id="sm-7fc">
         <name>__aeabi_ldiv0</name>
         <value>0x478f</value>
         <object_component_ref idref="oc-4b2"/>
      </symbol>
      <symbol id="sm-806">
         <name>_system_post_cinit</name>
         <value>0x5f03</value>
         <object_component_ref idref="oc-1af"/>
      </symbol>
      <symbol id="sm-891">
         <name>ADCProcessorTrigger</name>
         <value>0x67a1</value>
         <object_component_ref idref="oc-158"/>
      </symbol>
      <symbol id="sm-892">
         <name>ADCSequenceEnable</name>
         <value>0x6a23</value>
         <object_component_ref idref="oc-268"/>
      </symbol>
      <symbol id="sm-893">
         <name>ADCSequenceConfigure</name>
         <value>0x6035</value>
         <object_component_ref idref="oc-250"/>
      </symbol>
      <symbol id="sm-894">
         <name>ADCIntEnable</name>
         <value>0x69a3</value>
         <object_component_ref idref="oc-25c"/>
      </symbol>
      <symbol id="sm-895">
         <name>ADCBusy</name>
         <value>0x6b1b</value>
         <object_component_ref idref="oc-152"/>
      </symbol>
      <symbol id="sm-896">
         <name>ADCReferenceSet</name>
         <value>0x6a77</value>
         <object_component_ref idref="oc-244"/>
      </symbol>
      <symbol id="sm-897">
         <name>ADCSequenceStepConfigure</name>
         <value>0x5d31</value>
         <object_component_ref idref="oc-256"/>
      </symbol>
      <symbol id="sm-898">
         <name>ADCIntClear</name>
         <value>0x6acb</value>
         <object_component_ref idref="oc-11d"/>
      </symbol>
      <symbol id="sm-899">
         <name>ADCIntStatus</name>
         <value>0x65e7</value>
         <object_component_ref idref="oc-117"/>
      </symbol>
      <symbol id="sm-89a">
         <name>ADCIntRegister</name>
         <value>0x6789</value>
         <object_component_ref idref="oc-262"/>
      </symbol>
      <symbol id="sm-89b">
         <name>ADCSequenceDisable</name>
         <value>0x6a15</value>
         <object_component_ref idref="oc-238"/>
      </symbol>
      <symbol id="sm-89c">
         <name>ADCClockConfigSet</name>
         <value>0x6771</value>
         <object_component_ref idref="oc-23e"/>
      </symbol>
      <symbol id="sm-89d">
         <name>ADCSequenceDataGet</name>
         <value>0x6719</value>
         <object_component_ref idref="oc-17c"/>
      </symbol>
      <symbol id="sm-8b3">
         <name>FPULazyStackingEnable</name>
         <value>0x69c5</value>
         <object_component_ref idref="oc-86"/>
      </symbol>
      <symbol id="sm-8b4">
         <name>FPUEnable</name>
         <value>0x69b5</value>
         <object_component_ref idref="oc-80"/>
      </symbol>
      <symbol id="sm-975">
         <name>GPIOPinTypePWM</name>
         <value>0x6925</value>
         <object_component_ref idref="oc-2bc"/>
      </symbol>
      <symbol id="sm-976">
         <name>GPIOIntRegister</name>
         <value>0x67b9</value>
         <object_component_ref idref="oc-298"/>
      </symbol>
      <symbol id="sm-977">
         <name>GPIOPinConfigure</name>
         <value>0x6315</value>
         <object_component_ref idref="oc-1fc"/>
      </symbol>
      <symbol id="sm-978">
         <name>GPIOPinTypeI2CSCL</name>
         <value>0x6913</value>
         <object_component_ref idref="oc-286"/>
      </symbol>
      <symbol id="sm-979">
         <name>GPIOIntEnable</name>
         <value>0x6a9b</value>
         <object_component_ref idref="oc-29e"/>
      </symbol>
      <symbol id="sm-97a">
         <name>GPIOPinTypeI2C</name>
         <value>0x6901</value>
         <object_component_ref idref="oc-280"/>
      </symbol>
      <symbol id="sm-97b">
         <name>GPIOIntTypeSet</name>
         <value>0x608d</value>
         <object_component_ref idref="oc-292"/>
      </symbol>
      <symbol id="sm-97c">
         <name>GPIOPinTypeADC</name>
         <value>0x68dd</value>
         <object_component_ref idref="oc-24a"/>
      </symbol>
      <symbol id="sm-97d">
         <name>GPIOPinTypeGPIOInput</name>
         <value>0x68ef</value>
         <object_component_ref idref="oc-28c"/>
      </symbol>
      <symbol id="sm-97e">
         <name>GPIOIntClear</name>
         <value>0x6b4b</value>
         <object_component_ref idref="oc-144"/>
      </symbol>
      <symbol id="sm-97f">
         <name>GPIOPinTypeUART</name>
         <value>0x6949</value>
         <object_component_ref idref="oc-208"/>
      </symbol>
      <symbol id="sm-980">
         <name>GPIOIntStatus</name>
         <value>0x6a31</value>
         <object_component_ref idref="oc-13e"/>
      </symbol>
      <symbol id="sm-981">
         <name>GPIOPinTypeGPIOOutput</name>
         <value>0x67d1</value>
         <object_component_ref idref="oc-1ea"/>
      </symbol>
      <symbol id="sm-982">
         <name>GPIOPinRead</name>
         <value>0x6b51</value>
         <object_component_ref idref="oc-2d6"/>
      </symbol>
      <symbol id="sm-983">
         <name>GPIODirModeSet</name>
         <value>0x6615</value>
         <object_component_ref idref="oc-2dc"/>
      </symbol>
      <symbol id="sm-984">
         <name>GPIOPinWrite</name>
         <value>0x6b57</value>
         <object_component_ref idref="oc-14a"/>
      </symbol>
      <symbol id="sm-985">
         <name>GPIOPadConfigSet</name>
         <value>0x587b</value>
         <object_component_ref idref="oc-2e2"/>
      </symbol>
      <symbol id="sm-986">
         <name>GPIOPinTypeTimer</name>
         <value>0x6937</value>
         <object_component_ref idref="oc-26e"/>
      </symbol>
      <symbol id="sm-9e1">
         <name>I2CMasterBusBusy</name>
         <value>0x6b23</value>
         <object_component_ref idref="oc-2b0"/>
      </symbol>
      <symbol id="sm-9e2">
         <name>I2CMasterDataPut</name>
         <value>0x6b71</value>
         <object_component_ref idref="oc-31e"/>
      </symbol>
      <symbol id="sm-9e3">
         <name>I2CMasterInitExpClk</name>
         <value>0x6231</value>
         <object_component_ref idref="oc-2a4"/>
      </symbol>
      <symbol id="sm-9e4">
         <name>I2CMasterSlaveAddrSet</name>
         <value>0x6b33</value>
         <object_component_ref idref="oc-318"/>
      </symbol>
      <symbol id="sm-9e5">
         <name>I2CMasterDataGet</name>
         <value>0x6b6d</value>
         <object_component_ref idref="oc-32a"/>
      </symbol>
      <symbol id="sm-9e6">
         <name>I2CMasterErr</name>
         <value>0x6861</value>
         <object_component_ref idref="oc-336"/>
      </symbol>
      <symbol id="sm-9e7">
         <name>I2CMasterControl</name>
         <value>0x6b69</value>
         <object_component_ref idref="oc-324"/>
      </symbol>
      <symbol id="sm-9e8">
         <name>I2CMasterBusy</name>
         <value>0x6b2b</value>
         <object_component_ref idref="oc-330"/>
      </symbol>
      <symbol id="sm-9e9">
         <name>I2CMasterEnable</name>
         <value>0x6adf</value>
         <object_component_ref idref="oc-2aa"/>
      </symbol>
      <symbol id="sm-9ea">
         <name>I2CMasterDisable</name>
         <value>0x6ad5</value>
         <object_component_ref idref="oc-e6"/>
      </symbol>
      <symbol id="sm-a35">
         <name>IntEnable</name>
         <value>0x5f05</value>
         <object_component_ref idref="oc-20e"/>
      </symbol>
      <symbol id="sm-a36">
         <name>IntRegister</name>
         <value>0x651d</value>
         <object_component_ref idref="oc-40c"/>
      </symbol>
      <symbol id="sm-a37">
         <name>IntMasterDisable</name>
         <value>0x69d5</value>
         <object_component_ref idref="oc-92"/>
      </symbol>
      <symbol id="sm-a38">
         <name>g_pfnRAMVectors</name>
         <value>0x20000000</value>
         <object_component_ref idref="oc-4e9"/>
      </symbol>
      <symbol id="sm-a39">
         <name>IntMasterEnable</name>
         <value>0x69e5</value>
         <object_component_ref idref="oc-aa"/>
      </symbol>
      <symbol id="sm-a66">
         <name>PWMGenPeriodSet</name>
         <value>0x69f5</value>
         <object_component_ref idref="oc-2c8"/>
      </symbol>
      <symbol id="sm-a67">
         <name>PWMPulseWidthSet</name>
         <value>0x6737</value>
         <object_component_ref idref="oc-15f"/>
      </symbol>
      <symbol id="sm-a68">
         <name>PWMOutputState</name>
         <value>0x695b</value>
         <object_component_ref idref="oc-2ce"/>
      </symbol>
      <symbol id="sm-a69">
         <name>PWMGenEnable</name>
         <value>0x6aa7</value>
         <object_component_ref idref="oc-cb"/>
      </symbol>
      <symbol id="sm-a6a">
         <name>PWMGenConfigure</name>
         <value>0x66b5</value>
         <object_component_ref idref="oc-2c2"/>
      </symbol>
      <symbol id="sm-ae4">
         <name>SysCtlPeripheralPresent</name>
         <value>0x64ad</value>
         <object_component_ref idref="oc-2ed"/>
      </symbol>
      <symbol id="sm-ae5">
         <name>SysCtlDelay</name>
         <value>0x6b5d</value>
         <object_component_ref idref="oc-15e"/>
      </symbol>
      <symbol id="sm-ae6">
         <name>SysCtlPeripheralEnable</name>
         <value>0x6551</value>
         <object_component_ref idref="oc-1e4"/>
      </symbol>
      <symbol id="sm-ae7">
         <name>SysCtlClockFreqSet</name>
         <value>0x4e11</value>
         <object_component_ref idref="oc-8c"/>
      </symbol>
      <symbol id="sm-b14">
         <name>SysTickEnable</name>
         <value>0x688d</value>
         <object_component_ref idref="oc-c2"/>
      </symbol>
      <symbol id="sm-b15">
         <name>SysTickIntRegister</name>
         <value>0x6755</value>
         <object_component_ref idref="oc-1f0"/>
      </symbol>
      <symbol id="sm-b16">
         <name>SysTickIntEnable</name>
         <value>0x68a1</value>
         <object_component_ref idref="oc-1f6"/>
      </symbol>
      <symbol id="sm-b17">
         <name>SysTickPeriodSet</name>
         <value>0x6a05</value>
         <object_component_ref idref="oc-bc"/>
      </symbol>
      <symbol id="sm-b9c">
         <name>TimerLoadSet</name>
         <value>0x696d</value>
         <object_component_ref idref="oc-10b"/>
      </symbol>
      <symbol id="sm-b9d">
         <name>TimerDisable</name>
         <value>0x67e9</value>
         <object_component_ref idref="oc-138"/>
      </symbol>
      <symbol id="sm-b9e">
         <name>TimerIntRegister</name>
         <value>0x6801</value>
         <object_component_ref idref="oc-232"/>
      </symbol>
      <symbol id="sm-b9f">
         <name>TimerEnable</name>
         <value>0x6a3f</value>
         <object_component_ref idref="oc-d1"/>
      </symbol>
      <symbol id="sm-ba0">
         <name>TimerIntStatus</name>
         <value>0x6ae9</value>
         <object_component_ref idref="oc-123"/>
      </symbol>
      <symbol id="sm-ba1">
         <name>TimerValueGet</name>
         <value>0x6af3</value>
         <object_component_ref idref="oc-12f"/>
      </symbol>
      <symbol id="sm-ba2">
         <name>TimerPrescaleSet</name>
         <value>0x697f</value>
         <object_component_ref idref="oc-27a"/>
      </symbol>
      <symbol id="sm-ba3">
         <name>TimerIntEnable</name>
         <value>0x6b3b</value>
         <object_component_ref idref="oc-22c"/>
      </symbol>
      <symbol id="sm-ba4">
         <name>TimerConfigure</name>
         <value>0x5fd5</value>
         <object_component_ref idref="oc-226"/>
      </symbol>
      <symbol id="sm-ba5">
         <name>TimerControlEvent</name>
         <value>0x6877</value>
         <object_component_ref idref="oc-274"/>
      </symbol>
      <symbol id="sm-ba6">
         <name>TimerIntClear</name>
         <value>0x6b75</value>
         <object_component_ref idref="oc-129"/>
      </symbol>
      <symbol id="sm-c30">
         <name>UARTConfigSetExpClk</name>
         <value>0x63a5</value>
         <object_component_ref idref="oc-220"/>
      </symbol>
      <symbol id="sm-c31">
         <name>UARTDisable</name>
         <value>0x66d9</value>
         <object_component_ref idref="oc-427"/>
      </symbol>
      <symbol id="sm-c32">
         <name>UARTIntEnable</name>
         <value>0x6b43</value>
         <object_component_ref idref="oc-214"/>
      </symbol>
      <symbol id="sm-c33">
         <name>UARTCharsAvail</name>
         <value>0x6a5b</value>
         <object_component_ref idref="oc-111"/>
      </symbol>
      <symbol id="sm-c34">
         <name>UARTCharGetNonBlocking</name>
         <value>0x6a4d</value>
         <object_component_ref idref="oc-100"/>
      </symbol>
      <symbol id="sm-c35">
         <name>UARTClockSourceSet</name>
         <value>0x6b63</value>
         <object_component_ref idref="oc-202"/>
      </symbol>
      <symbol id="sm-c36">
         <name>UARTCharPut</name>
         <value>0x6b07</value>
         <object_component_ref idref="oc-16b"/>
      </symbol>
      <symbol id="sm-c37">
         <name>UARTEnable</name>
         <value>0x68b5</value>
         <object_component_ref idref="oc-2f3"/>
      </symbol>
      <symbol id="sm-c38">
         <name>UARTIntClear</name>
         <value>0x6b79</value>
         <object_component_ref idref="oc-fa"/>
      </symbol>
      <symbol id="sm-c39">
         <name>UARTIntStatus</name>
         <value>0x6b11</value>
         <object_component_ref idref="oc-f4"/>
      </symbol>
      <symbol id="sm-c3a">
         <name>UARTCharGet</name>
         <value>0x6afd</value>
         <object_component_ref idref="oc-165"/>
      </symbol>
      <symbol id="sm-c3b">
         <name>UARTIntRegister</name>
         <value>0x6819</value>
         <object_component_ref idref="oc-21a"/>
      </symbol>
      <symbol id="sm-c4d">
         <name>CPUcpsie</name>
         <value>0x6a8f</value>
         <object_component_ref idref="oc-311"/>
      </symbol>
      <symbol id="sm-c4e">
         <name>CPUcpsid</name>
         <value>0x6a83</value>
         <object_component_ref idref="oc-1dd"/>
      </symbol>
      <symbol id="sm-c73">
         <name>VectorDotProduct</name>
         <value>0x6669</value>
         <object_component_ref idref="oc-344"/>
      </symbol>
      <symbol id="sm-c74">
         <name>VectorScale</name>
         <value>0x668f</value>
         <object_component_ref idref="oc-350"/>
      </symbol>
      <symbol id="sm-c75">
         <name>VectorAdd</name>
         <value>0x6585</value>
         <object_component_ref idref="oc-356"/>
      </symbol>
      <symbol id="sm-c76">
         <name>VectorCrossProduct</name>
         <value>0x60e3</value>
         <object_component_ref idref="oc-33e"/>
      </symbol>
      <symbol id="sm-c77">
         <name>__TI_static_base__</name>
         <value>0x0</value>
      </symbol>
      <symbol id="sm-c7a">
         <name>SHT$$INIT_ARRAY$$Limit</name>
         <value>0x0</value>
      </symbol>
      <symbol id="sm-c7b">
         <name>SHT$$INIT_ARRAY$$Base</name>
         <value>0x0</value>
      </symbol>
   </symbol_table>
   <title>Link successful</title>
</link_info>
