******************************************************************************
                  TI ARM Linker PC v16.9.0                     
******************************************************************************
>> Linked Wed Feb 22 10:49:48 2017

OUTPUT FILE NAME:   <APOPHIS v1.0.out>
ENTRY POINT SYMBOL: "_c_int00"  address: 00005d99


MEMORY CONFIGURATION

         name            origin    length      used     unused   attr    fill
----------------------  --------  ---------  --------  --------  ----  --------
  FLASH                 00000000   00100000  000072b0  000f8d50  R  X
  SRAM                  20000000   00040000  0000141b  0003ebe5  RW X


SEGMENT ALLOCATION MAP

run origin  load origin   length   init length attrs members
----------  ----------- ---------- ----------- ----- -------
00000000    00000000    000072b8   000072b8    r-x
  00000000    00000000    00000208   00000208    r-- .intvecs
  00000208    00000208    000065cc   000065cc    r-x .text
  000067d8    000067d8    00000a6c   00000a6c    r-- .const
  00007248    00007248    00000070   00000070    r-- .cinit
20000000    20000000    0000141c   00000000    rw-
  20000000    20000000    0000026c   00000000    rw- .vtable
  2000026c    2000026c    00001000   00000000    rw- .stack
  2000126c    2000126c    0000013b   00000000    rw- .bss
  200013a8    200013a8    00000074   00000000    rw- .data


SECTION ALLOCATION MAP

 output                                  attributes/
section   page    origin      length       input sections
--------  ----  ----------  ----------   ----------------
.intvecs   0    00000000    00000208     
                  00000000    00000208     tm4c1294ncpdt_startup_ccs.obj (.intvecs)

.text      0    00000208    000065cc     
                  00000208    000022cc     main.obj (.text)
                  000024d4    00000934     initializations.obj (.text)
                  00002e08    000008ac     comp_dcm.obj (.text)
                  000036b4    000004f6     bmi160.obj (.text)
                  00003baa    00000002     rtsv7M4_T_le_v4SPD16_eabi.lib : i_div0.obj (.text)
                  00003bac    0000049c     uartstdio.obj (.text)
                  00004048    000003a6     bme280.obj (.text)
                  000043ee    00000002     rtsv7M4_T_le_v4SPD16_eabi.lib : l_div0.obj (.text)
                  000043f0    0000023c                                   : strtod.obj (.text)
                  0000462c    00000226     i2c_driver.obj (.text)
                  00004852    0000021e     rtsv7M4_T_le_v4SPD16_eabi.lib : ll_div_t2.obj (.text)
                  00004a70    000001ec     driverlib.lib : sysctl.obj (.text:SysCtlClockFreqSet)
                  00004c5c    000001b6     rtsv7M4_T_le_v4SPD16_eabi.lib : fd_add_t2.obj (.text)
                  00004e12    00000002                                   : mpu_init.obj (.text)
                  00004e14    00000178                                   : e_asinf.obj (.text)
                  00004f8c    00000170                                   : e_sqrt.obj (.text)
                  000050fc    00000158                                   : e_atan2f.obj (.text)
                  00005254    00000150                                   : s_atanf.obj (.text)
                  000053a4    00000136                                   : fd_div_t2.obj (.text)
                  000054da    00000132     driverlib.lib : gpio.obj (.text:GPIOPadConfigSet)
                  0000560c    000000fc     rtsv7M4_T_le_v4SPD16_eabi.lib : fd_mul_t2.obj (.text)
                  00005708    000000e0     buttons.obj (.text)
                  000057e8    0000009c     rtsv7M4_T_le_v4SPD16_eabi.lib : memcpy_t2.obj (.text)
                  00005884    00000086                                   : fd_cmp_t2.obj (.text:__aeabi_cdcmple)
                  0000590a    00000086                                   : fd_cmp_t2.obj (.text:__aeabi_cdrcmple)
                  00005990    0000007a     driverlib.lib : adc.obj (.text:ADCSequenceStepConfigure)
                  00005a0a    0000007a     rtsv7M4_T_le_v4SPD16_eabi.lib : memset_t2.obj (.text)
                  00005a84    00000070                                   : autoinit.obj (.text)
                  00005af4    0000006e                                   : fd_tos_t2.obj (.text)
                  00005b62    00000002                                   : startup.obj (.text)
                  00005b64    00000068     driverlib.lib : interrupt.obj (.text:IntEnable)
                  00005bcc    00000068     rtsv7M4_T_le_v4SPD16_eabi.lib : copy_decompress_lzss.obj (.text:decompress:lzss)
                  00005c34    00000060     driverlib.lib : timer.obj (.text:TimerConfigure)
                  00005c94    00000058                   : adc.obj (.text:ADCSequenceConfigure)
                  00005cec    00000056                   : gpio.obj (.text:GPIOIntTypeSet)
                  00005d42    00000056     sensorlib.lib : vector.obj (.text:VectorCrossProduct)
                  00005d98    00000054     rtsv7M4_T_le_v4SPD16_eabi.lib : boot.obj (.text)
                  00005dec    00000054                                   : exit.obj (.text)
                  00005e40    00000050     driverlib.lib : adc.obj (.text:_ADCIntNumberGet)
                  00005e90    0000004c                   : i2c.obj (.text:I2CMasterInitExpClk)
                  00005edc    0000004c                   : timer.obj (.text:_TimerIntNumberGet)
                  00005f28    0000004c     rtsv7M4_T_le_v4SPD16_eabi.lib : cpy_tbl.obj (.text)
                  00005f74    00000048     driverlib.lib : gpio.obj (.text:GPIOPinConfigure)
                  00005fbc    00000048                   : sysctl.obj (.text:_SysCtlFrequencyGet)
                  00006004    00000046                   : uart.obj (.text:UARTConfigSetExpClk)
                  0000604a    00000002     --HOLE-- [fill = 0]
                  0000604c    00000040                   : gpio.obj (.text:_GPIOIntNumberGet)
                  0000608c    00000040                   : uart.obj (.text:_UARTIntNumberGet)
                  000060cc    00000040     rtsv7M4_T_le_v4SPD16_eabi.lib : u_divt2.obj (.text)
                  0000610c    00000038     driverlib.lib : sysctl.obj (.text:SysCtlPeripheralPresent)
                  00006144    00000038     rtsv7M4_T_le_v4SPD16_eabi.lib : fs_tod_t2.obj (.text)
                  0000617c    00000034     driverlib.lib : interrupt.obj (.text:IntRegister)
                  000061b0    00000034                   : sysctl.obj (.text:SysCtlPeripheralEnable)
                  000061e4    00000032     sensorlib.lib : vector.obj (.text:VectorAdd)
                  00006216    00000030     comp_dcm.obj (.text:__isnanf)
                  00006246    0000002e     driverlib.lib : adc.obj (.text:ADCIntStatus)
                  00006274    0000002a                   : gpio.obj (.text:GPIODirModeSet)
                  0000629e    00000002     --HOLE-- [fill = 0]
                  000062a0    00000028     rtsv7M4_T_le_v4SPD16_eabi.lib : e_sqrtf.obj (.text)
                  000062c8    00000026     sensorlib.lib : vector.obj (.text:VectorDotProduct)
                  000062ee    00000026                   : vector.obj (.text:VectorScale)
                  00006314    00000022     driverlib.lib : pwm.obj (.text:PWMGenConfigure)
                  00006336    00000002     --HOLE-- [fill = 0]
                  00006338    00000020                   : uart.obj (.text:UARTDisable)
                  00006358    00000020                   : sysctl.obj (.text:_SysCtlMemTimingGet)
                  00006378    0000001e                   : adc.obj (.text:ADCSequenceDataGet)
                  00006396    0000001e                   : pwm.obj (.text:PWMPulseWidthSet)
                  000063b4    0000001c                   : systick.obj (.text:SysTickIntRegister)
                  000063d0    00000018                   : adc.obj (.text:ADCClockConfigSet)
                  000063e8    00000018                   : adc.obj (.text:ADCIntRegister)
                  00006400    00000018                   : adc.obj (.text:ADCProcessorTrigger)
                  00006418    00000018                   : gpio.obj (.text:GPIOIntRegister)
                  00006430    00000018                   : gpio.obj (.text:GPIOPinTypeGPIOOutput)
                  00006448    00000018                   : timer.obj (.text:TimerDisable)
                  00006460    00000018                   : timer.obj (.text:TimerIntRegister)
                  00006478    00000018                   : uart.obj (.text:UARTIntRegister)
                  00006490    00000018     rtsv7M4_T_le_v4SPD16_eabi.lib : args_main.obj (.text)
                  000064a8    00000018                                   : ll_mul_t2.obj (.text)
                  000064c0    00000016     driverlib.lib : i2c.obj (.text:I2CMasterErr)
                  000064d6    00000016                   : timer.obj (.text:TimerControlEvent)
                  000064ec    00000014                   : systick.obj (.text:SysTickEnable)
                  00006500    00000014                   : systick.obj (.text:SysTickIntEnable)
                  00006514    00000014                   : uart.obj (.text:UARTEnable)
                  00006528    00000014     rtsv7M4_T_le_v4SPD16_eabi.lib : _lock.obj (.text)
                  0000653c    00000012     driverlib.lib : gpio.obj (.text:GPIOPinTypeADC)
                  0000654e    00000012                   : gpio.obj (.text:GPIOPinTypeGPIOInput)
                  00006560    00000012                   : gpio.obj (.text:GPIOPinTypeI2C)
                  00006572    00000012                   : gpio.obj (.text:GPIOPinTypeI2CSCL)
                  00006584    00000012                   : gpio.obj (.text:GPIOPinTypePWM)
                  00006596    00000012                   : gpio.obj (.text:GPIOPinTypeTimer)
                  000065a8    00000012                   : gpio.obj (.text:GPIOPinTypeUART)
                  000065ba    00000012                   : pwm.obj (.text:PWMOutputState)
                  000065cc    00000012                   : timer.obj (.text:TimerLoadSet)
                  000065de    00000012                   : timer.obj (.text:TimerPrescaleSet)
                  000065f0    00000012     rtsv7M4_T_le_v4SPD16_eabi.lib : atof.obj (.text)
                  00006602    00000010     driverlib.lib : adc.obj (.text:ADCIntEnable)
                  00006612    00000002     --HOLE-- [fill = 0]
                  00006614    00000010                   : fpu.obj (.text:FPUEnable)
                  00006624    00000010                   : fpu.obj (.text:FPULazyStackingEnable)
                  00006634    00000010                   : interrupt.obj (.text:IntMasterDisable)
                  00006644    00000010                   : interrupt.obj (.text:IntMasterEnable)
                  00006654    00000010                   : pwm.obj (.text:PWMGenPeriodSet)
                  00006664    00000010                   : systick.obj (.text:SysTickPeriodSet)
                  00006674    0000000e                   : adc.obj (.text:ADCSequenceDisable)
                  00006682    0000000e                   : adc.obj (.text:ADCSequenceEnable)
                  00006690    0000000e                   : gpio.obj (.text:GPIOIntStatus)
                  0000669e    0000000e                   : timer.obj (.text:TimerEnable)
                  000066ac    0000000e                   : uart.obj (.text:UARTCharGetNonBlocking)
                  000066ba    0000000e                   : uart.obj (.text:UARTCharsAvail)
                  000066c8    0000000e     rtsv7M4_T_le_v4SPD16_eabi.lib : copy_decompress_none.obj (.text:decompress:none)
                  000066d6    0000000c     driverlib.lib : adc.obj (.text:ADCReferenceSet)
                  000066e2    0000000c                   : cpu.obj (.text:CPUcpsid)
                  000066ee    0000000c                   : cpu.obj (.text:CPUcpsie)
                  000066fa    0000000c                   : gpio.obj (.text:GPIOIntEnable)
                  00006706    0000000c     rtsv7M4_T_le_v4SPD16_eabi.lib : copy_zero_init.obj (.text:decompress:ZI)
                  00006712    0000000c     tm4c1294ncpdt_startup_ccs.obj (.text)
                  0000671e    0000000a     driverlib.lib : adc.obj (.text:ADCIntClear)
                  00006728    0000000a                   : i2c.obj (.text:I2CMasterDisable)
                  00006732    0000000a                   : i2c.obj (.text:I2CMasterEnable)
                  0000673c    0000000a                   : timer.obj (.text:TimerIntStatus)
                  00006746    0000000a                   : timer.obj (.text:TimerValueGet)
                  00006750    0000000a                   : uart.obj (.text:UARTCharGet)
                  0000675a    0000000a                   : uart.obj (.text:UARTCharPut)
                  00006764    0000000a                   : uart.obj (.text:UARTIntStatus)
                  0000676e    00000008                   : adc.obj (.text:ADCBusy)
                  00006776    00000008                   : i2c.obj (.text:I2CMasterBusBusy)
                  0000677e    00000008                   : i2c.obj (.text:I2CMasterBusy)
                  00006786    00000008                   : i2c.obj (.text:I2CMasterSlaveAddrSet)
                  0000678e    00000008                   : timer.obj (.text:TimerIntEnable)
                  00006796    00000008                   : uart.obj (.text:UARTIntEnable)
                  0000679e    00000006                   : gpio.obj (.text:GPIOIntClear)
                  000067a4    00000006                   : gpio.obj (.text:GPIOPinRead)
                  000067aa    00000006                   : gpio.obj (.text:GPIOPinWrite)
                  000067b0    00000006                   : sysctl.obj (.text:SysCtlDelay)
                  000067b6    00000006                   : uart.obj (.text:UARTClockSourceSet)
                  000067bc    00000004                   : i2c.obj (.text:I2CMasterControl)
                  000067c0    00000004                   : i2c.obj (.text:I2CMasterDataGet)
                  000067c4    00000004                   : i2c.obj (.text:I2CMasterDataPut)
                  000067c8    00000004                   : timer.obj (.text:TimerIntClear)
                  000067cc    00000004                   : uart.obj (.text:UARTIntClear)
                  000067d0    00000004     rtsv7M4_T_le_v4SPD16_eabi.lib : pre_init.obj (.text)

.const     0    000067d8    00000a6c     
                  000067d8    00000258     main.obj (.const:$P$T0$1)
                  00006a30    000001b0     driverlib.lib : sysctl.obj (.const:g_pppui32XTALtoVCO)
                  00006be0    00000101     rtsv7M4_T_le_v4SPD16_eabi.lib : ctype.obj (.const:.string:_ctypes_)
                  00006ce1    00000003     --HOLE-- [fill = 0]
                  00006ce4    000000c0     driverlib.lib : gpio.obj (.const:g_ppui32GPIOIntMapBlizzard)
                  00006da4    000000c0                   : gpio.obj (.const:g_ppui32GPIOIntMapSnowflake)
                  00006e64    00000004     uartstdio.obj (.const)
                  00006e68    00000098     rtsv7M4_T_le_v4SPD16_eabi.lib : strtod.obj (.const:$O1$$)
                  00006f00    00000090     driverlib.lib : gpio.obj (.const:g_pui32GPIOBaseAddrs)
                  00006f90    00000070                   : interrupt.obj (.const)
                  00007000    0000006c                   : sysctl.obj (.const:g_pui32Xtals)
                  0000706c    00000060                   : timer.obj (.const:g_ppui32TimerIntMap)
                  000070cc    00000040                   : timer.obj (.const:g_ppui32TimerIntMapSnowflake)
                  0000710c    00000040                   : uart.obj (.const:g_ppui32UARTIntMap)
                  0000714c    00000040                   : uart.obj (.const:g_ppui32UARTIntMapSnowflake)
                  0000718c    00000034     rtsv7M4_T_le_v4SPD16_eabi.lib : s_atanf.obj (.const:$O1$$)
                  000071c0    00000030     driverlib.lib : sysctl.obj (.const:g_sXTALtoMEMTIM)
                  000071f0    00000020     rtsv7M4_T_le_v4SPD16_eabi.lib : e_asinf.obj (.const)
                  00007210    00000012     uartstdio.obj (.const:.string)
                  00007222    00000002     --HOLE-- [fill = 0]
                  00007224    0000000c     uartstdio.obj (.const:g_ui32UARTBase)
                  00007230    0000000c     uartstdio.obj (.const:g_ui32UARTPeriph)
                  0000723c    00000008     driverlib.lib : sysctl.obj (.const)

.cinit     0    00007248    00000070     
                  00007248    0000003a     (.cinit..data.load) [load image, compression = lzss]
                  00007282    00000002     --HOLE-- [fill = 0]
                  00007284    0000000c     (__TI_handler_table)
                  00007290    00000008     (.cinit..bss.load) [load image, compression = zero_init]
                  00007298    00000008     (.cinit..vtable.load) [load image, compression = zero_init]
                  000072a0    00000018     (__TI_cinit_table)

.init_array 
*          0    00000000    00000000     UNINITIALIZED

.vtable    0    20000000    0000026c     UNINITIALIZED
                  20000000    0000026c     driverlib.lib : interrupt.obj (.vtable)

.stack     0    2000026c    00001000     UNINITIALIZED
                  2000026c    00001000     --HOLE--

.bss       0    2000126c    0000013b     UNINITIALIZED
                  2000126c    00000058     (.common:g_sCompDCMInst)
                  200012c4    00000054     (.common:g_Pack)
                  20001318    0000001c     (.common:g_sRxPack)
                  20001334    00000018     (.common:sThrottle)
                  2000134c    00000014     (.common:sStatus)
                  20001360    0000000c     (.common:g_BME280OffsetValues)
                  2000136c    0000000c     (.common:g_fGyroData)
                  20001378    00000008     (.common:g_BME280RawData)
                  20001380    00000008     (.common:g_gyroDataRaw)
                  20001388    00000004     (.common:g_BME280OffsetUnsigned)
                  2000138c    00000004     (.common:g_Pressure)
                  20001390    00000004     (.common:g_SysClockSpeed)
                  20001394    00000004     (.common:g_Temp)
                  20001398    00000004     (.common:g_TimerFallValue)
                  2000139c    00000004     (.common:g_TimerRiseValue)
                  200013a0    00000004     (.common:g_t_fine)
                  200013a4    00000001     main.obj (.bss)
                  200013a5    00000001     (.common:g_CharConsole)
                  200013a6    00000001     (.common:g_bDCMStarted)

.data      0    200013a8    00000074     UNINITIALIZED
                  200013a8    00000036     main.obj (.data)
                  200013de    00000002     --HOLE--
                  200013e0    0000000c     rtsv7M4_T_le_v4SPD16_eabi.lib : exit.obj (.data:$O1$$)
                  200013ec    0000000c     main.obj (.data:g_Bias)
                  200013f8    00000008     rtsv7M4_T_le_v4SPD16_eabi.lib : _lock.obj (.data:$O1$$)
                  20001400    00000007     main.obj (.data:g_offsetData)
                  20001407    00000001     --HOLE--
                  20001408    00000005     uartstdio.obj (.data)
                  2000140d    00000003     buttons.obj (.data)
                  20001410    00000004     rtsv7M4_T_le_v4SPD16_eabi.lib : errno.obj (.data)
                  20001414    00000004                                   : stkdepth_vars.obj (.data)
                  20001418    00000004     main.obj (.data:ui8Magic$3)

MODULE SUMMARY

       Module                          code    ro data   rw data
       ------                          ----    -------   -------
    .\
       main.obj                        8908    600       392    
       initializations.obj             2356    0         0      
       comp_dcm.obj                    2268    0         0      
       bmi160.obj                      1270    0         0      
       uartstdio.obj                   1180    46        5      
       bme280.obj                      934     0         0      
       i2c_driver.obj                  550     0         0      
       tm4c1294ncpdt_startup_ccs.obj   12      520       0      
       buttons.obj                     224     0         3      
    +--+-------------------------------+-------+---------+---------+
       Total:                          17702   1166      400    
                                                                
    C:\ti\ccsv7\tools\compiler\ti-cgt-arm_16.9.0.LTS\lib\rtsv7M4_T_le_v4SPD16_eabi.lib
       strtod.obj                      572     152       0      
       ll_div_t2.obj                   542     0         0      
       fd_add_t2.obj                   438     0         0      
       e_asinf.obj                     376     32        0      
       s_atanf.obj                     336     52        0      
       e_sqrt.obj                      368     0         0      
       e_atan2f.obj                    344     0         0      
       fd_div_t2.obj                   310     0         0      
       fd_cmp_t2.obj                   268     0         0      
       ctype.obj                       0       257       0      
       fd_mul_t2.obj                   252     0         0      
       memcpy_t2.obj                   156     0         0      
       memset_t2.obj                   122     0         0      
       autoinit.obj                    112     0         0      
       fd_tos_t2.obj                   110     0         0      
       copy_decompress_lzss.obj        104     0         0      
       exit.obj                        84      0         12     
       boot.obj                        84      0         0      
       cpy_tbl.obj                     76      0         0      
       u_divt2.obj                     64      0         0      
       fs_tod_t2.obj                   56      0         0      
       e_sqrtf.obj                     40      0         0      
       _lock.obj                       20      0         8      
       args_main.obj                   24      0         0      
       ll_mul_t2.obj                   24      0         0      
       atof.obj                        18      0         0      
       copy_decompress_none.obj        14      0         0      
       copy_zero_init.obj              12      0         0      
       errno.obj                       0       0         4      
       pre_init.obj                    4       0         0      
       stkdepth_vars.obj               0       0         4      
       i_div0.obj                      2       0         0      
       l_div0.obj                      2       0         0      
       mpu_init.obj                    2       0         0      
       startup.obj                     2       0         0      
    +--+-------------------------------+-------+---------+---------+
       Total:                          4938    493       28     
                                                                
    E:/TM4C1294XL/driverlib/ccs/Debug/driverlib.lib
       gpio.obj                        788     528       0      
       sysctl.obj                      710     596       0      
       interrupt.obj                   188     112       620    
       adc.obj                         512     0         0      
       timer.obj                       324     160       0      
       uart.obj                        286     128       0      
       i2c.obj                         154     0         0      
       pwm.obj                         98      0         0      
       systick.obj                     84      0         0      
       fpu.obj                         32      0         0      
       cpu.obj                         24      0         0      
    +--+-------------------------------+-------+---------+---------+
       Total:                          3200    1524      620    
                                                                
    E:/TM4C1294XL/sensorlib/ccs/Debug/sensorlib.lib
       vector.obj                      212     0         0      
    +--+-------------------------------+-------+---------+---------+
       Total:                          212     0         0      
                                                                
       Stack:                          0       0         4096   
       Linker Generated:               0       110       0      
    +--+-------------------------------+-------+---------+---------+
       Grand Total:                    26052   3293      5144   


LINKER GENERATED COPY TABLES

__TI_cinit_table @ 000072a0 records: 3, size/record: 8, table size: 24
	.data: load addr=00007248, load size=0000003a bytes, run addr=200013a8, run size=00000074 bytes, compression=lzss
	.bss: load addr=00007290, load size=00000008 bytes, run addr=2000126c, run size=0000013b bytes, compression=zero_init
	.vtable: load addr=00007298, load size=00000008 bytes, run addr=20000000, run size=0000026c bytes, compression=zero_init


LINKER GENERATED HANDLER TABLE

__TI_handler_table @ 00007284 records: 3, size/record: 4, table size: 12
	index: 0, handler: __TI_zero_init
	index: 1, handler: __TI_decompress_lzss
	index: 2, handler: __TI_decompress_none


GLOBAL SYMBOLS: SORTED ALPHABETICALLY BY Name 

address   name                           
-------   ----                           
0000676f  ADCBusy                        
000063d1  ADCClockConfigSet              
0000671f  ADCIntClear                    
00006603  ADCIntEnable                   
000063e9  ADCIntRegister                 
00006247  ADCIntStatus                   
00006401  ADCProcessorTrigger            
000066d7  ADCReferenceSet                
00005c95  ADCSequenceConfigure           
00006379  ADCSequenceDataGet             
00006675  ADCSequenceDisable             
00006683  ADCSequenceEnable              
00005991  ADCSequenceStepConfigure       
000016cd  ActivateSolenoids              
00000c29  BME280IntHandler               
000041a9  BME280_compensate_P_int64      
00004137  BME280_compensate_T_int32      
00000c07  BMI160IntHandler               
000057a9  ButtonsInit                    
00005709  ButtonsPoll                    
00005ded  C$$EXIT                        
000066e3  CPUcpsid                       
000066ef  CPUcpsie                       
00002e7d  CompDCMAccelUpdate             
000032fb  CompDCMComputeEulers           
0000336d  CompDCMComputeQuaternion       
00002ea5  CompDCMGyroUpdate              
00002e09  CompDCMInit                    
00002ecd  CompDCMMagnetoUpdate           
000032a7  CompDCMMatrixGet               
00002ef5  CompDCMStart                   
00002fc9  CompDCMUpdate                  
00000695  ConsoleIntHandler              
000016f9  DeactivateSolenoids            
00006615  FPUEnable                      
00006625  FPULazyStackingEnable          
00006275  GPIODirModeSet                 
0000679f  GPIOIntClear                   
000066fb  GPIOIntEnable                  
00006419  GPIOIntRegister                
00006691  GPIOIntStatus                  
00005ced  GPIOIntTypeSet                 
000054db  GPIOPadConfigSet               
00005f75  GPIOPinConfigure               
000067a5  GPIOPinRead                    
0000653d  GPIOPinTypeADC                 
0000654f  GPIOPinTypeGPIOInput           
00006431  GPIOPinTypeGPIOOutput          
00006561  GPIOPinTypeI2C                 
00006573  GPIOPinTypeI2CSCL              
00006585  GPIOPinTypePWM                 
00006597  GPIOPinTypeTimer               
000065a9  GPIOPinTypeUART                
000067ab  GPIOPinWrite                   
000009c5  GPSIntHandler                  
0000411f  GetBME280RawData               
000009e1  GndMtr1IntHandler              
000009e3  GndMtr2IntHandler              
0000462d  I2CBurstWrite                  
00006777  I2CMasterBusBusy               
0000677f  I2CMasterBusy                  
000067bd  I2CMasterControl               
000067c1  I2CMasterDataGet               
000067c5  I2CMasterDataPut               
00006729  I2CMasterDisable               
00006733  I2CMasterEnable                
000064c1  I2CMasterErr                   
00005e91  I2CMasterInitExpClk            
00006787  I2CMasterSlaveAddrSet          
000046eb  I2CRead                        
000046bb  I2CSingleWrite                 
000047d3  I2CWait                        
00002c75  InitAirMtrs                    
00002bf5  InitAltimeter                  
00004049  InitBME280                     
000036b5  InitBMI160                     
00002507  InitConsole                    
000025af  InitGPS                        
000025ff  InitGndMotors                  
00002afb  InitIMU                        
000024d5  InitLED                        
00002559  InitRadio                      
00002689  InitSolarPanels                
00002a9d  InitSolenoidEnablePins         
00002849  InitUltraSonicSensor           
00005b65  IntEnable                      
00006635  IntMasterDisable               
00006645  IntMasterEnable                
0000617d  IntRegister                    
00000df5  Menu                           
00006315  PWMGenConfigure                
00006655  PWMGenPeriodSet                
000065bb  PWMOutputState                 
00006397  PWMPulseWidthSet               
00001617  ProcessADC                     
000011ad  ProcessGPS                     
00001969  ProcessIMUData                 
0000157d  ProcessRadio                   
0000165d  ProcessUltraSonic              
0000082d  RadioIntHandler                
00006713  ResetISR                       
UNDEFED   SHT$$INIT_ARRAY$$Base          
UNDEFED   SHT$$INIT_ARRAY$$Limit         
000009e9  SPIntHandler                   
00001741  SendPacket                     
00000be5  SolenoidInterrupt              
00004a71  SysCtlClockFreqSet             
000067b1  SysCtlDelay                    
000061b1  SysCtlPeripheralEnable         
0000610d  SysCtlPeripheralPresent        
000064ed  SysTickEnable                  
00006501  SysTickIntEnable               
00000665  SysTickIntHandler              
000063b5  SysTickIntRegister             
00006665  SysTickPeriodSet               
00000b45  Timer1AInterrupt               
00000b99  Timer1BInterrupt               
00000a07  Timer2AInterrupt               
00000a4f  Timer2BInterrupt               
00000a9b  Timer3AInterrupt               
00000ae9  Timer3BInterrupt               
00005c35  TimerConfigure                 
000064d7  TimerControlEvent              
00006449  TimerDisable                   
0000669f  TimerEnable                    
000067c9  TimerIntClear                  
0000678f  TimerIntEnable                 
00006461  TimerIntRegister               
0000673d  TimerIntStatus                 
000065cd  TimerLoadSet                   
000065df  TimerPrescaleSet               
00006747  TimerValueGet                  
00000cc1  TurnOffLED                     
00000c45  TurnOnLED                      
00006751  UARTCharGet                    
000066ad  UARTCharGetNonBlocking         
0000675b  UARTCharPut                    
000066bb  UARTCharsAvail                 
000067b7  UARTClockSourceSet             
00006005  UARTConfigSetExpClk            
00006339  UARTDisable                    
00006515  UARTEnable                     
000067cd  UARTIntClear                   
00006797  UARTIntEnable                  
00006479  UARTIntRegister                
00006765  UARTIntStatus                  
00003bad  UARTStdioConfig                
00003cf3  UARTgetc                       
00003c39  UARTgets                       
00004013  UARTprintf                     
00003d19  UARTvprintf                    
00003bf3  UARTwrite                      
00001ddd  UpdateTrajectory               
000061e5  VectorAdd                      
00005d43  VectorCrossProduct             
000062c9  VectorDotProduct               
000062ef  VectorScale                    
00000d35  WaitForButtonPress             
2000126c  __STACK_END                    
00001000  __STACK_SIZE                   
2000046c  __STACK_TOP                    
000072a0  __TI_CINIT_Base                
000072b8  __TI_CINIT_Limit               
00007284  __TI_Handler_Table_Base        
00007290  __TI_Handler_Table_Limit       
00005a85  __TI_auto_init                 
200013e0  __TI_cleanup_ptr               
00005bcd  __TI_decompress_lzss           
000066c9  __TI_decompress_none           
200013e4  __TI_dtors_ptr                 
200013e8  __TI_enable_exit_profile_output
ffffffff  __TI_pprof_out_hndl            
ffffffff  __TI_prof_data_size            
ffffffff  __TI_prof_data_start           
00000000  __TI_static_base__             
00006707  __TI_zero_init                 
00005885  __aeabi_cdcmpeq                
00005885  __aeabi_cdcmple                
0000590b  __aeabi_cdrcmple               
00005af5  __aeabi_d2f                    
00004c67  __aeabi_dadd                   
000053a5  __aeabi_ddiv                   
0000560d  __aeabi_dmul                   
00004c5d  __aeabi_dsub                   
00006145  __aeabi_f2d                    
00003bab  __aeabi_idiv0                  
000043ef  __aeabi_ldiv0                  
00004853  __aeabi_ldivmod                
000064a9  __aeabi_lmul                   
00005a0b  __aeabi_memclr                 
00005a0b  __aeabi_memclr4                
00005a0b  __aeabi_memclr8                
000057e9  __aeabi_memcpy                 
000057e9  __aeabi_memcpy4                
000057e9  __aeabi_memcpy8                
00005a0d  __aeabi_memset                 
00005a0d  __aeabi_memset4                
00005a0d  __aeabi_memset8                
000060cd  __aeabi_uidiv                  
000060cd  __aeabi_uidivmod               
ffffffff  __binit__                      
ffffffff  __c_args__                     
00006217  __isnanf                       
00004e13  __mpu_init                     
2000026c  __stack                        
00006491  _args_main                     
00005d99  _c_int00                       
00006be0  _ctypes_                       
200013f8  _lock                          
00006537  _nop                           
0000652f  _register_lock                 
00006529  _register_unlock               
00005b63  _system_post_cinit             
000067d1  _system_pre_init               
200013fc  _unlock                        
00005df1  abort                          
00004e15  asinf                          
000050fd  atan2f                         
00005255  atanf                          
000065f1  atof                           
ffffffff  binit                          
00005f29  copy_in                        
20001410  errno                          
00005df9  exit                           
200013b0  g_ADCFlag                      
200013cc  g_Accel2GFactor                
20001388  g_BME280OffsetUnsigned         
20001360  g_BME280OffsetValues           
20001378  g_BME280RawData                
200013d0  g_BME280Ready                  
200013ec  g_Bias                         
200013a5  g_CharConsole                  
200013ae  g_ConsoleFlag                  
200013b4  g_GPSConnected                 
200013b2  g_GPSFlag                      
200013b3  g_GPSLEDOn                     
200013b9  g_IMUDataFlag                  
200013c8  g_LED1On                       
200013ac  g_LED4On                       
200012c4  g_Pack                         
2000138c  g_Pressure                     
200013d1  g_PrintRawBMIData              
200013b5  g_PrintRawGPS                  
200013af  g_Quit                         
200013b1  g_RadioFlag                    
200013ad  g_SendPacket                   
20001390  g_SysClockSpeed                
20001394  g_Temp                         
20001398  g_TimerFallValue               
200013b6  g_TimerFirstPass               
2000139c  g_TimerRiseValue               
200013b7  g_UltraSonicFlag               
200013b8  g_UltraSonicSensor             
200013bc  g_accelLSBg                    
200013a6  g_bDCMStarted                  
2000136c  g_fGyroData                    
200013c0  g_fGyroLSB                     
200013c4  g_fMagLSB                      
20001380  g_gyroDataRaw                  
200013c9  g_loopCount                    
200013a8  g_mtrThrottle                  
20001400  g_offsetData                   
200013d8  g_p_t_fine                     
20000000  g_pfnRAMVectors                
00000000  g_pfnVectors                   
200013d4  g_ptrBME280RawData             
2000126c  g_sCompDCMInst                 
20001318  g_sRxPack                      
200013a0  g_t_fine                       
00000209  main                           
20001414  main_func_sp                   
000057e9  memcpy                         
00005a13  memset                         
2000134c  sStatus                        
20001334  sThrottle                      
00004f8d  sqrt                           
000062a1  sqrtf                          
00004f8d  sqrtl                          
000043f1  strtod                         
000043f1  strtold                        


GLOBAL SYMBOLS: SORTED BY Symbol Address 

address   name                           
-------   ----                           
00000000  __TI_static_base__             
00000000  g_pfnVectors                   
00000209  main                           
00000665  SysTickIntHandler              
00000695  ConsoleIntHandler              
0000082d  RadioIntHandler                
000009c5  GPSIntHandler                  
000009e1  GndMtr1IntHandler              
000009e3  GndMtr2IntHandler              
000009e9  SPIntHandler                   
00000a07  Timer2AInterrupt               
00000a4f  Timer2BInterrupt               
00000a9b  Timer3AInterrupt               
00000ae9  Timer3BInterrupt               
00000b45  Timer1AInterrupt               
00000b99  Timer1BInterrupt               
00000be5  SolenoidInterrupt              
00000c07  BMI160IntHandler               
00000c29  BME280IntHandler               
00000c45  TurnOnLED                      
00000cc1  TurnOffLED                     
00000d35  WaitForButtonPress             
00000df5  Menu                           
00001000  __STACK_SIZE                   
000011ad  ProcessGPS                     
0000157d  ProcessRadio                   
00001617  ProcessADC                     
0000165d  ProcessUltraSonic              
000016cd  ActivateSolenoids              
000016f9  DeactivateSolenoids            
00001741  SendPacket                     
00001969  ProcessIMUData                 
00001ddd  UpdateTrajectory               
000024d5  InitLED                        
00002507  InitConsole                    
00002559  InitRadio                      
000025af  InitGPS                        
000025ff  InitGndMotors                  
00002689  InitSolarPanels                
00002849  InitUltraSonicSensor           
00002a9d  InitSolenoidEnablePins         
00002afb  InitIMU                        
00002bf5  InitAltimeter                  
00002c75  InitAirMtrs                    
00002e09  CompDCMInit                    
00002e7d  CompDCMAccelUpdate             
00002ea5  CompDCMGyroUpdate              
00002ecd  CompDCMMagnetoUpdate           
00002ef5  CompDCMStart                   
00002fc9  CompDCMUpdate                  
000032a7  CompDCMMatrixGet               
000032fb  CompDCMComputeEulers           
0000336d  CompDCMComputeQuaternion       
000036b5  InitBMI160                     
00003bab  __aeabi_idiv0                  
00003bad  UARTStdioConfig                
00003bf3  UARTwrite                      
00003c39  UARTgets                       
00003cf3  UARTgetc                       
00003d19  UARTvprintf                    
00004013  UARTprintf                     
00004049  InitBME280                     
0000411f  GetBME280RawData               
00004137  BME280_compensate_T_int32      
000041a9  BME280_compensate_P_int64      
000043ef  __aeabi_ldiv0                  
000043f1  strtod                         
000043f1  strtold                        
0000462d  I2CBurstWrite                  
000046bb  I2CSingleWrite                 
000046eb  I2CRead                        
000047d3  I2CWait                        
00004853  __aeabi_ldivmod                
00004a71  SysCtlClockFreqSet             
00004c5d  __aeabi_dsub                   
00004c67  __aeabi_dadd                   
00004e13  __mpu_init                     
00004e15  asinf                          
00004f8d  sqrt                           
00004f8d  sqrtl                          
000050fd  atan2f                         
00005255  atanf                          
000053a5  __aeabi_ddiv                   
000054db  GPIOPadConfigSet               
0000560d  __aeabi_dmul                   
00005709  ButtonsPoll                    
000057a9  ButtonsInit                    
000057e9  __aeabi_memcpy                 
000057e9  __aeabi_memcpy4                
000057e9  __aeabi_memcpy8                
000057e9  memcpy                         
00005885  __aeabi_cdcmpeq                
00005885  __aeabi_cdcmple                
0000590b  __aeabi_cdrcmple               
00005991  ADCSequenceStepConfigure       
00005a0b  __aeabi_memclr                 
00005a0b  __aeabi_memclr4                
00005a0b  __aeabi_memclr8                
00005a0d  __aeabi_memset                 
00005a0d  __aeabi_memset4                
00005a0d  __aeabi_memset8                
00005a13  memset                         
00005a85  __TI_auto_init                 
00005af5  __aeabi_d2f                    
00005b63  _system_post_cinit             
00005b65  IntEnable                      
00005bcd  __TI_decompress_lzss           
00005c35  TimerConfigure                 
00005c95  ADCSequenceConfigure           
00005ced  GPIOIntTypeSet                 
00005d43  VectorCrossProduct             
00005d99  _c_int00                       
00005ded  C$$EXIT                        
00005df1  abort                          
00005df9  exit                           
00005e91  I2CMasterInitExpClk            
00005f29  copy_in                        
00005f75  GPIOPinConfigure               
00006005  UARTConfigSetExpClk            
000060cd  __aeabi_uidiv                  
000060cd  __aeabi_uidivmod               
0000610d  SysCtlPeripheralPresent        
00006145  __aeabi_f2d                    
0000617d  IntRegister                    
000061b1  SysCtlPeripheralEnable         
000061e5  VectorAdd                      
00006217  __isnanf                       
00006247  ADCIntStatus                   
00006275  GPIODirModeSet                 
000062a1  sqrtf                          
000062c9  VectorDotProduct               
000062ef  VectorScale                    
00006315  PWMGenConfigure                
00006339  UARTDisable                    
00006379  ADCSequenceDataGet             
00006397  PWMPulseWidthSet               
000063b5  SysTickIntRegister             
000063d1  ADCClockConfigSet              
000063e9  ADCIntRegister                 
00006401  ADCProcessorTrigger            
00006419  GPIOIntRegister                
00006431  GPIOPinTypeGPIOOutput          
00006449  TimerDisable                   
00006461  TimerIntRegister               
00006479  UARTIntRegister                
00006491  _args_main                     
000064a9  __aeabi_lmul                   
000064c1  I2CMasterErr                   
000064d7  TimerControlEvent              
000064ed  SysTickEnable                  
00006501  SysTickIntEnable               
00006515  UARTEnable                     
00006529  _register_unlock               
0000652f  _register_lock                 
00006537  _nop                           
0000653d  GPIOPinTypeADC                 
0000654f  GPIOPinTypeGPIOInput           
00006561  GPIOPinTypeI2C                 
00006573  GPIOPinTypeI2CSCL              
00006585  GPIOPinTypePWM                 
00006597  GPIOPinTypeTimer               
000065a9  GPIOPinTypeUART                
000065bb  PWMOutputState                 
000065cd  TimerLoadSet                   
000065df  TimerPrescaleSet               
000065f1  atof                           
00006603  ADCIntEnable                   
00006615  FPUEnable                      
00006625  FPULazyStackingEnable          
00006635  IntMasterDisable               
00006645  IntMasterEnable                
00006655  PWMGenPeriodSet                
00006665  SysTickPeriodSet               
00006675  ADCSequenceDisable             
00006683  ADCSequenceEnable              
00006691  GPIOIntStatus                  
0000669f  TimerEnable                    
000066ad  UARTCharGetNonBlocking         
000066bb  UARTCharsAvail                 
000066c9  __TI_decompress_none           
000066d7  ADCReferenceSet                
000066e3  CPUcpsid                       
000066ef  CPUcpsie                       
000066fb  GPIOIntEnable                  
00006707  __TI_zero_init                 
00006713  ResetISR                       
0000671f  ADCIntClear                    
00006729  I2CMasterDisable               
00006733  I2CMasterEnable                
0000673d  TimerIntStatus                 
00006747  TimerValueGet                  
00006751  UARTCharGet                    
0000675b  UARTCharPut                    
00006765  UARTIntStatus                  
0000676f  ADCBusy                        
00006777  I2CMasterBusBusy               
0000677f  I2CMasterBusy                  
00006787  I2CMasterSlaveAddrSet          
0000678f  TimerIntEnable                 
00006797  UARTIntEnable                  
0000679f  GPIOIntClear                   
000067a5  GPIOPinRead                    
000067ab  GPIOPinWrite                   
000067b1  SysCtlDelay                    
000067b7  UARTClockSourceSet             
000067bd  I2CMasterControl               
000067c1  I2CMasterDataGet               
000067c5  I2CMasterDataPut               
000067c9  TimerIntClear                  
000067cd  UARTIntClear                   
000067d1  _system_pre_init               
00006be0  _ctypes_                       
00007284  __TI_Handler_Table_Base        
00007290  __TI_Handler_Table_Limit       
000072a0  __TI_CINIT_Base                
000072b8  __TI_CINIT_Limit               
20000000  g_pfnRAMVectors                
2000026c  __stack                        
2000046c  __STACK_TOP                    
2000126c  __STACK_END                    
2000126c  g_sCompDCMInst                 
200012c4  g_Pack                         
20001318  g_sRxPack                      
20001334  sThrottle                      
2000134c  sStatus                        
20001360  g_BME280OffsetValues           
2000136c  g_fGyroData                    
20001378  g_BME280RawData                
20001380  g_gyroDataRaw                  
20001388  g_BME280OffsetUnsigned         
2000138c  g_Pressure                     
20001390  g_SysClockSpeed                
20001394  g_Temp                         
20001398  g_TimerFallValue               
2000139c  g_TimerRiseValue               
200013a0  g_t_fine                       
200013a5  g_CharConsole                  
200013a6  g_bDCMStarted                  
200013a8  g_mtrThrottle                  
200013ac  g_LED4On                       
200013ad  g_SendPacket                   
200013ae  g_ConsoleFlag                  
200013af  g_Quit                         
200013b0  g_ADCFlag                      
200013b1  g_RadioFlag                    
200013b2  g_GPSFlag                      
200013b3  g_GPSLEDOn                     
200013b4  g_GPSConnected                 
200013b5  g_PrintRawGPS                  
200013b6  g_TimerFirstPass               
200013b7  g_UltraSonicFlag               
200013b8  g_UltraSonicSensor             
200013b9  g_IMUDataFlag                  
200013bc  g_accelLSBg                    
200013c0  g_fGyroLSB                     
200013c4  g_fMagLSB                      
200013c8  g_LED1On                       
200013c9  g_loopCount                    
200013cc  g_Accel2GFactor                
200013d0  g_BME280Ready                  
200013d1  g_PrintRawBMIData              
200013d4  g_ptrBME280RawData             
200013d8  g_p_t_fine                     
200013e0  __TI_cleanup_ptr               
200013e4  __TI_dtors_ptr                 
200013e8  __TI_enable_exit_profile_output
200013ec  g_Bias                         
200013f8  _lock                          
200013fc  _unlock                        
20001400  g_offsetData                   
20001410  errno                          
20001414  main_func_sp                   
ffffffff  __TI_pprof_out_hndl            
ffffffff  __TI_prof_data_size            
ffffffff  __TI_prof_data_start           
ffffffff  __binit__                      
ffffffff  __c_args__                     
ffffffff  binit                          
UNDEFED   SHT$$INIT_ARRAY$$Base          
UNDEFED   SHT$$INIT_ARRAY$$Limit         

[280 symbols]
