******************************************************************************
                  TI ARM Linker PC v16.9.0                     
******************************************************************************
>> Linked Sun Feb 19 14:47:05 2017

OUTPUT FILE NAME:   <APOPHIS v1.0.out>
ENTRY POINT SYMBOL: "_c_int00"  address: 000047f9


MEMORY CONFIGURATION

         name            origin    length      used     unused   attr    fill
----------------------  --------  ---------  --------  --------  ----  --------
  FLASH                 00000000   00100000  00005bb8  000fa448  R  X
  SRAM                  20000000   00040000  0000138e  0003ec72  RW X


SEGMENT ALLOCATION MAP

run origin  load origin   length   init length attrs members
----------  ----------- ---------- ----------- ----- -------
00000000    00000000    00005bb8   00005bb8    r-x
  00000000    00000000    00000208   00000208    r-- .intvecs
  00000208    00000208    00004f28   00004f28    r-x .text
  00005130    00005130    00000a18   00000a18    r-- .const
  00005b48    00005b48    00000070   00000070    r-- .cinit
20000000    20000000    00001390   00000000    rw-
  20000000    20000000    0000026c   00000000    rw- .vtable
  2000026c    2000026c    00001000   00000000    rw- .stack
  2000126c    2000126c    000000b2   00000000    rw- .bss
  20001320    20001320    00000070   00000000    rw- .data


SECTION ALLOCATION MAP

 output                                  attributes/
section   page    origin      length       input sections
--------  ----  ----------  ----------   ----------------
.intvecs   0    00000000    00000208     
                  00000000    00000208     tm4c1294ncpdt_startup_ccs.obj (.intvecs)

.text      0    00000208    00004f28     
                  00000208    00001bac     main.obj (.text)
                  00001db4    0000094c     initializations.obj (.text)
                  00002700    00000574     bmi160.obj (.text)
                  00002c74    0000049c     uartstdio.obj (.text)
                  00003110    000003a6     bme280.obj (.text)
                  000034b6    00000002     rtsv7M4_T_le_v4SPD16_eabi.lib : i_div0.obj (.text)
                  000034b8    0000023c                                   : strtod.obj (.text)
                  000036f4    00000226     i2c_driver.obj (.text)
                  0000391a    0000021e     rtsv7M4_T_le_v4SPD16_eabi.lib : ll_div_t2.obj (.text)
                  00003b38    000001ec     driverlib.lib : sysctl.obj (.text:SysCtlClockFreqSet)
                  00003d24    000001b6     rtsv7M4_T_le_v4SPD16_eabi.lib : fd_add_t2.obj (.text)
                  00003eda    00000136                                   : fd_div_t2.obj (.text)
                  00004010    00000132     driverlib.lib : gpio.obj (.text:GPIOPadConfigSet)
                  00004142    000000fc     rtsv7M4_T_le_v4SPD16_eabi.lib : fd_mul_t2.obj (.text)
                  0000423e    00000002                                   : l_div0.obj (.text)
                  00004240    000000e0     buttons.obj (.text)
                  00004320    0000009c     rtsv7M4_T_le_v4SPD16_eabi.lib : memcpy_t2.obj (.text)
                  000043bc    00000086                                   : fd_cmp_t2.obj (.text:__aeabi_cdcmple)
                  00004442    0000007a     driverlib.lib : adc.obj (.text:ADCSequenceStepConfigure)
                  000044bc    0000007a     rtsv7M4_T_le_v4SPD16_eabi.lib : memset_t2.obj (.text)
                  00004536    00000002                                   : mpu_init.obj (.text)
                  00004538    00000070                                   : autoinit.obj (.text)
                  000045a8    0000006e                                   : fd_tos_t2.obj (.text)
                  00004616    00000002                                   : startup.obj (.text)
                  00004618    00000068     driverlib.lib : interrupt.obj (.text:IntEnable)
                  00004680    00000068     rtsv7M4_T_le_v4SPD16_eabi.lib : copy_decompress_lzss.obj (.text:decompress:lzss)
                  000046e8    00000060     driverlib.lib : timer.obj (.text:TimerConfigure)
                  00004748    00000058                   : adc.obj (.text:ADCSequenceConfigure)
                  000047a0    00000056                   : gpio.obj (.text:GPIOIntTypeSet)
                  000047f6    00000002     --HOLE-- [fill = 0]
                  000047f8    00000054     rtsv7M4_T_le_v4SPD16_eabi.lib : boot.obj (.text)
                  0000484c    00000054                                   : exit.obj (.text)
                  000048a0    00000050     driverlib.lib : adc.obj (.text:_ADCIntNumberGet)
                  000048f0    0000004c                   : i2c.obj (.text:I2CMasterInitExpClk)
                  0000493c    0000004c                   : timer.obj (.text:_TimerIntNumberGet)
                  00004988    0000004c     rtsv7M4_T_le_v4SPD16_eabi.lib : cpy_tbl.obj (.text)
                  000049d4    00000048     driverlib.lib : gpio.obj (.text:GPIOPinConfigure)
                  00004a1c    00000048                   : sysctl.obj (.text:_SysCtlFrequencyGet)
                  00004a64    00000046                   : uart.obj (.text:UARTConfigSetExpClk)
                  00004aaa    00000002     --HOLE-- [fill = 0]
                  00004aac    00000040                   : gpio.obj (.text:_GPIOIntNumberGet)
                  00004aec    00000040                   : uart.obj (.text:_UARTIntNumberGet)
                  00004b2c    00000040     rtsv7M4_T_le_v4SPD16_eabi.lib : u_divt2.obj (.text)
                  00004b6c    00000038     driverlib.lib : sysctl.obj (.text:SysCtlPeripheralPresent)
                  00004ba4    00000034                   : interrupt.obj (.text:IntRegister)
                  00004bd8    00000034                   : sysctl.obj (.text:SysCtlPeripheralEnable)
                  00004c0c    0000002e                   : adc.obj (.text:ADCIntStatus)
                  00004c3a    0000002a                   : gpio.obj (.text:GPIODirModeSet)
                  00004c64    00000022                   : pwm.obj (.text:PWMGenConfigure)
                  00004c86    00000002     --HOLE-- [fill = 0]
                  00004c88    00000020                   : uart.obj (.text:UARTDisable)
                  00004ca8    00000020                   : sysctl.obj (.text:_SysCtlMemTimingGet)
                  00004cc8    0000001e                   : adc.obj (.text:ADCSequenceDataGet)
                  00004ce6    0000001e                   : pwm.obj (.text:PWMPulseWidthSet)
                  00004d04    0000001c                   : systick.obj (.text:SysTickIntRegister)
                  00004d20    00000018                   : adc.obj (.text:ADCClockConfigSet)
                  00004d38    00000018                   : adc.obj (.text:ADCIntRegister)
                  00004d50    00000018                   : adc.obj (.text:ADCProcessorTrigger)
                  00004d68    00000018                   : gpio.obj (.text:GPIOIntRegister)
                  00004d80    00000018                   : gpio.obj (.text:GPIOPinTypeGPIOOutput)
                  00004d98    00000018                   : timer.obj (.text:TimerDisable)
                  00004db0    00000018                   : timer.obj (.text:TimerIntRegister)
                  00004dc8    00000018                   : uart.obj (.text:UARTIntRegister)
                  00004de0    00000018     rtsv7M4_T_le_v4SPD16_eabi.lib : args_main.obj (.text)
                  00004df8    00000018                                   : ll_mul_t2.obj (.text)
                  00004e10    00000016     driverlib.lib : i2c.obj (.text:I2CMasterErr)
                  00004e26    00000016                   : timer.obj (.text:TimerControlEvent)
                  00004e3c    00000014                   : systick.obj (.text:SysTickEnable)
                  00004e50    00000014                   : systick.obj (.text:SysTickIntEnable)
                  00004e64    00000014                   : uart.obj (.text:UARTEnable)
                  00004e78    00000014     rtsv7M4_T_le_v4SPD16_eabi.lib : _lock.obj (.text)
                  00004e8c    00000012     driverlib.lib : gpio.obj (.text:GPIOPinTypeADC)
                  00004e9e    00000012                   : gpio.obj (.text:GPIOPinTypeGPIOInput)
                  00004eb0    00000012                   : gpio.obj (.text:GPIOPinTypeI2C)
                  00004ec2    00000012                   : gpio.obj (.text:GPIOPinTypeI2CSCL)
                  00004ed4    00000012                   : gpio.obj (.text:GPIOPinTypePWM)
                  00004ee6    00000012                   : gpio.obj (.text:GPIOPinTypeTimer)
                  00004ef8    00000012                   : gpio.obj (.text:GPIOPinTypeUART)
                  00004f0a    00000012                   : pwm.obj (.text:PWMOutputState)
                  00004f1c    00000012                   : timer.obj (.text:TimerLoadSet)
                  00004f2e    00000012                   : timer.obj (.text:TimerPrescaleSet)
                  00004f40    00000012     rtsv7M4_T_le_v4SPD16_eabi.lib : atof.obj (.text)
                  00004f52    00000010     driverlib.lib : adc.obj (.text:ADCIntEnable)
                  00004f62    00000002     --HOLE-- [fill = 0]
                  00004f64    00000010                   : fpu.obj (.text:FPUEnable)
                  00004f74    00000010                   : fpu.obj (.text:FPULazyStackingEnable)
                  00004f84    00000010                   : interrupt.obj (.text:IntMasterDisable)
                  00004f94    00000010                   : interrupt.obj (.text:IntMasterEnable)
                  00004fa4    00000010                   : pwm.obj (.text:PWMGenPeriodSet)
                  00004fb4    00000010                   : systick.obj (.text:SysTickPeriodSet)
                  00004fc4    0000000e                   : adc.obj (.text:ADCSequenceDisable)
                  00004fd2    0000000e                   : adc.obj (.text:ADCSequenceEnable)
                  00004fe0    0000000e                   : gpio.obj (.text:GPIOIntStatus)
                  00004fee    0000000e                   : timer.obj (.text:TimerEnable)
                  00004ffc    0000000e                   : uart.obj (.text:UARTCharGetNonBlocking)
                  0000500a    0000000e                   : uart.obj (.text:UARTCharsAvail)
                  00005018    0000000e     rtsv7M4_T_le_v4SPD16_eabi.lib : copy_decompress_none.obj (.text:decompress:none)
                  00005026    0000000c     driverlib.lib : adc.obj (.text:ADCReferenceSet)
                  00005032    0000000c                   : cpu.obj (.text:CPUcpsid)
                  0000503e    0000000c                   : cpu.obj (.text:CPUcpsie)
                  0000504a    0000000c                   : gpio.obj (.text:GPIOIntEnable)
                  00005056    0000000c                   : pwm.obj (.text:PWMGenEnable)
                  00005062    0000000c     rtsv7M4_T_le_v4SPD16_eabi.lib : copy_zero_init.obj (.text:decompress:ZI)
                  0000506e    0000000c     tm4c1294ncpdt_startup_ccs.obj (.text)
                  0000507a    0000000a     driverlib.lib : adc.obj (.text:ADCIntClear)
                  00005084    0000000a                   : i2c.obj (.text:I2CMasterDisable)
                  0000508e    0000000a                   : i2c.obj (.text:I2CMasterEnable)
                  00005098    0000000a                   : timer.obj (.text:TimerIntStatus)
                  000050a2    0000000a                   : timer.obj (.text:TimerValueGet)
                  000050ac    0000000a                   : uart.obj (.text:UARTCharGet)
                  000050b6    0000000a                   : uart.obj (.text:UARTCharPut)
                  000050c0    0000000a                   : uart.obj (.text:UARTIntStatus)
                  000050ca    00000008                   : adc.obj (.text:ADCBusy)
                  000050d2    00000008                   : i2c.obj (.text:I2CMasterBusBusy)
                  000050da    00000008                   : i2c.obj (.text:I2CMasterBusy)
                  000050e2    00000008                   : i2c.obj (.text:I2CMasterSlaveAddrSet)
                  000050ea    00000008                   : timer.obj (.text:TimerIntEnable)
                  000050f2    00000008                   : uart.obj (.text:UARTIntEnable)
                  000050fa    00000006                   : gpio.obj (.text:GPIOIntClear)
                  00005100    00000006                   : gpio.obj (.text:GPIOPinRead)
                  00005106    00000006                   : gpio.obj (.text:GPIOPinWrite)
                  0000510c    00000006                   : sysctl.obj (.text:SysCtlDelay)
                  00005112    00000006                   : uart.obj (.text:UARTClockSourceSet)
                  00005118    00000004                   : i2c.obj (.text:I2CMasterControl)
                  0000511c    00000004                   : i2c.obj (.text:I2CMasterDataGet)
                  00005120    00000004                   : i2c.obj (.text:I2CMasterDataPut)
                  00005124    00000004                   : timer.obj (.text:TimerIntClear)
                  00005128    00000004                   : uart.obj (.text:UARTIntClear)
                  0000512c    00000004     rtsv7M4_T_le_v4SPD16_eabi.lib : pre_init.obj (.text)

.const     0    00005130    00000a18     
                  00005130    00000258     main.obj (.const:$P$T0$1)
                  00005388    000001b0     driverlib.lib : sysctl.obj (.const:g_pppui32XTALtoVCO)
                  00005538    00000101     rtsv7M4_T_le_v4SPD16_eabi.lib : ctype.obj (.const:.string:_ctypes_)
                  00005639    00000003     --HOLE-- [fill = 0]
                  0000563c    000000c0     driverlib.lib : gpio.obj (.const:g_ppui32GPIOIntMapBlizzard)
                  000056fc    000000c0                   : gpio.obj (.const:g_ppui32GPIOIntMapSnowflake)
                  000057bc    00000004     uartstdio.obj (.const)
                  000057c0    00000098     rtsv7M4_T_le_v4SPD16_eabi.lib : strtod.obj (.const:$O1$$)
                  00005858    00000090     driverlib.lib : gpio.obj (.const:g_pui32GPIOBaseAddrs)
                  000058e8    00000070                   : interrupt.obj (.const)
                  00005958    0000006c                   : sysctl.obj (.const:g_pui32Xtals)
                  000059c4    00000060                   : timer.obj (.const:g_ppui32TimerIntMap)
                  00005a24    00000040                   : timer.obj (.const:g_ppui32TimerIntMapSnowflake)
                  00005a64    00000040                   : uart.obj (.const:g_ppui32UARTIntMap)
                  00005aa4    00000040                   : uart.obj (.const:g_ppui32UARTIntMapSnowflake)
                  00005ae4    00000030                   : sysctl.obj (.const:g_sXTALtoMEMTIM)
                  00005b14    00000012     uartstdio.obj (.const:.string)
                  00005b26    00000002     --HOLE-- [fill = 0]
                  00005b28    0000000c     uartstdio.obj (.const:g_ui32UARTBase)
                  00005b34    0000000c     uartstdio.obj (.const:g_ui32UARTPeriph)
                  00005b40    00000008     driverlib.lib : sysctl.obj (.const)

.cinit     0    00005b48    00000070     
                  00005b48    00000039     (.cinit..data.load) [load image, compression = lzss]
                  00005b81    00000003     --HOLE-- [fill = 0]
                  00005b84    0000000c     (__TI_handler_table)
                  00005b90    00000008     (.cinit..bss.load) [load image, compression = zero_init]
                  00005b98    00000008     (.cinit..vtable.load) [load image, compression = zero_init]
                  00005ba0    00000018     (__TI_cinit_table)

.init_array 
*          0    00000000    00000000     UNINITIALIZED

.vtable    0    20000000    0000026c     UNINITIALIZED
                  20000000    0000026c     driverlib.lib : interrupt.obj (.vtable)

.stack     0    2000026c    00001000     UNINITIALIZED
                  2000026c    00001000     --HOLE--

.bss       0    2000126c    000000b2     UNINITIALIZED
                  2000126c    00000050     (.common:g_Pack)
                  200012bc    0000001c     (.common:g_sRxPack)
                  200012d8    0000000c     (.common:g_BME280OffsetValues)
                  200012e4    00000008     (.common:g_BME280RawData)
                  200012ec    00000008     (.common:g_gyroDataRaw)
                  200012f4    00000008     (.common:g_magDataRaw)
                  200012fc    00000004     (.common:g_BME280OffsetUnsigned)
                  20001300    00000004     (.common:g_Pressure)
                  20001304    00000004     (.common:g_SysClockSpeed)
                  20001308    00000004     (.common:g_Temp)
                  2000130c    00000004     (.common:g_TimerFallValue)
                  20001310    00000004     (.common:g_TimerRiseValue)
                  20001314    00000004     (.common:g_t_fine)
                  20001318    00000004     (.common:sStatus)
                  2000131c    00000001     main.obj (.bss)
                  2000131d    00000001     (.common:g_CharConsole)

.data      0    20001320    00000070     UNINITIALIZED
                  20001320    00000032     main.obj (.data)
                  20001352    00000002     --HOLE--
                  20001354    0000000c     rtsv7M4_T_le_v4SPD16_eabi.lib : exit.obj (.data:$O1$$)
                  20001360    0000000c     main.obj (.data:g_Bias)
                  2000136c    00000008     rtsv7M4_T_le_v4SPD16_eabi.lib : _lock.obj (.data:$O1$$)
                  20001374    00000007     main.obj (.data:g_offsetData)
                  2000137b    00000001     --HOLE--
                  2000137c    00000005     uartstdio.obj (.data)
                  20001381    00000003     buttons.obj (.data)
                  20001384    00000004     rtsv7M4_T_le_v4SPD16_eabi.lib : errno.obj (.data)
                  20001388    00000004                                   : stkdepth_vars.obj (.data)
                  2000138c    00000004     main.obj (.data:ui8Magic$3)

MODULE SUMMARY

       Module                          code    ro data   rw data
       ------                          ----    -------   -------
    .\
       main.obj                        7084    600       251    
       initializations.obj             2380    0         0      
       bmi160.obj                      1396    0         0      
       uartstdio.obj                   1180    46        5      
       bme280.obj                      934     0         0      
       i2c_driver.obj                  550     0         0      
       tm4c1294ncpdt_startup_ccs.obj   12      520       0      
       buttons.obj                     224     0         3      
    +--+-------------------------------+-------+---------+---------+
       Total:                          13760   1166      259    
                                                                
    C:\ti\ccsv7\tools\compiler\ti-cgt-arm_16.9.0.LTS\lib\rtsv7M4_T_le_v4SPD16_eabi.lib
       strtod.obj                      572     152       0      
       ll_div_t2.obj                   542     0         0      
       fd_add_t2.obj                   438     0         0      
       fd_div_t2.obj                   310     0         0      
       ctype.obj                       0       257       0      
       fd_mul_t2.obj                   252     0         0      
       memcpy_t2.obj                   156     0         0      
       fd_cmp_t2.obj                   134     0         0      
       memset_t2.obj                   122     0         0      
       autoinit.obj                    112     0         0      
       fd_tos_t2.obj                   110     0         0      
       copy_decompress_lzss.obj        104     0         0      
       exit.obj                        84      0         12     
       boot.obj                        84      0         0      
       cpy_tbl.obj                     76      0         0      
       u_divt2.obj                     64      0         0      
       _lock.obj                       20      0         8      
       args_main.obj                   24      0         0      
       ll_mul_t2.obj                   24      0         0      
       atof.obj                        18      0         0      
       copy_decompress_none.obj        14      0         0      
       copy_zero_init.obj              12      0         0      
       errno.obj                       0       0         4      
       pre_init.obj                    4       0         0      
       stkdepth_vars.obj               0       0         4      
       i_div0.obj                      2       0         0      
       l_div0.obj                      2       0         0      
       mpu_init.obj                    2       0         0      
       startup.obj                     2       0         0      
    +--+-------------------------------+-------+---------+---------+
       Total:                          3284    409       28     
                                                                
    E:/TM4C1294XL/driverlib/ccs/Debug/driverlib.lib
       gpio.obj                        788     528       0      
       sysctl.obj                      710     596       0      
       interrupt.obj                   188     112       620    
       adc.obj                         512     0         0      
       timer.obj                       324     160       0      
       uart.obj                        286     128       0      
       i2c.obj                         154     0         0      
       pwm.obj                         110     0         0      
       systick.obj                     84      0         0      
       fpu.obj                         32      0         0      
       cpu.obj                         24      0         0      
    +--+-------------------------------+-------+---------+---------+
       Total:                          3212    1524      620    
                                                                
       Stack:                          0       0         4096   
       Linker Generated:               0       109       0      
    +--+-------------------------------+-------+---------+---------+
       Grand Total:                    20256   3208      5003   


LINKER GENERATED COPY TABLES

__TI_cinit_table @ 00005ba0 records: 3, size/record: 8, table size: 24
	.data: load addr=00005b48, load size=00000039 bytes, run addr=20001320, run size=00000070 bytes, compression=lzss
	.bss: load addr=00005b90, load size=00000008 bytes, run addr=2000126c, run size=000000b2 bytes, compression=zero_init
	.vtable: load addr=00005b98, load size=00000008 bytes, run addr=20000000, run size=0000026c bytes, compression=zero_init


LINKER GENERATED HANDLER TABLE

__TI_handler_table @ 00005b84 records: 3, size/record: 4, table size: 12
	index: 0, handler: __TI_zero_init
	index: 1, handler: __TI_decompress_lzss
	index: 2, handler: __TI_decompress_none


GLOBAL SYMBOLS: SORTED ALPHABETICALLY BY Name 

address   name                           
-------   ----                           
000050cb  ADCBusy                        
00004d21  ADCClockConfigSet              
0000507b  ADCIntClear                    
00004f53  ADCIntEnable                   
00004d39  ADCIntRegister                 
00004c0d  ADCIntStatus                   
00004d51  ADCProcessorTrigger            
00005027  ADCReferenceSet                
00004749  ADCSequenceConfigure           
00004cc9  ADCSequenceDataGet             
00004fc5  ADCSequenceDisable             
00004fd3  ADCSequenceEnable              
00004443  ADCSequenceStepConfigure       
00001669  ActivateSolenoids              
00000bb7  BME280IntHandler               
00003271  BME280_compensate_P_int64      
000031ff  BME280_compensate_T_int32      
00000b87  BMI160IntHandler               
000042e1  ButtonsInit                    
00004241  ButtonsPoll                    
0000484d  C$$EXIT                        
00005033  CPUcpsid                       
0000503f  CPUcpsie                       
00000655  ConsoleIntHandler              
0000169d  DeactivateSolenoids            
00004f65  FPUEnable                      
00004f75  FPULazyStackingEnable          
00004c3b  GPIODirModeSet                 
000050fb  GPIOIntClear                   
0000504b  GPIOIntEnable                  
00004d69  GPIOIntRegister                
00004fe1  GPIOIntStatus                  
000047a1  GPIOIntTypeSet                 
00004011  GPIOPadConfigSet               
000049d5  GPIOPinConfigure               
00005101  GPIOPinRead                    
00004e8d  GPIOPinTypeADC                 
00004e9f  GPIOPinTypeGPIOInput           
00004d81  GPIOPinTypeGPIOOutput          
00004eb1  GPIOPinTypeI2C                 
00004ec3  GPIOPinTypeI2CSCL              
00004ed5  GPIOPinTypePWM                 
00004ee7  GPIOPinTypeTimer               
00004ef9  GPIOPinTypeUART                
00005107  GPIOPinWrite                   
0000093d  GPSIntHandler                  
000031e7  GetBME280RawData               
00000959  GndMtr1IntHandler              
00000961  GndMtr2IntHandler              
000036f5  I2CBurstWrite                  
000050d3  I2CMasterBusBusy               
000050db  I2CMasterBusy                  
00005119  I2CMasterControl               
0000511d  I2CMasterDataGet               
00005121  I2CMasterDataPut               
00005085  I2CMasterDisable               
0000508f  I2CMasterEnable                
00004e11  I2CMasterErr                   
000048f1  I2CMasterInitExpClk            
000050e3  I2CMasterSlaveAddrSet          
000037b3  I2CRead                        
00003783  I2CSingleWrite                 
0000389b  I2CWait                        
00002571  InitAirMtrs                    
000024ed  InitAltimeter                  
00003111  InitBME280                     
00002701  InitBMI160                     
00002a81  InitBMM150                     
00001de7  InitConsole                    
00001e8f  InitGPS                        
00001edf  InitGndMotors                  
000023db  InitIMU                        
00001db5  InitLED                        
00001e39  InitRadio                      
00001f69  InitSolarPanels                
0000237d  InitSolenoidEnablePins         
00002129  InitUltraSonicSensor           
00004619  IntEnable                      
00004f85  IntMasterDisable               
00004f95  IntMasterEnable                
00004ba5  IntRegister                    
00000d89  Menu                           
00004c65  PWMGenConfigure                
00005057  PWMGenEnable                   
00004fa5  PWMGenPeriodSet                
00004f0b  PWMOutputState                 
00004ce7  PWMPulseWidthSet               
000015bb  ProcessADC                     
0000117d  ProcessGPS                     
000018a1  ProcessIMUData                 
00001a71  ProcessMagData                 
0000154d  ProcessRadio                   
00001601  ProcessUltraSonic              
00000799  RadioIntHandler                
0000506f  ResetISR                       
UNDEFED   SHT$$INIT_ARRAY$$Base          
UNDEFED   SHT$$INIT_ARRAY$$Limit         
00000963  SPIntHandler                   
000016cd  SendPacket                     
00000b65  SolenoidInterrupt              
00003b39  SysCtlClockFreqSet             
0000510d  SysCtlDelay                    
00004bd9  SysCtlPeripheralEnable         
00004b6d  SysCtlPeripheralPresent        
00004e3d  SysTickEnable                  
00004e51  SysTickIntEnable               
0000061d  SysTickIntHandler              
00004d05  SysTickIntRegister             
00004fb5  SysTickPeriodSet               
00000ac5  Timer1AInterrupt               
00000b19  Timer1BInterrupt               
00000989  Timer2AInterrupt               
000009d1  Timer2BInterrupt               
00000a1d  Timer3AInterrupt               
00000a6d  Timer3BInterrupt               
000046e9  TimerConfigure                 
00004e27  TimerControlEvent              
00004d99  TimerDisable                   
00004fef  TimerEnable                    
00005125  TimerIntClear                  
000050eb  TimerIntEnable                 
00004db1  TimerIntRegister               
00005099  TimerIntStatus                 
00004f1d  TimerLoadSet                   
00004f2f  TimerPrescaleSet               
000050a3  TimerValueGet                  
00000c55  TurnOffLED                     
00000bd9  TurnOnLED                      
000050ad  UARTCharGet                    
00004ffd  UARTCharGetNonBlocking         
000050b7  UARTCharPut                    
0000500b  UARTCharsAvail                 
00005113  UARTClockSourceSet             
00004a65  UARTConfigSetExpClk            
00004c89  UARTDisable                    
00004e65  UARTEnable                     
00005129  UARTIntClear                   
000050f3  UARTIntEnable                  
00004dc9  UARTIntRegister                
000050c1  UARTIntStatus                  
00002c75  UARTStdioConfig                
00002dbb  UARTgetc                       
00002d01  UARTgets                       
000030db  UARTprintf                     
00002de1  UARTvprintf                    
00002cbb  UARTwrite                      
00001b69  UpdateTrajectory               
00000cc5  WaitForButtonPress             
2000126c  __STACK_END                    
00001000  __STACK_SIZE                   
2000046c  __STACK_TOP                    
00005ba0  __TI_CINIT_Base                
00005bb8  __TI_CINIT_Limit               
00005b84  __TI_Handler_Table_Base        
00005b90  __TI_Handler_Table_Limit       
00004539  __TI_auto_init                 
20001354  __TI_cleanup_ptr               
00004681  __TI_decompress_lzss           
00005019  __TI_decompress_none           
20001358  __TI_dtors_ptr                 
2000135c  __TI_enable_exit_profile_output
ffffffff  __TI_pprof_out_hndl            
ffffffff  __TI_prof_data_size            
ffffffff  __TI_prof_data_start           
00000000  __TI_static_base__             
00005063  __TI_zero_init                 
000043bd  __aeabi_cdcmpeq                
000043bd  __aeabi_cdcmple                
000045a9  __aeabi_d2f                    
00003d2f  __aeabi_dadd                   
00003edb  __aeabi_ddiv                   
00004143  __aeabi_dmul                   
00003d25  __aeabi_dsub                   
000034b7  __aeabi_idiv0                  
0000423f  __aeabi_ldiv0                  
0000391b  __aeabi_ldivmod                
00004df9  __aeabi_lmul                   
000044bd  __aeabi_memclr                 
000044bd  __aeabi_memclr4                
000044bd  __aeabi_memclr8                
00004321  __aeabi_memcpy                 
00004321  __aeabi_memcpy4                
00004321  __aeabi_memcpy8                
000044bf  __aeabi_memset                 
000044bf  __aeabi_memset4                
000044bf  __aeabi_memset8                
00004b2d  __aeabi_uidiv                  
00004b2d  __aeabi_uidivmod               
ffffffff  __binit__                      
ffffffff  __c_args__                     
00004537  __mpu_init                     
2000026c  __stack                        
00004de1  _args_main                     
000047f9  _c_int00                       
00005538  _ctypes_                       
2000136c  _lock                          
00004e87  _nop                           
00004e7f  _register_lock                 
00004e79  _register_unlock               
00004617  _system_post_cinit             
0000512d  _system_pre_init               
20001370  _unlock                        
00004851  abort                          
00004f41  atof                           
ffffffff  binit                          
00004989  copy_in                        
20001384  errno                          
00004859  exit                           
20001324  g_ADCFlag                      
20001338  g_Accel2GFactor                
200012fc  g_BME280OffsetUnsigned         
200012d8  g_BME280OffsetValues           
200012e4  g_BME280RawData                
2000133c  g_BME280Ready                  
20001360  g_Bias                         
2000131d  g_CharConsole                  
20001322  g_ConsoleFlag                  
20001328  g_GPSConnected                 
20001326  g_GPSFlag                      
20001327  g_GPSLEDOn                     
2000132d  g_IMUDataFlag                  
20001334  g_LED1On                       
20001320  g_LED4On                       
20001348  g_MagDataFlag                  
2000126c  g_Pack                         
20001300  g_Pressure                     
2000133d  g_PrintRawBMIData              
20001329  g_PrintRawGPS                  
20001323  g_Quit                         
20001325  g_RadioFlag                    
20001321  g_SendPacket                   
20001304  g_SysClockSpeed                
20001308  g_Temp                         
2000130c  g_TimerFallValue               
2000132a  g_TimerFirstPass               
20001310  g_TimerRiseValue               
2000132b  g_UltraSonicFlag               
2000132c  g_UltraSonicSensor             
20001330  g_accelLSBg                    
200012ec  g_gyroDataRaw                  
20001335  g_loopCount                    
200012f4  g_magDataRaw                   
2000134c  g_mtr1Throttle                 
20001374  g_offsetData                   
20001344  g_p_t_fine                     
20000000  g_pfnRAMVectors                
00000000  g_pfnVectors                   
20001340  g_ptrBME280RawData             
200012bc  g_sRxPack                      
20001314  g_t_fine                       
00000209  main                           
20001388  main_func_sp                   
00004321  memcpy                         
000044c5  memset                         
20001318  sStatus                        
000034b9  strtod                         
000034b9  strtold                        


GLOBAL SYMBOLS: SORTED BY Symbol Address 

address   name                           
-------   ----                           
00000000  __TI_static_base__             
00000000  g_pfnVectors                   
00000209  main                           
0000061d  SysTickIntHandler              
00000655  ConsoleIntHandler              
00000799  RadioIntHandler                
0000093d  GPSIntHandler                  
00000959  GndMtr1IntHandler              
00000961  GndMtr2IntHandler              
00000963  SPIntHandler                   
00000989  Timer2AInterrupt               
000009d1  Timer2BInterrupt               
00000a1d  Timer3AInterrupt               
00000a6d  Timer3BInterrupt               
00000ac5  Timer1AInterrupt               
00000b19  Timer1BInterrupt               
00000b65  SolenoidInterrupt              
00000b87  BMI160IntHandler               
00000bb7  BME280IntHandler               
00000bd9  TurnOnLED                      
00000c55  TurnOffLED                     
00000cc5  WaitForButtonPress             
00000d89  Menu                           
00001000  __STACK_SIZE                   
0000117d  ProcessGPS                     
0000154d  ProcessRadio                   
000015bb  ProcessADC                     
00001601  ProcessUltraSonic              
00001669  ActivateSolenoids              
0000169d  DeactivateSolenoids            
000016cd  SendPacket                     
000018a1  ProcessIMUData                 
00001a71  ProcessMagData                 
00001b69  UpdateTrajectory               
00001db5  InitLED                        
00001de7  InitConsole                    
00001e39  InitRadio                      
00001e8f  InitGPS                        
00001edf  InitGndMotors                  
00001f69  InitSolarPanels                
00002129  InitUltraSonicSensor           
0000237d  InitSolenoidEnablePins         
000023db  InitIMU                        
000024ed  InitAltimeter                  
00002571  InitAirMtrs                    
00002701  InitBMI160                     
00002a81  InitBMM150                     
00002c75  UARTStdioConfig                
00002cbb  UARTwrite                      
00002d01  UARTgets                       
00002dbb  UARTgetc                       
00002de1  UARTvprintf                    
000030db  UARTprintf                     
00003111  InitBME280                     
000031e7  GetBME280RawData               
000031ff  BME280_compensate_T_int32      
00003271  BME280_compensate_P_int64      
000034b7  __aeabi_idiv0                  
000034b9  strtod                         
000034b9  strtold                        
000036f5  I2CBurstWrite                  
00003783  I2CSingleWrite                 
000037b3  I2CRead                        
0000389b  I2CWait                        
0000391b  __aeabi_ldivmod                
00003b39  SysCtlClockFreqSet             
00003d25  __aeabi_dsub                   
00003d2f  __aeabi_dadd                   
00003edb  __aeabi_ddiv                   
00004011  GPIOPadConfigSet               
00004143  __aeabi_dmul                   
0000423f  __aeabi_ldiv0                  
00004241  ButtonsPoll                    
000042e1  ButtonsInit                    
00004321  __aeabi_memcpy                 
00004321  __aeabi_memcpy4                
00004321  __aeabi_memcpy8                
00004321  memcpy                         
000043bd  __aeabi_cdcmpeq                
000043bd  __aeabi_cdcmple                
00004443  ADCSequenceStepConfigure       
000044bd  __aeabi_memclr                 
000044bd  __aeabi_memclr4                
000044bd  __aeabi_memclr8                
000044bf  __aeabi_memset                 
000044bf  __aeabi_memset4                
000044bf  __aeabi_memset8                
000044c5  memset                         
00004537  __mpu_init                     
00004539  __TI_auto_init                 
000045a9  __aeabi_d2f                    
00004617  _system_post_cinit             
00004619  IntEnable                      
00004681  __TI_decompress_lzss           
000046e9  TimerConfigure                 
00004749  ADCSequenceConfigure           
000047a1  GPIOIntTypeSet                 
000047f9  _c_int00                       
0000484d  C$$EXIT                        
00004851  abort                          
00004859  exit                           
000048f1  I2CMasterInitExpClk            
00004989  copy_in                        
000049d5  GPIOPinConfigure               
00004a65  UARTConfigSetExpClk            
00004b2d  __aeabi_uidiv                  
00004b2d  __aeabi_uidivmod               
00004b6d  SysCtlPeripheralPresent        
00004ba5  IntRegister                    
00004bd9  SysCtlPeripheralEnable         
00004c0d  ADCIntStatus                   
00004c3b  GPIODirModeSet                 
00004c65  PWMGenConfigure                
00004c89  UARTDisable                    
00004cc9  ADCSequenceDataGet             
00004ce7  PWMPulseWidthSet               
00004d05  SysTickIntRegister             
00004d21  ADCClockConfigSet              
00004d39  ADCIntRegister                 
00004d51  ADCProcessorTrigger            
00004d69  GPIOIntRegister                
00004d81  GPIOPinTypeGPIOOutput          
00004d99  TimerDisable                   
00004db1  TimerIntRegister               
00004dc9  UARTIntRegister                
00004de1  _args_main                     
00004df9  __aeabi_lmul                   
00004e11  I2CMasterErr                   
00004e27  TimerControlEvent              
00004e3d  SysTickEnable                  
00004e51  SysTickIntEnable               
00004e65  UARTEnable                     
00004e79  _register_unlock               
00004e7f  _register_lock                 
00004e87  _nop                           
00004e8d  GPIOPinTypeADC                 
00004e9f  GPIOPinTypeGPIOInput           
00004eb1  GPIOPinTypeI2C                 
00004ec3  GPIOPinTypeI2CSCL              
00004ed5  GPIOPinTypePWM                 
00004ee7  GPIOPinTypeTimer               
00004ef9  GPIOPinTypeUART                
00004f0b  PWMOutputState                 
00004f1d  TimerLoadSet                   
00004f2f  TimerPrescaleSet               
00004f41  atof                           
00004f53  ADCIntEnable                   
00004f65  FPUEnable                      
00004f75  FPULazyStackingEnable          
00004f85  IntMasterDisable               
00004f95  IntMasterEnable                
00004fa5  PWMGenPeriodSet                
00004fb5  SysTickPeriodSet               
00004fc5  ADCSequenceDisable             
00004fd3  ADCSequenceEnable              
00004fe1  GPIOIntStatus                  
00004fef  TimerEnable                    
00004ffd  UARTCharGetNonBlocking         
0000500b  UARTCharsAvail                 
00005019  __TI_decompress_none           
00005027  ADCReferenceSet                
00005033  CPUcpsid                       
0000503f  CPUcpsie                       
0000504b  GPIOIntEnable                  
00005057  PWMGenEnable                   
00005063  __TI_zero_init                 
0000506f  ResetISR                       
0000507b  ADCIntClear                    
00005085  I2CMasterDisable               
0000508f  I2CMasterEnable                
00005099  TimerIntStatus                 
000050a3  TimerValueGet                  
000050ad  UARTCharGet                    
000050b7  UARTCharPut                    
000050c1  UARTIntStatus                  
000050cb  ADCBusy                        
000050d3  I2CMasterBusBusy               
000050db  I2CMasterBusy                  
000050e3  I2CMasterSlaveAddrSet          
000050eb  TimerIntEnable                 
000050f3  UARTIntEnable                  
000050fb  GPIOIntClear                   
00005101  GPIOPinRead                    
00005107  GPIOPinWrite                   
0000510d  SysCtlDelay                    
00005113  UARTClockSourceSet             
00005119  I2CMasterControl               
0000511d  I2CMasterDataGet               
00005121  I2CMasterDataPut               
00005125  TimerIntClear                  
00005129  UARTIntClear                   
0000512d  _system_pre_init               
00005538  _ctypes_                       
00005b84  __TI_Handler_Table_Base        
00005b90  __TI_Handler_Table_Limit       
00005ba0  __TI_CINIT_Base                
00005bb8  __TI_CINIT_Limit               
20000000  g_pfnRAMVectors                
2000026c  __stack                        
2000046c  __STACK_TOP                    
2000126c  __STACK_END                    
2000126c  g_Pack                         
200012bc  g_sRxPack                      
200012d8  g_BME280OffsetValues           
200012e4  g_BME280RawData                
200012ec  g_gyroDataRaw                  
200012f4  g_magDataRaw                   
200012fc  g_BME280OffsetUnsigned         
20001300  g_Pressure                     
20001304  g_SysClockSpeed                
20001308  g_Temp                         
2000130c  g_TimerFallValue               
20001310  g_TimerRiseValue               
20001314  g_t_fine                       
20001318  sStatus                        
2000131d  g_CharConsole                  
20001320  g_LED4On                       
20001321  g_SendPacket                   
20001322  g_ConsoleFlag                  
20001323  g_Quit                         
20001324  g_ADCFlag                      
20001325  g_RadioFlag                    
20001326  g_GPSFlag                      
20001327  g_GPSLEDOn                     
20001328  g_GPSConnected                 
20001329  g_PrintRawGPS                  
2000132a  g_TimerFirstPass               
2000132b  g_UltraSonicFlag               
2000132c  g_UltraSonicSensor             
2000132d  g_IMUDataFlag                  
20001330  g_accelLSBg                    
20001334  g_LED1On                       
20001335  g_loopCount                    
20001338  g_Accel2GFactor                
2000133c  g_BME280Ready                  
2000133d  g_PrintRawBMIData              
20001340  g_ptrBME280RawData             
20001344  g_p_t_fine                     
20001348  g_MagDataFlag                  
2000134c  g_mtr1Throttle                 
20001354  __TI_cleanup_ptr               
20001358  __TI_dtors_ptr                 
2000135c  __TI_enable_exit_profile_output
20001360  g_Bias                         
2000136c  _lock                          
20001370  _unlock                        
20001374  g_offsetData                   
20001384  errno                          
20001388  main_func_sp                   
ffffffff  __TI_pprof_out_hndl            
ffffffff  __TI_prof_data_size            
ffffffff  __TI_prof_data_start           
ffffffff  __binit__                      
ffffffff  __c_args__                     
ffffffff  binit                          
UNDEFED   SHT$$INIT_ARRAY$$Base          
UNDEFED   SHT$$INIT_ARRAY$$Limit         

[257 symbols]
