******************************************************************************
                  TI ARM Linker PC v16.9.0                     
******************************************************************************
>> Linked Tue Feb 07 21:42:33 2017

OUTPUT FILE NAME:   <APOPHIS v1.0.out>
ENTRY POINT SYMBOL: "_c_int00"  address: 000036ed


MEMORY CONFIGURATION

         name            origin    length      used     unused   attr    fill
----------------------  --------  ---------  --------  --------  ----  --------
  FLASH                 00000000   00100000  000047ba  000fb846  R  X
  SRAM                  20000000   00040000  00000b31  0003f4cf  RW X


SEGMENT ALLOCATION MAP

run origin  load origin   length   init length attrs members
----------  ----------- ---------- ----------- ----- -------
00000000    00000000    000047c0   000047c0    r-x
  00000000    00000000    00000208   00000208    r-- .intvecs
  00000208    00000208    00003d92   00003d92    r-x .text
  00003fa0    00003fa0    000007c0   000007c0    r-- .const
  00004760    00004760    00000060   00000060    r-- .cinit
20000000    20000000    00000b34   00000000    rw-
  20000000    20000000    0000026c   00000000    rw- .vtable
  2000026c    2000026c    00000800   00000000    rw- .stack
  20000a6c    20000a6c    00000075   00000000    rw- .bss
  20000ae4    20000ae4    00000050   00000000    rw- .data


SECTION ALLOCATION MAP

 output                                  attributes/
section   page    origin      length       input sections
--------  ----  ----------  ----------   ----------------
.intvecs   0    00000000    00000208     
                  00000000    00000208     tm4c1294ncpdt_startup_ccs.obj (.intvecs)

.text      0    00000208    00003d92     
                  00000208    00001224     main.obj (.text)
                  0000142c    0000082c     initializations.obj (.text)
                  00001c58    0000049c     uartstdio.obj (.text)
                  000020f4    0000044a     bmi160.obj (.text)
                  0000253e    00000002     rtsv7M4_T_le_v4SPD16_eabi.lib : i_div0.obj (.text)
                  00002540    0000023c                                   : strtod.obj (.text)
                  0000277c    00000226     i2c_driver.obj (.text)
                  000029a2    00000002     rtsv7M4_T_le_v4SPD16_eabi.lib : mpu_init.obj (.text)
                  000029a4    000001ec     driverlib.lib : sysctl.obj (.text:SysCtlClockFreqSet)
                  00002b90    000001b6     rtsv7M4_T_le_v4SPD16_eabi.lib : fd_add_t2.obj (.text)
                  00002d46    00000136                                   : fd_div_t2.obj (.text)
                  00002e7c    00000132     driverlib.lib : gpio.obj (.text:GPIOPadConfigSet)
                  00002fae    000000fc     rtsv7M4_T_le_v4SPD16_eabi.lib : fd_mul_t2.obj (.text)
                  000030aa    00000002                                   : startup.obj (.text)
                  000030ac    000000e0     buttons.obj (.text)
                  0000318c    0000009c     rtsv7M4_T_le_v4SPD16_eabi.lib : memcpy_t2.obj (.text)
                  00003228    00000088     bme280.obj (.text)
                  000032b0    00000086     rtsv7M4_T_le_v4SPD16_eabi.lib : fd_cmp_t2.obj (.text:__aeabi_cdcmple)
                  00003336    0000007a     driverlib.lib : adc.obj (.text:ADCSequenceStepConfigure)
                  000033b0    0000007a     rtsv7M4_T_le_v4SPD16_eabi.lib : memset_t2.obj (.text)
                  0000342a    00000002     --HOLE-- [fill = 0]
                  0000342c    00000070                                   : autoinit.obj (.text)
                  0000349c    0000006e                                   : fd_tos_t2.obj (.text)
                  0000350a    00000002     --HOLE-- [fill = 0]
                  0000350c    00000068     driverlib.lib : interrupt.obj (.text:IntEnable)
                  00003574    00000068     rtsv7M4_T_le_v4SPD16_eabi.lib : copy_decompress_lzss.obj (.text:decompress:lzss)
                  000035dc    00000060     driverlib.lib : timer.obj (.text:TimerConfigure)
                  0000363c    00000058                   : adc.obj (.text:ADCSequenceConfigure)
                  00003694    00000056                   : gpio.obj (.text:GPIOIntTypeSet)
                  000036ea    00000002     --HOLE-- [fill = 0]
                  000036ec    00000054     rtsv7M4_T_le_v4SPD16_eabi.lib : boot.obj (.text)
                  00003740    00000054                                   : exit.obj (.text)
                  00003794    00000050     driverlib.lib : adc.obj (.text:_ADCIntNumberGet)
                  000037e4    0000004c                   : i2c.obj (.text:I2CMasterInitExpClk)
                  00003830    0000004c                   : timer.obj (.text:_TimerIntNumberGet)
                  0000387c    0000004c     rtsv7M4_T_le_v4SPD16_eabi.lib : cpy_tbl.obj (.text)
                  000038c8    00000048     driverlib.lib : gpio.obj (.text:GPIOPinConfigure)
                  00003910    00000048                   : sysctl.obj (.text:_SysCtlFrequencyGet)
                  00003958    00000046                   : uart.obj (.text:UARTConfigSetExpClk)
                  0000399e    00000002     --HOLE-- [fill = 0]
                  000039a0    00000040                   : gpio.obj (.text:_GPIOIntNumberGet)
                  000039e0    00000040                   : uart.obj (.text:_UARTIntNumberGet)
                  00003a20    00000040     rtsv7M4_T_le_v4SPD16_eabi.lib : u_divt2.obj (.text)
                  00003a60    00000038     driverlib.lib : sysctl.obj (.text:SysCtlPeripheralPresent)
                  00003a98    00000034                   : interrupt.obj (.text:IntRegister)
                  00003acc    00000034                   : sysctl.obj (.text:SysCtlPeripheralEnable)
                  00003b00    0000002e                   : adc.obj (.text:ADCIntStatus)
                  00003b2e    0000002a                   : gpio.obj (.text:GPIODirModeSet)
                  00003b58    00000020                   : uart.obj (.text:UARTDisable)
                  00003b78    00000020                   : sysctl.obj (.text:_SysCtlMemTimingGet)
                  00003b98    0000001e                   : adc.obj (.text:ADCSequenceDataGet)
                  00003bb6    00000002     --HOLE-- [fill = 0]
                  00003bb8    0000001c                   : systick.obj (.text:SysTickIntRegister)
                  00003bd4    00000018                   : adc.obj (.text:ADCClockConfigSet)
                  00003bec    00000018                   : adc.obj (.text:ADCIntRegister)
                  00003c04    00000018                   : adc.obj (.text:ADCProcessorTrigger)
                  00003c1c    00000018                   : gpio.obj (.text:GPIOIntRegister)
                  00003c34    00000018                   : gpio.obj (.text:GPIOPinTypeGPIOOutput)
                  00003c4c    00000018                   : timer.obj (.text:TimerDisable)
                  00003c64    00000018                   : timer.obj (.text:TimerIntRegister)
                  00003c7c    00000018                   : uart.obj (.text:UARTIntRegister)
                  00003c94    00000018     rtsv7M4_T_le_v4SPD16_eabi.lib : args_main.obj (.text)
                  00003cac    00000016     driverlib.lib : i2c.obj (.text:I2CMasterErr)
                  00003cc2    00000016                   : timer.obj (.text:TimerControlEvent)
                  00003cd8    00000014                   : systick.obj (.text:SysTickEnable)
                  00003cec    00000014                   : systick.obj (.text:SysTickIntEnable)
                  00003d00    00000014                   : uart.obj (.text:UARTEnable)
                  00003d14    00000014     rtsv7M4_T_le_v4SPD16_eabi.lib : _lock.obj (.text)
                  00003d28    00000012     driverlib.lib : gpio.obj (.text:GPIOPinTypeADC)
                  00003d3a    00000012                   : gpio.obj (.text:GPIOPinTypeGPIOInput)
                  00003d4c    00000012                   : gpio.obj (.text:GPIOPinTypeI2C)
                  00003d5e    00000012                   : gpio.obj (.text:GPIOPinTypeI2CSCL)
                  00003d70    00000012                   : gpio.obj (.text:GPIOPinTypeTimer)
                  00003d82    00000012                   : gpio.obj (.text:GPIOPinTypeUART)
                  00003d94    00000012                   : timer.obj (.text:TimerLoadSet)
                  00003da6    00000012                   : timer.obj (.text:TimerPrescaleSet)
                  00003db8    00000012     rtsv7M4_T_le_v4SPD16_eabi.lib : atof.obj (.text)
                  00003dca    00000010     driverlib.lib : adc.obj (.text:ADCIntEnable)
                  00003dda    00000002     --HOLE-- [fill = 0]
                  00003ddc    00000010                   : fpu.obj (.text:FPUEnable)
                  00003dec    00000010                   : fpu.obj (.text:FPULazyStackingEnable)
                  00003dfc    00000010                   : interrupt.obj (.text:IntMasterDisable)
                  00003e0c    00000010                   : interrupt.obj (.text:IntMasterEnable)
                  00003e1c    00000010                   : systick.obj (.text:SysTickPeriodSet)
                  00003e2c    0000000e                   : adc.obj (.text:ADCSequenceDisable)
                  00003e3a    0000000e                   : adc.obj (.text:ADCSequenceEnable)
                  00003e48    0000000e                   : gpio.obj (.text:GPIOIntStatus)
                  00003e56    0000000e                   : timer.obj (.text:TimerEnable)
                  00003e64    0000000e                   : uart.obj (.text:UARTCharGetNonBlocking)
                  00003e72    0000000e                   : uart.obj (.text:UARTCharPutNonBlocking)
                  00003e80    0000000e                   : uart.obj (.text:UARTCharsAvail)
                  00003e8e    0000000e     rtsv7M4_T_le_v4SPD16_eabi.lib : copy_decompress_none.obj (.text:decompress:none)
                  00003e9c    0000000c     driverlib.lib : adc.obj (.text:ADCReferenceSet)
                  00003ea8    0000000c                   : cpu.obj (.text:CPUcpsid)
                  00003eb4    0000000c                   : cpu.obj (.text:CPUcpsie)
                  00003ec0    0000000c                   : gpio.obj (.text:GPIOIntEnable)
                  00003ecc    0000000c     rtsv7M4_T_le_v4SPD16_eabi.lib : copy_zero_init.obj (.text:decompress:ZI)
                  00003ed8    0000000c     tm4c1294ncpdt_startup_ccs.obj (.text)
                  00003ee4    0000000a     driverlib.lib : adc.obj (.text:ADCIntClear)
                  00003eee    0000000a                   : i2c.obj (.text:I2CMasterDisable)
                  00003ef8    0000000a                   : i2c.obj (.text:I2CMasterEnable)
                  00003f02    0000000a                   : timer.obj (.text:TimerIntStatus)
                  00003f0c    0000000a                   : timer.obj (.text:TimerValueGet)
                  00003f16    0000000a                   : uart.obj (.text:UARTCharGet)
                  00003f20    0000000a                   : uart.obj (.text:UARTCharPut)
                  00003f2a    0000000a                   : uart.obj (.text:UARTIntStatus)
                  00003f34    00000008                   : adc.obj (.text:ADCBusy)
                  00003f3c    00000008                   : i2c.obj (.text:I2CMasterBusBusy)
                  00003f44    00000008                   : i2c.obj (.text:I2CMasterBusy)
                  00003f4c    00000008                   : i2c.obj (.text:I2CMasterSlaveAddrSet)
                  00003f54    00000008                   : timer.obj (.text:TimerIntEnable)
                  00003f5c    00000008                   : uart.obj (.text:UARTIntEnable)
                  00003f64    00000006                   : gpio.obj (.text:GPIOIntClear)
                  00003f6a    00000006                   : gpio.obj (.text:GPIOPinRead)
                  00003f70    00000006                   : gpio.obj (.text:GPIOPinWrite)
                  00003f76    00000006                   : sysctl.obj (.text:SysCtlDelay)
                  00003f7c    00000006                   : uart.obj (.text:UARTClockSourceSet)
                  00003f82    00000004                   : i2c.obj (.text:I2CMasterControl)
                  00003f86    00000004                   : i2c.obj (.text:I2CMasterDataGet)
                  00003f8a    00000004                   : i2c.obj (.text:I2CMasterDataPut)
                  00003f8e    00000004                   : timer.obj (.text:TimerIntClear)
                  00003f92    00000004                   : uart.obj (.text:UARTIntClear)
                  00003f96    00000004     rtsv7M4_T_le_v4SPD16_eabi.lib : pre_init.obj (.text)

.const     0    00003fa0    000007c0     
                  00003fa0    000001b0     driverlib.lib : sysctl.obj (.const:g_pppui32XTALtoVCO)
                  00004150    00000101     rtsv7M4_T_le_v4SPD16_eabi.lib : ctype.obj (.const:.string:_ctypes_)
                  00004251    00000003     --HOLE-- [fill = 0]
                  00004254    000000c0     driverlib.lib : gpio.obj (.const:g_ppui32GPIOIntMapBlizzard)
                  00004314    000000c0                   : gpio.obj (.const:g_ppui32GPIOIntMapSnowflake)
                  000043d4    00000004     uartstdio.obj (.const)
                  000043d8    00000098     rtsv7M4_T_le_v4SPD16_eabi.lib : strtod.obj (.const:$O1$$)
                  00004470    00000090     driverlib.lib : gpio.obj (.const:g_pui32GPIOBaseAddrs)
                  00004500    00000070                   : interrupt.obj (.const)
                  00004570    0000006c                   : sysctl.obj (.const:g_pui32Xtals)
                  000045dc    00000060                   : timer.obj (.const:g_ppui32TimerIntMap)
                  0000463c    00000040                   : timer.obj (.const:g_ppui32TimerIntMapSnowflake)
                  0000467c    00000040                   : uart.obj (.const:g_ppui32UARTIntMap)
                  000046bc    00000040                   : uart.obj (.const:g_ppui32UARTIntMapSnowflake)
                  000046fc    00000030                   : sysctl.obj (.const:g_sXTALtoMEMTIM)
                  0000472c    00000012     uartstdio.obj (.const:.string)
                  0000473e    00000002     --HOLE-- [fill = 0]
                  00004740    0000000c     uartstdio.obj (.const:g_ui32UARTBase)
                  0000474c    0000000c     uartstdio.obj (.const:g_ui32UARTPeriph)
                  00004758    00000008     driverlib.lib : sysctl.obj (.const)

.cinit     0    00004760    00000060     
                  00004760    0000002b     (.cinit..data.load) [load image, compression = lzss]
                  0000478b    00000001     --HOLE-- [fill = 0]
                  0000478c    0000000c     (__TI_handler_table)
                  00004798    00000008     (.cinit..bss.load) [load image, compression = zero_init]
                  000047a0    00000008     (.cinit..vtable.load) [load image, compression = zero_init]
                  000047a8    00000018     (__TI_cinit_table)

.init_array 
*          0    00000000    00000000     UNINITIALIZED

.vtable    0    20000000    0000026c     UNINITIALIZED
                  20000000    0000026c     driverlib.lib : interrupt.obj (.vtable)

.stack     0    2000026c    00000800     UNINITIALIZED
                  2000026c    00000800     --HOLE--

.bss       0    20000a6c    00000075     UNINITIALIZED
                  20000a6c    00000050     (.common:g_Pack)
                  20000abc    00000008     (.common:g_BME280RawData)
                  20000ac4    00000008     (.common:g_gyroDataRaw)
                  20000acc    00000008     (.common:g_magDataRaw)
                  20000ad4    00000004     (.common:g_SysClockSpeed)
                  20000ad8    00000004     (.common:g_TimerFallValue)
                  20000adc    00000004     (.common:g_TimerRiseValue)
                  20000ae0    00000001     (.common:g_CharConsole)

.data      0    20000ae4    00000050     UNINITIALIZED
                  20000ae4    00000024     main.obj (.data)
                  20000b08    0000000c     rtsv7M4_T_le_v4SPD16_eabi.lib : exit.obj (.data:$O1$$)
                  20000b14    00000008                                   : _lock.obj (.data:$O1$$)
                  20000b1c    00000007     main.obj (.data:g_offsetData)
                  20000b23    00000001     --HOLE--
                  20000b24    00000005     uartstdio.obj (.data)
                  20000b29    00000003     buttons.obj (.data)
                  20000b2c    00000004     rtsv7M4_T_le_v4SPD16_eabi.lib : errno.obj (.data)
                  20000b30    00000004                                   : stkdepth_vars.obj (.data)

MODULE SUMMARY

       Module                          code    ro data   rw data
       ------                          ----    -------   -------
    .\
       main.obj                        4644    0         160    
       initializations.obj             2092    0         0      
       uartstdio.obj                   1180    46        5      
       bmi160.obj                      1098    0         0      
       i2c_driver.obj                  550     0         0      
       tm4c1294ncpdt_startup_ccs.obj   12      520       0      
       buttons.obj                     224     0         3      
       bme280.obj                      136     0         0      
    +--+-------------------------------+-------+---------+---------+
       Total:                          9936    566       168    
                                                                
    C:/TivaWare/TM4C1294XL/driverlib/ccs/Debug/driverlib.lib
       sysctl.obj                      710     596       0      
       gpio.obj                        770     528       0      
       interrupt.obj                   188     112       620    
       adc.obj                         512     0         0      
       timer.obj                       324     160       0      
       uart.obj                        300     128       0      
       i2c.obj                         154     0         0      
       systick.obj                     84      0         0      
       fpu.obj                         32      0         0      
       cpu.obj                         24      0         0      
    +--+-------------------------------+-------+---------+---------+
       Total:                          3098    1524      620    
                                                                
    C:\CCS\ccsv7\tools\compiler\ti-cgt-arm_16.9.0.LTS\lib\rtsv7M4_T_le_v4SPD16_eabi.lib
       strtod.obj                      572     152       0      
       fd_add_t2.obj                   438     0         0      
       fd_div_t2.obj                   310     0         0      
       ctype.obj                       0       257       0      
       fd_mul_t2.obj                   252     0         0      
       memcpy_t2.obj                   156     0         0      
       fd_cmp_t2.obj                   134     0         0      
       memset_t2.obj                   122     0         0      
       autoinit.obj                    112     0         0      
       fd_tos_t2.obj                   110     0         0      
       copy_decompress_lzss.obj        104     0         0      
       exit.obj                        84      0         12     
       boot.obj                        84      0         0      
       cpy_tbl.obj                     76      0         0      
       u_divt2.obj                     64      0         0      
       _lock.obj                       20      0         8      
       args_main.obj                   24      0         0      
       atof.obj                        18      0         0      
       copy_decompress_none.obj        14      0         0      
       copy_zero_init.obj              12      0         0      
       errno.obj                       0       0         4      
       pre_init.obj                    4       0         0      
       stkdepth_vars.obj               0       0         4      
       i_div0.obj                      2       0         0      
       mpu_init.obj                    2       0         0      
       startup.obj                     2       0         0      
    +--+-------------------------------+-------+---------+---------+
       Total:                          2716    409       28     
                                                                
       Stack:                          0       0         2048   
       Linker Generated:               0       95        0      
    +--+-------------------------------+-------+---------+---------+
       Grand Total:                    15750   2594      2864   


LINKER GENERATED COPY TABLES

__TI_cinit_table @ 000047a8 records: 3, size/record: 8, table size: 24
	.data: load addr=00004760, load size=0000002b bytes, run addr=20000ae4, run size=00000050 bytes, compression=lzss
	.bss: load addr=00004798, load size=00000008 bytes, run addr=20000a6c, run size=00000075 bytes, compression=zero_init
	.vtable: load addr=000047a0, load size=00000008 bytes, run addr=20000000, run size=0000026c bytes, compression=zero_init


LINKER GENERATED HANDLER TABLE

__TI_handler_table @ 0000478c records: 3, size/record: 4, table size: 12
	index: 0, handler: __TI_zero_init
	index: 1, handler: __TI_decompress_lzss
	index: 2, handler: __TI_decompress_none


GLOBAL SYMBOLS: SORTED ALPHABETICALLY BY Name 

address   name                           
-------   ----                           
00003f35  ADCBusy                        
00003bd5  ADCClockConfigSet              
00003ee5  ADCIntClear                    
00003dcb  ADCIntEnable                   
00003bed  ADCIntRegister                 
00003b01  ADCIntStatus                   
00003c05  ADCProcessorTrigger            
00003e9d  ADCReferenceSet                
0000363d  ADCSequenceConfigure           
00003b99  ADCSequenceDataGet             
00003e2d  ADCSequenceDisable             
00003e3b  ADCSequenceEnable              
00003337  ADCSequenceStepConfigure       
00000f23  ActivateSolenoids              
00000661  BME280IntHandler               
00000645  BMI160IntHandler               
0000314d  ButtonsInit                    
000030ad  ButtonsPoll                    
00003741  C$$EXIT                        
00003ea9  CPUcpsid                       
00003eb5  CPUcpsie                       
00000345  ConsoleIntHandler              
00000f55  DeactivateSolenoids            
00003ddd  FPUEnable                      
00003ded  FPULazyStackingEnable          
00003b2f  GPIODirModeSet                 
00003f65  GPIOIntClear                   
00003ec1  GPIOIntEnable                  
00003c1d  GPIOIntRegister                
00003e49  GPIOIntStatus                  
00003695  GPIOIntTypeSet                 
00002e7d  GPIOPadConfigSet               
000038c9  GPIOPinConfigure               
00003f6b  GPIOPinRead                    
00003d29  GPIOPinTypeADC                 
00003d3b  GPIOPinTypeGPIOInput           
00003c35  GPIOPinTypeGPIOOutput          
00003d4d  GPIOPinTypeI2C                 
00003d5f  GPIOPinTypeI2CSCL              
00003d71  GPIOPinTypeTimer               
00003d83  GPIOPinTypeUART                
00003f71  GPIOPinWrite                   
00000387  GPSIntHandler                  
00003299  GetBME280RawData               
000003a3  GndMtr1IntHandler              
000003a5  GndMtr2IntHandler              
0000277d  I2CBurstWrite                  
00003f3d  I2CMasterBusBusy               
00003f45  I2CMasterBusy                  
00003f83  I2CMasterControl               
00003f87  I2CMasterDataGet               
00003f8b  I2CMasterDataPut               
00003eef  I2CMasterDisable               
00003ef9  I2CMasterEnable                
00003cad  I2CMasterErr                   
000037e5  I2CMasterInitExpClk            
00003f4d  I2CMasterSlaveAddrSet          
0000283b  I2CRead                        
0000280b  I2CSingleWrite                 
00002923  I2CWait                        
00001b55  InitAltimeter                  
00003229  InitBME280                     
000020f5  InitBMI160                     
0000145f  InitConsole                    
00001507  InitGPS                        
00001557  InitGndMotors                  
00001a53  InitIMU                        
0000142d  InitLED                        
000014b1  InitRadio                      
000015e1  InitSolarPanels                
000019f5  InitSolenoidEnablePins         
000017a1  InitUltraSonicSensor           
0000350d  IntEnable                      
00003dfd  IntMasterDisable               
00003e0d  IntMasterEnable                
00003a99  IntRegister                    
00000829  Menu                           
00000e79  ProcessADC                     
00000a85  ProcessGPS                     
00001175  ProcessIMUData                 
00000e4f  ProcessRadio                   
00000ebb  ProcessUltraSonic              
0000036b  RadioIntHandler                
00003ed9  ResetISR                       
UNDEFED   SHT$$INIT_ARRAY$$Base          
UNDEFED   SHT$$INIT_ARRAY$$Limit         
000003a7  SPIntHandler                   
00000f7d  SendPacket                     
00000619  SolenoidInterrupt              
000029a5  SysCtlClockFreqSet             
00003f77  SysCtlDelay                    
00003acd  SysCtlPeripheralEnable         
00003a61  SysCtlPeripheralPresent        
00003cd9  SysTickEnable                  
00003ced  SysTickIntEnable               
00000315  SysTickIntHandler              
00003bb9  SysTickIntRegister             
00003e1d  SysTickPeriodSet               
00000555  Timer1AInterrupt               
000005c9  Timer1BInterrupt               
000003c5  Timer2AInterrupt               
0000040d  Timer2BInterrupt               
00000459  Timer3AInterrupt               
000004a9  Timer3BInterrupt               
000035dd  TimerConfigure                 
00003cc3  TimerControlEvent              
00003c4d  TimerDisable                   
00003e57  TimerEnable                    
00003f8f  TimerIntClear                  
00003f55  TimerIntEnable                 
00003c65  TimerIntRegister               
00003f03  TimerIntStatus                 
00003d95  TimerLoadSet                   
00003da7  TimerPrescaleSet               
00003f0d  TimerValueGet                  
000006fd  TurnOffLED                     
0000068d  TurnOnLED                      
00003f17  UARTCharGet                    
00003e65  UARTCharGetNonBlocking         
00003f21  UARTCharPut                    
00003e73  UARTCharPutNonBlocking         
00003e81  UARTCharsAvail                 
00003f7d  UARTClockSourceSet             
00003959  UARTConfigSetExpClk            
00003b59  UARTDisable                    
00003d01  UARTEnable                     
00003f93  UARTIntClear                   
00003f5d  UARTIntEnable                  
00003c7d  UARTIntRegister                
00003f2b  UARTIntStatus                  
00001c59  UARTStdioConfig                
00001d9f  UARTgetc                       
00001ce5  UARTgets                       
000020bf  UARTprintf                     
00001dc5  UARTvprintf                    
00001c9f  UARTwrite                      
00000765  WaitForButtonPress             
20000a6c  __STACK_END                    
00000800  __STACK_SIZE                   
2000046c  __STACK_TOP                    
000047a8  __TI_CINIT_Base                
000047c0  __TI_CINIT_Limit               
0000478c  __TI_Handler_Table_Base        
00004798  __TI_Handler_Table_Limit       
0000342d  __TI_auto_init                 
20000b08  __TI_cleanup_ptr               
00003575  __TI_decompress_lzss           
00003e8f  __TI_decompress_none           
20000b0c  __TI_dtors_ptr                 
20000b10  __TI_enable_exit_profile_output
ffffffff  __TI_pprof_out_hndl            
ffffffff  __TI_prof_data_size            
ffffffff  __TI_prof_data_start           
00000000  __TI_static_base__             
00003ecd  __TI_zero_init                 
000032b1  __aeabi_cdcmpeq                
000032b1  __aeabi_cdcmple                
0000349d  __aeabi_d2f                    
00002b9b  __aeabi_dadd                   
00002d47  __aeabi_ddiv                   
00002faf  __aeabi_dmul                   
00002b91  __aeabi_dsub                   
0000253f  __aeabi_idiv0                  
000033b1  __aeabi_memclr                 
000033b1  __aeabi_memclr4                
000033b1  __aeabi_memclr8                
0000318d  __aeabi_memcpy                 
0000318d  __aeabi_memcpy4                
0000318d  __aeabi_memcpy8                
000033b3  __aeabi_memset                 
000033b3  __aeabi_memset4                
000033b3  __aeabi_memset8                
00003a21  __aeabi_uidiv                  
00003a21  __aeabi_uidivmod               
ffffffff  __binit__                      
ffffffff  __c_args__                     
000029a3  __mpu_init                     
2000026c  __stack                        
00003c95  _args_main                     
000036ed  _c_int00                       
00004150  _ctypes_                       
20000b14  _lock                          
00003d23  _nop                           
00003d1b  _register_lock                 
00003d15  _register_unlock               
000030ab  _system_post_cinit             
00003f97  _system_pre_init               
20000b18  _unlock                        
00003745  abort                          
00003db9  atof                           
ffffffff  binit                          
0000387d  copy_in                        
20000b2c  errno                          
0000374d  exit                           
20000ae8  g_ADCFlag                      
20000afc  g_Accel2GFactor                
20000abc  g_BME280RawData                
20000b00  g_BME280Ready                  
20000ae0  g_CharConsole                  
20000ae6  g_ConsoleFlag                  
20000aec  g_GPSConnected                 
20000aea  g_GPSFlag                      
20000aeb  g_GPSLEDOn                     
20000af1  g_IMUDataFlag                  
20000af8  g_LED1On                       
20000ae4  g_LED4On                       
20000a6c  g_Pack                         
20000b01  g_PrintRawBMIData              
20000aed  g_PrintRawGPS                  
20000ae7  g_Quit                         
20000ae9  g_RadioFlag                    
20000ae5  g_SendPacket                   
20000ad4  g_SysClockSpeed                
20000ad8  g_TimerFallValue               
20000aee  g_TimerFirstPass               
20000adc  g_TimerRiseValue               
20000aef  g_UltraSonicFlag               
20000af0  g_UltraSonicSensor             
20000af4  g_accelLSBg                    
20000ac4  g_gyroDataRaw                  
20000af9  g_loopCount                    
20000acc  g_magDataRaw                   
20000b1c  g_offsetData                   
20000000  g_pfnRAMVectors                
00000000  g_pfnVectors                   
20000b04  g_ptrBME280RawData             
00000209  main                           
20000b30  main_func_sp                   
0000318d  memcpy                         
000033b9  memset                         
00002541  strtod                         
00002541  strtold                        


GLOBAL SYMBOLS: SORTED BY Symbol Address 

address   name                           
-------   ----                           
00000000  __TI_static_base__             
00000000  g_pfnVectors                   
00000209  main                           
00000315  SysTickIntHandler              
00000345  ConsoleIntHandler              
0000036b  RadioIntHandler                
00000387  GPSIntHandler                  
000003a3  GndMtr1IntHandler              
000003a5  GndMtr2IntHandler              
000003a7  SPIntHandler                   
000003c5  Timer2AInterrupt               
0000040d  Timer2BInterrupt               
00000459  Timer3AInterrupt               
000004a9  Timer3BInterrupt               
00000555  Timer1AInterrupt               
000005c9  Timer1BInterrupt               
00000619  SolenoidInterrupt              
00000645  BMI160IntHandler               
00000661  BME280IntHandler               
0000068d  TurnOnLED                      
000006fd  TurnOffLED                     
00000765  WaitForButtonPress             
00000800  __STACK_SIZE                   
00000829  Menu                           
00000a85  ProcessGPS                     
00000e4f  ProcessRadio                   
00000e79  ProcessADC                     
00000ebb  ProcessUltraSonic              
00000f23  ActivateSolenoids              
00000f55  DeactivateSolenoids            
00000f7d  SendPacket                     
00001175  ProcessIMUData                 
0000142d  InitLED                        
0000145f  InitConsole                    
000014b1  InitRadio                      
00001507  InitGPS                        
00001557  InitGndMotors                  
000015e1  InitSolarPanels                
000017a1  InitUltraSonicSensor           
000019f5  InitSolenoidEnablePins         
00001a53  InitIMU                        
00001b55  InitAltimeter                  
00001c59  UARTStdioConfig                
00001c9f  UARTwrite                      
00001ce5  UARTgets                       
00001d9f  UARTgetc                       
00001dc5  UARTvprintf                    
000020bf  UARTprintf                     
000020f5  InitBMI160                     
0000253f  __aeabi_idiv0                  
00002541  strtod                         
00002541  strtold                        
0000277d  I2CBurstWrite                  
0000280b  I2CSingleWrite                 
0000283b  I2CRead                        
00002923  I2CWait                        
000029a3  __mpu_init                     
000029a5  SysCtlClockFreqSet             
00002b91  __aeabi_dsub                   
00002b9b  __aeabi_dadd                   
00002d47  __aeabi_ddiv                   
00002e7d  GPIOPadConfigSet               
00002faf  __aeabi_dmul                   
000030ab  _system_post_cinit             
000030ad  ButtonsPoll                    
0000314d  ButtonsInit                    
0000318d  __aeabi_memcpy                 
0000318d  __aeabi_memcpy4                
0000318d  __aeabi_memcpy8                
0000318d  memcpy                         
00003229  InitBME280                     
00003299  GetBME280RawData               
000032b1  __aeabi_cdcmpeq                
000032b1  __aeabi_cdcmple                
00003337  ADCSequenceStepConfigure       
000033b1  __aeabi_memclr                 
000033b1  __aeabi_memclr4                
000033b1  __aeabi_memclr8                
000033b3  __aeabi_memset                 
000033b3  __aeabi_memset4                
000033b3  __aeabi_memset8                
000033b9  memset                         
0000342d  __TI_auto_init                 
0000349d  __aeabi_d2f                    
0000350d  IntEnable                      
00003575  __TI_decompress_lzss           
000035dd  TimerConfigure                 
0000363d  ADCSequenceConfigure           
00003695  GPIOIntTypeSet                 
000036ed  _c_int00                       
00003741  C$$EXIT                        
00003745  abort                          
0000374d  exit                           
000037e5  I2CMasterInitExpClk            
0000387d  copy_in                        
000038c9  GPIOPinConfigure               
00003959  UARTConfigSetExpClk            
00003a21  __aeabi_uidiv                  
00003a21  __aeabi_uidivmod               
00003a61  SysCtlPeripheralPresent        
00003a99  IntRegister                    
00003acd  SysCtlPeripheralEnable         
00003b01  ADCIntStatus                   
00003b2f  GPIODirModeSet                 
00003b59  UARTDisable                    
00003b99  ADCSequenceDataGet             
00003bb9  SysTickIntRegister             
00003bd5  ADCClockConfigSet              
00003bed  ADCIntRegister                 
00003c05  ADCProcessorTrigger            
00003c1d  GPIOIntRegister                
00003c35  GPIOPinTypeGPIOOutput          
00003c4d  TimerDisable                   
00003c65  TimerIntRegister               
00003c7d  UARTIntRegister                
00003c95  _args_main                     
00003cad  I2CMasterErr                   
00003cc3  TimerControlEvent              
00003cd9  SysTickEnable                  
00003ced  SysTickIntEnable               
00003d01  UARTEnable                     
00003d15  _register_unlock               
00003d1b  _register_lock                 
00003d23  _nop                           
00003d29  GPIOPinTypeADC                 
00003d3b  GPIOPinTypeGPIOInput           
00003d4d  GPIOPinTypeI2C                 
00003d5f  GPIOPinTypeI2CSCL              
00003d71  GPIOPinTypeTimer               
00003d83  GPIOPinTypeUART                
00003d95  TimerLoadSet                   
00003da7  TimerPrescaleSet               
00003db9  atof                           
00003dcb  ADCIntEnable                   
00003ddd  FPUEnable                      
00003ded  FPULazyStackingEnable          
00003dfd  IntMasterDisable               
00003e0d  IntMasterEnable                
00003e1d  SysTickPeriodSet               
00003e2d  ADCSequenceDisable             
00003e3b  ADCSequenceEnable              
00003e49  GPIOIntStatus                  
00003e57  TimerEnable                    
00003e65  UARTCharGetNonBlocking         
00003e73  UARTCharPutNonBlocking         
00003e81  UARTCharsAvail                 
00003e8f  __TI_decompress_none           
00003e9d  ADCReferenceSet                
00003ea9  CPUcpsid                       
00003eb5  CPUcpsie                       
00003ec1  GPIOIntEnable                  
00003ecd  __TI_zero_init                 
00003ed9  ResetISR                       
00003ee5  ADCIntClear                    
00003eef  I2CMasterDisable               
00003ef9  I2CMasterEnable                
00003f03  TimerIntStatus                 
00003f0d  TimerValueGet                  
00003f17  UARTCharGet                    
00003f21  UARTCharPut                    
00003f2b  UARTIntStatus                  
00003f35  ADCBusy                        
00003f3d  I2CMasterBusBusy               
00003f45  I2CMasterBusy                  
00003f4d  I2CMasterSlaveAddrSet          
00003f55  TimerIntEnable                 
00003f5d  UARTIntEnable                  
00003f65  GPIOIntClear                   
00003f6b  GPIOPinRead                    
00003f71  GPIOPinWrite                   
00003f77  SysCtlDelay                    
00003f7d  UARTClockSourceSet             
00003f83  I2CMasterControl               
00003f87  I2CMasterDataGet               
00003f8b  I2CMasterDataPut               
00003f8f  TimerIntClear                  
00003f93  UARTIntClear                   
00003f97  _system_pre_init               
00004150  _ctypes_                       
0000478c  __TI_Handler_Table_Base        
00004798  __TI_Handler_Table_Limit       
000047a8  __TI_CINIT_Base                
000047c0  __TI_CINIT_Limit               
20000000  g_pfnRAMVectors                
2000026c  __stack                        
2000046c  __STACK_TOP                    
20000a6c  __STACK_END                    
20000a6c  g_Pack                         
20000abc  g_BME280RawData                
20000ac4  g_gyroDataRaw                  
20000acc  g_magDataRaw                   
20000ad4  g_SysClockSpeed                
20000ad8  g_TimerFallValue               
20000adc  g_TimerRiseValue               
20000ae0  g_CharConsole                  
20000ae4  g_LED4On                       
20000ae5  g_SendPacket                   
20000ae6  g_ConsoleFlag                  
20000ae7  g_Quit                         
20000ae8  g_ADCFlag                      
20000ae9  g_RadioFlag                    
20000aea  g_GPSFlag                      
20000aeb  g_GPSLEDOn                     
20000aec  g_GPSConnected                 
20000aed  g_PrintRawGPS                  
20000aee  g_TimerFirstPass               
20000aef  g_UltraSonicFlag               
20000af0  g_UltraSonicSensor             
20000af1  g_IMUDataFlag                  
20000af4  g_accelLSBg                    
20000af8  g_LED1On                       
20000af9  g_loopCount                    
20000afc  g_Accel2GFactor                
20000b00  g_BME280Ready                  
20000b01  g_PrintRawBMIData              
20000b04  g_ptrBME280RawData             
20000b08  __TI_cleanup_ptr               
20000b0c  __TI_dtors_ptr                 
20000b10  __TI_enable_exit_profile_output
20000b14  _lock                          
20000b18  _unlock                        
20000b1c  g_offsetData                   
20000b2c  errno                          
20000b30  main_func_sp                   
ffffffff  __TI_pprof_out_hndl            
ffffffff  __TI_prof_data_size            
ffffffff  __TI_prof_data_start           
ffffffff  __binit__                      
ffffffff  __c_args__                     
ffffffff  binit                          
UNDEFED   SHT$$INIT_ARRAY$$Base          
UNDEFED   SHT$$INIT_ARRAY$$Limit         

[232 symbols]
