******************************************************************************
                  TI ARM Linker PC v16.9.0                     
******************************************************************************
>> Linked Wed Mar 01 01:28:12 2017

OUTPUT FILE NAME:   <APOPHIS v1.0.out>
ENTRY POINT SYMBOL: "_c_int00"  address: 000066d9


MEMORY CONFIGURATION

         name            origin    length      used     unused   attr    fill
----------------------  --------  ---------  --------  --------  ----  --------
  FLASH                 00000000   00100000  00007cdc  000f8324  R  X
  SRAM                  20000000   00040000  00001453  0003ebad  RW X


SEGMENT ALLOCATION MAP

run origin  load origin   length   init length attrs members
----------  ----------- ---------- ----------- ----- -------
00000000    00000000    00007ce0   00007ce0    r-x
  00000000    00000000    00000208   00000208    r-- .intvecs
  00000208    00000208    00006ff8   00006ff8    r-x .text
  00007200    00007200    00000a6c   00000a6c    r-- .const
  00007c70    00007c70    00000070   00000070    r-- .cinit
20000000    20000000    00001454   00000000    rw-
  20000000    20000000    0000026c   00000000    rw- .vtable
  2000026c    2000026c    00001000   00000000    rw- .stack
  2000126c    2000126c    00000167   00000000    rw- .bss
  200013d4    200013d4    00000080   00000000    rw- .data


SECTION ALLOCATION MAP

 output                                  attributes/
section   page    origin      length       input sections
--------  ----  ----------  ----------   ----------------
.intvecs   0    00000000    00000208     
                  00000000    00000208     tm4c1294ncpdt_startup_ccs.obj (.intvecs)

.text      0    00000208    00006ff8     
                  00000208    000028e4     main.obj (.text)
                  00002aec    00000ad8     initializations.obj (.text)
                  000035c4    000008ac     comp_dcm.obj (.text)
                  00003e70    0000065e     bmi160.obj (.text)
                  000044ce    00000002     rtsv7M4_T_le_v4SPD16_eabi.lib : i_div0.obj (.text)
                  000044d0    0000049c     uartstdio.obj (.text)
                  0000496c    000003a6     bme280.obj (.text)
                  00004d12    00000002     rtsv7M4_T_le_v4SPD16_eabi.lib : l_div0.obj (.text)
                  00004d14    0000023e     i2c_driver.obj (.text)
                  00004f52    00000002     rtsv7M4_T_le_v4SPD16_eabi.lib : mpu_init.obj (.text)
                  00004f54    0000023c                                   : strtod.obj (.text)
                  00005190    0000021e                                   : ll_div_t2.obj (.text)
                  000053ae    00000002                                   : startup.obj (.text)
                  000053b0    000001ec     driverlib.lib : sysctl.obj (.text:SysCtlClockFreqSet)
                  0000559c    000001b6     rtsv7M4_T_le_v4SPD16_eabi.lib : fd_add_t2.obj (.text)
                  00005752    00000002     --HOLE-- [fill = 0]
                  00005754    00000178                                   : e_asinf.obj (.text)
                  000058cc    00000170                                   : e_sqrt.obj (.text)
                  00005a3c    00000158                                   : e_atan2f.obj (.text)
                  00005b94    00000150                                   : s_atanf.obj (.text)
                  00005ce4    00000136                                   : fd_div_t2.obj (.text)
                  00005e1a    00000132     driverlib.lib : gpio.obj (.text:GPIOPadConfigSet)
                  00005f4c    000000fc     rtsv7M4_T_le_v4SPD16_eabi.lib : fd_mul_t2.obj (.text)
                  00006048    000000e0     buttons.obj (.text)
                  00006128    0000009c     rtsv7M4_T_le_v4SPD16_eabi.lib : memcpy_t2.obj (.text)
                  000061c4    00000086                                   : fd_cmp_t2.obj (.text:__aeabi_cdcmple)
                  0000624a    00000086                                   : fd_cmp_t2.obj (.text:__aeabi_cdrcmple)
                  000062d0    0000007a     driverlib.lib : adc.obj (.text:ADCSequenceStepConfigure)
                  0000634a    0000007a     rtsv7M4_T_le_v4SPD16_eabi.lib : memset_t2.obj (.text)
                  000063c4    00000070                                   : autoinit.obj (.text)
                  00006434    0000006e                                   : fd_tos_t2.obj (.text)
                  000064a2    00000002     --HOLE-- [fill = 0]
                  000064a4    00000068     driverlib.lib : interrupt.obj (.text:IntEnable)
                  0000650c    00000068     rtsv7M4_T_le_v4SPD16_eabi.lib : copy_decompress_lzss.obj (.text:decompress:lzss)
                  00006574    00000060     driverlib.lib : timer.obj (.text:TimerConfigure)
                  000065d4    00000058                   : adc.obj (.text:ADCSequenceConfigure)
                  0000662c    00000056                   : gpio.obj (.text:GPIOIntTypeSet)
                  00006682    00000056     sensorlib.lib : vector.obj (.text:VectorCrossProduct)
                  000066d8    00000054     rtsv7M4_T_le_v4SPD16_eabi.lib : boot.obj (.text)
                  0000672c    00000054                                   : exit.obj (.text)
                  00006780    00000050     driverlib.lib : sysctl.obj (.text:SysCtlPeripheralReset)
                  000067d0    00000050                   : adc.obj (.text:_ADCIntNumberGet)
                  00006820    0000004c                   : i2c.obj (.text:I2CMasterInitExpClk)
                  0000686c    0000004c                   : timer.obj (.text:_TimerIntNumberGet)
                  000068b8    0000004c     rtsv7M4_T_le_v4SPD16_eabi.lib : cpy_tbl.obj (.text)
                  00006904    00000048     driverlib.lib : gpio.obj (.text:GPIOPinConfigure)
                  0000694c    00000048                   : sysctl.obj (.text:_SysCtlFrequencyGet)
                  00006994    00000046                   : uart.obj (.text:UARTConfigSetExpClk)
                  000069da    00000002     --HOLE-- [fill = 0]
                  000069dc    00000040                   : gpio.obj (.text:_GPIOIntNumberGet)
                  00006a1c    00000040                   : uart.obj (.text:_UARTIntNumberGet)
                  00006a5c    00000040     rtsv7M4_T_le_v4SPD16_eabi.lib : u_divt2.obj (.text)
                  00006a9c    00000038     driverlib.lib : sysctl.obj (.text:SysCtlPeripheralPresent)
                  00006ad4    00000038                   : sysctl.obj (.text:SysCtlPeripheralReady)
                  00006b0c    00000038     rtsv7M4_T_le_v4SPD16_eabi.lib : fs_tod_t2.obj (.text)
                  00006b44    00000034     driverlib.lib : interrupt.obj (.text:IntRegister)
                  00006b78    00000034                   : sysctl.obj (.text:SysCtlPeripheralDisable)
                  00006bac    00000034                   : sysctl.obj (.text:SysCtlPeripheralEnable)
                  00006be0    00000032     sensorlib.lib : vector.obj (.text:VectorAdd)
                  00006c12    00000030     comp_dcm.obj (.text:__isnanf)
                  00006c42    0000002e     driverlib.lib : adc.obj (.text:ADCIntStatus)
                  00006c70    0000002a                   : gpio.obj (.text:GPIODirModeSet)
                  00006c9a    00000002     --HOLE-- [fill = 0]
                  00006c9c    00000028     rtsv7M4_T_le_v4SPD16_eabi.lib : e_sqrtf.obj (.text)
                  00006cc4    00000026     sensorlib.lib : vector.obj (.text:VectorDotProduct)
                  00006cea    00000026                   : vector.obj (.text:VectorScale)
                  00006d10    00000022     driverlib.lib : pwm.obj (.text:PWMGenConfigure)
                  00006d32    00000002     --HOLE-- [fill = 0]
                  00006d34    00000020                   : uart.obj (.text:UARTDisable)
                  00006d54    00000020                   : sysctl.obj (.text:_SysCtlMemTimingGet)
                  00006d74    0000001e                   : adc.obj (.text:ADCSequenceDataGet)
                  00006d92    0000001e                   : pwm.obj (.text:PWMPulseWidthSet)
                  00006db0    0000001c                   : systick.obj (.text:SysTickIntRegister)
                  00006dcc    00000018                   : adc.obj (.text:ADCClockConfigSet)
                  00006de4    00000018                   : adc.obj (.text:ADCIntRegister)
                  00006dfc    00000018                   : adc.obj (.text:ADCProcessorTrigger)
                  00006e14    00000018                   : gpio.obj (.text:GPIOIntRegister)
                  00006e2c    00000018                   : gpio.obj (.text:GPIOPinTypeGPIOOutput)
                  00006e44    00000018                   : timer.obj (.text:TimerDisable)
                  00006e5c    00000018                   : timer.obj (.text:TimerIntRegister)
                  00006e74    00000018                   : uart.obj (.text:UARTIntRegister)
                  00006e8c    00000018     rtsv7M4_T_le_v4SPD16_eabi.lib : args_main.obj (.text)
                  00006ea4    00000018                                   : ll_mul_t2.obj (.text)
                  00006ebc    00000016     driverlib.lib : i2c.obj (.text:I2CMasterErr)
                  00006ed2    00000016                   : timer.obj (.text:TimerControlEvent)
                  00006ee8    00000014                   : pwm.obj (.text:PWMClockSet)
                  00006efc    00000014                   : systick.obj (.text:SysTickEnable)
                  00006f10    00000014                   : systick.obj (.text:SysTickIntEnable)
                  00006f24    00000014                   : uart.obj (.text:UARTEnable)
                  00006f38    00000014     rtsv7M4_T_le_v4SPD16_eabi.lib : _lock.obj (.text)
                  00006f4c    00000012     driverlib.lib : gpio.obj (.text:GPIOPinTypeADC)
                  00006f5e    00000012                   : gpio.obj (.text:GPIOPinTypeGPIOInput)
                  00006f70    00000012                   : gpio.obj (.text:GPIOPinTypeI2C)
                  00006f82    00000012                   : gpio.obj (.text:GPIOPinTypeI2CSCL)
                  00006f94    00000012                   : gpio.obj (.text:GPIOPinTypePWM)
                  00006fa6    00000012                   : gpio.obj (.text:GPIOPinTypeTimer)
                  00006fb8    00000012                   : gpio.obj (.text:GPIOPinTypeUART)
                  00006fca    00000012                   : pwm.obj (.text:PWMGenPeriodGet)
                  00006fdc    00000012                   : pwm.obj (.text:PWMOutputState)
                  00006fee    00000012                   : timer.obj (.text:TimerLoadSet)
                  00007000    00000012                   : timer.obj (.text:TimerPrescaleSet)
                  00007012    00000012     rtsv7M4_T_le_v4SPD16_eabi.lib : atof.obj (.text)
                  00007024    00000010     driverlib.lib : adc.obj (.text:ADCIntEnable)
                  00007034    00000010                   : fpu.obj (.text:FPUEnable)
                  00007044    00000010                   : fpu.obj (.text:FPULazyStackingEnable)
                  00007054    00000010                   : interrupt.obj (.text:IntMasterDisable)
                  00007064    00000010                   : interrupt.obj (.text:IntMasterEnable)
                  00007074    00000010                   : pwm.obj (.text:PWMGenPeriodSet)
                  00007084    00000010                   : systick.obj (.text:SysTickPeriodSet)
                  00007094    0000000e                   : adc.obj (.text:ADCSequenceDisable)
                  000070a2    0000000e                   : adc.obj (.text:ADCSequenceEnable)
                  000070b0    0000000e                   : gpio.obj (.text:GPIOIntStatus)
                  000070be    0000000e                   : timer.obj (.text:TimerEnable)
                  000070cc    0000000e                   : uart.obj (.text:UARTCharGetNonBlocking)
                  000070da    0000000e                   : uart.obj (.text:UARTCharsAvail)
                  000070e8    0000000e     rtsv7M4_T_le_v4SPD16_eabi.lib : copy_decompress_none.obj (.text:decompress:none)
                  000070f6    0000000c     driverlib.lib : adc.obj (.text:ADCReferenceSet)
                  00007102    0000000c                   : cpu.obj (.text:CPUcpsid)
                  0000710e    0000000c                   : cpu.obj (.text:CPUcpsie)
                  0000711a    0000000c                   : gpio.obj (.text:GPIOIntEnable)
                  00007126    0000000c                   : pwm.obj (.text:PWMGenEnable)
                  00007132    0000000c     rtsv7M4_T_le_v4SPD16_eabi.lib : copy_zero_init.obj (.text:decompress:ZI)
                  0000713e    0000000c     tm4c1294ncpdt_startup_ccs.obj (.text)
                  0000714a    0000000a     driverlib.lib : adc.obj (.text:ADCIntClear)
                  00007154    0000000a                   : i2c.obj (.text:I2CMasterDisable)
                  0000715e    0000000a                   : i2c.obj (.text:I2CMasterEnable)
                  00007168    0000000a                   : timer.obj (.text:TimerIntStatus)
                  00007172    0000000a                   : timer.obj (.text:TimerValueGet)
                  0000717c    0000000a                   : uart.obj (.text:UARTCharGet)
                  00007186    0000000a                   : uart.obj (.text:UARTCharPut)
                  00007190    0000000a                   : uart.obj (.text:UARTIntStatus)
                  0000719a    00000008                   : adc.obj (.text:ADCBusy)
                  000071a2    00000008                   : i2c.obj (.text:I2CMasterBusBusy)
                  000071aa    00000008                   : i2c.obj (.text:I2CMasterBusy)
                  000071b2    00000008                   : i2c.obj (.text:I2CMasterSlaveAddrSet)
                  000071ba    00000008                   : timer.obj (.text:TimerIntEnable)
                  000071c2    00000008                   : uart.obj (.text:UARTIntEnable)
                  000071ca    00000006                   : gpio.obj (.text:GPIOIntClear)
                  000071d0    00000006                   : gpio.obj (.text:GPIOPinRead)
                  000071d6    00000006                   : gpio.obj (.text:GPIOPinWrite)
                  000071dc    00000006                   : sysctl.obj (.text:SysCtlDelay)
                  000071e2    00000006                   : uart.obj (.text:UARTClockSourceSet)
                  000071e8    00000004                   : i2c.obj (.text:I2CMasterControl)
                  000071ec    00000004                   : i2c.obj (.text:I2CMasterDataGet)
                  000071f0    00000004                   : i2c.obj (.text:I2CMasterDataPut)
                  000071f4    00000004                   : timer.obj (.text:TimerIntClear)
                  000071f8    00000004                   : uart.obj (.text:UARTIntClear)
                  000071fc    00000004     rtsv7M4_T_le_v4SPD16_eabi.lib : pre_init.obj (.text)

.const     0    00007200    00000a6c     
                  00007200    00000258     main.obj (.const:$P$T0$1)
                  00007458    000001b0     driverlib.lib : sysctl.obj (.const:g_pppui32XTALtoVCO)
                  00007608    00000101     rtsv7M4_T_le_v4SPD16_eabi.lib : ctype.obj (.const:.string:_ctypes_)
                  00007709    00000003     --HOLE-- [fill = 0]
                  0000770c    000000c0     driverlib.lib : gpio.obj (.const:g_ppui32GPIOIntMapBlizzard)
                  000077cc    000000c0                   : gpio.obj (.const:g_ppui32GPIOIntMapSnowflake)
                  0000788c    00000004     uartstdio.obj (.const)
                  00007890    00000098     rtsv7M4_T_le_v4SPD16_eabi.lib : strtod.obj (.const:$O1$$)
                  00007928    00000090     driverlib.lib : gpio.obj (.const:g_pui32GPIOBaseAddrs)
                  000079b8    00000070                   : interrupt.obj (.const)
                  00007a28    0000006c                   : sysctl.obj (.const:g_pui32Xtals)
                  00007a94    00000060                   : timer.obj (.const:g_ppui32TimerIntMap)
                  00007af4    00000040                   : timer.obj (.const:g_ppui32TimerIntMapSnowflake)
                  00007b34    00000040                   : uart.obj (.const:g_ppui32UARTIntMap)
                  00007b74    00000040                   : uart.obj (.const:g_ppui32UARTIntMapSnowflake)
                  00007bb4    00000034     rtsv7M4_T_le_v4SPD16_eabi.lib : s_atanf.obj (.const:$O1$$)
                  00007be8    00000030     driverlib.lib : sysctl.obj (.const:g_sXTALtoMEMTIM)
                  00007c18    00000020     rtsv7M4_T_le_v4SPD16_eabi.lib : e_asinf.obj (.const)
                  00007c38    00000012     uartstdio.obj (.const:.string)
                  00007c4a    00000002     --HOLE-- [fill = 0]
                  00007c4c    0000000c     uartstdio.obj (.const:g_ui32UARTBase)
                  00007c58    0000000c     uartstdio.obj (.const:g_ui32UARTPeriph)
                  00007c64    00000008     driverlib.lib : sysctl.obj (.const)

.cinit     0    00007c70    00000070     
                  00007c70    00000038     (.cinit..data.load) [load image, compression = lzss]
                  00007ca8    0000000c     (__TI_handler_table)
                  00007cb4    00000004     --HOLE-- [fill = 0]
                  00007cb8    00000008     (.cinit..bss.load) [load image, compression = zero_init]
                  00007cc0    00000008     (.cinit..vtable.load) [load image, compression = zero_init]
                  00007cc8    00000018     (__TI_cinit_table)

.init_array 
*          0    00000000    00000000     UNINITIALIZED

.vtable    0    20000000    0000026c     UNINITIALIZED
                  20000000    0000026c     driverlib.lib : interrupt.obj (.vtable)

.stack     0    2000026c    00001000     UNINITIALIZED
                  2000026c    00001000     --HOLE--

.bss       0    2000126c    00000167     UNINITIALIZED
                  2000126c    00000058     (.common:g_sCompDCMInst)
                  200012c4    00000054     (.common:g_Pack)
                  20001318    0000002c     (.common:sStatus)
                  20001344    00000020     (.common:sThrottle)
                  20001364    0000001c     (.common:g_sRxPack)
                  20001380    0000000c     (.common:g_BME280OffsetValues)
                  2000138c    0000000c     (.common:g_fGyroData)
                  20001398    0000000c     (.common:g_fMagData)
                  200013a4    00000008     (.common:g_BME280RawData)
                  200013ac    00000008     (.common:g_gyroDataRaw)
                  200013b4    00000004     (.common:g_BME280OffsetUnsigned)
                  200013b8    00000004     (.common:g_Pressure)
                  200013bc    00000004     (.common:g_SysClockSpeed)
                  200013c0    00000004     (.common:g_Temp)
                  200013c4    00000004     (.common:g_TimerFallValue)
                  200013c8    00000004     (.common:g_TimerRiseValue)
                  200013cc    00000004     (.common:g_t_fine)
                  200013d0    00000001     main.obj (.bss)
                  200013d1    00000001     (.common:g_CharConsole)
                  200013d2    00000001     (.common:g_bDCMStarted)

.data      0    200013d4    00000080     UNINITIALIZED
                  200013d4    00000042     main.obj (.data)
                  20001416    00000002     --HOLE--
                  20001418    0000000c     rtsv7M4_T_le_v4SPD16_eabi.lib : exit.obj (.data:$O1$$)
                  20001424    0000000c     main.obj (.data:g_Bias)
                  20001430    00000008     rtsv7M4_T_le_v4SPD16_eabi.lib : _lock.obj (.data:$O1$$)
                  20001438    00000007     main.obj (.data:g_offsetData)
                  2000143f    00000001     --HOLE--
                  20001440    00000005     uartstdio.obj (.data)
                  20001445    00000003     buttons.obj (.data)
                  20001448    00000004     rtsv7M4_T_le_v4SPD16_eabi.lib : errno.obj (.data)
                  2000144c    00000004                                   : stkdepth_vars.obj (.data)
                  20001450    00000004     main.obj (.data:ui8Magic$3)

MODULE SUMMARY

       Module                          code    ro data   rw data
       ------                          ----    -------   -------
    .\
       main.obj                        10468   600       448    
       initializations.obj             2776    0         0      
       comp_dcm.obj                    2268    0         0      
       bmi160.obj                      1630    0         0      
       uartstdio.obj                   1180    46        5      
       bme280.obj                      934     0         0      
       i2c_driver.obj                  574     0         0      
       tm4c1294ncpdt_startup_ccs.obj   12      520       0      
       buttons.obj                     224     0         3      
    +--+-------------------------------+-------+---------+---------+
       Total:                          20066   1166      456    
                                                                
    C:/Tivaware/TM4C1294XL/driverlib/ccs/Debug/driverlib.lib
       sysctl.obj                      898     596       0      
       gpio.obj                        788     528       0      
       interrupt.obj                   188     112       620    
       adc.obj                         512     0         0      
       timer.obj                       324     160       0      
       uart.obj                        286     128       0      
       i2c.obj                         154     0         0      
       pwm.obj                         148     0         0      
       systick.obj                     84      0         0      
       fpu.obj                         32      0         0      
       cpu.obj                         24      0         0      
    +--+-------------------------------+-------+---------+---------+
       Total:                          3438    1524      620    
                                                                
    C:/Tivaware/TM4C1294XL/sensorlib/ccs/Debug/sensorlib.lib
       vector.obj                      212     0         0      
    +--+-------------------------------+-------+---------+---------+
       Total:                          212     0         0      
                                                                
    C:\CCS\ccsv7\tools\compiler\ti-cgt-arm_16.9.0.LTS\lib\rtsv7M4_T_le_v4SPD16_eabi.lib
       strtod.obj                      572     152       0      
       ll_div_t2.obj                   542     0         0      
       fd_add_t2.obj                   438     0         0      
       e_asinf.obj                     376     32        0      
       s_atanf.obj                     336     52        0      
       e_sqrt.obj                      368     0         0      
       e_atan2f.obj                    344     0         0      
       fd_div_t2.obj                   310     0         0      
       fd_cmp_t2.obj                   268     0         0      
       ctype.obj                       0       257       0      
       fd_mul_t2.obj                   252     0         0      
       memcpy_t2.obj                   156     0         0      
       memset_t2.obj                   122     0         0      
       autoinit.obj                    112     0         0      
       fd_tos_t2.obj                   110     0         0      
       copy_decompress_lzss.obj        104     0         0      
       exit.obj                        84      0         12     
       boot.obj                        84      0         0      
       cpy_tbl.obj                     76      0         0      
       u_divt2.obj                     64      0         0      
       fs_tod_t2.obj                   56      0         0      
       e_sqrtf.obj                     40      0         0      
       _lock.obj                       20      0         8      
       args_main.obj                   24      0         0      
       ll_mul_t2.obj                   24      0         0      
       atof.obj                        18      0         0      
       copy_decompress_none.obj        14      0         0      
       copy_zero_init.obj              12      0         0      
       errno.obj                       0       0         4      
       pre_init.obj                    4       0         0      
       stkdepth_vars.obj               0       0         4      
       i_div0.obj                      2       0         0      
       l_div0.obj                      2       0         0      
       mpu_init.obj                    2       0         0      
       startup.obj                     2       0         0      
    +--+-------------------------------+-------+---------+---------+
       Total:                          4938    493       28     
                                                                
       Stack:                          0       0         4096   
       Linker Generated:               0       108       0      
    +--+-------------------------------+-------+---------+---------+
       Grand Total:                    28654   3291      5200   


LINKER GENERATED COPY TABLES

__TI_cinit_table @ 00007cc8 records: 3, size/record: 8, table size: 24
	.data: load addr=00007c70, load size=00000038 bytes, run addr=200013d4, run size=00000080 bytes, compression=lzss
	.bss: load addr=00007cb8, load size=00000008 bytes, run addr=2000126c, run size=00000167 bytes, compression=zero_init
	.vtable: load addr=00007cc0, load size=00000008 bytes, run addr=20000000, run size=0000026c bytes, compression=zero_init


LINKER GENERATED HANDLER TABLE

__TI_handler_table @ 00007ca8 records: 3, size/record: 4, table size: 12
	index: 0, handler: __TI_zero_init
	index: 1, handler: __TI_decompress_lzss
	index: 2, handler: __TI_decompress_none


GLOBAL SYMBOLS: SORTED ALPHABETICALLY BY Name 

address   name                           
-------   ----                           
0000719b  ADCBusy                        
00006dcd  ADCClockConfigSet              
0000714b  ADCIntClear                    
00007025  ADCIntEnable                   
00006de5  ADCIntRegister                 
00006c43  ADCIntStatus                   
00006dfd  ADCProcessorTrigger            
000070f7  ADCReferenceSet                
000065d5  ADCSequenceConfigure           
00006d75  ADCSequenceDataGet             
00007095  ADCSequenceDisable             
000070a3  ADCSequenceEnable              
000062d1  ADCSequenceStepConfigure       
00001a35  ActivateSolenoids              
00000d95  BME280IntHandler               
00004acd  BME280_compensate_P_int64      
00004a5b  BME280_compensate_T_int32      
00000d73  BMI160IntHandler               
000060e9  ButtonsInit                    
00006049  ButtonsPoll                    
0000672d  C$$EXIT                        
00007103  CPUcpsid                       
0000710f  CPUcpsie                       
00003639  CompDCMAccelUpdate             
00003ab7  CompDCMComputeEulers           
00003b29  CompDCMComputeQuaternion       
00003661  CompDCMGyroUpdate              
000035c5  CompDCMInit                    
00003689  CompDCMMagnetoUpdate           
00003a63  CompDCMMatrixGet               
000036b1  CompDCMStart                   
00003785  CompDCMUpdate                  
00000891  ConsoleIntHandler              
00000df5  DCMUpdateTimer                 
00001a61  DeactivateSolenoids            
00007035  FPUEnable                      
00007045  FPULazyStackingEnable          
00006c71  GPIODirModeSet                 
000071cb  GPIOIntClear                   
0000711b  GPIOIntEnable                  
00006e15  GPIOIntRegister                
000070b1  GPIOIntStatus                  
0000662d  GPIOIntTypeSet                 
00005e1b  GPIOPadConfigSet               
00006905  GPIOPinConfigure               
000071d1  GPIOPinRead                    
00006f4d  GPIOPinTypeADC                 
00006f5f  GPIOPinTypeGPIOInput           
00006e2d  GPIOPinTypeGPIOOutput          
00006f71  GPIOPinTypeI2C                 
00006f83  GPIOPinTypeI2CSCL              
00006f95  GPIOPinTypePWM                 
00006fa7  GPIOPinTypeTimer               
00006fb9  GPIOPinTypeUART                
000071d7  GPIOPinWrite                   
00000b15  GPSIntHandler                  
00004a43  GetBME280RawData               
00000b31  GndMtr1IntHandler              
00000b33  GndMtr2IntHandler              
00004d15  I2CBurstWrite                  
000071a3  I2CMasterBusBusy               
000071ab  I2CMasterBusy                  
000071e9  I2CMasterControl               
000071ed  I2CMasterDataGet               
000071f1  I2CMasterDataPut               
00007155  I2CMasterDisable               
0000715f  I2CMasterEnable                
00006ebd  I2CMasterErr                   
00006821  I2CMasterInitExpClk            
000071b3  I2CMasterSlaveAddrSet          
00004dd7  I2CRead                        
00004da7  I2CSingleWrite                 
00004ec7  I2CWait                        
00003375  InitAirMtrs                    
000032d9  InitAltimeter                  
0000496d  InitBME280                     
00003e71  InitBMI160                     
00002b1f  InitConsole                    
00002c05  InitGPS                        
00002c55  InitGndMotors                  
000031a9  InitIMU                        
00002aed  InitLED                        
00002b71  InitRadio                      
00002cdf  InitSolarPanels                
000030f9  InitSolenoidEnablePins         
00002ead  InitUltraSonicSensor           
000064a5  IntEnable                      
00007055  IntMasterDisable               
00007065  IntMasterEnable                
00006b45  IntRegister                    
00001105  Menu                           
00006ee9  PWMClockSet                    
00006d11  PWMGenConfigure                
00007127  PWMGenEnable                   
00006fcb  PWMGenPeriodGet                
00007075  PWMGenPeriodSet                
00006fdd  PWMOutputState                 
00006d93  PWMPulseWidthSet               
0000197d  ProcessADC                     
00001519  ProcessGPS                     
00001ce5  ProcessIMUData                 
000018e9  ProcessRadio                   
000019c5  ProcessUltraSonic              
00000965  RadioIntHandler                
00000db1  RadioTimeoutIntHandler         
0000713f  ResetISR                       
UNDEFED   SHT$$INIT_ARRAY$$Base          
UNDEFED   SHT$$INIT_ARRAY$$Limit         
00000b35  SPIntHandler                   
00001aad  SendPacket                     
00000d51  SolenoidInterrupt              
000053b1  SysCtlClockFreqSet             
000071dd  SysCtlDelay                    
00006b79  SysCtlPeripheralDisable        
00006bad  SysCtlPeripheralEnable         
00006a9d  SysCtlPeripheralPresent        
00006ad5  SysCtlPeripheralReady          
00006781  SysCtlPeripheralReset          
00006efd  SysTickEnable                  
00006f11  SysTickIntEnable               
0000083d  SysTickIntHandler              
00006db1  SysTickIntRegister             
00007085  SysTickPeriodSet               
00000cad  Timer1AInterrupt               
00000d05  Timer1BInterrupt               
00000b65  Timer2AInterrupt               
00000bb1  Timer2BInterrupt               
00000bfd  Timer3AInterrupt               
00000c51  Timer3BInterrupt               
00006575  TimerConfigure                 
00006ed3  TimerControlEvent              
00006e45  TimerDisable                   
000070bf  TimerEnable                    
000071f5  TimerIntClear                  
000071bb  TimerIntEnable                 
00006e5d  TimerIntRegister               
00007169  TimerIntStatus                 
00006fef  TimerLoadSet                   
00007001  TimerPrescaleSet               
00007173  TimerValueGet                  
00000f99  TurnOffLED                     
00000f33  TurnOnLED                      
0000717d  UARTCharGet                    
000070cd  UARTCharGetNonBlocking         
00007187  UARTCharPut                    
000070db  UARTCharsAvail                 
000071e3  UARTClockSourceSet             
00006995  UARTConfigSetExpClk            
00006d35  UARTDisable                    
00006f25  UARTEnable                     
000071f9  UARTIntClear                   
000071c3  UARTIntEnable                  
00006e75  UARTIntRegister                
00007191  UARTIntStatus                  
000044d1  UARTStdioConfig                
00004617  UARTgetc                       
0000455d  UARTgets                       
00004937  UARTprintf                     
0000463d  UARTvprintf                    
00004517  UARTwrite                      
00002035  UpdateTrajectory               
00006be1  VectorAdd                      
00006683  VectorCrossProduct             
00006cc5  VectorDotProduct               
00006ceb  VectorScale                    
0000100d  WaitForButtonPress             
2000126c  __STACK_END                    
00001000  __STACK_SIZE                   
2000046c  __STACK_TOP                    
00007cc8  __TI_CINIT_Base                
00007ce0  __TI_CINIT_Limit               
00007ca8  __TI_Handler_Table_Base        
00007cb4  __TI_Handler_Table_Limit       
000063c5  __TI_auto_init                 
20001418  __TI_cleanup_ptr               
0000650d  __TI_decompress_lzss           
000070e9  __TI_decompress_none           
2000141c  __TI_dtors_ptr                 
20001420  __TI_enable_exit_profile_output
ffffffff  __TI_pprof_out_hndl            
ffffffff  __TI_prof_data_size            
ffffffff  __TI_prof_data_start           
00000000  __TI_static_base__             
00007133  __TI_zero_init                 
000061c5  __aeabi_cdcmpeq                
000061c5  __aeabi_cdcmple                
0000624b  __aeabi_cdrcmple               
00006435  __aeabi_d2f                    
000055a7  __aeabi_dadd                   
00005ce5  __aeabi_ddiv                   
00005f4d  __aeabi_dmul                   
0000559d  __aeabi_dsub                   
00006b0d  __aeabi_f2d                    
000044cf  __aeabi_idiv0                  
00004d13  __aeabi_ldiv0                  
00005191  __aeabi_ldivmod                
00006ea5  __aeabi_lmul                   
0000634b  __aeabi_memclr                 
0000634b  __aeabi_memclr4                
0000634b  __aeabi_memclr8                
00006129  __aeabi_memcpy                 
00006129  __aeabi_memcpy4                
00006129  __aeabi_memcpy8                
0000634d  __aeabi_memset                 
0000634d  __aeabi_memset4                
0000634d  __aeabi_memset8                
00006a5d  __aeabi_uidiv                  
00006a5d  __aeabi_uidivmod               
ffffffff  __binit__                      
ffffffff  __c_args__                     
00006c13  __isnanf                       
00004f53  __mpu_init                     
2000026c  __stack                        
00006e8d  _args_main                     
000066d9  _c_int00                       
00007608  _ctypes_                       
20001430  _lock                          
00006f47  _nop                           
00006f3f  _register_lock                 
00006f39  _register_unlock               
000053af  _system_post_cinit             
000071fd  _system_pre_init               
20001434  _unlock                        
00006731  abort                          
00005755  asinf                          
00005a3d  atan2f                         
00005b95  atanf                          
00007013  atof                           
ffffffff  binit                          
000068b9  copy_in                        
20001448  errno                          
00006739  exit                           
200013e8  g_ADCFlag                      
20001404  g_Accel2GFactor                
200013b4  g_BME280OffsetUnsigned         
20001380  g_BME280OffsetValues           
200013a4  g_BME280RawData                
20001408  g_BME280Ready                  
20001424  g_Bias                         
200013d1  g_CharConsole                  
200013e6  g_ConsoleFlag                  
200013ed  g_GPSConnected                 
200013eb  g_GPSFlag                      
200013ec  g_GPSLEDOn                     
200013f2  g_IMUDataFlag                  
20001400  g_LED1On                       
200013e4  g_LED4On                       
200012c4  g_Pack                         
200013b8  g_Pressure                     
200013ea  g_PrintFlag                    
20001409  g_PrintRawBMIData              
200013ee  g_PrintRawGPS                  
200013e7  g_Quit                         
200013e9  g_RadioFlag                    
200013e5  g_SendPacket                   
200013bc  g_SysClockSpeed                
200013e0  g_SysTickCount                 
200013c0  g_Temp                         
200013c4  g_TimerFallValue               
200013ef  g_TimerFirstPass               
200013c8  g_TimerRiseValue               
200013f0  g_UltraSonicFlag               
200013f1  g_UltraSonicSensor             
200013f4  g_accelLSBg                    
200013d2  g_bDCMStarted                  
2000138c  g_fGyroData                    
200013f8  g_fGyroLSB                     
20001398  g_fMagData                     
200013fc  g_fMagLSB                      
200013ac  g_gyroDataRaw                  
20001401  g_loopCount                    
20001438  g_offsetData                   
20001410  g_p_t_fine                     
20000000  g_pfnRAMVectors                
00000000  g_pfnVectors                   
2000140c  g_ptrBME280RawData             
2000126c  g_sCompDCMInst                 
20001364  g_sRxPack                      
200013cc  g_t_fine                       
200013d8  g_ui32MaxThrottle              
200013dc  g_ui32ThrottleIncrement        
200013d4  g_ui32ZeroThrottle             
00000209  main                           
2000144c  main_func_sp                   
00006129  memcpy                         
00006353  memset                         
20001318  sStatus                        
20001344  sThrottle                      
000058cd  sqrt                           
00006c9d  sqrtf                          
000058cd  sqrtl                          
00004f55  strtod                         
00004f55  strtold                        


GLOBAL SYMBOLS: SORTED BY Symbol Address 

address   name                           
-------   ----                           
00000000  __TI_static_base__             
00000000  g_pfnVectors                   
00000209  main                           
0000083d  SysTickIntHandler              
00000891  ConsoleIntHandler              
00000965  RadioIntHandler                
00000b15  GPSIntHandler                  
00000b31  GndMtr1IntHandler              
00000b33  GndMtr2IntHandler              
00000b35  SPIntHandler                   
00000b65  Timer2AInterrupt               
00000bb1  Timer2BInterrupt               
00000bfd  Timer3AInterrupt               
00000c51  Timer3BInterrupt               
00000cad  Timer1AInterrupt               
00000d05  Timer1BInterrupt               
00000d51  SolenoidInterrupt              
00000d73  BMI160IntHandler               
00000d95  BME280IntHandler               
00000db1  RadioTimeoutIntHandler         
00000df5  DCMUpdateTimer                 
00000f33  TurnOnLED                      
00000f99  TurnOffLED                     
00001000  __STACK_SIZE                   
0000100d  WaitForButtonPress             
00001105  Menu                           
00001519  ProcessGPS                     
000018e9  ProcessRadio                   
0000197d  ProcessADC                     
000019c5  ProcessUltraSonic              
00001a35  ActivateSolenoids              
00001a61  DeactivateSolenoids            
00001aad  SendPacket                     
00001ce5  ProcessIMUData                 
00002035  UpdateTrajectory               
00002aed  InitLED                        
00002b1f  InitConsole                    
00002b71  InitRadio                      
00002c05  InitGPS                        
00002c55  InitGndMotors                  
00002cdf  InitSolarPanels                
00002ead  InitUltraSonicSensor           
000030f9  InitSolenoidEnablePins         
000031a9  InitIMU                        
000032d9  InitAltimeter                  
00003375  InitAirMtrs                    
000035c5  CompDCMInit                    
00003639  CompDCMAccelUpdate             
00003661  CompDCMGyroUpdate              
00003689  CompDCMMagnetoUpdate           
000036b1  CompDCMStart                   
00003785  CompDCMUpdate                  
00003a63  CompDCMMatrixGet               
00003ab7  CompDCMComputeEulers           
00003b29  CompDCMComputeQuaternion       
00003e71  InitBMI160                     
000044cf  __aeabi_idiv0                  
000044d1  UARTStdioConfig                
00004517  UARTwrite                      
0000455d  UARTgets                       
00004617  UARTgetc                       
0000463d  UARTvprintf                    
00004937  UARTprintf                     
0000496d  InitBME280                     
00004a43  GetBME280RawData               
00004a5b  BME280_compensate_T_int32      
00004acd  BME280_compensate_P_int64      
00004d13  __aeabi_ldiv0                  
00004d15  I2CBurstWrite                  
00004da7  I2CSingleWrite                 
00004dd7  I2CRead                        
00004ec7  I2CWait                        
00004f53  __mpu_init                     
00004f55  strtod                         
00004f55  strtold                        
00005191  __aeabi_ldivmod                
000053af  _system_post_cinit             
000053b1  SysCtlClockFreqSet             
0000559d  __aeabi_dsub                   
000055a7  __aeabi_dadd                   
00005755  asinf                          
000058cd  sqrt                           
000058cd  sqrtl                          
00005a3d  atan2f                         
00005b95  atanf                          
00005ce5  __aeabi_ddiv                   
00005e1b  GPIOPadConfigSet               
00005f4d  __aeabi_dmul                   
00006049  ButtonsPoll                    
000060e9  ButtonsInit                    
00006129  __aeabi_memcpy                 
00006129  __aeabi_memcpy4                
00006129  __aeabi_memcpy8                
00006129  memcpy                         
000061c5  __aeabi_cdcmpeq                
000061c5  __aeabi_cdcmple                
0000624b  __aeabi_cdrcmple               
000062d1  ADCSequenceStepConfigure       
0000634b  __aeabi_memclr                 
0000634b  __aeabi_memclr4                
0000634b  __aeabi_memclr8                
0000634d  __aeabi_memset                 
0000634d  __aeabi_memset4                
0000634d  __aeabi_memset8                
00006353  memset                         
000063c5  __TI_auto_init                 
00006435  __aeabi_d2f                    
000064a5  IntEnable                      
0000650d  __TI_decompress_lzss           
00006575  TimerConfigure                 
000065d5  ADCSequenceConfigure           
0000662d  GPIOIntTypeSet                 
00006683  VectorCrossProduct             
000066d9  _c_int00                       
0000672d  C$$EXIT                        
00006731  abort                          
00006739  exit                           
00006781  SysCtlPeripheralReset          
00006821  I2CMasterInitExpClk            
000068b9  copy_in                        
00006905  GPIOPinConfigure               
00006995  UARTConfigSetExpClk            
00006a5d  __aeabi_uidiv                  
00006a5d  __aeabi_uidivmod               
00006a9d  SysCtlPeripheralPresent        
00006ad5  SysCtlPeripheralReady          
00006b0d  __aeabi_f2d                    
00006b45  IntRegister                    
00006b79  SysCtlPeripheralDisable        
00006bad  SysCtlPeripheralEnable         
00006be1  VectorAdd                      
00006c13  __isnanf                       
00006c43  ADCIntStatus                   
00006c71  GPIODirModeSet                 
00006c9d  sqrtf                          
00006cc5  VectorDotProduct               
00006ceb  VectorScale                    
00006d11  PWMGenConfigure                
00006d35  UARTDisable                    
00006d75  ADCSequenceDataGet             
00006d93  PWMPulseWidthSet               
00006db1  SysTickIntRegister             
00006dcd  ADCClockConfigSet              
00006de5  ADCIntRegister                 
00006dfd  ADCProcessorTrigger            
00006e15  GPIOIntRegister                
00006e2d  GPIOPinTypeGPIOOutput          
00006e45  TimerDisable                   
00006e5d  TimerIntRegister               
00006e75  UARTIntRegister                
00006e8d  _args_main                     
00006ea5  __aeabi_lmul                   
00006ebd  I2CMasterErr                   
00006ed3  TimerControlEvent              
00006ee9  PWMClockSet                    
00006efd  SysTickEnable                  
00006f11  SysTickIntEnable               
00006f25  UARTEnable                     
00006f39  _register_unlock               
00006f3f  _register_lock                 
00006f47  _nop                           
00006f4d  GPIOPinTypeADC                 
00006f5f  GPIOPinTypeGPIOInput           
00006f71  GPIOPinTypeI2C                 
00006f83  GPIOPinTypeI2CSCL              
00006f95  GPIOPinTypePWM                 
00006fa7  GPIOPinTypeTimer               
00006fb9  GPIOPinTypeUART                
00006fcb  PWMGenPeriodGet                
00006fdd  PWMOutputState                 
00006fef  TimerLoadSet                   
00007001  TimerPrescaleSet               
00007013  atof                           
00007025  ADCIntEnable                   
00007035  FPUEnable                      
00007045  FPULazyStackingEnable          
00007055  IntMasterDisable               
00007065  IntMasterEnable                
00007075  PWMGenPeriodSet                
00007085  SysTickPeriodSet               
00007095  ADCSequenceDisable             
000070a3  ADCSequenceEnable              
000070b1  GPIOIntStatus                  
000070bf  TimerEnable                    
000070cd  UARTCharGetNonBlocking         
000070db  UARTCharsAvail                 
000070e9  __TI_decompress_none           
000070f7  ADCReferenceSet                
00007103  CPUcpsid                       
0000710f  CPUcpsie                       
0000711b  GPIOIntEnable                  
00007127  PWMGenEnable                   
00007133  __TI_zero_init                 
0000713f  ResetISR                       
0000714b  ADCIntClear                    
00007155  I2CMasterDisable               
0000715f  I2CMasterEnable                
00007169  TimerIntStatus                 
00007173  TimerValueGet                  
0000717d  UARTCharGet                    
00007187  UARTCharPut                    
00007191  UARTIntStatus                  
0000719b  ADCBusy                        
000071a3  I2CMasterBusBusy               
000071ab  I2CMasterBusy                  
000071b3  I2CMasterSlaveAddrSet          
000071bb  TimerIntEnable                 
000071c3  UARTIntEnable                  
000071cb  GPIOIntClear                   
000071d1  GPIOPinRead                    
000071d7  GPIOPinWrite                   
000071dd  SysCtlDelay                    
000071e3  UARTClockSourceSet             
000071e9  I2CMasterControl               
000071ed  I2CMasterDataGet               
000071f1  I2CMasterDataPut               
000071f5  TimerIntClear                  
000071f9  UARTIntClear                   
000071fd  _system_pre_init               
00007608  _ctypes_                       
00007ca8  __TI_Handler_Table_Base        
00007cb4  __TI_Handler_Table_Limit       
00007cc8  __TI_CINIT_Base                
00007ce0  __TI_CINIT_Limit               
20000000  g_pfnRAMVectors                
2000026c  __stack                        
2000046c  __STACK_TOP                    
2000126c  __STACK_END                    
2000126c  g_sCompDCMInst                 
200012c4  g_Pack                         
20001318  sStatus                        
20001344  sThrottle                      
20001364  g_sRxPack                      
20001380  g_BME280OffsetValues           
2000138c  g_fGyroData                    
20001398  g_fMagData                     
200013a4  g_BME280RawData                
200013ac  g_gyroDataRaw                  
200013b4  g_BME280OffsetUnsigned         
200013b8  g_Pressure                     
200013bc  g_SysClockSpeed                
200013c0  g_Temp                         
200013c4  g_TimerFallValue               
200013c8  g_TimerRiseValue               
200013cc  g_t_fine                       
200013d1  g_CharConsole                  
200013d2  g_bDCMStarted                  
200013d4  g_ui32ZeroThrottle             
200013d8  g_ui32MaxThrottle              
200013dc  g_ui32ThrottleIncrement        
200013e0  g_SysTickCount                 
200013e4  g_LED4On                       
200013e5  g_SendPacket                   
200013e6  g_ConsoleFlag                  
200013e7  g_Quit                         
200013e8  g_ADCFlag                      
200013e9  g_RadioFlag                    
200013ea  g_PrintFlag                    
200013eb  g_GPSFlag                      
200013ec  g_GPSLEDOn                     
200013ed  g_GPSConnected                 
200013ee  g_PrintRawGPS                  
200013ef  g_TimerFirstPass               
200013f0  g_UltraSonicFlag               
200013f1  g_UltraSonicSensor             
200013f2  g_IMUDataFlag                  
200013f4  g_accelLSBg                    
200013f8  g_fGyroLSB                     
200013fc  g_fMagLSB                      
20001400  g_LED1On                       
20001401  g_loopCount                    
20001404  g_Accel2GFactor                
20001408  g_BME280Ready                  
20001409  g_PrintRawBMIData              
2000140c  g_ptrBME280RawData             
20001410  g_p_t_fine                     
20001418  __TI_cleanup_ptr               
2000141c  __TI_dtors_ptr                 
20001420  __TI_enable_exit_profile_output
20001424  g_Bias                         
20001430  _lock                          
20001434  _unlock                        
20001438  g_offsetData                   
20001448  errno                          
2000144c  main_func_sp                   
ffffffff  __TI_pprof_out_hndl            
ffffffff  __TI_prof_data_size            
ffffffff  __TI_prof_data_start           
ffffffff  __binit__                      
ffffffff  __c_args__                     
ffffffff  binit                          
UNDEFED   SHT$$INIT_ARRAY$$Base          
UNDEFED   SHT$$INIT_ARRAY$$Limit         

[293 symbols]
