******************************************************************************
                  TI ARM Linker PC v16.9.0                     
******************************************************************************
>> Linked Fri Mar 03 17:58:24 2017

OUTPUT FILE NAME:   <APOPHIS v1.0.out>
ENTRY POINT SYMBOL: "_c_int00"  address: 0000665d


MEMORY CONFIGURATION

         name            origin    length      used     unused   attr    fill
----------------------  --------  ---------  --------  --------  ----  --------
  FLASH                 00000000   00100000  00007b2e  000f84d2  R  X
  SRAM                  20000000   00040000  00001453  0003ebad  RW X


SEGMENT ALLOCATION MAP

run origin  load origin   length   init length attrs members
----------  ----------- ---------- ----------- ----- -------
00000000    00000000    00007b30   00007b30    r-x
  00000000    00000000    00000208   00000208    r-- .intvecs
  00000208    00000208    00006f76   00006f76    r-x .text
  00007180    00007180    00000940   00000940    r-- .const
  00007ac0    00007ac0    00000070   00000070    r-- .cinit
20000000    20000000    00001454   00000000    rw-
  20000000    20000000    0000026c   00000000    rw- .vtable
  2000026c    2000026c    00001000   00000000    rw- .stack
  2000126c    2000126c    00000167   00000000    rw- .bss
  200013d4    200013d4    00000080   00000000    rw- .data


SECTION ALLOCATION MAP

 output                                  attributes/
section   page    origin      length       input sections
--------  ----  ----------  ----------   ----------------
.intvecs   0    00000000    00000208     
                  00000000    00000208     tm4c1294ncpdt_startup_ccs.obj (.intvecs)

.text      0    00000208    00006f76     
                  00000208    0000279c     main.obj (.text)
                  000029a4    00000b4c     initializations.obj (.text)
                  000034f0    000008ac     comp_dcm.obj (.text)
                  00003d9c    0000065e     bmi160.obj (.text)
                  000043fa    00000002     rtsv7M4_T_le_v4SPD16_eabi.lib : i_div0.obj (.text)
                  000043fc    0000049c     uartstdio.obj (.text)
                  00004898    000003a6     bme280.obj (.text)
                  00004c3e    00000002     rtsv7M4_T_le_v4SPD16_eabi.lib : l_div0.obj (.text)
                  00004c40    0000023e     i2c_driver.obj (.text)
                  00004e7e    00000002     rtsv7M4_T_le_v4SPD16_eabi.lib : mpu_init.obj (.text)
                  00004e80    0000023c                                   : strtod.obj (.text)
                  000050bc    0000021e                                   : ll_div_t2.obj (.text)
                  000052da    00000002                                   : startup.obj (.text)
                  000052dc    000001ec     driverlib.lib : sysctl.obj (.text:SysCtlClockFreqSet)
                  000054c8    000001b6     rtsv7M4_T_le_v4SPD16_eabi.lib : fd_add_t2.obj (.text)
                  0000567e    00000002     --HOLE-- [fill = 0]
                  00005680    00000178                                   : e_asinf.obj (.text)
                  000057f8    00000170                                   : e_sqrt.obj (.text)
                  00005968    00000158                                   : e_atan2f.obj (.text)
                  00005ac0    00000150                                   : s_atanf.obj (.text)
                  00005c10    00000136                                   : fd_div_t2.obj (.text)
                  00005d46    00000132     driverlib.lib : gpio.obj (.text:GPIOPadConfigSet)
                  00005e78    000000fc     rtsv7M4_T_le_v4SPD16_eabi.lib : fd_mul_t2.obj (.text)
                  00005f74    000000e0     buttons.obj (.text)
                  00006054    0000009c     rtsv7M4_T_le_v4SPD16_eabi.lib : memcpy_t2.obj (.text)
                  000060f0    00000086                                   : fd_cmp_t2.obj (.text:__aeabi_cdcmple)
                  00006176    00000086                                   : fd_cmp_t2.obj (.text:__aeabi_cdrcmple)
                  000061fc    0000007a     driverlib.lib : adc.obj (.text:ADCSequenceStepConfigure)
                  00006276    0000007a     rtsv7M4_T_le_v4SPD16_eabi.lib : memset_t2.obj (.text)
                  000062f0    00000070                                   : autoinit.obj (.text)
                  00006360    0000006e                                   : fd_tos_t2.obj (.text)
                  000063ce    00000002     --HOLE-- [fill = 0]
                  000063d0    00000068     driverlib.lib : interrupt.obj (.text:IntEnable)
                  00006438    00000068     rtsv7M4_T_le_v4SPD16_eabi.lib : copy_decompress_lzss.obj (.text:decompress:lzss)
                  000064a0    00000060     driverlib.lib : timer.obj (.text:TimerConfigure)
                  00006500    00000058                   : adc.obj (.text:ADCSequenceConfigure)
                  00006558    00000058     tm4c1294ncpdt_startup_ccs.obj (.text)
                  000065b0    00000056     driverlib.lib : gpio.obj (.text:GPIOIntTypeSet)
                  00006606    00000056     sensorlib.lib : vector.obj (.text:VectorCrossProduct)
                  0000665c    00000054     rtsv7M4_T_le_v4SPD16_eabi.lib : boot.obj (.text)
                  000066b0    00000054                                   : exit.obj (.text)
                  00006704    00000050     driverlib.lib : sysctl.obj (.text:SysCtlPeripheralReset)
                  00006754    00000050                   : adc.obj (.text:_ADCIntNumberGet)
                  000067a4    0000004c                   : i2c.obj (.text:I2CMasterInitExpClk)
                  000067f0    0000004c                   : timer.obj (.text:_TimerIntNumberGet)
                  0000683c    0000004c     rtsv7M4_T_le_v4SPD16_eabi.lib : cpy_tbl.obj (.text)
                  00006888    00000048     driverlib.lib : gpio.obj (.text:GPIOPinConfigure)
                  000068d0    00000048                   : sysctl.obj (.text:_SysCtlFrequencyGet)
                  00006918    00000046                   : uart.obj (.text:UARTConfigSetExpClk)
                  0000695e    00000002     --HOLE-- [fill = 0]
                  00006960    00000040                   : gpio.obj (.text:_GPIOIntNumberGet)
                  000069a0    00000040                   : uart.obj (.text:_UARTIntNumberGet)
                  000069e0    00000040     rtsv7M4_T_le_v4SPD16_eabi.lib : u_divt2.obj (.text)
                  00006a20    00000038     driverlib.lib : sysctl.obj (.text:SysCtlPeripheralPresent)
                  00006a58    00000038                   : sysctl.obj (.text:SysCtlPeripheralReady)
                  00006a90    00000038     rtsv7M4_T_le_v4SPD16_eabi.lib : fs_tod_t2.obj (.text)
                  00006ac8    00000034     driverlib.lib : interrupt.obj (.text:IntRegister)
                  00006afc    00000034                   : sysctl.obj (.text:SysCtlPeripheralDisable)
                  00006b30    00000034                   : sysctl.obj (.text:SysCtlPeripheralEnable)
                  00006b64    00000032     sensorlib.lib : vector.obj (.text:VectorAdd)
                  00006b96    00000030     comp_dcm.obj (.text:__isnanf)
                  00006bc6    0000002e     driverlib.lib : adc.obj (.text:ADCIntStatus)
                  00006bf4    0000002a                   : gpio.obj (.text:GPIODirModeSet)
                  00006c1e    00000002     --HOLE-- [fill = 0]
                  00006c20    00000028     rtsv7M4_T_le_v4SPD16_eabi.lib : e_sqrtf.obj (.text)
                  00006c48    00000026     sensorlib.lib : vector.obj (.text:VectorDotProduct)
                  00006c6e    00000026                   : vector.obj (.text:VectorScale)
                  00006c94    00000022     driverlib.lib : pwm.obj (.text:PWMGenConfigure)
                  00006cb6    00000002     --HOLE-- [fill = 0]
                  00006cb8    00000020                   : uart.obj (.text:UARTDisable)
                  00006cd8    00000020                   : sysctl.obj (.text:_SysCtlMemTimingGet)
                  00006cf8    0000001e                   : adc.obj (.text:ADCSequenceDataGet)
                  00006d16    0000001e                   : pwm.obj (.text:PWMPulseWidthSet)
                  00006d34    0000001c                   : systick.obj (.text:SysTickIntRegister)
                  00006d50    00000018                   : adc.obj (.text:ADCClockConfigSet)
                  00006d68    00000018                   : adc.obj (.text:ADCIntRegister)
                  00006d80    00000018                   : adc.obj (.text:ADCProcessorTrigger)
                  00006d98    00000018                   : gpio.obj (.text:GPIOIntRegister)
                  00006db0    00000018                   : gpio.obj (.text:GPIOPinTypeGPIOOutput)
                  00006dc8    00000018                   : timer.obj (.text:TimerDisable)
                  00006de0    00000018                   : timer.obj (.text:TimerIntRegister)
                  00006df8    00000018                   : uart.obj (.text:UARTIntRegister)
                  00006e10    00000018     rtsv7M4_T_le_v4SPD16_eabi.lib : args_main.obj (.text)
                  00006e28    00000018                                   : ll_mul_t2.obj (.text)
                  00006e40    00000016     driverlib.lib : i2c.obj (.text:I2CMasterErr)
                  00006e56    00000016                   : timer.obj (.text:TimerControlEvent)
                  00006e6c    00000014                   : pwm.obj (.text:PWMClockSet)
                  00006e80    00000014                   : systick.obj (.text:SysTickEnable)
                  00006e94    00000014                   : systick.obj (.text:SysTickIntEnable)
                  00006ea8    00000014                   : uart.obj (.text:UARTEnable)
                  00006ebc    00000014     rtsv7M4_T_le_v4SPD16_eabi.lib : _lock.obj (.text)
                  00006ed0    00000012     driverlib.lib : gpio.obj (.text:GPIOPinTypeADC)
                  00006ee2    00000012                   : gpio.obj (.text:GPIOPinTypeGPIOInput)
                  00006ef4    00000012                   : gpio.obj (.text:GPIOPinTypeI2C)
                  00006f06    00000012                   : gpio.obj (.text:GPIOPinTypeI2CSCL)
                  00006f18    00000012                   : gpio.obj (.text:GPIOPinTypePWM)
                  00006f2a    00000012                   : gpio.obj (.text:GPIOPinTypeTimer)
                  00006f3c    00000012                   : gpio.obj (.text:GPIOPinTypeUART)
                  00006f4e    00000012                   : pwm.obj (.text:PWMGenPeriodGet)
                  00006f60    00000012                   : pwm.obj (.text:PWMOutputState)
                  00006f72    00000012                   : timer.obj (.text:TimerLoadSet)
                  00006f84    00000012                   : timer.obj (.text:TimerPrescaleSet)
                  00006f96    00000012     rtsv7M4_T_le_v4SPD16_eabi.lib : atof.obj (.text)
                  00006fa8    00000010     driverlib.lib : adc.obj (.text:ADCIntEnable)
                  00006fb8    00000010                   : fpu.obj (.text:FPUEnable)
                  00006fc8    00000010                   : fpu.obj (.text:FPULazyStackingEnable)
                  00006fd8    00000010                   : interrupt.obj (.text:IntMasterDisable)
                  00006fe8    00000010                   : interrupt.obj (.text:IntMasterEnable)
                  00006ff8    00000010                   : pwm.obj (.text:PWMGenPeriodSet)
                  00007008    00000010                   : systick.obj (.text:SysTickPeriodSet)
                  00007018    0000000e                   : adc.obj (.text:ADCSequenceDisable)
                  00007026    0000000e                   : adc.obj (.text:ADCSequenceEnable)
                  00007034    0000000e                   : gpio.obj (.text:GPIOIntStatus)
                  00007042    0000000e                   : timer.obj (.text:TimerEnable)
                  00007050    0000000e                   : uart.obj (.text:UARTCharGetNonBlocking)
                  0000705e    0000000e                   : uart.obj (.text:UARTCharsAvail)
                  0000706c    0000000e     rtsv7M4_T_le_v4SPD16_eabi.lib : copy_decompress_none.obj (.text:decompress:none)
                  0000707a    0000000c     driverlib.lib : adc.obj (.text:ADCReferenceSet)
                  00007086    0000000c                   : cpu.obj (.text:CPUcpsid)
                  00007092    0000000c                   : cpu.obj (.text:CPUcpsie)
                  0000709e    0000000c                   : gpio.obj (.text:GPIOIntEnable)
                  000070aa    0000000c                   : pwm.obj (.text:PWMGenEnable)
                  000070b6    0000000c     rtsv7M4_T_le_v4SPD16_eabi.lib : copy_zero_init.obj (.text:decompress:ZI)
                  000070c2    0000000a     driverlib.lib : adc.obj (.text:ADCIntClear)
                  000070cc    0000000a                   : i2c.obj (.text:I2CMasterDisable)
                  000070d6    0000000a                   : i2c.obj (.text:I2CMasterEnable)
                  000070e0    0000000a                   : timer.obj (.text:TimerIntStatus)
                  000070ea    0000000a                   : timer.obj (.text:TimerValueGet)
                  000070f4    0000000a                   : uart.obj (.text:UARTCharGet)
                  000070fe    0000000a                   : uart.obj (.text:UARTCharPut)
                  00007108    0000000a                   : uart.obj (.text:UARTIntStatus)
                  00007112    00000008                   : adc.obj (.text:ADCBusy)
                  0000711a    00000008                   : i2c.obj (.text:I2CMasterBusBusy)
                  00007122    00000008                   : i2c.obj (.text:I2CMasterBusy)
                  0000712a    00000008                   : i2c.obj (.text:I2CMasterSlaveAddrSet)
                  00007132    00000008                   : timer.obj (.text:TimerIntEnable)
                  0000713a    00000008                   : uart.obj (.text:UARTIntEnable)
                  00007142    00000006                   : gpio.obj (.text:GPIOIntClear)
                  00007148    00000006                   : gpio.obj (.text:GPIOPinRead)
                  0000714e    00000006                   : gpio.obj (.text:GPIOPinWrite)
                  00007154    00000006                   : sysctl.obj (.text:SysCtlDelay)
                  0000715a    00000006                   : timer.obj (.text:TimerClockSourceSet)
                  00007160    00000006                   : uart.obj (.text:UARTClockSourceSet)
                  00007166    00000004                   : i2c.obj (.text:I2CMasterControl)
                  0000716a    00000004                   : i2c.obj (.text:I2CMasterDataGet)
                  0000716e    00000004                   : i2c.obj (.text:I2CMasterDataPut)
                  00007172    00000004                   : timer.obj (.text:TimerIntClear)
                  00007176    00000004                   : uart.obj (.text:UARTIntClear)
                  0000717a    00000004     rtsv7M4_T_le_v4SPD16_eabi.lib : pre_init.obj (.text)

.const     0    00007180    00000940     
                  00007180    000001b0     driverlib.lib : sysctl.obj (.const:g_pppui32XTALtoVCO)
                  00007330    0000012c     main.obj (.const:$P$T0$1)
                  0000745c    00000101     rtsv7M4_T_le_v4SPD16_eabi.lib : ctype.obj (.const:.string:_ctypes_)
                  0000755d    00000003     --HOLE-- [fill = 0]
                  00007560    000000c0     driverlib.lib : gpio.obj (.const:g_ppui32GPIOIntMapBlizzard)
                  00007620    000000c0                   : gpio.obj (.const:g_ppui32GPIOIntMapSnowflake)
                  000076e0    00000098     rtsv7M4_T_le_v4SPD16_eabi.lib : strtod.obj (.const:$O1$$)
                  00007778    00000090     driverlib.lib : gpio.obj (.const:g_pui32GPIOBaseAddrs)
                  00007808    00000070                   : interrupt.obj (.const)
                  00007878    0000006c                   : sysctl.obj (.const:g_pui32Xtals)
                  000078e4    00000060                   : timer.obj (.const:g_ppui32TimerIntMap)
                  00007944    00000040                   : timer.obj (.const:g_ppui32TimerIntMapSnowflake)
                  00007984    00000040                   : uart.obj (.const:g_ppui32UARTIntMap)
                  000079c4    00000040                   : uart.obj (.const:g_ppui32UARTIntMapSnowflake)
                  00007a04    00000034     rtsv7M4_T_le_v4SPD16_eabi.lib : s_atanf.obj (.const:$O1$$)
                  00007a38    00000030     driverlib.lib : sysctl.obj (.const:g_sXTALtoMEMTIM)
                  00007a68    00000020     rtsv7M4_T_le_v4SPD16_eabi.lib : e_asinf.obj (.const)
                  00007a88    00000012     uartstdio.obj (.const:.string)
                  00007a9a    00000002     --HOLE-- [fill = 0]
                  00007a9c    0000000c     uartstdio.obj (.const:g_ui32UARTBase)
                  00007aa8    0000000c     uartstdio.obj (.const:g_ui32UARTPeriph)
                  00007ab4    00000008     driverlib.lib : sysctl.obj (.const)
                  00007abc    00000004     uartstdio.obj (.const)

.cinit     0    00007ac0    00000070     
                  00007ac0    00000039     (.cinit..data.load) [load image, compression = lzss]
                  00007af9    00000003     --HOLE-- [fill = 0]
                  00007afc    0000000c     (__TI_handler_table)
                  00007b08    00000008     (.cinit..bss.load) [load image, compression = zero_init]
                  00007b10    00000008     (.cinit..vtable.load) [load image, compression = zero_init]
                  00007b18    00000018     (__TI_cinit_table)

.init_array 
*          0    00000000    00000000     UNINITIALIZED

.vtable    0    20000000    0000026c     UNINITIALIZED
                  20000000    0000026c     driverlib.lib : interrupt.obj (.vtable)

.stack     0    2000026c    00001000     UNINITIALIZED
                  2000026c    00001000     --HOLE--

.bss       0    2000126c    00000167     UNINITIALIZED
                  2000126c    00000058     (.common:g_sCompDCMInst)
                  200012c4    00000054     (.common:g_Pack)
                  20001318    0000002c     (.common:sStatus)
                  20001344    00000020     (.common:sThrottle)
                  20001364    0000001c     (.common:g_sRxPack)
                  20001380    0000000c     (.common:g_BME280OffsetValues)
                  2000138c    0000000c     (.common:g_fGyroData)
                  20001398    0000000c     (.common:g_fMagData)
                  200013a4    00000008     (.common:g_BME280RawData)
                  200013ac    00000008     (.common:g_gyroDataRaw)
                  200013b4    00000004     (.common:g_BME280OffsetUnsigned)
                  200013b8    00000004     (.common:g_Pressure)
                  200013bc    00000004     (.common:g_SysClockSpeed)
                  200013c0    00000004     (.common:g_Temp)
                  200013c4    00000004     (.common:g_TimerFallValue)
                  200013c8    00000004     (.common:g_TimerRiseValue)
                  200013cc    00000004     (.common:g_t_fine)
                  200013d0    00000001     main.obj (.bss)
                  200013d1    00000001     (.common:g_CharConsole)
                  200013d2    00000001     (.common:g_bDCMStarted)

.data      0    200013d4    00000080     UNINITIALIZED
                  200013d4    00000042     main.obj (.data)
                  20001416    00000002     --HOLE--
                  20001418    0000000c     rtsv7M4_T_le_v4SPD16_eabi.lib : exit.obj (.data:$O1$$)
                  20001424    0000000c     main.obj (.data:g_GyroBias)
                  20001430    00000008     rtsv7M4_T_le_v4SPD16_eabi.lib : _lock.obj (.data:$O1$$)
                  20001438    00000007     main.obj (.data:g_offsetData)
                  2000143f    00000001     --HOLE--
                  20001440    00000005     uartstdio.obj (.data)
                  20001445    00000003     buttons.obj (.data)
                  20001448    00000004     rtsv7M4_T_le_v4SPD16_eabi.lib : errno.obj (.data)
                  2000144c    00000004                                   : stkdepth_vars.obj (.data)
                  20001450    00000004     main.obj (.data:ui8Magic$3)

MODULE SUMMARY

       Module                          code    ro data   rw data
       ------                          ----    -------   -------
    .\
       main.obj                        10140   300       448    
       initializations.obj             2892    0         0      
       comp_dcm.obj                    2268    0         0      
       bmi160.obj                      1630    0         0      
       uartstdio.obj                   1180    46        5      
       bme280.obj                      934     0         0      
       tm4c1294ncpdt_startup_ccs.obj   88      520       0      
       i2c_driver.obj                  574     0         0      
       buttons.obj                     224     0         3      
    +--+-------------------------------+-------+---------+---------+
       Total:                          19930   866       456    
                                                                
    C:/Tivaware/TM4C1294XL/driverlib/ccs/Debug/driverlib.lib
       sysctl.obj                      898     596       0      
       gpio.obj                        788     528       0      
       interrupt.obj                   188     112       620    
       adc.obj                         512     0         0      
       timer.obj                       330     160       0      
       uart.obj                        286     128       0      
       i2c.obj                         154     0         0      
       pwm.obj                         148     0         0      
       systick.obj                     84      0         0      
       fpu.obj                         32      0         0      
       cpu.obj                         24      0         0      
    +--+-------------------------------+-------+---------+---------+
       Total:                          3444    1524      620    
                                                                
    C:/Tivaware/TM4C1294XL/sensorlib/ccs/Debug/sensorlib.lib
       vector.obj                      212     0         0      
    +--+-------------------------------+-------+---------+---------+
       Total:                          212     0         0      
                                                                
    C:\CCS\ccsv7\tools\compiler\ti-cgt-arm_16.9.0.LTS\lib\rtsv7M4_T_le_v4SPD16_eabi.lib
       strtod.obj                      572     152       0      
       ll_div_t2.obj                   542     0         0      
       fd_add_t2.obj                   438     0         0      
       e_asinf.obj                     376     32        0      
       s_atanf.obj                     336     52        0      
       e_sqrt.obj                      368     0         0      
       e_atan2f.obj                    344     0         0      
       fd_div_t2.obj                   310     0         0      
       fd_cmp_t2.obj                   268     0         0      
       ctype.obj                       0       257       0      
       fd_mul_t2.obj                   252     0         0      
       memcpy_t2.obj                   156     0         0      
       memset_t2.obj                   122     0         0      
       autoinit.obj                    112     0         0      
       fd_tos_t2.obj                   110     0         0      
       copy_decompress_lzss.obj        104     0         0      
       exit.obj                        84      0         12     
       boot.obj                        84      0         0      
       cpy_tbl.obj                     76      0         0      
       u_divt2.obj                     64      0         0      
       fs_tod_t2.obj                   56      0         0      
       e_sqrtf.obj                     40      0         0      
       _lock.obj                       20      0         8      
       args_main.obj                   24      0         0      
       ll_mul_t2.obj                   24      0         0      
       atof.obj                        18      0         0      
       copy_decompress_none.obj        14      0         0      
       copy_zero_init.obj              12      0         0      
       errno.obj                       0       0         4      
       pre_init.obj                    4       0         0      
       stkdepth_vars.obj               0       0         4      
       i_div0.obj                      2       0         0      
       l_div0.obj                      2       0         0      
       mpu_init.obj                    2       0         0      
       startup.obj                     2       0         0      
    +--+-------------------------------+-------+---------+---------+
       Total:                          4938    493       28     
                                                                
       Stack:                          0       0         4096   
       Linker Generated:               0       109       0      
    +--+-------------------------------+-------+---------+---------+
       Grand Total:                    28524   2992      5200   


LINKER GENERATED COPY TABLES

__TI_cinit_table @ 00007b18 records: 3, size/record: 8, table size: 24
	.data: load addr=00007ac0, load size=00000039 bytes, run addr=200013d4, run size=00000080 bytes, compression=lzss
	.bss: load addr=00007b08, load size=00000008 bytes, run addr=2000126c, run size=00000167 bytes, compression=zero_init
	.vtable: load addr=00007b10, load size=00000008 bytes, run addr=20000000, run size=0000026c bytes, compression=zero_init


LINKER GENERATED HANDLER TABLE

__TI_handler_table @ 00007afc records: 3, size/record: 4, table size: 12
	index: 0, handler: __TI_zero_init
	index: 1, handler: __TI_decompress_lzss
	index: 2, handler: __TI_decompress_none


GLOBAL SYMBOLS: SORTED ALPHABETICALLY BY Name 

address   name                           
-------   ----                           
00007113  ADCBusy                        
00006d51  ADCClockConfigSet              
000070c3  ADCIntClear                    
00006fa9  ADCIntEnable                   
00006d69  ADCIntRegister                 
00006bc7  ADCIntStatus                   
00006d81  ADCProcessorTrigger            
0000707b  ADCReferenceSet                
00006501  ADCSequenceConfigure           
00006cf9  ADCSequenceDataGet             
00007019  ADCSequenceDisable             
00007027  ADCSequenceEnable              
000061fd  ADCSequenceStepConfigure       
000018b9  ActivateSolenoids              
00000c0d  BME280IntHandler               
000049f9  BME280_compensate_P_int64      
00004987  BME280_compensate_T_int32      
00000beb  BMI160IntHandler               
00006015  ButtonsInit                    
00005f75  ButtonsPoll                    
000066b1  C$$EXIT                        
00007087  CPUcpsid                       
00007093  CPUcpsie                       
00003565  CompDCMAccelUpdate             
000039e3  CompDCMComputeEulers           
00003a55  CompDCMComputeQuaternion       
0000358d  CompDCMGyroUpdate              
000034f1  CompDCMInit                    
000035b5  CompDCMMagnetoUpdate           
0000398f  CompDCMMatrixGet               
000035dd  CompDCMStart                   
000036b1  CompDCMUpdate                  
000006e5  ConsoleIntHandler              
00000c75  DCMUpdateTimer                 
000018e5  DeactivateSolenoids            
00006fb9  FPUEnable                      
00006fc9  FPULazyStackingEnable          
00006bf5  GPIODirModeSet                 
00007143  GPIOIntClear                   
0000709f  GPIOIntEnable                  
00006d99  GPIOIntRegister                
00007035  GPIOIntStatus                  
000065b1  GPIOIntTypeSet                 
00005d47  GPIOPadConfigSet               
00006889  GPIOPinConfigure               
00007149  GPIOPinRead                    
00006ed1  GPIOPinTypeADC                 
00006ee3  GPIOPinTypeGPIOInput           
00006db1  GPIOPinTypeGPIOOutput          
00006ef5  GPIOPinTypeI2C                 
00006f07  GPIOPinTypeI2CSCL              
00006f19  GPIOPinTypePWM                 
00006f2b  GPIOPinTypeTimer               
00006f3d  GPIOPinTypeUART                
0000714f  GPIOPinWrite                   
00000995  GPSIntHandler                  
0000496f  GetBME280RawData               
000009b1  GndMtr1IntHandler              
000009b3  GndMtr2IntHandler              
00004c41  I2CBurstWrite                  
0000711b  I2CMasterBusBusy               
00007123  I2CMasterBusy                  
00007167  I2CMasterControl               
0000716b  I2CMasterDataGet               
0000716f  I2CMasterDataPut               
000070cd  I2CMasterDisable               
000070d7  I2CMasterEnable                
00006e41  I2CMasterErr                   
000067a5  I2CMasterInitExpClk            
0000712b  I2CMasterSlaveAddrSet          
00004d03  I2CRead                        
00004cd3  I2CSingleWrite                 
00004df3  I2CWait                        
000032a1  InitAirMtrs                    
000031f9  InitAltimeter                  
00004899  InitBME280                     
00003d9d  InitBMI160                     
000029d7  InitConsole                    
00002af1  InitGPS                        
00002b41  InitGndMotors                  
000030a9  InitIMU                        
000029a5  InitLED                        
00002a29  InitRadio                      
00002bcb  InitSolarPanels                
00002ff1  InitSolenoidEnablePins         
00002da5  InitUltraSonicSensor           
000063d1  IntEnable                      
00006fd9  IntMasterDisable               
00006fe9  IntMasterEnable                
00006ac9  IntRegister                    
00000f89  Menu                           
00006e6d  PWMClockSet                    
00006c95  PWMGenConfigure                
000070ab  PWMGenEnable                   
00006f4f  PWMGenPeriodGet                
00006ff9  PWMGenPeriodSet                
00006f61  PWMOutputState                 
00006d17  PWMPulseWidthSet               
00001801  ProcessADC                     
0000139d  ProcessGPS                     
00001b81  ProcessIMUData                 
0000176d  ProcessRadio                   
00001849  ProcessUltraSonic              
000007cd  RadioIntHandler                
00000c29  RadioTimeoutIntHandler         
00006559  ResetISR                       
UNDEFED   SHT$$INIT_ARRAY$$Base          
UNDEFED   SHT$$INIT_ARRAY$$Limit         
000009bd  SPIntHandler                   
00001939  SendPacket                     
00000bc9  SolenoidInterrupt              
000052dd  SysCtlClockFreqSet             
00007155  SysCtlDelay                    
00006afd  SysCtlPeripheralDisable        
00006b31  SysCtlPeripheralEnable         
00006a21  SysCtlPeripheralPresent        
00006a59  SysCtlPeripheralReady          
00006705  SysCtlPeripheralReset          
00006e81  SysTickEnable                  
00006e95  SysTickIntEnable               
00000691  SysTickIntHandler              
00006d35  SysTickIntRegister             
00007009  SysTickPeriodSet               
00000b2d  Timer1AInterrupt               
00000b7d  Timer1BInterrupt               
000009e9  Timer2AInterrupt               
00000a31  Timer2BInterrupt               
00000a7d  Timer3AInterrupt               
00000ad9  Timer3BInterrupt               
0000715b  TimerClockSourceSet            
000064a1  TimerConfigure                 
00006e57  TimerControlEvent              
00006dc9  TimerDisable                   
00007043  TimerEnable                    
00007173  TimerIntClear                  
00007133  TimerIntEnable                 
00006de1  TimerIntRegister               
000070e1  TimerIntStatus                 
00006f73  TimerLoadSet                   
00006f85  TimerPrescaleSet               
000070eb  TimerValueGet                  
00000e19  TurnOffLED                     
00000db3  TurnOnLED                      
000070f5  UARTCharGet                    
00007051  UARTCharGetNonBlocking         
000070ff  UARTCharPut                    
0000705f  UARTCharsAvail                 
00007161  UARTClockSourceSet             
00006919  UARTConfigSetExpClk            
00006cb9  UARTDisable                    
00006ea9  UARTEnable                     
00007177  UARTIntClear                   
0000713b  UARTIntEnable                  
00006df9  UARTIntRegister                
00007109  UARTIntStatus                  
000043fd  UARTStdioConfig                
00004543  UARTgetc                       
00004489  UARTgets                       
00004863  UARTprintf                     
00004569  UARTvprintf                    
00004443  UARTwrite                      
00001ee1  UpdateTrajectory               
00006b65  VectorAdd                      
00006607  VectorCrossProduct             
00006c49  VectorDotProduct               
00006c6f  VectorScale                    
00000e91  WaitForButtonPress             
2000126c  __STACK_END                    
00001000  __STACK_SIZE                   
2000046c  __STACK_TOP                    
00007b18  __TI_CINIT_Base                
00007b30  __TI_CINIT_Limit               
00007afc  __TI_Handler_Table_Base        
00007b08  __TI_Handler_Table_Limit       
000062f1  __TI_auto_init                 
20001418  __TI_cleanup_ptr               
00006439  __TI_decompress_lzss           
0000706d  __TI_decompress_none           
2000141c  __TI_dtors_ptr                 
20001420  __TI_enable_exit_profile_output
ffffffff  __TI_pprof_out_hndl            
ffffffff  __TI_prof_data_size            
ffffffff  __TI_prof_data_start           
00000000  __TI_static_base__             
000070b7  __TI_zero_init                 
000060f1  __aeabi_cdcmpeq                
000060f1  __aeabi_cdcmple                
00006177  __aeabi_cdrcmple               
00006361  __aeabi_d2f                    
000054d3  __aeabi_dadd                   
00005c11  __aeabi_ddiv                   
00005e79  __aeabi_dmul                   
000054c9  __aeabi_dsub                   
00006a91  __aeabi_f2d                    
000043fb  __aeabi_idiv0                  
00004c3f  __aeabi_ldiv0                  
000050bd  __aeabi_ldivmod                
00006e29  __aeabi_lmul                   
00006277  __aeabi_memclr                 
00006277  __aeabi_memclr4                
00006277  __aeabi_memclr8                
00006055  __aeabi_memcpy                 
00006055  __aeabi_memcpy4                
00006055  __aeabi_memcpy8                
00006279  __aeabi_memset                 
00006279  __aeabi_memset4                
00006279  __aeabi_memset8                
000069e1  __aeabi_uidiv                  
000069e1  __aeabi_uidivmod               
ffffffff  __binit__                      
ffffffff  __c_args__                     
00006b97  __isnanf                       
00004e7f  __mpu_init                     
2000026c  __stack                        
00006e11  _args_main                     
0000665d  _c_int00                       
0000745c  _ctypes_                       
20001430  _lock                          
00006ecb  _nop                           
00006ec3  _register_lock                 
00006ebd  _register_unlock               
000052db  _system_post_cinit             
0000717b  _system_pre_init               
20001434  _unlock                        
000066b5  abort                          
00005681  asinf                          
00005969  atan2f                         
00005ac1  atanf                          
00006f97  atof                           
ffffffff  binit                          
0000683d  copy_in                        
20001448  errno                          
000066bd  exit                           
200013e7  g_ADCFlag                      
20001404  g_Accel2GFactor                
200013b4  g_BME280OffsetUnsigned         
20001380  g_BME280OffsetValues           
200013a4  g_BME280RawData                
20001408  g_BME280Ready                  
200013d1  g_CharConsole                  
200013e5  g_ConsoleFlag                  
200013ec  g_GPSConnected                 
200013ea  g_GPSFlag                      
200013eb  g_GPSLEDOn                     
20001424  g_GyroBias                     
200013f1  g_IMUDataFlag                  
20001400  g_LED1On                       
200013e4  g_LED4On                       
200012c4  g_Pack                         
200013b8  g_Pressure                     
200013e9  g_PrintFlag                    
20001409  g_PrintRawBMIData              
200013ed  g_PrintRawGPS                  
200013e6  g_Quit                         
200013e8  g_RadioFlag                    
200013bc  g_SysClockSpeed                
200013e0  g_SysTickCount                 
200013c0  g_Temp                         
200013c4  g_TimerFallValue               
200013ee  g_TimerFirstPass               
200013c8  g_TimerRiseValue               
200013ef  g_UltraSonicFlag               
200013f0  g_UltraSonicSensor             
200013f4  g_accelLSBg                    
200013d2  g_bDCMStarted                  
2000138c  g_fGyroData                    
200013f8  g_fGyroLSB                     
20001398  g_fMagData                     
200013fc  g_fMagLSB                      
200013ac  g_gyroDataRaw                  
20001401  g_loopCount                    
20001438  g_offsetData                   
20001410  g_p_t_fine                     
20000000  g_pfnRAMVectors                
00000000  g_pfnVectors                   
2000140c  g_ptrBME280RawData             
2000126c  g_sCompDCMInst                 
20001364  g_sRxPack                      
200013cc  g_t_fine                       
200013d8  g_ui32MaxThrottle              
200013dc  g_ui32ThrottleIncrement        
200013d4  g_ui32ZeroThrottle             
00000209  main                           
2000144c  main_func_sp                   
00006055  memcpy                         
0000627f  memset                         
20001318  sStatus                        
20001344  sThrottle                      
000057f9  sqrt                           
00006c21  sqrtf                          
000057f9  sqrtl                          
00004e81  strtod                         
00004e81  strtold                        


GLOBAL SYMBOLS: SORTED BY Symbol Address 

address   name                           
-------   ----                           
00000000  __TI_static_base__             
00000000  g_pfnVectors                   
00000209  main                           
00000691  SysTickIntHandler              
000006e5  ConsoleIntHandler              
000007cd  RadioIntHandler                
00000995  GPSIntHandler                  
000009b1  GndMtr1IntHandler              
000009b3  GndMtr2IntHandler              
000009bd  SPIntHandler                   
000009e9  Timer2AInterrupt               
00000a31  Timer2BInterrupt               
00000a7d  Timer3AInterrupt               
00000ad9  Timer3BInterrupt               
00000b2d  Timer1AInterrupt               
00000b7d  Timer1BInterrupt               
00000bc9  SolenoidInterrupt              
00000beb  BMI160IntHandler               
00000c0d  BME280IntHandler               
00000c29  RadioTimeoutIntHandler         
00000c75  DCMUpdateTimer                 
00000db3  TurnOnLED                      
00000e19  TurnOffLED                     
00000e91  WaitForButtonPress             
00000f89  Menu                           
00001000  __STACK_SIZE                   
0000139d  ProcessGPS                     
0000176d  ProcessRadio                   
00001801  ProcessADC                     
00001849  ProcessUltraSonic              
000018b9  ActivateSolenoids              
000018e5  DeactivateSolenoids            
00001939  SendPacket                     
00001b81  ProcessIMUData                 
00001ee1  UpdateTrajectory               
000029a5  InitLED                        
000029d7  InitConsole                    
00002a29  InitRadio                      
00002af1  InitGPS                        
00002b41  InitGndMotors                  
00002bcb  InitSolarPanels                
00002da5  InitUltraSonicSensor           
00002ff1  InitSolenoidEnablePins         
000030a9  InitIMU                        
000031f9  InitAltimeter                  
000032a1  InitAirMtrs                    
000034f1  CompDCMInit                    
00003565  CompDCMAccelUpdate             
0000358d  CompDCMGyroUpdate              
000035b5  CompDCMMagnetoUpdate           
000035dd  CompDCMStart                   
000036b1  CompDCMUpdate                  
0000398f  CompDCMMatrixGet               
000039e3  CompDCMComputeEulers           
00003a55  CompDCMComputeQuaternion       
00003d9d  InitBMI160                     
000043fb  __aeabi_idiv0                  
000043fd  UARTStdioConfig                
00004443  UARTwrite                      
00004489  UARTgets                       
00004543  UARTgetc                       
00004569  UARTvprintf                    
00004863  UARTprintf                     
00004899  InitBME280                     
0000496f  GetBME280RawData               
00004987  BME280_compensate_T_int32      
000049f9  BME280_compensate_P_int64      
00004c3f  __aeabi_ldiv0                  
00004c41  I2CBurstWrite                  
00004cd3  I2CSingleWrite                 
00004d03  I2CRead                        
00004df3  I2CWait                        
00004e7f  __mpu_init                     
00004e81  strtod                         
00004e81  strtold                        
000050bd  __aeabi_ldivmod                
000052db  _system_post_cinit             
000052dd  SysCtlClockFreqSet             
000054c9  __aeabi_dsub                   
000054d3  __aeabi_dadd                   
00005681  asinf                          
000057f9  sqrt                           
000057f9  sqrtl                          
00005969  atan2f                         
00005ac1  atanf                          
00005c11  __aeabi_ddiv                   
00005d47  GPIOPadConfigSet               
00005e79  __aeabi_dmul                   
00005f75  ButtonsPoll                    
00006015  ButtonsInit                    
00006055  __aeabi_memcpy                 
00006055  __aeabi_memcpy4                
00006055  __aeabi_memcpy8                
00006055  memcpy                         
000060f1  __aeabi_cdcmpeq                
000060f1  __aeabi_cdcmple                
00006177  __aeabi_cdrcmple               
000061fd  ADCSequenceStepConfigure       
00006277  __aeabi_memclr                 
00006277  __aeabi_memclr4                
00006277  __aeabi_memclr8                
00006279  __aeabi_memset                 
00006279  __aeabi_memset4                
00006279  __aeabi_memset8                
0000627f  memset                         
000062f1  __TI_auto_init                 
00006361  __aeabi_d2f                    
000063d1  IntEnable                      
00006439  __TI_decompress_lzss           
000064a1  TimerConfigure                 
00006501  ADCSequenceConfigure           
00006559  ResetISR                       
000065b1  GPIOIntTypeSet                 
00006607  VectorCrossProduct             
0000665d  _c_int00                       
000066b1  C$$EXIT                        
000066b5  abort                          
000066bd  exit                           
00006705  SysCtlPeripheralReset          
000067a5  I2CMasterInitExpClk            
0000683d  copy_in                        
00006889  GPIOPinConfigure               
00006919  UARTConfigSetExpClk            
000069e1  __aeabi_uidiv                  
000069e1  __aeabi_uidivmod               
00006a21  SysCtlPeripheralPresent        
00006a59  SysCtlPeripheralReady          
00006a91  __aeabi_f2d                    
00006ac9  IntRegister                    
00006afd  SysCtlPeripheralDisable        
00006b31  SysCtlPeripheralEnable         
00006b65  VectorAdd                      
00006b97  __isnanf                       
00006bc7  ADCIntStatus                   
00006bf5  GPIODirModeSet                 
00006c21  sqrtf                          
00006c49  VectorDotProduct               
00006c6f  VectorScale                    
00006c95  PWMGenConfigure                
00006cb9  UARTDisable                    
00006cf9  ADCSequenceDataGet             
00006d17  PWMPulseWidthSet               
00006d35  SysTickIntRegister             
00006d51  ADCClockConfigSet              
00006d69  ADCIntRegister                 
00006d81  ADCProcessorTrigger            
00006d99  GPIOIntRegister                
00006db1  GPIOPinTypeGPIOOutput          
00006dc9  TimerDisable                   
00006de1  TimerIntRegister               
00006df9  UARTIntRegister                
00006e11  _args_main                     
00006e29  __aeabi_lmul                   
00006e41  I2CMasterErr                   
00006e57  TimerControlEvent              
00006e6d  PWMClockSet                    
00006e81  SysTickEnable                  
00006e95  SysTickIntEnable               
00006ea9  UARTEnable                     
00006ebd  _register_unlock               
00006ec3  _register_lock                 
00006ecb  _nop                           
00006ed1  GPIOPinTypeADC                 
00006ee3  GPIOPinTypeGPIOInput           
00006ef5  GPIOPinTypeI2C                 
00006f07  GPIOPinTypeI2CSCL              
00006f19  GPIOPinTypePWM                 
00006f2b  GPIOPinTypeTimer               
00006f3d  GPIOPinTypeUART                
00006f4f  PWMGenPeriodGet                
00006f61  PWMOutputState                 
00006f73  TimerLoadSet                   
00006f85  TimerPrescaleSet               
00006f97  atof                           
00006fa9  ADCIntEnable                   
00006fb9  FPUEnable                      
00006fc9  FPULazyStackingEnable          
00006fd9  IntMasterDisable               
00006fe9  IntMasterEnable                
00006ff9  PWMGenPeriodSet                
00007009  SysTickPeriodSet               
00007019  ADCSequenceDisable             
00007027  ADCSequenceEnable              
00007035  GPIOIntStatus                  
00007043  TimerEnable                    
00007051  UARTCharGetNonBlocking         
0000705f  UARTCharsAvail                 
0000706d  __TI_decompress_none           
0000707b  ADCReferenceSet                
00007087  CPUcpsid                       
00007093  CPUcpsie                       
0000709f  GPIOIntEnable                  
000070ab  PWMGenEnable                   
000070b7  __TI_zero_init                 
000070c3  ADCIntClear                    
000070cd  I2CMasterDisable               
000070d7  I2CMasterEnable                
000070e1  TimerIntStatus                 
000070eb  TimerValueGet                  
000070f5  UARTCharGet                    
000070ff  UARTCharPut                    
00007109  UARTIntStatus                  
00007113  ADCBusy                        
0000711b  I2CMasterBusBusy               
00007123  I2CMasterBusy                  
0000712b  I2CMasterSlaveAddrSet          
00007133  TimerIntEnable                 
0000713b  UARTIntEnable                  
00007143  GPIOIntClear                   
00007149  GPIOPinRead                    
0000714f  GPIOPinWrite                   
00007155  SysCtlDelay                    
0000715b  TimerClockSourceSet            
00007161  UARTClockSourceSet             
00007167  I2CMasterControl               
0000716b  I2CMasterDataGet               
0000716f  I2CMasterDataPut               
00007173  TimerIntClear                  
00007177  UARTIntClear                   
0000717b  _system_pre_init               
0000745c  _ctypes_                       
00007afc  __TI_Handler_Table_Base        
00007b08  __TI_Handler_Table_Limit       
00007b18  __TI_CINIT_Base                
00007b30  __TI_CINIT_Limit               
20000000  g_pfnRAMVectors                
2000026c  __stack                        
2000046c  __STACK_TOP                    
2000126c  __STACK_END                    
2000126c  g_sCompDCMInst                 
200012c4  g_Pack                         
20001318  sStatus                        
20001344  sThrottle                      
20001364  g_sRxPack                      
20001380  g_BME280OffsetValues           
2000138c  g_fGyroData                    
20001398  g_fMagData                     
200013a4  g_BME280RawData                
200013ac  g_gyroDataRaw                  
200013b4  g_BME280OffsetUnsigned         
200013b8  g_Pressure                     
200013bc  g_SysClockSpeed                
200013c0  g_Temp                         
200013c4  g_TimerFallValue               
200013c8  g_TimerRiseValue               
200013cc  g_t_fine                       
200013d1  g_CharConsole                  
200013d2  g_bDCMStarted                  
200013d4  g_ui32ZeroThrottle             
200013d8  g_ui32MaxThrottle              
200013dc  g_ui32ThrottleIncrement        
200013e0  g_SysTickCount                 
200013e4  g_LED4On                       
200013e5  g_ConsoleFlag                  
200013e6  g_Quit                         
200013e7  g_ADCFlag                      
200013e8  g_RadioFlag                    
200013e9  g_PrintFlag                    
200013ea  g_GPSFlag                      
200013eb  g_GPSLEDOn                     
200013ec  g_GPSConnected                 
200013ed  g_PrintRawGPS                  
200013ee  g_TimerFirstPass               
200013ef  g_UltraSonicFlag               
200013f0  g_UltraSonicSensor             
200013f1  g_IMUDataFlag                  
200013f4  g_accelLSBg                    
200013f8  g_fGyroLSB                     
200013fc  g_fMagLSB                      
20001400  g_LED1On                       
20001401  g_loopCount                    
20001404  g_Accel2GFactor                
20001408  g_BME280Ready                  
20001409  g_PrintRawBMIData              
2000140c  g_ptrBME280RawData             
20001410  g_p_t_fine                     
20001418  __TI_cleanup_ptr               
2000141c  __TI_dtors_ptr                 
20001420  __TI_enable_exit_profile_output
20001424  g_GyroBias                     
20001430  _lock                          
20001434  _unlock                        
20001438  g_offsetData                   
20001448  errno                          
2000144c  main_func_sp                   
ffffffff  __TI_pprof_out_hndl            
ffffffff  __TI_prof_data_size            
ffffffff  __TI_prof_data_start           
ffffffff  __binit__                      
ffffffff  __c_args__                     
ffffffff  binit                          
UNDEFED   SHT$$INIT_ARRAY$$Base          
UNDEFED   SHT$$INIT_ARRAY$$Limit         

[293 symbols]
